Archive member included because of file (symbol)

C:/Freescale/CW MCU v10.6/MCU/ARM_GCC_Support/ewl/lib/armv6-m\libc.a(puts.o)
                              ./Sources/Tasks/TaskBuzzer.o (puts)
C:/Freescale/CW MCU v10.6/MCU/ARM_GCC_Support/ewl/lib/armv6-m\libc.a(exit.o)
                              ./Project_Settings/Startup_Code/__arm_start.o (exit)
C:/Freescale/CW MCU v10.6/MCU/ARM_GCC_Support/ewl/lib/armv6-m\libc.a(memcpy.o)
                              ./Generated_Code/queue.o (memcpy)
C:/Freescale/CW MCU v10.6/MCU/ARM_GCC_Support/ewl/lib/armv6-m\libc.a(memset.o)
                              ./Generated_Code/tasks.o (memset)
C:/Freescale/CW MCU v10.6/MCU/ARM_GCC_Support/ewl/lib/armv6-m\libc.a(strchr.o)
                              ./Generated_Code/UTIL1.o (strchr)
C:/Freescale/CW MCU v10.6/MCU/ARM_GCC_Support/ewl/lib/armv6-m\libc.a(strlen.o)
                              ./Generated_Code/UTIL1.o (strlen)
C:/Freescale/CW MCU v10.6/MCU/ARM_GCC_Support/ewl/lib/armv6-m\libc.a(strncmp.o)
                              ./Generated_Code/UTIL1.o (strncmp)
C:/Freescale/CW MCU v10.6/MCU/ARM_GCC_Support/ewl/lib/armv6-m\libc.a(printformat_.o)
                              (__pformatter_)
C:/Freescale/CW MCU v10.6/MCU/ARM_GCC_Support/ewl/lib/armv6-m\libc.a(scanformat_.o)
                              (__sformatter)
C:/Freescale/CW MCU v10.6/MCU/ARM_GCC_Support/ewl/lib/armv6-m\libc.a(ctype_aeabi.o)
                              C:/Freescale/CW MCU v10.6/MCU/ARM_GCC_Support/ewl/lib/armv6-m\libc.a(scanformat_.o) (isspace)
C:/Freescale/CW MCU v10.6/MCU/ARM_GCC_Support/ewl/lib/armv6-m\libc.a(__putchar.o)
                              C:/Freescale/CW MCU v10.6/MCU/ARM_GCC_Support/ewl/lib/armv6-m\libc.a(puts.o) (__put_char)
C:/Freescale/CW MCU v10.6/MCU/ARM_GCC_Support/ewl/lib/armv6-m\libc.a(ansi_files.o)
                              C:/Freescale/CW MCU v10.6/MCU/ARM_GCC_Support/ewl/lib/armv6-m\libc.a(puts.o) (__files)
C:/Freescale/CW MCU v10.6/MCU/ARM_GCC_Support/ewl/lib/armv6-m\libc.a(fflush.o)
                              C:/Freescale/CW MCU v10.6/MCU/ARM_GCC_Support/ewl/lib/armv6-m\libc.a(ansi_files.o) (fflush)
C:/Freescale/CW MCU v10.6/MCU/ARM_GCC_Support/ewl/lib/armv6-m\libc.a(__strtoul.o)
                              C:/Freescale/CW MCU v10.6/MCU/ARM_GCC_Support/ewl/lib/armv6-m\libc.a(scanformat_.o) (__strtoul)
C:/Freescale/CW MCU v10.6/MCU/ARM_GCC_Support/ewl/lib/armv6-m\libc.a(__filll_mem.o)
                              C:/Freescale/CW MCU v10.6/MCU/ARM_GCC_Support/ewl/lib/armv6-m\libc.a(memset.o) (__fill_mem)
C:/Freescale/CW MCU v10.6/MCU/ARM_GCC_Support/ewl/lib/armv6-m\libc.a(memchr.o)
                              C:/Freescale/CW MCU v10.6/MCU/ARM_GCC_Support/ewl/lib/armv6-m\libc.a(printformat_.o) (memchr)
C:/Freescale/CW MCU v10.6/MCU/ARM_GCC_Support/ewl/lib/armv6-m\libc.a(__buffer_io.o)
                              C:/Freescale/CW MCU v10.6/MCU/ARM_GCC_Support/ewl/lib/armv6-m\libc.a(__putchar.o) (__prep_buffer)
c:/freescale/cw mcu v10.6/cross_tools/arm-none-eabi-gcc-4_7_3/bin/../lib/gcc/arm-none-eabi/4.7.3/armv6-m\libgcc.a(_thumb1_case_sqi.o)
                              C:/Freescale/CW MCU v10.6/MCU/ARM_GCC_Support/ewl/lib/armv6-m\libc.a(__strtoul.o) (__gnu_thumb1_case_sqi)
c:/freescale/cw mcu v10.6/cross_tools/arm-none-eabi-gcc-4_7_3/bin/../lib/gcc/arm-none-eabi/4.7.3/armv6-m\libgcc.a(_thumb1_case_uqi.o)
                              C:/Freescale/CW MCU v10.6/MCU/ARM_GCC_Support/ewl/lib/armv6-m\libc.a(scanformat_.o) (__gnu_thumb1_case_uqi)
c:/freescale/cw mcu v10.6/cross_tools/arm-none-eabi-gcc-4_7_3/bin/../lib/gcc/arm-none-eabi/4.7.3/armv6-m\libgcc.a(_udivsi3.o)
                              ./Generated_Code/port.o (__aeabi_uidiv)
c:/freescale/cw mcu v10.6/cross_tools/arm-none-eabi-gcc-4_7_3/bin/../lib/gcc/arm-none-eabi/4.7.3/armv6-m\libgcc.a(_divsi3.o)
                              ./Generated_Code/UTIL1.o (__aeabi_idiv)
c:/freescale/cw mcu v10.6/cross_tools/arm-none-eabi-gcc-4_7_3/bin/../lib/gcc/arm-none-eabi/4.7.3/armv6-m\libgcc.a(_dvmd_tls.o)
                              c:/freescale/cw mcu v10.6/cross_tools/arm-none-eabi-gcc-4_7_3/bin/../lib/gcc/arm-none-eabi/4.7.3/armv6-m\libgcc.a(_udivsi3.o) (__aeabi_idiv0)
C:/Freescale/CW MCU v10.6/MCU/ARM_GCC_Support/ewl/lib/armv6-m\librt.a(gcc_ctor_dtor.o)
                              ./Project_Settings/Startup_Code/__arm_start.o (__init_cpp)
C:/Freescale/CW MCU v10.6/MCU/ARM_GCC_Support/ewl/lib/armv6-m\librt.a(ROMCopy.o)
                              ./Project_Settings/Startup_Code/__arm_start.o (__copy_rom_sections_to_ram)
C:/Freescale/CW MCU v10.6/MCU/ARM_GCC_Support/ewl/lib/armv6-m\librt.a(__arm_eabi_init.o)
                              C:/Freescale/CW MCU v10.6/MCU/ARM_GCC_Support/ewl/lib/armv6-m\libc.a(exit.o) (__destroy_global_chain)

Allocating common symbols
Common symbol       size              file

xQueueRegistry      0x8               ./Generated_Code/queue.o
[...]
Memory Configuration

Name             Origin             Length             Attributes
m_interrupts     0x00000000         0x000000c0         xr
m_text           0x00000410         0x0001fbf0         xr
m_data_1FFFF000  0x1ffff000         0x00001000         rw
m_data           0x20000000         0x00003000         rw
m_cfmprotrom     0x00000400         0x00000010         xr
*default*        0x00000000         0xffffffff

Linker script and memory map

LOAD ./Generated_Code/timers.o
LOAD ./Generated_Code/tasks.o
LOAD ./Generated_Code/queue.o
LOAD ./Generated_Code/portasm.o
LOAD ./Generated_Code/port.o
LOAD ./Generated_Code/list.o
LOAD ./Generated_Code/heap_4.o
LOAD ./Generated_Code/heap_3.o
LOAD ./Generated_Code/heap_2.o
LOAD ./Generated_Code/heap_1.o
LOAD ./Generated_Code/croutine.o
LOAD ./Generated_Code/WAIT0.o
LOAD ./Generated_Code/Vectors.o
LOAD ./Generated_Code/UTIL1.o
LOAD ./Generated_Code/UTIL0.o
LOAD ./Generated_Code/TU0.o
LOAD ./Generated_Code/PE_LDD.o
LOAD ./Generated_Code/MMA0.o
LOAD ./Generated_Code/LEDpin3.o
LOAD ./Generated_Code/LEDpin2.o
LOAD ./Generated_Code/LEDpin1.o
LOAD ./Generated_Code/LEDRed.o
LOAD ./Generated_Code/LEDGreen.o
LOAD ./Generated_Code/LEDBlue.o
LOAD ./Generated_Code/IO1.o
LOAD ./Generated_Code/I2C1.o
LOAD ./Generated_Code/I2C0.o
LOAD ./Generated_Code/GI2C0.o
LOAD ./Generated_Code/FreeRTOS0.o
LOAD ./Generated_Code/CsIO0.o
LOAD ./Generated_Code/Cpu.o
LOAD ./Generated_Code/Buzzer.o
LOAD ./Generated_Code/BitIoLdd4.o
LOAD ./Generated_Code/BitIoLdd3.o
LOAD ./Generated_Code/BitIoLdd2.o
LOAD ./Generated_Code/BitIoLdd1.o
LOAD ./Project_Settings/Startup_Code/__arm_start.o
LOAD ./Project_Settings/Startup_Code/__arm_end.o
LOAD ./Sources/Tasks/TaskError.o
LOAD ./Sources/Tasks/TaskBuzzer.o
LOAD ./Sources/Tasks/TaskAccelerometer.o
LOAD ./Sources/Util/Led.o
LOAD ./Sources/Util/GlobalVariables.o
LOAD ./Sources/Util/Accelerometer.o
LOAD ./Sources/sa_mtb.o
LOAD ./Sources/ProcessorExpert.o
LOAD ./Sources/Events.o
                0x00003dc4                __pformatter = __pformatter_
                [0x000041ec]                __sformatter = __sformatter
START GROUP
LOAD C:/Freescale/CW MCU v10.6/MCU/ARM_GCC_Support/ewl/lib/armv6-m\libc.a
LOAD C:/Freescale/CW MCU v10.6/MCU/ARM_GCC_Support/ewl/lib/armv6-m\libm.a
LOAD c:/freescale/cw mcu v10.6/cross_tools/arm-none-eabi-gcc-4_7_3/bin/../lib/gcc/arm-none-eabi/4.7.3/armv6-m\libgcc.a
LOAD C:/Freescale/CW MCU v10.6/MCU/ARM_GCC_Support/ewl/lib/armv6-m\librt.a
LOAD C:/Freescale/CW MCU v10.6/MCU/ARM_GCC_Support/ewl/lib/armv6-m\libuart.a
END GROUP
                0x20003000                _estack = 0x20003000
                0x20003000                __SP_INIT = _estack
                0x00000000                __heap_size = 0x0
                0x00000040                __stack_size = 0x40

.interrupts     0x00000000       0xc0
                0x00000000                __vector_table = .
                0x00000000                . = ALIGN (0x4)
 *(.vectortable)
 .vectortable   0x00000000       0xc0 ./Generated_Code/Vectors.o
                0x00000000                __vect_table
                0x000000c0                . = ALIGN (0x4)

.cfmprotect     0x00000400        0x0
                0x00000400                . = ALIGN (0x4)
 *(.cfmconfig)
                0x00000400                . = ALIGN (0x4)

.text           0x00000410     0x4b3c
                0x00000410                . = ALIGN (0x4)
 *(.text)
 .text          0x00000410       0x14 c:/freescale/cw mcu v10.6/cross_tools/arm-none-eabi-gcc-4_7_3/bin/../lib/gcc/arm-none-eabi/4.7.3/armv6-m\libgcc.a(_thumb1_case_sqi.o)
                0x00000410                __gnu_thumb1_case_sqi
 .text          0x00000424       0x14 c:/freescale/cw mcu v10.6/cross_tools/arm-none-eabi-gcc-4_7_3/bin/../lib/gcc/arm-none-eabi/4.7.3/armv6-m\libgcc.a(_thumb1_case_uqi.o)
                0x00000424                __gnu_thumb1_case_uqi
 .text          0x00000438       0x9c c:/freescale/cw mcu v10.6/cross_tools/arm-none-eabi-gcc-4_7_3/bin/../lib/gcc/arm-none-eabi/4.7.3/armv6-m\libgcc.a(_udivsi3.o)
                0x00000438                __aeabi_uidiv
                0x00000438                __udivsi3
                0x000004c0                __aeabi_uidivmod
 .text          0x000004d4        0x4 c:/freescale/cw mcu v10.6/cross_tools/arm-none-eabi-gcc-4_7_3/bin/../lib/gcc/arm-none-eabi/4.7.3/armv6-m\libgcc.a(_dvmd_tls.o)
                0x000004d4                __aeabi_idiv0
                0x000004d4                __aeabi_ldiv0
 *(.text*)
 .text.xTaskGenericCreate
                0x000004d8      0x164 ./Generated_Code/tasks.o
                0x000004d8                xTaskGenericCreate
 .text.vTaskDelay
                0x0000063c       0x54 ./Generated_Code/tasks.o
                0x0000063c                vTaskDelay
 .text.vTaskSuspend
                0x00000690       0x90 ./Generated_Code/tasks.o
                0x00000690                vTaskSuspend
 .text.xTaskIsTaskSuspended
                0x00000720       0x60 ./Generated_Code/tasks.o
                0x00000720                xTaskIsTaskSuspended
 .text.vTaskResume
                0x00000780       0x9c ./Generated_Code/tasks.o
                0x00000780                vTaskResume
 .text.vTaskStartScheduler
                0x0000081c       0x64 ./Generated_Code/tasks.o
                0x0000081c                vTaskStartScheduler
 .text.vTaskSuspendAll
                0x00000880       0x18 ./Generated_Code/tasks.o
                0x00000880                vTaskSuspendAll
 .text.prvGetExpectedIdleTime
                0x00000898       0x4c ./Generated_Code/tasks.o
 .text.xTaskResumeAll
                0x000008e4      0x114 ./Generated_Code/tasks.o
                0x000008e4                xTaskResumeAll
 .text.vTaskStepTick
                0x000009f8       0x38 ./Generated_Code/tasks.o
                0x000009f8                vTaskStepTick
 .text.xTaskIncrementTick
                0x00000a30      0x19c ./Generated_Code/tasks.o
                0x00000a30                xTaskIncrementTick
 .text.vTaskSwitchContext
                0x00000bcc       0xbc ./Generated_Code/tasks.o
                0x00000bcc                vTaskSwitchContext
 .text.vTaskPlaceOnEventList
                0x00000c88       0x6c ./Generated_Code/tasks.o
                0x00000c88                vTaskPlaceOnEventList
 .text.xTaskRemoveFromEventList
                0x00000cf4       0xac ./Generated_Code/tasks.o
                0x00000cf4                xTaskRemoveFromEventList
 .text.vTaskSetTimeOutState
                0x00000da0       0x30 ./Generated_Code/tasks.o
                0x00000da0                vTaskSetTimeOutState
 .text.xTaskCheckForTimeOut
                0x00000dd0       0x9c ./Generated_Code/tasks.o
                0x00000dd0                xTaskCheckForTimeOut
 .text.vTaskMissedYield
                0x00000e6c       0x14 ./Generated_Code/tasks.o
                0x00000e6c                vTaskMissedYield
 .text.prvIdleTask
                0x00000e80       0x6c ./Generated_Code/tasks.o
 .text.eTaskConfirmSleepModeStatus
                0x00000eec       0x64 ./Generated_Code/tasks.o
                0x00000eec                eTaskConfirmSleepModeStatus
 .text.prvInitialiseTCBVariables
                0x00000f50       0x94 ./Generated_Code/tasks.o
 .text.prvInitialiseTaskLists
                0x00000fe4       0x7c ./Generated_Code/tasks.o
 .text.prvCheckTasksWaitingTermination
                0x00001060        0x8 ./Generated_Code/tasks.o
 .text.prvAddCurrentTaskToDelayedList
                0x00001068       0x6c ./Generated_Code/tasks.o
 .text.prvAllocateTCBAndStack
                0x000010d4       0x70 ./Generated_Code/tasks.o
 .text.xTaskGetCurrentTaskHandle
                0x00001144       0x1c ./Generated_Code/tasks.o
                0x00001144                xTaskGetCurrentTaskHandle
 .text.vTaskPriorityInherit
                0x00001160       0xb4 ./Generated_Code/tasks.o
                0x00001160                vTaskPriorityInherit
 .text.vTaskPriorityDisinherit
                0x00001214       0x7c ./Generated_Code/tasks.o
                0x00001214                vTaskPriorityDisinherit
 .text.xQueueGenericReset
                0x00001290       0xac ./Generated_Code/queue.o
                0x00001290                xQueueGenericReset
 .text.xQueueGenericCreate
                0x0000133c       0x80 ./Generated_Code/queue.o
                0x0000133c                xQueueGenericCreate
 .text.xQueueCreateMutex
                0x000013bc       0x8c ./Generated_Code/queue.o
                0x000013bc                xQueueCreateMutex
 .text.xQueueGiveMutexRecursive
                0x00001448       0x58 ./Generated_Code/queue.o
                0x00001448                xQueueGiveMutexRecursive
 .text.xQueueTakeMutexRecursive
                0x000014a0       0x64 ./Generated_Code/queue.o
                0x000014a0                xQueueTakeMutexRecursive
 .text.xQueueGenericSend
                0x00001504      0x160 ./Generated_Code/queue.o
                0x00001504                xQueueGenericSend
 .text.xQueueGenericReceive
                0x00001664      0x1a0 ./Generated_Code/queue.o
                0x00001664                xQueueGenericReceive
 .text.prvCopyDataToQueue
                0x00001804       0xd4 ./Generated_Code/queue.o
 .text.prvCopyDataFromQueue
                0x000018d8       0x50 ./Generated_Code/queue.o
 .text.prvUnlockQueue
                0x00001928       0x98 ./Generated_Code/queue.o
 .text.prvIsQueueEmpty
                0x000019c0       0x2c ./Generated_Code/queue.o
 .text.prvIsQueueFull
                0x000019ec       0x30 ./Generated_Code/queue.o
 .text.pxPortInitialiseStack
                0x00001a1c       0x50 ./Generated_Code/port.o
                0x00001a1c                pxPortInitialiseStack
 .text.vPortSuppressTicksAndSleep
                0x00001a6c      0x13c ./Generated_Code/port.o
                0x00001a6c                vPortSuppressTicksAndSleep
 .text.vPortInitTickTimer
                0x00001ba8       0x50 ./Generated_Code/port.o
                0x00001ba8                vPortInitTickTimer
 .text.vPortStartTickTimer
                0x00001bf8       0x14 ./Generated_Code/port.o
                0x00001bf8                vPortStartTickTimer
 .text.vPortStopTickTimer
                0x00001c0c       0x14 ./Generated_Code/port.o
                0x00001c0c                vPortStopTickTimer
 .text.xPortStartScheduler
                0x00001c20       0x34 ./Generated_Code/port.o
                0x00001c20                xPortStartScheduler
 .text.vPortEnterCritical
                0x00001c54       0x20 ./Generated_Code/port.o
                0x00001c54                vPortEnterCritical
 .text.vPortExitCritical
                0x00001c74       0x20 ./Generated_Code/port.o
                0x00001c74                vPortExitCritical
 .text.vPortYieldFromISR
                0x00001c94       0x1c ./Generated_Code/port.o
                0x00001c94                vPortYieldFromISR
 .text.vPortTickHandler
                0x00001cb0       0x1c ./Generated_Code/port.o
                0x00001cb0                vPortTickHandler
 .text.vPortStartFirstTask
                0x00001ccc       0x1c ./Generated_Code/port.o
                0x00001ccc                vPortStartFirstTask
 .text.vPortSVCHandler
                0x00001ce8       0x28 ./Generated_Code/port.o
                0x00001ce8                vPortSVCHandler
 .text.vPortPendSVHandler
                0x00001d10       0x44 ./Generated_Code/port.o
                0x00001d10                vPortPendSVHandler
 .text.vListInitialise
                0x00001d54       0x3c ./Generated_Code/list.o
                0x00001d54                vListInitialise
 .text.vListInitialiseItem
                0x00001d90       0x14 ./Generated_Code/list.o
                0x00001d90                vListInitialiseItem
 .text.vListInsertEnd
                0x00001da4       0x44 ./Generated_Code/list.o
                0x00001da4                vListInsertEnd
 .text.vListInsert
                0x00001de8       0x6c ./Generated_Code/list.o
                0x00001de8                vListInsert
 .text.uxListRemove
                0x00001e54       0x50 ./Generated_Code/list.o
                0x00001e54                uxListRemove
 .text.pvPortMalloc
                0x00001ea4      0x12c ./Generated_Code/heap_2.o
                0x00001ea4                pvPortMalloc
 .text.vPortFree
                0x00001fd0       0x78 ./Generated_Code/heap_2.o
                0x00001fd0                vPortFree
 .text.prvHeapInit
                0x00002048       0x4c ./Generated_Code/heap_2.o
 .text.MMA0_Init
                0x00002094       0x38 ./Generated_Code/MMA0.o
                0x00002094                MMA0_Init
 .text.MMA0_MeasureGetRawX
                0x000020cc       0x40 ./Generated_Code/MMA0.o
                0x000020cc                MMA0_MeasureGetRawX
 .text.MMA0_MeasureGetRawY
                0x0000210c       0x40 ./Generated_Code/MMA0.o
                0x0000210c                MMA0_MeasureGetRawY
 .text.MMA0_MeasureGetRawZ
                0x0000214c       0x40 ./Generated_Code/MMA0.o
                0x0000214c                MMA0_MeasureGetRawZ
 .text.MMA0_GetX
                0x0000218c       0x38 ./Generated_Code/MMA0.o
                0x0000218c                MMA0_GetX
 .text.MMA0_GetY
                0x000021c4       0x38 ./Generated_Code/MMA0.o
                0x000021c4                MMA0_GetY
 .text.MMA0_GetZ
                0x000021fc       0x38 ./Generated_Code/MMA0.o
                0x000021fc                MMA0_GetZ
 .text.IO1_Init
                0x00002234      0x16c ./Generated_Code/IO1.o
                0x00002234                IO1_Init
 .text.I2C1_Interrupt
                0x000023a0      0x26c ./Generated_Code/I2C1.o
                0x000023a0                I2C1_Interrupt
 .text.I2C0_Interrupt
                0x0000260c      0x278 ./Generated_Code/I2C0.o
                0x0000260c                I2C0_Interrupt
 .text.I2C0_Init
                0x00002884      0x11c ./Generated_Code/I2C0.o
                0x00002884                I2C0_Init
 .text.I2C0_MasterSendBlock
                0x000029a0      0x158 ./Generated_Code/I2C0.o
                0x000029a0                I2C0_MasterSendBlock
 .text.I2C0_MasterReceiveBlock
                0x00002af8      0x158 ./Generated_Code/I2C0.o
                0x00002af8                I2C0_MasterReceiveBlock
 .text.I2C0_SelectSlaveDevice
                0x00002c50      0x100 ./Generated_Code/I2C0.o
                0x00002c50                I2C0_SelectSlaveDevice
 .text.GI2C0_RequestBus
                0x00002d50       0x1c ./Generated_Code/GI2C0.o
                0x00002d50                GI2C0_RequestBus
 .text.GI2C0_ReleaseBus
                0x00002d6c       0x18 ./Generated_Code/GI2C0.o
                0x00002d6c                GI2C0_ReleaseBus
 .text.GI2C0_SelectSlave
                0x00002d84       0x40 ./Generated_Code/GI2C0.o
                0x00002d84                GI2C0_SelectSlave
 .text.GI2C0_UnselectSlave
                0x00002dc4       0x10 ./Generated_Code/GI2C0.o
                0x00002dc4                GI2C0_UnselectSlave
 .text.GI2C0_ReadAddress
                0x00002dd4       0xd8 ./Generated_Code/GI2C0.o
                0x00002dd4                GI2C0_ReadAddress
 .text.GI2C0_WriteAddress
                0x00002eac      0x140 ./Generated_Code/GI2C0.o
                0x00002eac                GI2C0_WriteAddress
 .text.I2C0_OnMasterBlockSent
                0x00002fec       0x24 ./Generated_Code/GI2C0.o
                0x00002fec                I2C0_OnMasterBlockSent
 .text.I2C0_OnMasterBlockReceived
                0x00003010       0x24 ./Generated_Code/GI2C0.o
                0x00003010                I2C0_OnMasterBlockReceived
 .text.GI2C0_Init
                0x00003034       0x40 ./Generated_Code/GI2C0.o
                0x00003034                GI2C0_Init
 .text.GI2C0_WriteByteAddress8
                0x00003074       0x34 ./Generated_Code/GI2C0.o
                0x00003074                GI2C0_WriteByteAddress8
 .text.__read_console
                0x000030a8       0x80 ./Generated_Code/CsIO0.o
                0x000030a8                __read_console
 .text.__write_console
                0x00003128       0x7c ./Generated_Code/CsIO0.o
                0x00003128                __write_console
 .text.__close_console
                0x000031a4       0x14 ./Generated_Code/CsIO0.o
                0x000031a4                __close_console
 .text.Cpu_INT_NMIInterrupt
                0x000031b8        0xc ./Generated_Code/Cpu.o
                0x000031b8                Cpu_INT_NMIInterrupt
 .text.Cpu_Interrupt
                0x000031c4        0xc ./Generated_Code/Cpu.o
                0x000031c4                Cpu_Interrupt
 .text.__init_hardware
                0x000031d0      0x174 ./Generated_Code/Cpu.o
                0x000031d0                __init_hardware
 .text.PE_low_level_init
                0x00003344      0x110 ./Generated_Code/Cpu.o
                0x00003344                PE_low_level_init
 .text.BitIoLdd4_Init
                0x00003454       0x60 ./Generated_Code/BitIoLdd4.o
                0x00003454                BitIoLdd4_Init
 .text.BitIoLdd4_ClrVal
                0x000034b4       0x18 ./Generated_Code/BitIoLdd4.o
                0x000034b4                BitIoLdd4_ClrVal
 .text.BitIoLdd4_SetVal
                0x000034cc       0x18 ./Generated_Code/BitIoLdd4.o
                0x000034cc                BitIoLdd4_SetVal
 .text.BitIoLdd3_Init
                0x000034e4       0x68 ./Generated_Code/BitIoLdd3.o
                0x000034e4                BitIoLdd3_Init
 .text.BitIoLdd3_SetVal
                0x0000354c       0x1c ./Generated_Code/BitIoLdd3.o
                0x0000354c                BitIoLdd3_SetVal
 .text.BitIoLdd2_Init
                0x00003568       0x60 ./Generated_Code/BitIoLdd2.o
                0x00003568                BitIoLdd2_Init
 .text.BitIoLdd2_ClrVal
                0x000035c8       0x18 ./Generated_Code/BitIoLdd2.o
                0x000035c8                BitIoLdd2_ClrVal
 .text.BitIoLdd2_SetVal
                0x000035e0       0x18 ./Generated_Code/BitIoLdd2.o
                0x000035e0                BitIoLdd2_SetVal
 .text.BitIoLdd1_Init
                0x000035f8       0x68 ./Generated_Code/BitIoLdd1.o
                0x000035f8                BitIoLdd1_Init
 .text.BitIoLdd1_ClrVal
                0x00003660       0x1c ./Generated_Code/BitIoLdd1.o
                0x00003660                BitIoLdd1_ClrVal
 .text.BitIoLdd1_SetVal
                0x0000367c       0x1c ./Generated_Code/BitIoLdd1.o
                0x0000367c                BitIoLdd1_SetVal
 .text.zero_fill_bss
                0x00003698       0x24 ./Project_Settings/Startup_Code/__arm_start.o
 .text.__thumb_startup
                0x000036bc       0x30 ./Project_Settings/Startup_Code/__arm_start.o
                0x000036bc                __thumb_startup
 .text._ExitProcess
                0x000036ec        0xc ./Project_Settings/Startup_Code/__arm_end.o
                0x000036ec                _ExitProcess
 .text.taskErrorWork
                0x000036f8       0x2c ./Sources/Tasks/TaskError.o
                0x000036f8                taskErrorWork
 .text.TaskError
                0x00003724       0x10 ./Sources/Tasks/TaskError.o
 .text.taskErrorStart
                0x00003734       0x3c ./Sources/Tasks/TaskError.o
                0x00003734                taskErrorStart
 .text.taskBuzzerWork
                0x00003770       0x2c ./Sources/Tasks/TaskBuzzer.o
                0x00003770                taskBuzzerWork
 .text.TaskBuzzer
                0x0000379c       0x10 ./Sources/Tasks/TaskBuzzer.o
 .text.taskBuzzerStart
                0x000037ac       0x48 ./Sources/Tasks/TaskBuzzer.o
                0x000037ac                taskBuzzerStart
 .text.init     0x000037f4       0x10 ./Sources/Tasks/TaskAccelerometer.o
                0x000037f4                init
 .text.initBeep
                0x00003804        0xc ./Sources/Tasks/TaskAccelerometer.o
                0x00003804                initBeep
 .text.initError
                0x00003810        0xc ./Sources/Tasks/TaskAccelerometer.o
                0x00003810                initError
 .text.startBeep
                0x0000381c       0x30 ./Sources/Tasks/TaskAccelerometer.o
                0x0000381c                startBeep
 .text.startError
                0x0000384c       0x34 ./Sources/Tasks/TaskAccelerometer.o
                0x0000384c                startError
 .text.stopBeep
                0x00003880       0x30 ./Sources/Tasks/TaskAccelerometer.o
                0x00003880                stopBeep
 .text.stopError
                0x000038b0       0x30 ./Sources/Tasks/TaskAccelerometer.o
                0x000038b0                stopError
 .text.taskAccelerometerWork
                0x000038e0       0xc0 ./Sources/Tasks/TaskAccelerometer.o
                0x000038e0                taskAccelerometerWork
 .text.TaskAccelerometer
                0x000039a0       0x90 ./Sources/Tasks/TaskAccelerometer.o
 .text.taskAccelerometerStart
                0x00003a30       0x4c ./Sources/Tasks/TaskAccelerometer.o
                0x00003a30                taskAccelerometerStart
 .text.initGlobalVariables
                0x00003a7c       0x14 ./Sources/Util/GlobalVariables.o
                0x00003a7c                initGlobalVariables
 .text.main     0x00003a90       0x50 ./Sources/ProcessorExpert.o
                0x00003a90                main
 .text.I2C1_OnMasterBlockSent
                0x00003ae0       0x10 ./Sources/Events.o
                0x00003ae0                I2C1_OnMasterBlockSent
 .text.I2C1_OnMasterBlockReceived
                0x00003af0       0x10 ./Sources/Events.o
                0x00003af0                I2C1_OnMasterBlockReceived
 .text.Cpu_OnNMIINT0
                0x00003b00        0x8 ./Sources/Events.o
                0x00003b00                Cpu_OnNMIINT0
 .text.FreeRTOS0_vApplicationTickHook
                0x00003b08        0x8 ./Sources/Events.o
                0x00003b08                FreeRTOS0_vApplicationTickHook
 .text.FreeRTOS0_vApplicationIdleHook
                0x00003b10        0x8 ./Sources/Events.o
                0x00003b10                FreeRTOS0_vApplicationIdleHook
 .text.FreeRTOS0_vApplicationMallocFailedHook
                0x00003b18        0x8 ./Sources/Events.o
                0x00003b18                FreeRTOS0_vApplicationMallocFailedHook
 .text.FreeRTOS0_vOnPreSleepProcessing
                0x00003b20       0x10 ./Sources/Events.o
                0x00003b20                FreeRTOS0_vOnPreSleepProcessing
 .text.FreeRTOS0_vApplicationStackOverflowHook
                0x00003b30       0x10 ./Sources/Events.o
                0x00003b30                FreeRTOS0_vApplicationStackOverflowHook
 .text.FreeRTOS0_vOnPostSleepProcessing
                0x00003b40       0x10 ./Sources/Events.o
                0x00003b40                FreeRTOS0_vOnPostSleepProcessing
 .text.puts     0x00003b50       0x54 C:/Freescale/CW MCU v10.6/MCU/ARM_GCC_Support/ewl/lib/armv6-m\libc.a(puts.o)
                0x00003b50                puts
 .text.exit     0x00003ba4       0x38 C:/Freescale/CW MCU v10.6/MCU/ARM_GCC_Support/ewl/lib/armv6-m\libc.a(exit.o)
                0x00003ba4                exit
 .text.memcpy   0x00003bdc       0x12 C:/Freescale/CW MCU v10.6/MCU/ARM_GCC_Support/ewl/lib/armv6-m\libc.a(memcpy.o)
                0x00003bdc                memcpy
 .text.memset   0x00003bee        0xc C:/Freescale/CW MCU v10.6/MCU/ARM_GCC_Support/ewl/lib/armv6-m\libc.a(memset.o)
                0x00003bee                memset
 .text.strchr   0x00003bfa       0x1e C:/Freescale/CW MCU v10.6/MCU/ARM_GCC_Support/ewl/lib/armv6-m\libc.a(strchr.o)
                0x00003bfa                strchr
 .text.strlen   0x00003c18       0x10 C:/Freescale/CW MCU v10.6/MCU/ARM_GCC_Support/ewl/lib/armv6-m\libc.a(strlen.o)
                0x00003c18                strlen
 .text.long2str.isra.0
                0x00003c28      0x19c C:/Freescale/CW MCU v10.6/MCU/ARM_GCC_Support/ewl/lib/armv6-m\libc.a(printformat_.o)
 .text.__pformatter_
                0x00003dc4      0x428 C:/Freescale/CW MCU v10.6/MCU/ARM_GCC_Support/ewl/lib/armv6-m\libc.a(printformat_.o)
                0x00003dc4                __pformatter_
 .text.__sformatter
                0x000041ec      0x698 C:/Freescale/CW MCU v10.6/MCU/ARM_GCC_Support/ewl/lib/armv6-m\libc.a(scanformat_.o)
                0x000041ec                __sformatter
 .text.isalpha  0x00004884       0x20 C:/Freescale/CW MCU v10.6/MCU/ARM_GCC_Support/ewl/lib/armv6-m\libc.a(ctype_aeabi.o)
                0x00004884                isalpha
 .text.isspace  0x000048a4       0x20 C:/Freescale/CW MCU v10.6/MCU/ARM_GCC_Support/ewl/lib/armv6-m\libc.a(ctype_aeabi.o)
                0x000048a4                isspace
 .text.toupper  0x000048c4        0xe C:/Freescale/CW MCU v10.6/MCU/ARM_GCC_Support/ewl/lib/armv6-m\libc.a(ctype_aeabi.o)
                0x000048c4                toupper
 .text.__put_char
                0x000048d2       0x90 C:/Freescale/CW MCU v10.6/MCU/ARM_GCC_Support/ewl/lib/armv6-m\libc.a(__putchar.o)
                0x000048d2                __put_char
 .text.__strtoul
                0x00004962      0x1ce C:/Freescale/CW MCU v10.6/MCU/ARM_GCC_Support/ewl/lib/armv6-m\libc.a(__strtoul.o)
                0x00004962                __strtoul
 .text.__fill_mem
                0x00004b30       0x7e C:/Freescale/CW MCU v10.6/MCU/ARM_GCC_Support/ewl/lib/armv6-m\libc.a(__filll_mem.o)
                0x00004b30                __fill_mem
 .text.memchr   0x00004bae       0x1a C:/Freescale/CW MCU v10.6/MCU/ARM_GCC_Support/ewl/lib/armv6-m\libc.a(memchr.o)
                0x00004bae                memchr
 .text.__prep_buffer
                0x00004bc8       0x14 C:/Freescale/CW MCU v10.6/MCU/ARM_GCC_Support/ewl/lib/armv6-m\libc.a(__buffer_io.o)
                0x00004bc8                __prep_buffer
 .text.__flush_buffer
                0x00004bdc       0x38 C:/Freescale/CW MCU v10.6/MCU/ARM_GCC_Support/ewl/lib/armv6-m\libc.a(__buffer_io.o)
                0x00004bdc                __flush_buffer
 .text.__init_cpp
                0x00004c14       0x48 C:/Freescale/CW MCU v10.6/MCU/ARM_GCC_Support/ewl/lib/armv6-m\librt.a(gcc_ctor_dtor.o)
                0x00004c14                __init_cpp
 .text.__fini_cpp
                0x00004c5c       0x34 C:/Freescale/CW MCU v10.6/MCU/ARM_GCC_Support/ewl/lib/armv6-m\librt.a(gcc_ctor_dtor.o)
                0x00004c5c                __fini_cpp
 .text.__copy_rom_section
                0x00004c90       0x48 C:/Freescale/CW MCU v10.6/MCU/ARM_GCC_Support/ewl/lib/armv6-m\librt.a(ROMCopy.o)
                0x00004c90                __copy_rom_section
 .text.__copy_rom_sections_to_ram
                0x00004cd8       0x34 C:/Freescale/CW MCU v10.6/MCU/ARM_GCC_Support/ewl/lib/armv6-m\librt.a(ROMCopy.o)
                0x00004cd8                __copy_rom_sections_to_ram
 .text.__destroy_global_chain
                0x00004d0c       0x1c C:/Freescale/CW MCU v10.6/MCU/ARM_GCC_Support/ewl/lib/armv6-m\librt.a(__arm_eabi_init.o)
                0x00004d0c                __destroy_global_chain
 .text.__init_registers
                0x00004d28       0x1c C:/Freescale/CW MCU v10.6/MCU/ARM_GCC_Support/ewl/lib/armv6-m\librt.a(__arm_eabi_init.o)
                0x00004d28                __init_registers
 .text.__init_user
                0x00004d44        0x4 C:/Freescale/CW MCU v10.6/MCU/ARM_GCC_Support/ewl/lib/armv6-m\librt.a(__arm_eabi_init.o)
                0x00004d44                __init_user
 *(.rodata)
 .rodata        0x00004d48        0x8 ./Generated_Code/tasks.o
 .rodata        0x00004d50        0xc ./Sources/Tasks/TaskError.o
 .rodata        0x00004d5c       0x1c ./Sources/Tasks/TaskBuzzer.o
 .rodata        0x00004d78       0xb8 ./Sources/Tasks/TaskAccelerometer.o
 *(.rodata*)
 .rodata.heapSTRUCT_SIZE
                0x00004e30        0x2 ./Generated_Code/heap_2.o
 *fill*         0x00004e32        0x2 00
 .rodata.InitialCalibration
                0x00004e34        0x8 ./Generated_Code/MMA0.o
 .rodata.addr.6428
                0x00004e3c        0x1 ./Generated_Code/MMA0.o
 .rodata.addr.6420
                0x00004e3d        0x1 ./Generated_Code/MMA0.o
 .rodata.addr.6412
                0x00004e3e        0x1 ./Generated_Code/MMA0.o
 .rodata.str1.1
                0x00004e3f        0x1 C:/Freescale/CW MCU v10.6/MCU/ARM_GCC_Support/ewl/lib/armv6-m\libc.a(printformat_.o)
 .rodata.CSWTCH.20
                0x00004e40        0x5 C:/Freescale/CW MCU v10.6/MCU/ARM_GCC_Support/ewl/lib/armv6-m\libc.a(printformat_.o)
 .rodata.CSWTCH.21
                0x00004e45        0x5 C:/Freescale/CW MCU v10.6/MCU/ARM_GCC_Support/ewl/lib/armv6-m\libc.a(printformat_.o)
 .rodata.__aeabi_ctype_table_C
                0x00004e4a      0x101 C:/Freescale/CW MCU v10.6/MCU/ARM_GCC_Support/ewl/lib/armv6-m\libc.a(ctype_aeabi.o)
                0x00004e4a                __aeabi_ctype_table_C
 *(.glue_7)
 .glue_7        0x00000000        0x0 linker stubs
 *(.glue_7t)
 .glue_7t       0x00000000        0x0 linker stubs
 *(.eh_frame)
 *(.init)
 *(.fini)
                0x00004f4c                . = ALIGN (0x4)
 *fill*         0x00004f4b        0x1 00
                0x00004f4c                _etext = .

.vfp11_veneer   0x00004f4c        0x0
 .vfp11_veneer  0x00000000        0x0 linker stubs

.v4_bx          0x00004f4c        0x0
 .v4_bx         0x00000000        0x0 linker stubs

.iplt           0x00004f4c        0x0
 .iplt          0x00000000        0x0 ./Generated_Code/timers.o

.rel.dyn        0x00004f4c        0x0
 .rel.iplt      0x00000000        0x0 ./Generated_Code/timers.o

.ARM.extab
 *(.ARM.extab* .gnu.linkonce.armextab.*)

.ARM            0x00004f4c        0x0
                0x00004f4c                __exidx_start = .
 *(.ARM.exidx*)
                0x00004f4c                __exidx_end = .

.ctors          0x00004f4c        0x0
                0x00004f4c                __CTOR_LIST__ = .
 *crtbegin.o(.ctors)
 *(EXCLUDE_FILE(*crtend.o) .ctors)
 *(SORT(.ctors.*))
 *(.ctors)
                0x00004f4c                __CTOR_END__ = .

.dtors          0x00004f4c        0x0
                0x00004f4c                __DTOR_LIST__ = .
 *crtbegin.o(.dtors)
 *(EXCLUDE_FILE(*crtend.o) .dtors)
 *(SORT(.dtors.*))
 *(.dtors)
                0x00004f4c                __DTOR_END__ = .

.preinit_array  0x00004f4c        0x0
                0x00004f4c                PROVIDE (__preinit_array_start, .)
 *(.preinit_array*)
                0x00004f4c                PROVIDE (__preinit_array_end, .)

.init_array     0x00004f4c        0x0
                0x00004f4c                PROVIDE (__init_array_start, .)
 *(SORT(.init_array.*))
 *(.init_array*)
                0x00004f4c                PROVIDE (__init_array_end, .)

.fini_array     0x00004f4c        0x0
                0x00004f4c                PROVIDE (__fini_array_start, .)
 *(SORT(.fini_array.*))
 *(.fini_array*)
                0x00004f4c                PROVIDE (__fini_array_end, .)
                0x00004f4c                ___ROM_AT = .

.mtb            0x20000000        0x0
                0x20000000                . = ALIGN (0x8)
                0x20000000                _mtb_start = .
 *(.mtb_buf)
                0x20000000                . = ALIGN (0x8)
                0x20000000                _mtb_end = .

.data           0x20000000       0xd8 load address 0x00004f4c
                0x20000000                . = ALIGN (0x4)
                0x20000000                _sdata = .
 *(.data)
 *(.data*)
 .data.xNextTaskUnblockTime
                0x20000000        0x4 ./Generated_Code/tasks.o
 .data.uxCriticalNesting
                0x20000004        0x4 ./Generated_Code/port.o
 .data.xFreeBytesRemaining
                0x20000008        0x4 ./Generated_Code/heap_2.o
 .data.__files  0x2000000c       0xcc C:/Freescale/CW MCU v10.6/MCU/ARM_GCC_Support/ewl/lib/armv6-m\libc.a(ansi_files.o)
                0x2000000c                __files
                0x200000d8                . = ALIGN (0x4)
                0x200000d8                _edata = .
                0x000000d8                ___data_size = (_edata - _sdata)
                0x00005024                ___m_data_1FFFF000_ROMStart = (___ROM_AT + SIZEOF (.data))

.igot.plt       0x200000d8        0x0 load address 0x00005024
 .igot.plt      0x00000000        0x0 ./Generated_Code/timers.o

.m_data_1FFFF000
                0x1ffff000        0x0 load address 0x00005024
                0x1ffff000                . = ALIGN (0x4)
                0x1ffff000                ___m_data_1FFFF000_RAMStart = .
 *(.m_data_1FFFF000)
                0x1ffff000                ___m_data_1FFFF000_RAMEnd = .
                0x1ffff000                . = ALIGN (0x4)
                0x00000000                ___m_data_1FFFF000_ROMSize = (___m_data_1FFFF000_RAMEnd - ___m_data_1FFFF000_RAMStart)
                0x1ffff000                . = ALIGN (0x4)

.bss            0x200000d8     0x29a0 load address 0x00005024
                0x200000d8                __START_BSS = .
                0x200000d8                PROVIDE (__bss_start__, __START_BSS)
 *(.bss)
 *(.bss*)
 .bss.pxCurrentTCB
                0x200000d8        0x4 ./Generated_Code/tasks.o
                0x200000d8                pxCurrentTCB
 .bss.pxReadyTasksLists
                0x200000dc       0x78 ./Generated_Code/tasks.o
 .bss.xDelayedTaskList1
                0x20000154       0x14 ./Generated_Code/tasks.o
 .bss.xDelayedTaskList2
                0x20000168       0x14 ./Generated_Code/tasks.o
 .bss.pxDelayedTaskList
                0x2000017c        0x4 ./Generated_Code/tasks.o
 .bss.pxOverflowDelayedTaskList
                0x20000180        0x4 ./Generated_Code/tasks.o
 .bss.xPendingReadyList
                0x20000184       0x14 ./Generated_Code/tasks.o
 .bss.xSuspendedTaskList
                0x20000198       0x14 ./Generated_Code/tasks.o
 .bss.uxCurrentNumberOfTasks
                0x200001ac        0x4 ./Generated_Code/tasks.o
 .bss.xTickCount
                0x200001b0        0x4 ./Generated_Code/tasks.o
 .bss.uxTopReadyPriority
                0x200001b4        0x4 ./Generated_Code/tasks.o
 .bss.xSchedulerRunning
                0x200001b8        0x4 ./Generated_Code/tasks.o
 .bss.uxSchedulerSuspended
                0x200001bc        0x4 ./Generated_Code/tasks.o
 .bss.uxPendedTicks
                0x200001c0        0x4 ./Generated_Code/tasks.o
 .bss.xYieldPending
                0x200001c4        0x4 ./Generated_Code/tasks.o
 .bss.xNumOfOverflows
                0x200001c8        0x4 ./Generated_Code/tasks.o
 .bss.uxTaskNumber
                0x200001cc        0x4 ./Generated_Code/tasks.o
 .bss.xMaximumPossibleSuppressedTicks
                0x200001d0        0x4 ./Generated_Code/port.o
 .bss.ulStoppedTimerCompensation
                0x200001d4        0x4 ./Generated_Code/port.o
 .bss.ucHeap    0x200001d8     0x2710 ./Generated_Code/heap_2.o
 .bss.xStart    0x200028e8        0x8 ./Generated_Code/heap_2.o
 .bss.xEnd      0x200028f0        0x8 ./Generated_Code/heap_2.o
 .bss.xHeapHasBeenInitialised.7153
                0x200028f8        0x4 ./Generated_Code/heap_2.o
 .bss.PE_LDD_DeviceDataList
                0x200028fc       0x20 ./Generated_Code/PE_LDD.o
                0x200028fc                PE_LDD_DeviceDataList
 .bss.sCalValues
                0x2000291c        0x8 ./Generated_Code/MMA0.o
 .bss.DeviceDataPrv__DEFAULT_RTOS_ALLOC
                0x20002924       0x18 ./Generated_Code/IO1.o
 .bss.INT_I2C1__BAREBOARD_RTOS_ISRPARAM
                0x2000293c        0x4 ./Generated_Code/I2C1.o
 .bss.DeviceDataPrv__DEFAULT_RTOS_ALLOC
                0x20002940       0x18 ./Generated_Code/I2C0.o
 .bss.INT_I2C0__BAREBOARD_RTOS_ISRPARAM
                0x20002958        0x4 ./Generated_Code/I2C0.o
 .bss.GI2C0_deviceData
                0x2000295c        0x8 ./Generated_Code/GI2C0.o
 .bss.GI2C0_busSem
                0x20002964        0x4 ./Generated_Code/GI2C0.o
 .bss.writeBuf.6356
                0x20002968       0x10 ./Generated_Code/GI2C0.o
 .bss.DeviceDataPrv__DEFAULT_RTOS_ALLOC
                0x20002978        0x4 ./Generated_Code/BitIoLdd4.o
 .bss.DeviceDataPrv__DEFAULT_RTOS_ALLOC
                0x2000297c        0x4 ./Generated_Code/BitIoLdd3.o
 .bss.DeviceDataPrv__DEFAULT_RTOS_ALLOC
                0x20002980        0x4 ./Generated_Code/BitIoLdd2.o
 .bss.DeviceDataPrv__DEFAULT_RTOS_ALLOC
                0x20002984        0x4 ./Generated_Code/BitIoLdd1.o
 .bss.argv      0x20002988        0x4 ./Project_Settings/Startup_Code/__arm_start.o
 .bss.__stdio_exit
                0x2000298c        0x4 C:/Freescale/CW MCU v10.6/MCU/ARM_GCC_Support/ewl/lib/armv6-m\libc.a(exit.o)
                0x2000298c                __stdio_exit
 .bss.__console_exit
                0x20002990        0x4 C:/Freescale/CW MCU v10.6/MCU/ARM_GCC_Support/ewl/lib/armv6-m\libc.a(exit.o)
                0x20002990                __console_exit
 .bss.__S_romp  0x20002994        0xc C:/Freescale/CW MCU v10.6/MCU/ARM_GCC_Support/ewl/lib/armv6-m\librt.a(ROMCopy.o)
 .bss.__global_destructor_chain
                0x200029a0        0x4 C:/Freescale/CW MCU v10.6/MCU/ARM_GCC_Support/ewl/lib/armv6-m\librt.a(__arm_eabi_init.o)
                0x200029a0                __global_destructor_chain
 *(COMMON)
 COMMON         0x200029a4       0x10 ./Sources/Tasks/TaskError.o
                0x200029a4                taskHandles
 COMMON         0x200029b4        0x4 ./Sources/Util/GlobalVariables.o
                0x200029b4                idleTaskHookInteger
 COMMON         0x200029b8       0xc0 C:/Freescale/CW MCU v10.6/MCU/ARM_GCC_Support/ewl/lib/armv6-m\libc.a(ansi_files.o)
                0x200029b8                stdout_buff
                0x200029f8                stdin_buff
                0x20002a38                stderr_buff
                0x20002a78                . = ALIGN (0x4)
                0x20002a78                __END_BSS = .
                0x20002a78                PROVIDE (__bss_end__, __END_BSS)
                0x00005024                _romp_at = ((___ROM_AT + SIZEOF (.data)) + SIZEOF (.m_data_1FFFF000))

.romp           0x20002a78       0x24 load address 0x00005024
                0x00005024                __S_romp = _romp_at
                0x20002a78        0x4 LONG 0x4f4c ___ROM_AT
                0x20002a7c        0x4 LONG 0x20000000 _sdata
                0x20002a80        0x4 LONG 0xd8 ___data_size
                0x20002a84        0x4 LONG 0x5024 ___m_data_1FFFF000_ROMStart
                0x20002a88        0x4 LONG 0x1ffff000 ___m_data_1FFFF000_RAMStart
                0x20002a8c        0x4 LONG 0x0 ___m_data_1FFFF000_ROMSize
                0x20002a90        0x4 LONG 0x0
                0x20002a94        0x4 LONG 0x0
                0x20002a98        0x4 LONG 0x0

._user_heap_stack
                0x20002a9c       0x40 load address 0x00005048
                0x20002a9c                . = ALIGN (0x4)
                0x20002a9c                PROVIDE (end, .)
                0x20002a9c                PROVIDE (_end, .)
                0x20002a9c                __heap_addr = .
                0x20002a9c                . = (. + __heap_size)
                0x20002adc                . = (. + __stack_size)
 *fill*         0x20002a9c       0x40 00
                0x20002adc                . = ALIGN (0x4)

.ARM.attributes
                0x00000000       0x2f
 *(.ARM.attributes)
 .ARM.attributes
                0x00000000       0x31 ./Generated_Code/tasks.o
 .ARM.attributes
                0x00000031       0x31 ./Generated_Code/queue.o
 .ARM.attributes
                0x00000062       0x31 ./Generated_Code/port.o
 .ARM.attributes
                0x00000093       0x31 ./Generated_Code/list.o
 .ARM.attributes
                0x000000c4       0x31 ./Generated_Code/heap_2.o
 .ARM.attributes
                0x000000f5       0x31 ./Generated_Code/Vectors.o
 .ARM.attributes
                0x00000126       0x31 ./Generated_Code/PE_LDD.o
 .ARM.attributes
                0x00000157       0x31 ./Generated_Code/MMA0.o
 .ARM.attributes
                0x00000188       0x31 ./Generated_Code/IO1.o
 .ARM.attributes
                0x000001b9       0x31 ./Generated_Code/I2C1.o
 .ARM.attributes
                0x000001ea       0x31 ./Generated_Code/I2C0.o
 .ARM.attributes
                0x0000021b       0x31 ./Generated_Code/GI2C0.o
 .ARM.attributes
                0x0000024c       0x31 ./Generated_Code/CsIO0.o
 .ARM.attributes
                0x0000027d       0x31 ./Generated_Code/Cpu.o
 .ARM.attributes
                0x000002ae       0x31 ./Generated_Code/BitIoLdd4.o
 .ARM.attributes
                0x000002df       0x31 ./Generated_Code/BitIoLdd3.o
 .ARM.attributes
                0x00000310       0x31 ./Generated_Code/BitIoLdd2.o
 .ARM.attributes
                0x00000341       0x31 ./Generated_Code/BitIoLdd1.o
 .ARM.attributes
                0x00000372       0x31 ./Project_Settings/Startup_Code/__arm_start.o
 .ARM.attributes
                0x000003a3       0x31 ./Project_Settings/Startup_Code/__arm_end.o
 .ARM.attributes
                0x000003d4       0x31 ./Sources/Tasks/TaskError.o
 .ARM.attributes
                0x00000405       0x31 ./Sources/Tasks/TaskBuzzer.o
 .ARM.attributes
                0x00000436       0x31 ./Sources/Tasks/TaskAccelerometer.o
 .ARM.attributes
                0x00000467       0x31 ./Sources/Util/GlobalVariables.o
 .ARM.attributes
                0x00000498       0x31 ./Sources/ProcessorExpert.o
 .ARM.attributes
                0x000004c9       0x31 ./Sources/Events.o
 .ARM.attributes
                0x000004fa       0x31 C:/Freescale/CW MCU v10.6/MCU/ARM_GCC_Support/ewl/lib/armv6-m\libc.a(puts.o)
 .ARM.attributes
                0x0000052b       0x31 C:/Freescale/CW MCU v10.6/MCU/ARM_GCC_Support/ewl/lib/armv6-m\libc.a(exit.o)
 .ARM.attributes
                0x0000055c       0x31 C:/Freescale/CW MCU v10.6/MCU/ARM_GCC_Support/ewl/lib/armv6-m\libc.a(memcpy.o)
 .ARM.attributes
                0x0000058d       0x31 C:/Freescale/CW MCU v10.6/MCU/ARM_GCC_Support/ewl/lib/armv6-m\libc.a(memset.o)
 .ARM.attributes
                0x000005be       0x31 C:/Freescale/CW MCU v10.6/MCU/ARM_GCC_Support/ewl/lib/armv6-m\libc.a(strchr.o)
 .ARM.attributes
                0x000005ef       0x31 C:/Freescale/CW MCU v10.6/MCU/ARM_GCC_Support/ewl/lib/armv6-m\libc.a(strlen.o)
 .ARM.attributes
                0x00000620       0x31 C:/Freescale/CW MCU v10.6/MCU/ARM_GCC_Support/ewl/lib/armv6-m\libc.a(printformat_.o)
 .ARM.attributes
                0x00000651       0x31 C:/Freescale/CW MCU v10.6/MCU/ARM_GCC_Support/ewl/lib/armv6-m\libc.a(scanformat_.o)
 .ARM.attributes
                0x00000682       0x31 C:/Freescale/CW MCU v10.6/MCU/ARM_GCC_Support/ewl/lib/armv6-m\libc.a(ctype_aeabi.o)
 .ARM.attributes
                0x000006b3       0x31 C:/Freescale/CW MCU v10.6/MCU/ARM_GCC_Support/ewl/lib/armv6-m\libc.a(__putchar.o)
 .ARM.attributes
                0x000006e4       0x31 C:/Freescale/CW MCU v10.6/MCU/ARM_GCC_Support/ewl/lib/armv6-m\libc.a(ansi_files.o)
 .ARM.attributes
                0x00000715       0x31 C:/Freescale/CW MCU v10.6/MCU/ARM_GCC_Support/ewl/lib/armv6-m\libc.a(__strtoul.o)
 .ARM.attributes
                0x00000746       0x31 C:/Freescale/CW MCU v10.6/MCU/ARM_GCC_Support/ewl/lib/armv6-m\libc.a(__filll_mem.o)
 .ARM.attributes
                0x00000777       0x31 C:/Freescale/CW MCU v10.6/MCU/ARM_GCC_Support/ewl/lib/armv6-m\libc.a(memchr.o)
 .ARM.attributes
                0x000007a8       0x31 C:/Freescale/CW MCU v10.6/MCU/ARM_GCC_Support/ewl/lib/armv6-m\libc.a(__buffer_io.o)
 .ARM.attributes
                0x000007d9       0x1e c:/freescale/cw mcu v10.6/cross_tools/arm-none-eabi-gcc-4_7_3/bin/../lib/gcc/arm-none-eabi/4.7.3/armv6-m\libgcc.a(_thumb1_case_sqi.o)
 .ARM.attributes
                0x000007f7       0x1e c:/freescale/cw mcu v10.6/cross_tools/arm-none-eabi-gcc-4_7_3/bin/../lib/gcc/arm-none-eabi/4.7.3/armv6-m\libgcc.a(_thumb1_case_uqi.o)
 .ARM.attributes
                0x00000815       0x1e c:/freescale/cw mcu v10.6/cross_tools/arm-none-eabi-gcc-4_7_3/bin/../lib/gcc/arm-none-eabi/4.7.3/armv6-m\libgcc.a(_udivsi3.o)
 .ARM.attributes
                0x00000833       0x1e c:/freescale/cw mcu v10.6/cross_tools/arm-none-eabi-gcc-4_7_3/bin/../lib/gcc/arm-none-eabi/4.7.3/armv6-m\libgcc.a(_dvmd_tls.o)
 .ARM.attributes
                0x00000851       0x31 C:/Freescale/CW MCU v10.6/MCU/ARM_GCC_Support/ewl/lib/armv6-m\librt.a(gcc_ctor_dtor.o)
 .ARM.attributes
                0x00000882       0x31 C:/Freescale/CW MCU v10.6/MCU/ARM_GCC_Support/ewl/lib/armv6-m\librt.a(ROMCopy.o)
 .ARM.attributes
                0x000008b3       0x31 C:/Freescale/CW MCU v10.6/MCU/ARM_GCC_Support/ewl/lib/armv6-m\librt.a(__arm_eabi_init.o)
OUTPUT(M0PlusFreeRTOS.elf elf32-littlearm)

.debug_info     0x00000000     0x9b1d
 .debug_info    0x00000000      0xeb7 ./Generated_Code/tasks.o
 .debug_info    0x00000eb7      0xc49 ./Generated_Code/queue.o
 .debug_info    0x00001b00      0x2f0 ./Generated_Code/port.o
 .debug_info    0x00001df0      0x29d ./Generated_Code/list.o
 .debug_info    0x0000208d      0x2a9 ./Generated_Code/heap_2.o
 .debug_info    0x00002336      0x10b ./Generated_Code/Vectors.o
 .debug_info    0x00002441      0x255 ./Generated_Code/PE_LDD.o
 .debug_info    0x00002696      0x681 ./Generated_Code/MMA0.o
 .debug_info    0x00002d17      0x5dc ./Generated_Code/IO1.o
 .debug_info    0x000032f3      0x79f ./Generated_Code/I2C1.o
 .debug_info    0x00003a92      0x84a ./Generated_Code/I2C0.o
 .debug_info    0x000042dc      0x63e ./Generated_Code/GI2C0.o
 .debug_info    0x0000491a      0x266 ./Generated_Code/CsIO0.o
 .debug_info    0x00004b80      0x8e5 ./Generated_Code/Cpu.o
 .debug_info    0x00005465      0x3d6 ./Generated_Code/BitIoLdd4.o
 .debug_info    0x0000583b      0x392 ./Generated_Code/BitIoLdd3.o
 .debug_info    0x00005bcd      0x392 ./Generated_Code/BitIoLdd2.o
 .debug_info    0x00005f5f      0x392 ./Generated_Code/BitIoLdd1.o
 .debug_info    0x000062f1      0x12a ./Project_Settings/Startup_Code/__arm_start.o
 .debug_info    0x0000641b       0x54 ./Project_Settings/Startup_Code/__arm_end.o
 .debug_info    0x0000646f      0x166 ./Sources/Tasks/TaskError.o
 .debug_info    0x000065d5      0x17a ./Sources/Tasks/TaskBuzzer.o
 .debug_info    0x0000674f      0x2a8 ./Sources/Tasks/TaskAccelerometer.o
 .debug_info    0x000069f7       0x7e ./Sources/Util/GlobalVariables.o
 .debug_info    0x00006a75       0xe1 ./Sources/ProcessorExpert.o
 .debug_info    0x00006b56      0x310 ./Sources/Events.o
 .debug_info    0x00006e66      0x38a C:/Freescale/CW MCU v10.6/MCU/ARM_GCC_Support/ewl/lib/armv6-m\libc.a(puts.o)
 .debug_info    0x000071f0       0xe8 C:/Freescale/CW MCU v10.6/MCU/ARM_GCC_Support/ewl/lib/armv6-m\libc.a(exit.o)
 .debug_info    0x000072d8      0x10f C:/Freescale/CW MCU v10.6/MCU/ARM_GCC_Support/ewl/lib/armv6-m\libc.a(memcpy.o)
 .debug_info    0x000073e7       0xec C:/Freescale/CW MCU v10.6/MCU/ARM_GCC_Support/ewl/lib/armv6-m\libc.a(memset.o)
 .debug_info    0x000074d3      0x10b C:/Freescale/CW MCU v10.6/MCU/ARM_GCC_Support/ewl/lib/armv6-m\libc.a(strchr.o)
 .debug_info    0x000075de       0xea C:/Freescale/CW MCU v10.6/MCU/ARM_GCC_Support/ewl/lib/armv6-m\libc.a(strlen.o)
 .debug_info    0x000076c8      0x50d C:/Freescale/CW MCU v10.6/MCU/ARM_GCC_Support/ewl/lib/armv6-m\libc.a(printformat_.o)
 .debug_info    0x00007bd5      0x568 C:/Freescale/CW MCU v10.6/MCU/ARM_GCC_Support/ewl/lib/armv6-m\libc.a(scanformat_.o)
 .debug_info    0x0000813d      0x313 C:/Freescale/CW MCU v10.6/MCU/ARM_GCC_Support/ewl/lib/armv6-m\libc.a(ctype_aeabi.o)
 .debug_info    0x00008450      0x3fa C:/Freescale/CW MCU v10.6/MCU/ARM_GCC_Support/ewl/lib/armv6-m\libc.a(__putchar.o)
 .debug_info    0x0000884a      0x4be C:/Freescale/CW MCU v10.6/MCU/ARM_GCC_Support/ewl/lib/armv6-m\libc.a(ansi_files.o)
 .debug_info    0x00008d08      0x1d6 C:/Freescale/CW MCU v10.6/MCU/ARM_GCC_Support/ewl/lib/armv6-m\libc.a(__strtoul.o)
 .debug_info    0x00008ede      0x137 C:/Freescale/CW MCU v10.6/MCU/ARM_GCC_Support/ewl/lib/armv6-m\libc.a(__filll_mem.o)
 .debug_info    0x00009015      0x121 C:/Freescale/CW MCU v10.6/MCU/ARM_GCC_Support/ewl/lib/armv6-m\libc.a(memchr.o)
 .debug_info    0x00009136      0x45d C:/Freescale/CW MCU v10.6/MCU/ARM_GCC_Support/ewl/lib/armv6-m\libc.a(__buffer_io.o)
 .debug_info    0x00009593      0x136 C:/Freescale/CW MCU v10.6/MCU/ARM_GCC_Support/ewl/lib/armv6-m\librt.a(gcc_ctor_dtor.o)
 .debug_info    0x000096c9      0x19b C:/Freescale/CW MCU v10.6/MCU/ARM_GCC_Support/ewl/lib/armv6-m\librt.a(ROMCopy.o)
 .debug_info    0x00009864      0x2b9 C:/Freescale/CW MCU v10.6/MCU/ARM_GCC_Support/ewl/lib/armv6-m\librt.a(__arm_eabi_init.o)

.debug_abbrev   0x00000000     0x2c6e
 .debug_abbrev  0x00000000      0x1b6 ./Generated_Code/tasks.o
 .debug_abbrev  0x000001b6      0x182 ./Generated_Code/queue.o
 .debug_abbrev  0x00000338      0x140 ./Generated_Code/port.o
 .debug_abbrev  0x00000478       0xb6 ./Generated_Code/list.o
 .debug_abbrev  0x0000052e      0x141 ./Generated_Code/heap_2.o
 .debug_abbrev  0x0000066f       0xa3 ./Generated_Code/Vectors.o
 .debug_abbrev  0x00000712      0x102 ./Generated_Code/PE_LDD.o
 .debug_abbrev  0x00000814      0x16d ./Generated_Code/MMA0.o
 .debug_abbrev  0x00000981      0x149 ./Generated_Code/IO1.o
 .debug_abbrev  0x00000aca      0x170 ./Generated_Code/I2C1.o
 .debug_abbrev  0x00000c3a      0x170 ./Generated_Code/I2C0.o
 .debug_abbrev  0x00000daa      0x1d1 ./Generated_Code/GI2C0.o
 .debug_abbrev  0x00000f7b       0xd6 ./Generated_Code/CsIO0.o
 .debug_abbrev  0x00001051      0x121 ./Generated_Code/Cpu.o
 .debug_abbrev  0x00001172      0x12b ./Generated_Code/BitIoLdd4.o
 .debug_abbrev  0x0000129d      0x11c ./Generated_Code/BitIoLdd3.o
 .debug_abbrev  0x000013b9      0x11c ./Generated_Code/BitIoLdd2.o
 .debug_abbrev  0x000014d5      0x11c ./Generated_Code/BitIoLdd1.o
 .debug_abbrev  0x000015f1       0x92 ./Project_Settings/Startup_Code/__arm_start.o
 .debug_abbrev  0x00001683       0x4c ./Project_Settings/Startup_Code/__arm_end.o
 .debug_abbrev  0x000016cf       0xef ./Sources/Tasks/TaskError.o
 .debug_abbrev  0x000017be      0x11e ./Sources/Tasks/TaskBuzzer.o
 .debug_abbrev  0x000018dc      0x13e ./Sources/Tasks/TaskAccelerometer.o
 .debug_abbrev  0x00001a1a       0x5a ./Sources/Util/GlobalVariables.o
 .debug_abbrev  0x00001a74       0x7f ./Sources/ProcessorExpert.o
 .debug_abbrev  0x00001af3      0x102 ./Sources/Events.o
 .debug_abbrev  0x00001bf5      0x10a C:/Freescale/CW MCU v10.6/MCU/ARM_GCC_Support/ewl/lib/armv6-m\libc.a(puts.o)
 .debug_abbrev  0x00001cff       0x7a C:/Freescale/CW MCU v10.6/MCU/ARM_GCC_Support/ewl/lib/armv6-m\libc.a(exit.o)
 .debug_abbrev  0x00001d79       0x95 C:/Freescale/CW MCU v10.6/MCU/ARM_GCC_Support/ewl/lib/armv6-m\libc.a(memcpy.o)
 .debug_abbrev  0x00001e0e       0x62 C:/Freescale/CW MCU v10.6/MCU/ARM_GCC_Support/ewl/lib/armv6-m\libc.a(memset.o)
 .debug_abbrev  0x00001e70       0x7a C:/Freescale/CW MCU v10.6/MCU/ARM_GCC_Support/ewl/lib/armv6-m\libc.a(strchr.o)
 .debug_abbrev  0x00001eea       0x7a C:/Freescale/CW MCU v10.6/MCU/ARM_GCC_Support/ewl/lib/armv6-m\libc.a(strlen.o)
 .debug_abbrev  0x00001f64      0x200 C:/Freescale/CW MCU v10.6/MCU/ARM_GCC_Support/ewl/lib/armv6-m\libc.a(printformat_.o)
 .debug_abbrev  0x00002164      0x1f0 C:/Freescale/CW MCU v10.6/MCU/ARM_GCC_Support/ewl/lib/armv6-m\libc.a(scanformat_.o)
 .debug_abbrev  0x00002354       0x9e C:/Freescale/CW MCU v10.6/MCU/ARM_GCC_Support/ewl/lib/armv6-m\libc.a(ctype_aeabi.o)
 .debug_abbrev  0x000023f2       0xf8 C:/Freescale/CW MCU v10.6/MCU/ARM_GCC_Support/ewl/lib/armv6-m\libc.a(__putchar.o)
 .debug_abbrev  0x000024ea      0x107 C:/Freescale/CW MCU v10.6/MCU/ARM_GCC_Support/ewl/lib/armv6-m\libc.a(ansi_files.o)
 .debug_abbrev  0x000025f1       0xc2 C:/Freescale/CW MCU v10.6/MCU/ARM_GCC_Support/ewl/lib/armv6-m\libc.a(__strtoul.o)
 .debug_abbrev  0x000026b3       0x78 C:/Freescale/CW MCU v10.6/MCU/ARM_GCC_Support/ewl/lib/armv6-m\libc.a(__filll_mem.o)
 .debug_abbrev  0x0000272b       0x95 C:/Freescale/CW MCU v10.6/MCU/ARM_GCC_Support/ewl/lib/armv6-m\libc.a(memchr.o)
 .debug_abbrev  0x000027c0      0x142 C:/Freescale/CW MCU v10.6/MCU/ARM_GCC_Support/ewl/lib/armv6-m\libc.a(__buffer_io.o)
 .debug_abbrev  0x00002902       0x99 C:/Freescale/CW MCU v10.6/MCU/ARM_GCC_Support/ewl/lib/armv6-m\librt.a(gcc_ctor_dtor.o)
 .debug_abbrev  0x0000299b      0x120 C:/Freescale/CW MCU v10.6/MCU/ARM_GCC_Support/ewl/lib/armv6-m\librt.a(ROMCopy.o)
 .debug_abbrev  0x00002abb      0x1b3 C:/Freescale/CW MCU v10.6/MCU/ARM_GCC_Support/ewl/lib/armv6-m\librt.a(__arm_eabi_init.o)

.debug_loc      0x00000000     0x5636
 .debug_loc     0x00000000      0x7e8 ./Generated_Code/tasks.o
 .debug_loc     0x000007e8      0x620 ./Generated_Code/queue.o
 .debug_loc     0x00000e08      0x234 ./Generated_Code/port.o
 .debug_loc     0x0000103c      0x118 ./Generated_Code/list.o
 .debug_loc     0x00001154      0x100 ./Generated_Code/heap_2.o
 .debug_loc     0x00001254       0x9c ./Generated_Code/PE_LDD.o
 .debug_loc     0x000012f0      0x518 ./Generated_Code/MMA0.o
 .debug_loc     0x00001808       0xe0 ./Generated_Code/IO1.o
 .debug_loc     0x000018e8      0x118 ./Generated_Code/I2C1.o
 .debug_loc     0x00001a00      0x150 ./Generated_Code/I2C0.o
 .debug_loc     0x00001b50      0x370 ./Generated_Code/GI2C0.o
 .debug_loc     0x00001ec0       0xa8 ./Generated_Code/CsIO0.o
 .debug_loc     0x00001f68       0xb0 ./Generated_Code/Cpu.o
 .debug_loc     0x00002018      0x150 ./Generated_Code/BitIoLdd4.o
 .debug_loc     0x00002168      0x118 ./Generated_Code/BitIoLdd3.o
 .debug_loc     0x00002280      0x118 ./Generated_Code/BitIoLdd2.o
 .debug_loc     0x00002398      0x118 ./Generated_Code/BitIoLdd1.o
 .debug_loc     0x000024b0       0x2c ./Project_Settings/Startup_Code/__arm_start.o
 .debug_loc     0x000024dc       0x38 ./Project_Settings/Startup_Code/__arm_end.o
 .debug_loc     0x00002514       0xc8 ./Sources/Tasks/TaskError.o
 .debug_loc     0x000025dc       0xc8 ./Sources/Tasks/TaskBuzzer.o
 .debug_loc     0x000026a4      0x208 ./Sources/Tasks/TaskAccelerometer.o
 .debug_loc     0x000028ac       0x84 ./Sources/Util/GlobalVariables.o
 .debug_loc     0x00002930       0x2c ./Sources/ProcessorExpert.o
 .debug_loc     0x0000295c      0x344 ./Sources/Events.o
 .debug_loc     0x00002ca0       0x72 C:/Freescale/CW MCU v10.6/MCU/ARM_GCC_Support/ewl/lib/armv6-m\libc.a(puts.o)
 .debug_loc     0x00002d12       0x3e C:/Freescale/CW MCU v10.6/MCU/ARM_GCC_Support/ewl/lib/armv6-m\libc.a(exit.o)
 .debug_loc     0x00002d50       0x59 C:/Freescale/CW MCU v10.6/MCU/ARM_GCC_Support/ewl/lib/armv6-m\libc.a(memcpy.o)
 .debug_loc     0x00002da9       0x6f C:/Freescale/CW MCU v10.6/MCU/ARM_GCC_Support/ewl/lib/armv6-m\libc.a(memset.o)
 .debug_loc     0x00002e18       0xaf C:/Freescale/CW MCU v10.6/MCU/ARM_GCC_Support/ewl/lib/armv6-m\libc.a(strchr.o)
 .debug_loc     0x00002ec7       0x33 C:/Freescale/CW MCU v10.6/MCU/ARM_GCC_Support/ewl/lib/armv6-m\libc.a(strlen.o)
 .debug_loc     0x00002efa     0x104b C:/Freescale/CW MCU v10.6/MCU/ARM_GCC_Support/ewl/lib/armv6-m\libc.a(printformat_.o)
 .debug_loc     0x00003f45      0x9d8 C:/Freescale/CW MCU v10.6/MCU/ARM_GCC_Support/ewl/lib/armv6-m\libc.a(scanformat_.o)
 .debug_loc     0x0000491d      0x30d C:/Freescale/CW MCU v10.6/MCU/ARM_GCC_Support/ewl/lib/armv6-m\libc.a(ctype_aeabi.o)
 .debug_loc     0x00004c2a       0x87 C:/Freescale/CW MCU v10.6/MCU/ARM_GCC_Support/ewl/lib/armv6-m\libc.a(__putchar.o)
 .debug_loc     0x00004cb1       0x8c C:/Freescale/CW MCU v10.6/MCU/ARM_GCC_Support/ewl/lib/armv6-m\libc.a(ansi_files.o)
 .debug_loc     0x00004d3d      0x305 C:/Freescale/CW MCU v10.6/MCU/ARM_GCC_Support/ewl/lib/armv6-m\libc.a(__strtoul.o)
 .debug_loc     0x00005042      0x14a C:/Freescale/CW MCU v10.6/MCU/ARM_GCC_Support/ewl/lib/armv6-m\libc.a(__filll_mem.o)
 .debug_loc     0x0000518c       0x77 C:/Freescale/CW MCU v10.6/MCU/ARM_GCC_Support/ewl/lib/armv6-m\libc.a(memchr.o)
 .debug_loc     0x00005203      0x126 C:/Freescale/CW MCU v10.6/MCU/ARM_GCC_Support/ewl/lib/armv6-m\libc.a(__buffer_io.o)
 .debug_loc     0x00005329       0x9d C:/Freescale/CW MCU v10.6/MCU/ARM_GCC_Support/ewl/lib/armv6-m\librt.a(gcc_ctor_dtor.o)
 .debug_loc     0x000053c6       0xd9 C:/Freescale/CW MCU v10.6/MCU/ARM_GCC_Support/ewl/lib/armv6-m\librt.a(ROMCopy.o)
 .debug_loc     0x0000549f      0x197 C:/Freescale/CW MCU v10.6/MCU/ARM_GCC_Support/ewl/lib/armv6-m\librt.a(__arm_eabi_init.o)

.debug_aranges  0x00000000      0xc68
 .debug_aranges
                0x00000000      0x140 ./Generated_Code/tasks.o
 .debug_aranges
                0x00000140       0xf8 ./Generated_Code/queue.o
 .debug_aranges
                0x00000238       0x88 ./Generated_Code/port.o
 .debug_aranges
                0x000002c0       0x40 ./Generated_Code/list.o
 .debug_aranges
                0x00000300       0x40 ./Generated_Code/heap_2.o
 .debug_aranges
                0x00000340       0x18 ./Generated_Code/Vectors.o
 .debug_aranges
                0x00000358       0x30 ./Generated_Code/PE_LDD.o
 .debug_aranges
                0x00000388       0xe0 ./Generated_Code/MMA0.o
 .debug_aranges
                0x00000468       0x38 ./Generated_Code/IO1.o
 .debug_aranges
                0x000004a0       0x40 ./Generated_Code/I2C1.o
 .debug_aranges
                0x000004e0       0x48 ./Generated_Code/I2C0.o
 .debug_aranges
                0x00000528       0xa0 ./Generated_Code/GI2C0.o
 .debug_aranges
                0x000005c8       0x30 ./Generated_Code/CsIO0.o
 .debug_aranges
                0x000005f8       0x38 ./Generated_Code/Cpu.o
 .debug_aranges
                0x00000630       0x48 ./Generated_Code/BitIoLdd4.o
 .debug_aranges
                0x00000678       0x40 ./Generated_Code/BitIoLdd3.o
 .debug_aranges
                0x000006b8       0x40 ./Generated_Code/BitIoLdd2.o
 .debug_aranges
                0x000006f8       0x40 ./Generated_Code/BitIoLdd1.o
 .debug_aranges
                0x00000738       0x30 ./Project_Settings/Startup_Code/__arm_start.o
 .debug_aranges
                0x00000768       0x20 ./Project_Settings/Startup_Code/__arm_end.o
 .debug_aranges
                0x00000788       0x38 ./Sources/Tasks/TaskError.o
 .debug_aranges
                0x000007c0       0x38 ./Sources/Tasks/TaskBuzzer.o
 .debug_aranges
                0x000007f8       0x70 ./Sources/Tasks/TaskAccelerometer.o
 .debug_aranges
                0x00000868       0x30 ./Sources/Util/GlobalVariables.o
 .debug_aranges
                0x00000898       0x20 ./Sources/ProcessorExpert.o
 .debug_aranges
                0x000008b8       0x98 ./Sources/Events.o
 .debug_aranges
                0x00000950       0x20 C:/Freescale/CW MCU v10.6/MCU/ARM_GCC_Support/ewl/lib/armv6-m\libc.a(puts.o)
 .debug_aranges
                0x00000970       0x20 C:/Freescale/CW MCU v10.6/MCU/ARM_GCC_Support/ewl/lib/armv6-m\libc.a(exit.o)
 .debug_aranges
                0x00000990       0x20 C:/Freescale/CW MCU v10.6/MCU/ARM_GCC_Support/ewl/lib/armv6-m\libc.a(memcpy.o)
 .debug_aranges
                0x000009b0       0x20 C:/Freescale/CW MCU v10.6/MCU/ARM_GCC_Support/ewl/lib/armv6-m\libc.a(memset.o)
 .debug_aranges
                0x000009d0       0x20 C:/Freescale/CW MCU v10.6/MCU/ARM_GCC_Support/ewl/lib/armv6-m\libc.a(strchr.o)
 .debug_aranges
                0x000009f0       0x20 C:/Freescale/CW MCU v10.6/MCU/ARM_GCC_Support/ewl/lib/armv6-m\libc.a(strlen.o)
 .debug_aranges
                0x00000a10       0x28 C:/Freescale/CW MCU v10.6/MCU/ARM_GCC_Support/ewl/lib/armv6-m\libc.a(printformat_.o)
 .debug_aranges
                0x00000a38       0x20 C:/Freescale/CW MCU v10.6/MCU/ARM_GCC_Support/ewl/lib/armv6-m\libc.a(scanformat_.o)
 .debug_aranges
                0x00000a58       0x88 C:/Freescale/CW MCU v10.6/MCU/ARM_GCC_Support/ewl/lib/armv6-m\libc.a(ctype_aeabi.o)
 .debug_aranges
                0x00000ae0       0x20 C:/Freescale/CW MCU v10.6/MCU/ARM_GCC_Support/ewl/lib/armv6-m\libc.a(__putchar.o)
 .debug_aranges
                0x00000b00       0x28 C:/Freescale/CW MCU v10.6/MCU/ARM_GCC_Support/ewl/lib/armv6-m\libc.a(ansi_files.o)
 .debug_aranges
                0x00000b28       0x20 C:/Freescale/CW MCU v10.6/MCU/ARM_GCC_Support/ewl/lib/armv6-m\libc.a(__strtoul.o)
 .debug_aranges
                0x00000b48       0x20 C:/Freescale/CW MCU v10.6/MCU/ARM_GCC_Support/ewl/lib/armv6-m\libc.a(__filll_mem.o)
 .debug_aranges
                0x00000b68       0x20 C:/Freescale/CW MCU v10.6/MCU/ARM_GCC_Support/ewl/lib/armv6-m\libc.a(memchr.o)
 .debug_aranges
                0x00000b88       0x30 C:/Freescale/CW MCU v10.6/MCU/ARM_GCC_Support/ewl/lib/armv6-m\libc.a(__buffer_io.o)
 .debug_aranges
                0x00000bb8       0x28 C:/Freescale/CW MCU v10.6/MCU/ARM_GCC_Support/ewl/lib/armv6-m\librt.a(gcc_ctor_dtor.o)
 .debug_aranges
                0x00000be0       0x30 C:/Freescale/CW MCU v10.6/MCU/ARM_GCC_Support/ewl/lib/armv6-m\librt.a(ROMCopy.o)
 .debug_aranges
                0x00000c10       0x58 C:/Freescale/CW MCU v10.6/MCU/ARM_GCC_Support/ewl/lib/armv6-m\librt.a(__arm_eabi_init.o)

.debug_macinfo  0x00000000   0x46e5ad
 .debug_macinfo
                0x00000000    0x382a2 ./Generated_Code/tasks.o
 .debug_macinfo
                0x000382a2     0x7964 ./Generated_Code/queue.o
 .debug_macinfo
                0x0003fc06    0x3103d ./Generated_Code/port.o
 .debug_macinfo
                0x00070c43     0x65f9 ./Generated_Code/list.o
 .debug_macinfo
                0x0007723c    0x3776f ./Generated_Code/heap_2.o
 .debug_macinfo
                0x000ae9ab    0x37472 ./Generated_Code/Vectors.o
 .debug_macinfo
                0x000e5e1d    0x373e9 ./Generated_Code/PE_LDD.o
 .debug_macinfo
                0x0011d206    0x33302 ./Generated_Code/MMA0.o
 .debug_macinfo
                0x00150508    0x34556 ./Generated_Code/IO1.o
 .debug_macinfo
                0x00184a5e    0x3ddb7 ./Generated_Code/I2C1.o
 .debug_macinfo
                0x001c2815    0x3a040 ./Generated_Code/I2C0.o
 .debug_macinfo
                0x001fc855    0x33173 ./Generated_Code/GI2C0.o
 .debug_macinfo
                0x0022f9c8    0x2a8df ./Generated_Code/CsIO0.o
 .debug_macinfo
                0x0025a2a7    0x37473 ./Generated_Code/Cpu.o
 .debug_macinfo
                0x0029171a    0x315fb ./Generated_Code/BitIoLdd4.o
 .debug_macinfo
                0x002c2d15    0x315de ./Generated_Code/BitIoLdd3.o
 .debug_macinfo
                0x002f42f3    0x315d8 ./Generated_Code/BitIoLdd2.o
 .debug_macinfo
                0x003258cb    0x315de ./Generated_Code/BitIoLdd1.o
 .debug_macinfo
                0x00356ea9     0x3e6d ./Project_Settings/Startup_Code/__arm_start.o
 .debug_macinfo
                0x0035ad16     0x3456 ./Project_Settings/Startup_Code/__arm_end.o
 .debug_macinfo
                0x0035e16c    0x33f02 ./Sources/Tasks/TaskError.o
 .debug_macinfo
                0x0039206e    0x3427b ./Sources/Tasks/TaskBuzzer.o
 .debug_macinfo
                0x003c62e9    0x37475 ./Sources/Tasks/TaskAccelerometer.o
 .debug_macinfo
                0x003fd75e     0x24f2 ./Sources/Util/GlobalVariables.o
 .debug_macinfo
                0x003ffc50    0x37512 ./Sources/ProcessorExpert.o
 .debug_macinfo
                0x00437162    0x3744b ./Sources/Events.o

.debug_line     0x00000000     0x8e4e
 .debug_line    0x00000000      0xae4 ./Generated_Code/tasks.o
 .debug_line    0x00000ae4      0x6a9 ./Generated_Code/queue.o
 .debug_line    0x0000118d      0x3c4 ./Generated_Code/port.o
 .debug_line    0x00001551      0x2ca ./Generated_Code/list.o
 .debug_line    0x0000181b      0x683 ./Generated_Code/heap_2.o
 .debug_line    0x00001e9e      0x6ee ./Generated_Code/Vectors.o
 .debug_line    0x0000258c      0x4e1 ./Generated_Code/PE_LDD.o
 .debug_line    0x00002a6d      0x4fa ./Generated_Code/MMA0.o
 .debug_line    0x00002f67      0x348 ./Generated_Code/IO1.o
 .debug_line    0x000032af      0x6b7 ./Generated_Code/I2C1.o
 .debug_line    0x00003966      0x45f ./Generated_Code/I2C0.o
 .debug_line    0x00003dc5      0x48e ./Generated_Code/GI2C0.o
 .debug_line    0x00004253      0x2ee ./Generated_Code/CsIO0.o
 .debug_line    0x00004541      0x76c ./Generated_Code/Cpu.o
 .debug_line    0x00004cad      0x357 ./Generated_Code/BitIoLdd4.o
 .debug_line    0x00005004      0x33e ./Generated_Code/BitIoLdd3.o
 .debug_line    0x00005342      0x33f ./Generated_Code/BitIoLdd2.o
 .debug_line    0x00005681      0x33e ./Generated_Code/BitIoLdd1.o
 .debug_line    0x000059bf      0x2b3 ./Project_Settings/Startup_Code/__arm_start.o
 .debug_line    0x00005c72      0x266 ./Project_Settings/Startup_Code/__arm_end.o
 .debug_line    0x00005ed8      0x45d ./Sources/Tasks/TaskError.o
 .debug_line    0x00006335      0x4c5 ./Sources/Tasks/TaskBuzzer.o
 .debug_line    0x000067fa      0x6ec ./Sources/Tasks/TaskAccelerometer.o
 .debug_line    0x00006ee6      0x100 ./Sources/Util/GlobalVariables.o
 .debug_line    0x00006fe6      0x657 ./Sources/ProcessorExpert.o
 .debug_line    0x0000763d      0x629 ./Sources/Events.o
 .debug_line    0x00007c66       0x9a C:/Freescale/CW MCU v10.6/MCU/ARM_GCC_Support/ewl/lib/armv6-m\libc.a(puts.o)
 .debug_line    0x00007d00       0x8d C:/Freescale/CW MCU v10.6/MCU/ARM_GCC_Support/ewl/lib/armv6-m\libc.a(exit.o)
 .debug_line    0x00007d8d       0x8b C:/Freescale/CW MCU v10.6/MCU/ARM_GCC_Support/ewl/lib/armv6-m\libc.a(memcpy.o)
 .debug_line    0x00007e18       0x90 C:/Freescale/CW MCU v10.6/MCU/ARM_GCC_Support/ewl/lib/armv6-m\libc.a(memset.o)
 .debug_line    0x00007ea8       0x7d C:/Freescale/CW MCU v10.6/MCU/ARM_GCC_Support/ewl/lib/armv6-m\libc.a(strchr.o)
 .debug_line    0x00007f25       0x85 C:/Freescale/CW MCU v10.6/MCU/ARM_GCC_Support/ewl/lib/armv6-m\libc.a(strlen.o)
 .debug_line    0x00007faa      0x2c3 C:/Freescale/CW MCU v10.6/MCU/ARM_GCC_Support/ewl/lib/armv6-m\libc.a(printformat_.o)
 .debug_line    0x0000826d      0x2be C:/Freescale/CW MCU v10.6/MCU/ARM_GCC_Support/ewl/lib/armv6-m\libc.a(scanformat_.o)
 .debug_line    0x0000852b      0x1be C:/Freescale/CW MCU v10.6/MCU/ARM_GCC_Support/ewl/lib/armv6-m\libc.a(ctype_aeabi.o)
 .debug_line    0x000086e9       0xc2 C:/Freescale/CW MCU v10.6/MCU/ARM_GCC_Support/ewl/lib/armv6-m\libc.a(__putchar.o)
 .debug_line    0x000087ab       0xc0 C:/Freescale/CW MCU v10.6/MCU/ARM_GCC_Support/ewl/lib/armv6-m\libc.a(ansi_files.o)
 .debug_line    0x0000886b      0x11e C:/Freescale/CW MCU v10.6/MCU/ARM_GCC_Support/ewl/lib/armv6-m\libc.a(__strtoul.o)
 .debug_line    0x00008989       0xf6 C:/Freescale/CW MCU v10.6/MCU/ARM_GCC_Support/ewl/lib/armv6-m\libc.a(__filll_mem.o)
 .debug_line    0x00008a7f       0x9f C:/Freescale/CW MCU v10.6/MCU/ARM_GCC_Support/ewl/lib/armv6-m\libc.a(memchr.o)
 .debug_line    0x00008b1e       0xf0 C:/Freescale/CW MCU v10.6/MCU/ARM_GCC_Support/ewl/lib/armv6-m\libc.a(__buffer_io.o)
 .debug_line    0x00008c0e       0x6c C:/Freescale/CW MCU v10.6/MCU/ARM_GCC_Support/ewl/lib/armv6-m\librt.a(gcc_ctor_dtor.o)
 .debug_line    0x00008c7a       0xbd C:/Freescale/CW MCU v10.6/MCU/ARM_GCC_Support/ewl/lib/armv6-m\librt.a(ROMCopy.o)
 .debug_line    0x00008d37      0x117 C:/Freescale/CW MCU v10.6/MCU/ARM_GCC_Support/ewl/lib/armv6-m\librt.a(__arm_eabi_init.o)

.debug_str      0x00000000     0x3369
 .debug_str     0x00000000      0x959 ./Generated_Code/tasks.o
                                0x9c8 (size before relaxing)
 .debug_str     0x00000959      0x48b ./Generated_Code/queue.o
                                0x6e9 (size before relaxing)
 .debug_str     0x00000de4      0x1e2 ./Generated_Code/port.o
                                0x38c (size before relaxing)
 .debug_str     0x00000fc6       0xad ./Generated_Code/list.o
                                0x278 (size before relaxing)
 .debug_str     0x00001073      0x14e ./Generated_Code/heap_2.o
                                0x293 (size before relaxing)
 .debug_str     0x000011c1       0x5e ./Generated_Code/Vectors.o
                                0x191 (size before relaxing)
 .debug_str     0x0000121f      0x199 ./Generated_Code/PE_LDD.o
                                0x2f4 (size before relaxing)
 .debug_str     0x000013b8      0x1e7 ./Generated_Code/MMA0.o
                                0x342 (size before relaxing)
 .debug_str     0x0000159f      0x23e ./Generated_Code/IO1.o
                                0x3c4 (size before relaxing)
 .debug_str     0x000017dd      0x18a ./Generated_Code/I2C1.o
                                0x48d (size before relaxing)
 .debug_str     0x00001967      0x138 ./Generated_Code/I2C0.o
                                0x537 (size before relaxing)
 .debug_str     0x00001a9f      0x284 ./Generated_Code/GI2C0.o
                                0x48e (size before relaxing)
 .debug_str     0x00001d23       0x94 ./Generated_Code/CsIO0.o
                                0x1fb (size before relaxing)
 .debug_str     0x00001db7      0x187 ./Generated_Code/Cpu.o
                                0x461 (size before relaxing)
 .debug_str     0x00001f3e       0xf5 ./Generated_Code/BitIoLdd4.o
                                0x30e (size before relaxing)
 .debug_str     0x00002033       0xa0 ./Generated_Code/BitIoLdd3.o
                                0x2fd (size before relaxing)
 .debug_str     0x000020d3       0xa0 ./Generated_Code/BitIoLdd2.o
                                0x2fd (size before relaxing)
 .debug_str     0x00002173       0xa0 ./Generated_Code/BitIoLdd1.o
                                0x2fd (size before relaxing)
 .debug_str     0x00002213       0x85 ./Project_Settings/Startup_Code/__arm_start.o
                                0x1b2 (size before relaxing)
 .debug_str     0x00002298       0x41 ./Project_Settings/Startup_Code/__arm_end.o
                                 0xe9 (size before relaxing)
 .debug_str     0x000022d9       0xb2 ./Sources/Tasks/TaskError.o
                                0x225 (size before relaxing)
 .debug_str     0x0000238b       0x57 ./Sources/Tasks/TaskBuzzer.o
                                0x236 (size before relaxing)
 .debug_str     0x000023e2       0xf2 ./Sources/Tasks/TaskAccelerometer.o
                                0x2dd (size before relaxing)
 .debug_str     0x000024d4       0x7e ./Sources/Util/GlobalVariables.o
                                0x119 (size before relaxing)
 .debug_str     0x00002552       0x22 ./Sources/ProcessorExpert.o
                                0x1b5 (size before relaxing)
 .debug_str     0x00002574      0x216 ./Sources/Events.o
                                0x387 (size before relaxing)
 .debug_str     0x0000278a      0x17a C:/Freescale/CW MCU v10.6/MCU/ARM_GCC_Support/ewl/lib/armv6-m\libc.a(puts.o)
                                0x2cc (size before relaxing)
 .debug_str     0x00002904       0x2e C:/Freescale/CW MCU v10.6/MCU/ARM_GCC_Support/ewl/lib/armv6-m\libc.a(exit.o)
                                0x157 (size before relaxing)
 .debug_str     0x00002932       0x1c C:/Freescale/CW MCU v10.6/MCU/ARM_GCC_Support/ewl/lib/armv6-m\libc.a(memcpy.o)
                                0x138 (size before relaxing)
 .debug_str     0x0000294e       0x1c C:/Freescale/CW MCU v10.6/MCU/ARM_GCC_Support/ewl/lib/armv6-m\libc.a(memset.o)
                                0x140 (size before relaxing)
 .debug_str     0x0000296a       0x1c C:/Freescale/CW MCU v10.6/MCU/ARM_GCC_Support/ewl/lib/armv6-m\libc.a(strchr.o)
                                0x137 (size before relaxing)
 .debug_str     0x00002986       0x24 C:/Freescale/CW MCU v10.6/MCU/ARM_GCC_Support/ewl/lib/armv6-m\libc.a(strlen.o)
                                0x140 (size before relaxing)
 .debug_str     0x000029aa      0x22e C:/Freescale/CW MCU v10.6/MCU/ARM_GCC_Support/ewl/lib/armv6-m\libc.a(printformat_.o)
                                0x3b3 (size before relaxing)
 .debug_str     0x00002bd8      0x17b C:/Freescale/CW MCU v10.6/MCU/ARM_GCC_Support/ewl/lib/armv6-m\libc.a(scanformat_.o)
                                0x3f9 (size before relaxing)
 .debug_str     0x00002d53       0x9d C:/Freescale/CW MCU v10.6/MCU/ARM_GCC_Support/ewl/lib/armv6-m\libc.a(ctype_aeabi.o)
                                0x1bc (size before relaxing)
 .debug_str     0x00002df0       0xe4 C:/Freescale/CW MCU v10.6/MCU/ARM_GCC_Support/ewl/lib/armv6-m\libc.a(__putchar.o)
                                0x39e (size before relaxing)
 .debug_str     0x00002ed4       0xc6 C:/Freescale/CW MCU v10.6/MCU/ARM_GCC_Support/ewl/lib/armv6-m\libc.a(ansi_files.o)
                                0x442 (size before relaxing)
 .debug_str     0x00002f9a       0x55 C:/Freescale/CW MCU v10.6/MCU/ARM_GCC_Support/ewl/lib/armv6-m\libc.a(__strtoul.o)
                                0x1fb (size before relaxing)
 .debug_str     0x00002fef       0x25 C:/Freescale/CW MCU v10.6/MCU/ARM_GCC_Support/ewl/lib/armv6-m\libc.a(__filll_mem.o)
                                0x152 (size before relaxing)
 .debug_str     0x00003014       0x1c C:/Freescale/CW MCU v10.6/MCU/ARM_GCC_Support/ewl/lib/armv6-m\libc.a(memchr.o)
                                0x148 (size before relaxing)
 .debug_str     0x00003030       0x94 C:/Freescale/CW MCU v10.6/MCU/ARM_GCC_Support/ewl/lib/armv6-m\libc.a(__buffer_io.o)
                                0x373 (size before relaxing)
 .debug_str     0x000030c4      0x126 C:/Freescale/CW MCU v10.6/MCU/ARM_GCC_Support/ewl/lib/armv6-m\librt.a(gcc_ctor_dtor.o)
                                0x181 (size before relaxing)
 .debug_str     0x000031ea       0x96 C:/Freescale/CW MCU v10.6/MCU/ARM_GCC_Support/ewl/lib/armv6-m\librt.a(ROMCopy.o)
                                0x13c (size before relaxing)
 .debug_str     0x00003280       0xe9 C:/Freescale/CW MCU v10.6/MCU/ARM_GCC_Support/ewl/lib/armv6-m\librt.a(__arm_eabi_init.o)
                                0x1b5 (size before relaxing)

.comment        0x00000000       0x79
 .comment       0x00000000       0x79 ./Generated_Code/tasks.o
                                 0x7a (size before relaxing)
 .comment       0x00000000       0x7a ./Generated_Code/queue.o
 .comment       0x00000000       0x7a ./Generated_Code/port.o
 .comment       0x00000000       0x7a ./Generated_Code/list.o
 .comment       0x00000000       0x7a ./Generated_Code/heap_2.o
 .comment       0x00000000       0x7a ./Generated_Code/Vectors.o
 .comment       0x00000000       0x7a ./Generated_Code/PE_LDD.o
 .comment       0x00000000       0x7a ./Generated_Code/MMA0.o
 .comment       0x00000000       0x7a ./Generated_Code/IO1.o
 .comment       0x00000000       0x7a ./Generated_Code/I2C1.o
 .comment       0x00000000       0x7a ./Generated_Code/I2C0.o
 .comment       0x00000000       0x7a ./Generated_Code/GI2C0.o
 .comment       0x00000000       0x7a ./Generated_Code/CsIO0.o
 .comment       0x00000000       0x7a ./Generated_Code/Cpu.o
 .comment       0x00000000       0x7a ./Generated_Code/BitIoLdd4.o
 .comment       0x00000000       0x7a ./Generated_Code/BitIoLdd3.o
 .comment       0x00000000       0x7a ./Generated_Code/BitIoLdd2.o
 .comment       0x00000000       0x7a ./Generated_Code/BitIoLdd1.o
 .comment       0x00000000       0x7a ./Project_Settings/Startup_Code/__arm_start.o
 .comment       0x00000000       0x7a ./Project_Settings/Startup_Code/__arm_end.o
 .comment       0x00000000       0x7a ./Sources/Tasks/TaskError.o
 .comment       0x00000000       0x7a ./Sources/Tasks/TaskBuzzer.o
 .comment       0x00000000       0x7a ./Sources/Tasks/TaskAccelerometer.o
 .comment       0x00000000       0x7a ./Sources/Util/GlobalVariables.o
 .comment       0x00000000       0x7a ./Sources/ProcessorExpert.o
 .comment       0x00000000       0x7a ./Sources/Events.o
 .comment       0x00000000       0x7a C:/Freescale/CW MCU v10.6/MCU/ARM_GCC_Support/ewl/lib/armv6-m\libc.a(puts.o)
 .comment       0x00000000       0x7a C:/Freescale/CW MCU v10.6/MCU/ARM_GCC_Support/ewl/lib/armv6-m\libc.a(exit.o)
 .comment       0x00000000       0x7a C:/Freescale/CW MCU v10.6/MCU/ARM_GCC_Support/ewl/lib/armv6-m\libc.a(memcpy.o)
 .comment       0x00000000       0x7a C:/Freescale/CW MCU v10.6/MCU/ARM_GCC_Support/ewl/lib/armv6-m\libc.a(memset.o)
 .comment       0x00000000       0x7a C:/Freescale/CW MCU v10.6/MCU/ARM_GCC_Support/ewl/lib/armv6-m\libc.a(strchr.o)
 .comment       0x00000000       0x7a C:/Freescale/CW MCU v10.6/MCU/ARM_GCC_Support/ewl/lib/armv6-m\libc.a(strlen.o)
 .comment       0x00000000       0x7a C:/Freescale/CW MCU v10.6/MCU/ARM_GCC_Support/ewl/lib/armv6-m\libc.a(printformat_.o)
 .comment       0x00000000       0x7a C:/Freescale/CW MCU v10.6/MCU/ARM_GCC_Support/ewl/lib/armv6-m\libc.a(scanformat_.o)
 .comment       0x00000000       0x7a C:/Freescale/CW MCU v10.6/MCU/ARM_GCC_Support/ewl/lib/armv6-m\libc.a(ctype_aeabi.o)
 .comment       0x00000000       0x7a C:/Freescale/CW MCU v10.6/MCU/ARM_GCC_Support/ewl/lib/armv6-m\libc.a(__putchar.o)
 .comment       0x00000000       0x7a C:/Freescale/CW MCU v10.6/MCU/ARM_GCC_Support/ewl/lib/armv6-m\libc.a(ansi_files.o)
 .comment       0x00000000       0x7a C:/Freescale/CW MCU v10.6/MCU/ARM_GCC_Support/ewl/lib/armv6-m\libc.a(__strtoul.o)
 .comment       0x00000000       0x7a C:/Freescale/CW MCU v10.6/MCU/ARM_GCC_Support/ewl/lib/armv6-m\libc.a(__filll_mem.o)
 .comment       0x00000000       0x7a C:/Freescale/CW MCU v10.6/MCU/ARM_GCC_Support/ewl/lib/armv6-m\libc.a(memchr.o)
 .comment       0x00000000       0x7a C:/Freescale/CW MCU v10.6/MCU/ARM_GCC_Support/ewl/lib/armv6-m\libc.a(__buffer_io.o)
 .comment       0x00000000       0x7a C:/Freescale/CW MCU v10.6/MCU/ARM_GCC_Support/ewl/lib/armv6-m\librt.a(gcc_ctor_dtor.o)
 .comment       0x00000000       0x7a C:/Freescale/CW MCU v10.6/MCU/ARM_GCC_Support/ewl/lib/armv6-m\librt.a(ROMCopy.o)
 .comment       0x00000000       0x7a C:/Freescale/CW MCU v10.6/MCU/ARM_GCC_Support/ewl/lib/armv6-m\librt.a(__arm_eabi_init.o)

.debug_frame    0x00000000     0x2184
 .debug_frame   0x00000000      0x4a0 ./Generated_Code/tasks.o
 .debug_frame   0x000004a0      0x390 ./Generated_Code/queue.o
 .debug_frame   0x00000830      0x18c ./Generated_Code/port.o
 .debug_frame   0x000009bc       0xb0 ./Generated_Code/list.o
 .debug_frame   0x00000a6c       0xa8 ./Generated_Code/heap_2.o
 .debug_frame   0x00000b14       0x6c ./Generated_Code/PE_LDD.o
 .debug_frame   0x00000b80      0x310 ./Generated_Code/MMA0.o
 .debug_frame   0x00000e90       0x90 ./Generated_Code/IO1.o
 .debug_frame   0x00000f20       0xb0 ./Generated_Code/I2C1.o
 .debug_frame   0x00000fd0       0xd0 ./Generated_Code/I2C0.o
 .debug_frame   0x000010a0      0x218 ./Generated_Code/GI2C0.o
 .debug_frame   0x000012b8       0x70 ./Generated_Code/CsIO0.o
 .debug_frame   0x00001328       0x80 ./Generated_Code/Cpu.o
 .debug_frame   0x000013a8       0xd0 ./Generated_Code/BitIoLdd4.o
 .debug_frame   0x00001478       0xb0 ./Generated_Code/BitIoLdd3.o
 .debug_frame   0x00001528       0xb0 ./Generated_Code/BitIoLdd2.o
 .debug_frame   0x000015d8       0xb0 ./Generated_Code/BitIoLdd1.o
 .debug_frame   0x00001688       0x4c ./Project_Settings/Startup_Code/__arm_start.o
 .debug_frame   0x000016d4       0x30 ./Project_Settings/Startup_Code/__arm_end.o
 .debug_frame   0x00001704       0x88 ./Sources/Tasks/TaskError.o
 .debug_frame   0x0000178c       0x88 ./Sources/Tasks/TaskBuzzer.o
 .debug_frame   0x00001814      0x150 ./Sources/Tasks/TaskAccelerometer.o
 .debug_frame   0x00001964       0x64 ./Sources/Util/GlobalVariables.o
 .debug_frame   0x000019c8       0x2c ./Sources/ProcessorExpert.o
 .debug_frame   0x000019f4      0x1fc ./Sources/Events.o
 .debug_frame   0x00001bf0       0x28 C:/Freescale/CW MCU v10.6/MCU/ARM_GCC_Support/ewl/lib/armv6-m\libc.a(puts.o)
 .debug_frame   0x00001c18       0x2c C:/Freescale/CW MCU v10.6/MCU/ARM_GCC_Support/ewl/lib/armv6-m\libc.a(exit.o)
 .debug_frame   0x00001c44       0x28 C:/Freescale/CW MCU v10.6/MCU/ARM_GCC_Support/ewl/lib/armv6-m\libc.a(memcpy.o)
 .debug_frame   0x00001c6c       0x28 C:/Freescale/CW MCU v10.6/MCU/ARM_GCC_Support/ewl/lib/armv6-m\libc.a(memset.o)
 .debug_frame   0x00001c94       0x28 C:/Freescale/CW MCU v10.6/MCU/ARM_GCC_Support/ewl/lib/armv6-m\libc.a(strchr.o)
 .debug_frame   0x00001cbc       0x28 C:/Freescale/CW MCU v10.6/MCU/ARM_GCC_Support/ewl/lib/armv6-m\libc.a(strlen.o)
 .debug_frame   0x00001ce4       0x54 C:/Freescale/CW MCU v10.6/MCU/ARM_GCC_Support/ewl/lib/armv6-m\libc.a(printformat_.o)
 .debug_frame   0x00001d38       0x34 C:/Freescale/CW MCU v10.6/MCU/ARM_GCC_Support/ewl/lib/armv6-m\libc.a(scanformat_.o)
 .debug_frame   0x00001d6c      0x158 C:/Freescale/CW MCU v10.6/MCU/ARM_GCC_Support/ewl/lib/armv6-m\libc.a(ctype_aeabi.o)
 .debug_frame   0x00001ec4       0x2c C:/Freescale/CW MCU v10.6/MCU/ARM_GCC_Support/ewl/lib/armv6-m\libc.a(__putchar.o)
 .debug_frame   0x00001ef0       0x48 C:/Freescale/CW MCU v10.6/MCU/ARM_GCC_Support/ewl/lib/armv6-m\libc.a(ansi_files.o)
 .debug_frame   0x00001f38       0x30 C:/Freescale/CW MCU v10.6/MCU/ARM_GCC_Support/ewl/lib/armv6-m\libc.a(__strtoul.o)
 .debug_frame   0x00001f68       0x2c C:/Freescale/CW MCU v10.6/MCU/ARM_GCC_Support/ewl/lib/armv6-m\libc.a(__filll_mem.o)
 .debug_frame   0x00001f94       0x28 C:/Freescale/CW MCU v10.6/MCU/ARM_GCC_Support/ewl/lib/armv6-m\libc.a(memchr.o)
 .debug_frame   0x00001fbc       0x58 C:/Freescale/CW MCU v10.6/MCU/ARM_GCC_Support/ewl/lib/armv6-m\libc.a(__buffer_io.o)
 .debug_frame   0x00002014       0x20 c:/freescale/cw mcu v10.6/cross_tools/arm-none-eabi-gcc-4_7_3/bin/../lib/gcc/arm-none-eabi/4.7.3/armv6-m\libgcc.a(_udivsi3.o)
 .debug_frame   0x00002034       0x40 C:/Freescale/CW MCU v10.6/MCU/ARM_GCC_Support/ewl/lib/armv6-m\librt.a(gcc_ctor_dtor.o)
 .debug_frame   0x00002074       0x54 C:/Freescale/CW MCU v10.6/MCU/ARM_GCC_Support/ewl/lib/armv6-m\librt.a(ROMCopy.o)
 .debug_frame   0x000020c8       0xbc C:/Freescale/CW MCU v10.6/MCU/ARM_GCC_Support/ewl/lib/armv6-m\librt.a(__arm_eabi_init.o)
