Archive member included because of file (symbol)

C:/Freescale/CW MCU v10.5/MCU/ARM_GCC_Support/ewl/lib/armv6-m\libc.a(puts.o)
                              ./Sources/Tasks/TaskBuzzer.o (puts)
C:/Freescale/CW MCU v10.5/MCU/ARM_GCC_Support/ewl/lib/armv6-m\libc.a(exit.o)
                              ./Project_Settings/Startup_Code/__arm_start.o (exit)
C:/Freescale/CW MCU v10.5/MCU/ARM_GCC_Support/ewl/lib/armv6-m\libc.a(memcpy.o)
                              ./Generated_Code/queue.o (memcpy)
C:/Freescale/CW MCU v10.5/MCU/ARM_GCC_Support/ewl/lib/armv6-m\libc.a(memset.o)
                              ./Generated_Code/tasks.o (memset)
C:/Freescale/CW MCU v10.5/MCU/ARM_GCC_Support/ewl/lib/armv6-m\libc.a(strchr.o)
                              ./Generated_Code/UTIL1.o (strchr)
C:/Freescale/CW MCU v10.5/MCU/ARM_GCC_Support/ewl/lib/armv6-m\libc.a(strlen.o)
                              ./Generated_Code/UTIL1.o (strlen)
C:/Freescale/CW MCU v10.5/MCU/ARM_GCC_Support/ewl/lib/armv6-m\libc.a(strncmp.o)
                              ./Generated_Code/UTIL1.o (strncmp)
C:/Freescale/CW MCU v10.5/MCU/ARM_GCC_Support/ewl/lib/armv6-m\libc.a(printformat_.o)
                              (__pformatter_)
C:/Freescale/CW MCU v10.5/MCU/ARM_GCC_Support/ewl/lib/armv6-m\libc.a(scanformat_.o)
                              (__sformatter)
C:/Freescale/CW MCU v10.5/MCU/ARM_GCC_Support/ewl/lib/armv6-m\libc.a(ctype_aeabi.o)
                              C:/Freescale/CW MCU v10.5/MCU/ARM_GCC_Support/ewl/lib/armv6-m\libc.a(scanformat_.o) (isspace)
C:/Freescale/CW MCU v10.5/MCU/ARM_GCC_Support/ewl/lib/armv6-m\libc.a(__putchar.o)
                              C:/Freescale/CW MCU v10.5/MCU/ARM_GCC_Support/ewl/lib/armv6-m\libc.a(puts.o) (__put_char)
C:/Freescale/CW MCU v10.5/MCU/ARM_GCC_Support/ewl/lib/armv6-m\libc.a(ansi_files.o)
                              C:/Freescale/CW MCU v10.5/MCU/ARM_GCC_Support/ewl/lib/armv6-m\libc.a(puts.o) (__files)
C:/Freescale/CW MCU v10.5/MCU/ARM_GCC_Support/ewl/lib/armv6-m\libc.a(fflush.o)
                              C:/Freescale/CW MCU v10.5/MCU/ARM_GCC_Support/ewl/lib/armv6-m\libc.a(ansi_files.o) (fflush)
C:/Freescale/CW MCU v10.5/MCU/ARM_GCC_Support/ewl/lib/armv6-m\libc.a(__strtoul.o)
                              C:/Freescale/CW MCU v10.5/MCU/ARM_GCC_Support/ewl/lib/armv6-m\libc.a(scanformat_.o) (__strtoul)
C:/Freescale/CW MCU v10.5/MCU/ARM_GCC_Support/ewl/lib/armv6-m\libc.a(__filll_mem.o)
                              C:/Freescale/CW MCU v10.5/MCU/ARM_GCC_Support/ewl/lib/armv6-m\libc.a(memset.o) (__fill_mem)
C:/Freescale/CW MCU v10.5/MCU/ARM_GCC_Support/ewl/lib/armv6-m\libc.a(memchr.o)
                              C:/Freescale/CW MCU v10.5/MCU/ARM_GCC_Support/ewl/lib/armv6-m\libc.a(printformat_.o) (memchr)
C:/Freescale/CW MCU v10.5/MCU/ARM_GCC_Support/ewl/lib/armv6-m\libc.a(__buffer_io.o)
                              C:/Freescale/CW MCU v10.5/MCU/ARM_GCC_Support/ewl/lib/armv6-m\libc.a(__putchar.o) (__prep_buffer)
c:/freescale/cw mcu v10.5/cross_tools/arm-none-eabi-gcc-4_7_3/bin/../lib/gcc/arm-none-eabi/4.7.3/armv6-m\libgcc.a(_thumb1_case_sqi.o)
                              C:/Freescale/CW MCU v10.5/MCU/ARM_GCC_Support/ewl/lib/armv6-m\libc.a(__strtoul.o) (__gnu_thumb1_case_sqi)
c:/freescale/cw mcu v10.5/cross_tools/arm-none-eabi-gcc-4_7_3/bin/../lib/gcc/arm-none-eabi/4.7.3/armv6-m\libgcc.a(_thumb1_case_uqi.o)
                              C:/Freescale/CW MCU v10.5/MCU/ARM_GCC_Support/ewl/lib/armv6-m\libc.a(scanformat_.o) (__gnu_thumb1_case_uqi)
c:/freescale/cw mcu v10.5/cross_tools/arm-none-eabi-gcc-4_7_3/bin/../lib/gcc/arm-none-eabi/4.7.3/armv6-m\libgcc.a(_udivsi3.o)
                              ./Generated_Code/port.o (__aeabi_uidiv)
c:/freescale/cw mcu v10.5/cross_tools/arm-none-eabi-gcc-4_7_3/bin/../lib/gcc/arm-none-eabi/4.7.3/armv6-m\libgcc.a(_divsi3.o)
                              ./Generated_Code/UTIL1.o (__aeabi_idiv)
c:/freescale/cw mcu v10.5/cross_tools/arm-none-eabi-gcc-4_7_3/bin/../lib/gcc/arm-none-eabi/4.7.3/armv6-m\libgcc.a(_dvmd_tls.o)
                              c:/freescale/cw mcu v10.5/cross_tools/arm-none-eabi-gcc-4_7_3/bin/../lib/gcc/arm-none-eabi/4.7.3/armv6-m\libgcc.a(_udivsi3.o) (__aeabi_idiv0)
C:/Freescale/CW MCU v10.5/MCU/ARM_GCC_Support/ewl/lib/armv6-m\librt.a(gcc_ctor_dtor.o)
                              ./Project_Settings/Startup_Code/__arm_start.o (__init_cpp)
C:/Freescale/CW MCU v10.5/MCU/ARM_GCC_Support/ewl/lib/armv6-m\librt.a(ROMCopy.o)
                              ./Project_Settings/Startup_Code/__arm_start.o (__copy_rom_sections_to_ram)
C:/Freescale/CW MCU v10.5/MCU/ARM_GCC_Support/ewl/lib/armv6-m\librt.a(__arm_eabi_init.o)
                              C:/Freescale/CW MCU v10.5/MCU/ARM_GCC_Support/ewl/lib/armv6-m\libc.a(exit.o) (__destroy_global_chain)

Allocating common symbols
Common symbol       size              file

xQueueRegistry      0x8               ./Generated_Code/queue.o
[...]
Memory Configuration

Name             Origin             Length             Attributes
m_interrupts     0x00000000         0x000000c0         xr
m_text           0x00000410         0x0001fbf0         xr
m_data_1FFFF000  0x1ffff000         0x00001000         rw
m_data           0x20000000         0x00003000         rw
m_cfmprotrom     0x00000400         0x00000010         xr
*default*        0x00000000         0xffffffff

Linker script and memory map

LOAD ./Generated_Code/timers.o
LOAD ./Generated_Code/tasks.o
LOAD ./Generated_Code/queue.o
LOAD ./Generated_Code/portasm.o
LOAD ./Generated_Code/port.o
LOAD ./Generated_Code/list.o
LOAD ./Generated_Code/heap_4.o
LOAD ./Generated_Code/heap_3.o
LOAD ./Generated_Code/heap_2.o
LOAD ./Generated_Code/heap_1.o
LOAD ./Generated_Code/croutine.o
LOAD ./Generated_Code/WAIT0.o
LOAD ./Generated_Code/Vectors.o
LOAD ./Generated_Code/UTIL1.o
LOAD ./Generated_Code/UTIL0.o
LOAD ./Generated_Code/TU0.o
LOAD ./Generated_Code/PE_LDD.o
LOAD ./Generated_Code/MMA0.o
LOAD ./Generated_Code/LEDpin3.o
LOAD ./Generated_Code/LEDpin2.o
LOAD ./Generated_Code/LEDpin1.o
LOAD ./Generated_Code/LEDRed.o
LOAD ./Generated_Code/LEDGreen.o
LOAD ./Generated_Code/LEDBlue.o
LOAD ./Generated_Code/IO1.o
LOAD ./Generated_Code/I2C1.o
LOAD ./Generated_Code/I2C0.o
LOAD ./Generated_Code/GI2C0.o
LOAD ./Generated_Code/FreeRTOS0.o
LOAD ./Generated_Code/CsIO0.o
LOAD ./Generated_Code/Cpu.o
LOAD ./Generated_Code/Buzzer.o
LOAD ./Generated_Code/BitIoLdd4.o
LOAD ./Generated_Code/BitIoLdd3.o
LOAD ./Generated_Code/BitIoLdd2.o
LOAD ./Generated_Code/BitIoLdd1.o
LOAD ./Project_Settings/Startup_Code/__arm_start.o
LOAD ./Project_Settings/Startup_Code/__arm_end.o
LOAD ./Sources/Tasks/TaskBuzzer.o
LOAD ./Sources/Tasks/TaskBlueLed.o
LOAD ./Sources/Tasks/TaskAccelerometer.o
LOAD ./Sources/Util/Led.o
LOAD ./Sources/Util/GlobalVariables.o
LOAD ./Sources/Util/Accelerometer.o
LOAD ./Sources/sa_mtb.o
LOAD ./Sources/ProcessorExpert.o
LOAD ./Sources/Events.o
                0x00003c2c                __pformatter = __pformatter_
                [0x00004054]                __sformatter = __sformatter
START GROUP
LOAD C:/Freescale/CW MCU v10.5/MCU/ARM_GCC_Support/ewl/lib/armv6-m\libc.a
LOAD C:/Freescale/CW MCU v10.5/MCU/ARM_GCC_Support/ewl/lib/armv6-m\libm.a
LOAD c:/freescale/cw mcu v10.5/cross_tools/arm-none-eabi-gcc-4_7_3/bin/../lib/gcc/arm-none-eabi/4.7.3/armv6-m\libgcc.a
LOAD C:/Freescale/CW MCU v10.5/MCU/ARM_GCC_Support/ewl/lib/armv6-m\librt.a
LOAD C:/Freescale/CW MCU v10.5/MCU/ARM_GCC_Support/ewl/lib/armv6-m\libuart.a
END GROUP
                0x20003000                _estack = 0x20003000
                0x20003000                __SP_INIT = _estack
                0x00000000                __heap_size = 0x0
                0x00000040                __stack_size = 0x40

.interrupts     0x00000000       0xc0
                0x00000000                __vector_table = .
                0x00000000                . = ALIGN (0x4)
 *(.vectortable)
 .vectortable   0x00000000       0xc0 ./Generated_Code/Vectors.o
                0x00000000                __vect_table
                0x000000c0                . = ALIGN (0x4)

.cfmprotect     0x00000400        0x0
                0x00000400                . = ALIGN (0x4)
 *(.cfmconfig)
                0x00000400                . = ALIGN (0x4)

.text           0x00000410     0x4958
                0x00000410                . = ALIGN (0x4)
 *(.text)
 .text          0x00000410       0x14 c:/freescale/cw mcu v10.5/cross_tools/arm-none-eabi-gcc-4_7_3/bin/../lib/gcc/arm-none-eabi/4.7.3/armv6-m\libgcc.a(_thumb1_case_sqi.o)
                0x00000410                __gnu_thumb1_case_sqi
 .text          0x00000424       0x14 c:/freescale/cw mcu v10.5/cross_tools/arm-none-eabi-gcc-4_7_3/bin/../lib/gcc/arm-none-eabi/4.7.3/armv6-m\libgcc.a(_thumb1_case_uqi.o)
                0x00000424                __gnu_thumb1_case_uqi
 .text          0x00000438       0x9c c:/freescale/cw mcu v10.5/cross_tools/arm-none-eabi-gcc-4_7_3/bin/../lib/gcc/arm-none-eabi/4.7.3/armv6-m\libgcc.a(_udivsi3.o)
                0x00000438                __aeabi_uidiv
                0x00000438                __udivsi3
                0x000004c0                __aeabi_uidivmod
 .text          0x000004d4        0x4 c:/freescale/cw mcu v10.5/cross_tools/arm-none-eabi-gcc-4_7_3/bin/../lib/gcc/arm-none-eabi/4.7.3/armv6-m\libgcc.a(_dvmd_tls.o)
                0x000004d4                __aeabi_idiv0
                0x000004d4                __aeabi_ldiv0
 *(.text*)
 .text.xTaskGenericCreate
                0x000004d8      0x164 ./Generated_Code/tasks.o
                0x000004d8                xTaskGenericCreate
 .text.vTaskDelay
                0x0000063c       0x54 ./Generated_Code/tasks.o
                0x0000063c                vTaskDelay
 .text.vTaskSuspend
                0x00000690       0x90 ./Generated_Code/tasks.o
                0x00000690                vTaskSuspend
 .text.xTaskIsTaskSuspended
                0x00000720       0x60 ./Generated_Code/tasks.o
                0x00000720                xTaskIsTaskSuspended
 .text.vTaskResume
                0x00000780       0x9c ./Generated_Code/tasks.o
                0x00000780                vTaskResume
 .text.vTaskStartScheduler
                0x0000081c       0x64 ./Generated_Code/tasks.o
                0x0000081c                vTaskStartScheduler
 .text.vTaskSuspendAll
                0x00000880       0x18 ./Generated_Code/tasks.o
                0x00000880                vTaskSuspendAll
 .text.prvGetExpectedIdleTime
                0x00000898       0x4c ./Generated_Code/tasks.o
 .text.xTaskResumeAll
                0x000008e4      0x114 ./Generated_Code/tasks.o
                0x000008e4                xTaskResumeAll
 .text.vTaskStepTick
                0x000009f8       0x38 ./Generated_Code/tasks.o
                0x000009f8                vTaskStepTick
 .text.xTaskIncrementTick
                0x00000a30      0x19c ./Generated_Code/tasks.o
                0x00000a30                xTaskIncrementTick
 .text.vTaskSwitchContext
                0x00000bcc       0xbc ./Generated_Code/tasks.o
                0x00000bcc                vTaskSwitchContext
 .text.vTaskPlaceOnEventList
                0x00000c88       0x6c ./Generated_Code/tasks.o
                0x00000c88                vTaskPlaceOnEventList
 .text.xTaskRemoveFromEventList
                0x00000cf4       0xac ./Generated_Code/tasks.o
                0x00000cf4                xTaskRemoveFromEventList
 .text.vTaskSetTimeOutState
                0x00000da0       0x30 ./Generated_Code/tasks.o
                0x00000da0                vTaskSetTimeOutState
 .text.xTaskCheckForTimeOut
                0x00000dd0       0x9c ./Generated_Code/tasks.o
                0x00000dd0                xTaskCheckForTimeOut
 .text.vTaskMissedYield
                0x00000e6c       0x14 ./Generated_Code/tasks.o
                0x00000e6c                vTaskMissedYield
 .text.prvIdleTask
                0x00000e80       0x6c ./Generated_Code/tasks.o
 .text.eTaskConfirmSleepModeStatus
                0x00000eec       0x64 ./Generated_Code/tasks.o
                0x00000eec                eTaskConfirmSleepModeStatus
 .text.prvInitialiseTCBVariables
                0x00000f50       0x94 ./Generated_Code/tasks.o
 .text.prvInitialiseTaskLists
                0x00000fe4       0x7c ./Generated_Code/tasks.o
 .text.prvCheckTasksWaitingTermination
                0x00001060        0x8 ./Generated_Code/tasks.o
 .text.prvAddCurrentTaskToDelayedList
                0x00001068       0x6c ./Generated_Code/tasks.o
 .text.prvAllocateTCBAndStack
                0x000010d4       0x70 ./Generated_Code/tasks.o
 .text.xTaskGetCurrentTaskHandle
                0x00001144       0x1c ./Generated_Code/tasks.o
                0x00001144                xTaskGetCurrentTaskHandle
 .text.vTaskPriorityInherit
                0x00001160       0xb4 ./Generated_Code/tasks.o
                0x00001160                vTaskPriorityInherit
 .text.vTaskPriorityDisinherit
                0x00001214       0x7c ./Generated_Code/tasks.o
                0x00001214                vTaskPriorityDisinherit
 .text.xQueueGenericReset
                0x00001290       0xac ./Generated_Code/queue.o
                0x00001290                xQueueGenericReset
 .text.xQueueGenericCreate
                0x0000133c       0x80 ./Generated_Code/queue.o
                0x0000133c                xQueueGenericCreate
 .text.xQueueCreateMutex
                0x000013bc       0x8c ./Generated_Code/queue.o
                0x000013bc                xQueueCreateMutex
 .text.xQueueGiveMutexRecursive
                0x00001448       0x58 ./Generated_Code/queue.o
                0x00001448                xQueueGiveMutexRecursive
 .text.xQueueTakeMutexRecursive
                0x000014a0       0x64 ./Generated_Code/queue.o
                0x000014a0                xQueueTakeMutexRecursive
 .text.xQueueGenericSend
                0x00001504      0x160 ./Generated_Code/queue.o
                0x00001504                xQueueGenericSend
 .text.xQueueGenericReceive
                0x00001664      0x1a0 ./Generated_Code/queue.o
                0x00001664                xQueueGenericReceive
 .text.prvCopyDataToQueue
                0x00001804       0xd4 ./Generated_Code/queue.o
 .text.prvCopyDataFromQueue
                0x000018d8       0x50 ./Generated_Code/queue.o
 .text.prvUnlockQueue
                0x00001928       0x98 ./Generated_Code/queue.o
 .text.prvIsQueueEmpty
                0x000019c0       0x2c ./Generated_Code/queue.o
 .text.prvIsQueueFull
                0x000019ec       0x30 ./Generated_Code/queue.o
 .text.pxPortInitialiseStack
                0x00001a1c       0x50 ./Generated_Code/port.o
                0x00001a1c                pxPortInitialiseStack
 .text.vPortSuppressTicksAndSleep
                0x00001a6c      0x13c ./Generated_Code/port.o
                0x00001a6c                vPortSuppressTicksAndSleep
 .text.vPortInitTickTimer
                0x00001ba8       0x50 ./Generated_Code/port.o
                0x00001ba8                vPortInitTickTimer
 .text.vPortStartTickTimer
                0x00001bf8       0x14 ./Generated_Code/port.o
                0x00001bf8                vPortStartTickTimer
 .text.vPortStopTickTimer
                0x00001c0c       0x14 ./Generated_Code/port.o
                0x00001c0c                vPortStopTickTimer
 .text.xPortStartScheduler
                0x00001c20       0x34 ./Generated_Code/port.o
                0x00001c20                xPortStartScheduler
 .text.vPortEnterCritical
                0x00001c54       0x20 ./Generated_Code/port.o
                0x00001c54                vPortEnterCritical
 .text.vPortExitCritical
                0x00001c74       0x20 ./Generated_Code/port.o
                0x00001c74                vPortExitCritical
 .text.vPortYieldFromISR
                0x00001c94       0x1c ./Generated_Code/port.o
                0x00001c94                vPortYieldFromISR
 .text.vPortTickHandler
                0x00001cb0       0x1c ./Generated_Code/port.o
                0x00001cb0                vPortTickHandler
 .text.vPortStartFirstTask
                0x00001ccc       0x1c ./Generated_Code/port.o
                0x00001ccc                vPortStartFirstTask
 .text.vPortSVCHandler
                0x00001ce8       0x28 ./Generated_Code/port.o
                0x00001ce8                vPortSVCHandler
 .text.vPortPendSVHandler
                0x00001d10       0x44 ./Generated_Code/port.o
                0x00001d10                vPortPendSVHandler
 .text.vListInitialise
                0x00001d54       0x3c ./Generated_Code/list.o
                0x00001d54                vListInitialise
 .text.vListInitialiseItem
                0x00001d90       0x14 ./Generated_Code/list.o
                0x00001d90                vListInitialiseItem
 .text.vListInsertEnd
                0x00001da4       0x44 ./Generated_Code/list.o
                0x00001da4                vListInsertEnd
 .text.vListInsert
                0x00001de8       0x6c ./Generated_Code/list.o
                0x00001de8                vListInsert
 .text.uxListRemove
                0x00001e54       0x50 ./Generated_Code/list.o
                0x00001e54                uxListRemove
 .text.pvPortMalloc
                0x00001ea4      0x12c ./Generated_Code/heap_2.o
                0x00001ea4                pvPortMalloc
 .text.vPortFree
                0x00001fd0       0x78 ./Generated_Code/heap_2.o
                0x00001fd0                vPortFree
 .text.prvHeapInit
                0x00002048       0x4c ./Generated_Code/heap_2.o
 .text.MMA0_Init
                0x00002094       0x38 ./Generated_Code/MMA0.o
                0x00002094                MMA0_Init
 .text.MMA0_MeasureGetRawX
                0x000020cc       0x40 ./Generated_Code/MMA0.o
                0x000020cc                MMA0_MeasureGetRawX
 .text.MMA0_MeasureGetRawY
                0x0000210c       0x40 ./Generated_Code/MMA0.o
                0x0000210c                MMA0_MeasureGetRawY
 .text.MMA0_MeasureGetRawZ
                0x0000214c       0x40 ./Generated_Code/MMA0.o
                0x0000214c                MMA0_MeasureGetRawZ
 .text.MMA0_GetX
                0x0000218c       0x38 ./Generated_Code/MMA0.o
                0x0000218c                MMA0_GetX
 .text.MMA0_GetY
                0x000021c4       0x38 ./Generated_Code/MMA0.o
                0x000021c4                MMA0_GetY
 .text.MMA0_GetZ
                0x000021fc       0x38 ./Generated_Code/MMA0.o
                0x000021fc                MMA0_GetZ
 .text.IO1_Init
                0x00002234      0x16c ./Generated_Code/IO1.o
                0x00002234                IO1_Init
 .text.I2C1_Interrupt
                0x000023a0      0x26c ./Generated_Code/I2C1.o
                0x000023a0                I2C1_Interrupt
 .text.I2C0_Interrupt
                0x0000260c      0x278 ./Generated_Code/I2C0.o
                0x0000260c                I2C0_Interrupt
 .text.I2C0_Init
                0x00002884      0x11c ./Generated_Code/I2C0.o
                0x00002884                I2C0_Init
 .text.I2C0_MasterSendBlock
                0x000029a0      0x158 ./Generated_Code/I2C0.o
                0x000029a0                I2C0_MasterSendBlock
 .text.I2C0_MasterReceiveBlock
                0x00002af8      0x158 ./Generated_Code/I2C0.o
                0x00002af8                I2C0_MasterReceiveBlock
 .text.I2C0_SelectSlaveDevice
                0x00002c50      0x100 ./Generated_Code/I2C0.o
                0x00002c50                I2C0_SelectSlaveDevice
 .text.GI2C0_RequestBus
                0x00002d50       0x1c ./Generated_Code/GI2C0.o
                0x00002d50                GI2C0_RequestBus
 .text.GI2C0_ReleaseBus
                0x00002d6c       0x18 ./Generated_Code/GI2C0.o
                0x00002d6c                GI2C0_ReleaseBus
 .text.GI2C0_SelectSlave
                0x00002d84       0x40 ./Generated_Code/GI2C0.o
                0x00002d84                GI2C0_SelectSlave
 .text.GI2C0_UnselectSlave
                0x00002dc4       0x10 ./Generated_Code/GI2C0.o
                0x00002dc4                GI2C0_UnselectSlave
 .text.GI2C0_ReadAddress
                0x00002dd4       0xd8 ./Generated_Code/GI2C0.o
                0x00002dd4                GI2C0_ReadAddress
 .text.GI2C0_WriteAddress
                0x00002eac      0x140 ./Generated_Code/GI2C0.o
                0x00002eac                GI2C0_WriteAddress
 .text.I2C0_OnMasterBlockSent
                0x00002fec       0x24 ./Generated_Code/GI2C0.o
                0x00002fec                I2C0_OnMasterBlockSent
 .text.I2C0_OnMasterBlockReceived
                0x00003010       0x24 ./Generated_Code/GI2C0.o
                0x00003010                I2C0_OnMasterBlockReceived
 .text.GI2C0_Init
                0x00003034       0x40 ./Generated_Code/GI2C0.o
                0x00003034                GI2C0_Init
 .text.GI2C0_WriteByteAddress8
                0x00003074       0x34 ./Generated_Code/GI2C0.o
                0x00003074                GI2C0_WriteByteAddress8
 .text.__read_console
                0x000030a8       0x80 ./Generated_Code/CsIO0.o
                0x000030a8                __read_console
 .text.__write_console
                0x00003128       0x7c ./Generated_Code/CsIO0.o
                0x00003128                __write_console
 .text.__close_console
                0x000031a4       0x14 ./Generated_Code/CsIO0.o
                0x000031a4                __close_console
 .text.Cpu_INT_NMIInterrupt
                0x000031b8        0xc ./Generated_Code/Cpu.o
                0x000031b8                Cpu_INT_NMIInterrupt
 .text.Cpu_Interrupt
                0x000031c4        0xc ./Generated_Code/Cpu.o
                0x000031c4                Cpu_Interrupt
 .text.__init_hardware
                0x000031d0      0x174 ./Generated_Code/Cpu.o
                0x000031d0                __init_hardware
 .text.PE_low_level_init
                0x00003344      0x110 ./Generated_Code/Cpu.o
                0x00003344                PE_low_level_init
 .text.BitIoLdd4_Init
                0x00003454       0x60 ./Generated_Code/BitIoLdd4.o
                0x00003454                BitIoLdd4_Init
 .text.BitIoLdd4_ClrVal
                0x000034b4       0x18 ./Generated_Code/BitIoLdd4.o
                0x000034b4                BitIoLdd4_ClrVal
 .text.BitIoLdd4_SetVal
                0x000034cc       0x18 ./Generated_Code/BitIoLdd4.o
                0x000034cc                BitIoLdd4_SetVal
 .text.BitIoLdd3_Init
                0x000034e4       0x68 ./Generated_Code/BitIoLdd3.o
                0x000034e4                BitIoLdd3_Init
 .text.BitIoLdd3_SetVal
                0x0000354c       0x1c ./Generated_Code/BitIoLdd3.o
                0x0000354c                BitIoLdd3_SetVal
 .text.BitIoLdd2_Init
                0x00003568       0x60 ./Generated_Code/BitIoLdd2.o
                0x00003568                BitIoLdd2_Init
 .text.BitIoLdd2_ClrVal
                0x000035c8       0x18 ./Generated_Code/BitIoLdd2.o
                0x000035c8                BitIoLdd2_ClrVal
 .text.BitIoLdd2_SetVal
                0x000035e0       0x18 ./Generated_Code/BitIoLdd2.o
                0x000035e0                BitIoLdd2_SetVal
 .text.BitIoLdd1_Init
                0x000035f8       0x68 ./Generated_Code/BitIoLdd1.o
                0x000035f8                BitIoLdd1_Init
 .text.BitIoLdd1_SetVal
                0x00003660       0x1c ./Generated_Code/BitIoLdd1.o
                0x00003660                BitIoLdd1_SetVal
 .text.zero_fill_bss
                0x0000367c       0x24 ./Project_Settings/Startup_Code/__arm_start.o
 .text.__thumb_startup
                0x000036a0       0x30 ./Project_Settings/Startup_Code/__arm_start.o
                0x000036a0                __thumb_startup
 .text._ExitProcess
                0x000036d0        0xc ./Project_Settings/Startup_Code/__arm_end.o
                0x000036d0                _ExitProcess
 .text.taskBuzzerWork
                0x000036dc       0x2c ./Sources/Tasks/TaskBuzzer.o
                0x000036dc                taskBuzzerWork
 .text.TaskBuzzer
                0x00003708       0x10 ./Sources/Tasks/TaskBuzzer.o
 .text.taskBuzzerStart
                0x00003718       0x48 ./Sources/Tasks/TaskBuzzer.o
                0x00003718                taskBuzzerStart
 .text.initBeep
                0x00003760        0xc ./Sources/Tasks/TaskAccelerometer.o
                0x00003760                initBeep
 .text.startBeep
                0x0000376c       0x30 ./Sources/Tasks/TaskAccelerometer.o
                0x0000376c                startBeep
 .text.stopBeep
                0x0000379c       0x30 ./Sources/Tasks/TaskAccelerometer.o
                0x0000379c                stopBeep
 .text.taskAccelerometerWork
                0x000037cc       0x84 ./Sources/Tasks/TaskAccelerometer.o
                0x000037cc                taskAccelerometerWork
 .text.TaskAccelerometer
                0x00003850       0x54 ./Sources/Tasks/TaskAccelerometer.o
 .text.taskAccelerometerStart
                0x000038a4       0x4c ./Sources/Tasks/TaskAccelerometer.o
                0x000038a4                taskAccelerometerStart
 .text.initGlobalVariables
                0x000038f0       0x14 ./Sources/Util/GlobalVariables.o
                0x000038f0                initGlobalVariables
 .text.main     0x00003904       0x44 ./Sources/ProcessorExpert.o
                0x00003904                main
 .text.I2C1_OnMasterBlockSent
                0x00003948       0x10 ./Sources/Events.o
                0x00003948                I2C1_OnMasterBlockSent
 .text.I2C1_OnMasterBlockReceived
                0x00003958       0x10 ./Sources/Events.o
                0x00003958                I2C1_OnMasterBlockReceived
 .text.Cpu_OnNMIINT0
                0x00003968        0x8 ./Sources/Events.o
                0x00003968                Cpu_OnNMIINT0
 .text.FreeRTOS0_vApplicationTickHook
                0x00003970        0x8 ./Sources/Events.o
                0x00003970                FreeRTOS0_vApplicationTickHook
 .text.FreeRTOS0_vApplicationIdleHook
                0x00003978        0x8 ./Sources/Events.o
                0x00003978                FreeRTOS0_vApplicationIdleHook
 .text.FreeRTOS0_vApplicationMallocFailedHook
                0x00003980        0x8 ./Sources/Events.o
                0x00003980                FreeRTOS0_vApplicationMallocFailedHook
 .text.FreeRTOS0_vOnPreSleepProcessing
                0x00003988       0x10 ./Sources/Events.o
                0x00003988                FreeRTOS0_vOnPreSleepProcessing
 .text.FreeRTOS0_vApplicationStackOverflowHook
                0x00003998       0x10 ./Sources/Events.o
                0x00003998                FreeRTOS0_vApplicationStackOverflowHook
 .text.FreeRTOS0_vOnPostSleepProcessing
                0x000039a8       0x10 ./Sources/Events.o
                0x000039a8                FreeRTOS0_vOnPostSleepProcessing
 .text.puts     0x000039b8       0x54 C:/Freescale/CW MCU v10.5/MCU/ARM_GCC_Support/ewl/lib/armv6-m\libc.a(puts.o)
                0x000039b8                puts
 .text.exit     0x00003a0c       0x38 C:/Freescale/CW MCU v10.5/MCU/ARM_GCC_Support/ewl/lib/armv6-m\libc.a(exit.o)
                0x00003a0c                exit
 .text.memcpy   0x00003a44       0x12 C:/Freescale/CW MCU v10.5/MCU/ARM_GCC_Support/ewl/lib/armv6-m\libc.a(memcpy.o)
                0x00003a44                memcpy
 .text.memset   0x00003a56        0xc C:/Freescale/CW MCU v10.5/MCU/ARM_GCC_Support/ewl/lib/armv6-m\libc.a(memset.o)
                0x00003a56                memset
 .text.strchr   0x00003a62       0x1e C:/Freescale/CW MCU v10.5/MCU/ARM_GCC_Support/ewl/lib/armv6-m\libc.a(strchr.o)
                0x00003a62                strchr
 .text.strlen   0x00003a80       0x10 C:/Freescale/CW MCU v10.5/MCU/ARM_GCC_Support/ewl/lib/armv6-m\libc.a(strlen.o)
                0x00003a80                strlen
 .text.long2str.isra.0
                0x00003a90      0x19c C:/Freescale/CW MCU v10.5/MCU/ARM_GCC_Support/ewl/lib/armv6-m\libc.a(printformat_.o)
 .text.__pformatter_
                0x00003c2c      0x428 C:/Freescale/CW MCU v10.5/MCU/ARM_GCC_Support/ewl/lib/armv6-m\libc.a(printformat_.o)
                0x00003c2c                __pformatter_
 .text.__sformatter
                0x00004054      0x698 C:/Freescale/CW MCU v10.5/MCU/ARM_GCC_Support/ewl/lib/armv6-m\libc.a(scanformat_.o)
                0x00004054                __sformatter
 .text.isalpha  0x000046ec       0x20 C:/Freescale/CW MCU v10.5/MCU/ARM_GCC_Support/ewl/lib/armv6-m\libc.a(ctype_aeabi.o)
                0x000046ec                isalpha
 .text.isspace  0x0000470c       0x20 C:/Freescale/CW MCU v10.5/MCU/ARM_GCC_Support/ewl/lib/armv6-m\libc.a(ctype_aeabi.o)
                0x0000470c                isspace
 .text.toupper  0x0000472c        0xe C:/Freescale/CW MCU v10.5/MCU/ARM_GCC_Support/ewl/lib/armv6-m\libc.a(ctype_aeabi.o)
                0x0000472c                toupper
 .text.__put_char
                0x0000473a       0x90 C:/Freescale/CW MCU v10.5/MCU/ARM_GCC_Support/ewl/lib/armv6-m\libc.a(__putchar.o)
                0x0000473a                __put_char
 .text.__strtoul
                0x000047ca      0x1ce C:/Freescale/CW MCU v10.5/MCU/ARM_GCC_Support/ewl/lib/armv6-m\libc.a(__strtoul.o)
                0x000047ca                __strtoul
 .text.__fill_mem
                0x00004998       0x7e C:/Freescale/CW MCU v10.5/MCU/ARM_GCC_Support/ewl/lib/armv6-m\libc.a(__filll_mem.o)
                0x00004998                __fill_mem
 .text.memchr   0x00004a16       0x1a C:/Freescale/CW MCU v10.5/MCU/ARM_GCC_Support/ewl/lib/armv6-m\libc.a(memchr.o)
                0x00004a16                memchr
 .text.__prep_buffer
                0x00004a30       0x14 C:/Freescale/CW MCU v10.5/MCU/ARM_GCC_Support/ewl/lib/armv6-m\libc.a(__buffer_io.o)
                0x00004a30                __prep_buffer
 .text.__flush_buffer
                0x00004a44       0x38 C:/Freescale/CW MCU v10.5/MCU/ARM_GCC_Support/ewl/lib/armv6-m\libc.a(__buffer_io.o)
                0x00004a44                __flush_buffer
 .text.__init_cpp
                0x00004a7c       0x48 C:/Freescale/CW MCU v10.5/MCU/ARM_GCC_Support/ewl/lib/armv6-m\librt.a(gcc_ctor_dtor.o)
                0x00004a7c                __init_cpp
 .text.__fini_cpp
                0x00004ac4       0x34 C:/Freescale/CW MCU v10.5/MCU/ARM_GCC_Support/ewl/lib/armv6-m\librt.a(gcc_ctor_dtor.o)
                0x00004ac4                __fini_cpp
 .text.__copy_rom_section
                0x00004af8       0x48 C:/Freescale/CW MCU v10.5/MCU/ARM_GCC_Support/ewl/lib/armv6-m\librt.a(ROMCopy.o)
                0x00004af8                __copy_rom_section
 .text.__copy_rom_sections_to_ram
                0x00004b40       0x34 C:/Freescale/CW MCU v10.5/MCU/ARM_GCC_Support/ewl/lib/armv6-m\librt.a(ROMCopy.o)
                0x00004b40                __copy_rom_sections_to_ram
 .text.__destroy_global_chain
                0x00004b74       0x1c C:/Freescale/CW MCU v10.5/MCU/ARM_GCC_Support/ewl/lib/armv6-m\librt.a(__arm_eabi_init.o)
                0x00004b74                __destroy_global_chain
 .text.__init_registers
                0x00004b90       0x1c C:/Freescale/CW MCU v10.5/MCU/ARM_GCC_Support/ewl/lib/armv6-m\librt.a(__arm_eabi_init.o)
                0x00004b90                __init_registers
 .text.__init_user
                0x00004bac        0x4 C:/Freescale/CW MCU v10.5/MCU/ARM_GCC_Support/ewl/lib/armv6-m\librt.a(__arm_eabi_init.o)
                0x00004bac                __init_user
 *(.rodata)
 .rodata        0x00004bb0        0x8 ./Generated_Code/tasks.o
 .rodata        0x00004bb8       0x1c ./Sources/Tasks/TaskBuzzer.o
 .rodata        0x00004bd4       0x78 ./Sources/Tasks/TaskAccelerometer.o
 *(.rodata*)
 .rodata.heapSTRUCT_SIZE
                0x00004c4c        0x2 ./Generated_Code/heap_2.o
 *fill*         0x00004c4e        0x2 00
 .rodata.InitialCalibration
                0x00004c50        0x8 ./Generated_Code/MMA0.o
 .rodata.addr.6428
                0x00004c58        0x1 ./Generated_Code/MMA0.o
 .rodata.addr.6420
                0x00004c59        0x1 ./Generated_Code/MMA0.o
 .rodata.addr.6412
                0x00004c5a        0x1 ./Generated_Code/MMA0.o
 .rodata.str1.1
                0x00004c5b        0x1 C:/Freescale/CW MCU v10.5/MCU/ARM_GCC_Support/ewl/lib/armv6-m\libc.a(printformat_.o)
 .rodata.CSWTCH.20
                0x00004c5c        0x5 C:/Freescale/CW MCU v10.5/MCU/ARM_GCC_Support/ewl/lib/armv6-m\libc.a(printformat_.o)
 .rodata.CSWTCH.21
                0x00004c61        0x5 C:/Freescale/CW MCU v10.5/MCU/ARM_GCC_Support/ewl/lib/armv6-m\libc.a(printformat_.o)
 .rodata.__aeabi_ctype_table_C
                0x00004c66      0x101 C:/Freescale/CW MCU v10.5/MCU/ARM_GCC_Support/ewl/lib/armv6-m\libc.a(ctype_aeabi.o)
                0x00004c66                __aeabi_ctype_table_C
 *(.glue_7)
 .glue_7        0x00000000        0x0 linker stubs
 *(.glue_7t)
 .glue_7t       0x00000000        0x0 linker stubs
 *(.eh_frame)
 *(.init)
 *(.fini)
                0x00004d68                . = ALIGN (0x4)
 *fill*         0x00004d67        0x1 00
                0x00004d68                _etext = .

.vfp11_veneer   0x00004d68        0x0
 .vfp11_veneer  0x00000000        0x0 linker stubs

.v4_bx          0x00004d68        0x0
 .v4_bx         0x00000000        0x0 linker stubs

.iplt           0x00004d68        0x0
 .iplt          0x00000000        0x0 ./Generated_Code/timers.o

.rel.dyn        0x00004d68        0x0
 .rel.iplt      0x00000000        0x0 ./Generated_Code/timers.o

.ARM.extab
 *(.ARM.extab* .gnu.linkonce.armextab.*)

.ARM            0x00004d68        0x0
                0x00004d68                __exidx_start = .
 *(.ARM.exidx*)
                0x00004d68                __exidx_end = .

.ctors          0x00004d68        0x0
                0x00004d68                __CTOR_LIST__ = .
 *crtbegin.o(.ctors)
 *(EXCLUDE_FILE(*crtend.o) .ctors)
 *(SORT(.ctors.*))
 *(.ctors)
                0x00004d68                __CTOR_END__ = .

.dtors          0x00004d68        0x0
                0x00004d68                __DTOR_LIST__ = .
 *crtbegin.o(.dtors)
 *(EXCLUDE_FILE(*crtend.o) .dtors)
 *(SORT(.dtors.*))
 *(.dtors)
                0x00004d68                __DTOR_END__ = .

.preinit_array  0x00004d68        0x0
                0x00004d68                PROVIDE (__preinit_array_start, .)
 *(.preinit_array*)
                0x00004d68                PROVIDE (__preinit_array_end, .)

.init_array     0x00004d68        0x0
                0x00004d68                PROVIDE (__init_array_start, .)
 *(SORT(.init_array.*))
 *(.init_array*)
                0x00004d68                PROVIDE (__init_array_end, .)

.fini_array     0x00004d68        0x0
                0x00004d68                PROVIDE (__fini_array_start, .)
 *(SORT(.fini_array.*))
 *(.fini_array*)
                0x00004d68                PROVIDE (__fini_array_end, .)
                0x00004d68                ___ROM_AT = .

.mtb            0x20000000        0x0
                0x20000000                . = ALIGN (0x8)
                0x20000000                _mtb_start = .
 *(.mtb_buf)
                0x20000000                . = ALIGN (0x8)
                0x20000000                _mtb_end = .

.data           0x20000000       0xd8 load address 0x00004d68
                0x20000000                . = ALIGN (0x4)
                0x20000000                _sdata = .
 *(.data)
 *(.data*)
 .data.xNextTaskUnblockTime
                0x20000000        0x4 ./Generated_Code/tasks.o
 .data.uxCriticalNesting
                0x20000004        0x4 ./Generated_Code/port.o
 .data.xFreeBytesRemaining
                0x20000008        0x4 ./Generated_Code/heap_2.o
 .data.__files  0x2000000c       0xcc C:/Freescale/CW MCU v10.5/MCU/ARM_GCC_Support/ewl/lib/armv6-m\libc.a(ansi_files.o)
                0x2000000c                __files
                0x200000d8                . = ALIGN (0x4)
                0x200000d8                _edata = .
                0x000000d8                ___data_size = (_edata - _sdata)
                0x00004e40                ___m_data_1FFFF000_ROMStart = (___ROM_AT + SIZEOF (.data))

.igot.plt       0x200000d8        0x0 load address 0x00004e40
 .igot.plt      0x00000000        0x0 ./Generated_Code/timers.o

.m_data_1FFFF000
                0x1ffff000        0x0 load address 0x00004e40
                0x1ffff000                . = ALIGN (0x4)
                0x1ffff000                ___m_data_1FFFF000_RAMStart = .
 *(.m_data_1FFFF000)
                0x1ffff000                ___m_data_1FFFF000_RAMEnd = .
                0x1ffff000                . = ALIGN (0x4)
                0x00000000                ___m_data_1FFFF000_ROMSize = (___m_data_1FFFF000_RAMEnd - ___m_data_1FFFF000_RAMStart)
                0x1ffff000                . = ALIGN (0x4)

.bss            0x200000d8     0x29b8 load address 0x00004e40
                0x200000d8                __START_BSS = .
                0x200000d8                PROVIDE (__bss_start__, __START_BSS)
 *(.bss)
 *(.bss*)
 .bss.pxCurrentTCB
                0x200000d8        0x4 ./Generated_Code/tasks.o
                0x200000d8                pxCurrentTCB
 .bss.pxReadyTasksLists
                0x200000dc       0x78 ./Generated_Code/tasks.o
 .bss.xDelayedTaskList1
                0x20000154       0x14 ./Generated_Code/tasks.o
 .bss.xDelayedTaskList2
                0x20000168       0x14 ./Generated_Code/tasks.o
 .bss.pxDelayedTaskList
                0x2000017c        0x4 ./Generated_Code/tasks.o
 .bss.pxOverflowDelayedTaskList
                0x20000180        0x4 ./Generated_Code/tasks.o
 .bss.xPendingReadyList
                0x20000184       0x14 ./Generated_Code/tasks.o
 .bss.xSuspendedTaskList
                0x20000198       0x14 ./Generated_Code/tasks.o
 .bss.uxCurrentNumberOfTasks
                0x200001ac        0x4 ./Generated_Code/tasks.o
 .bss.xTickCount
                0x200001b0        0x4 ./Generated_Code/tasks.o
 .bss.uxTopReadyPriority
                0x200001b4        0x4 ./Generated_Code/tasks.o
 .bss.xSchedulerRunning
                0x200001b8        0x4 ./Generated_Code/tasks.o
 .bss.uxSchedulerSuspended
                0x200001bc        0x4 ./Generated_Code/tasks.o
 .bss.uxPendedTicks
                0x200001c0        0x4 ./Generated_Code/tasks.o
 .bss.xYieldPending
                0x200001c4        0x4 ./Generated_Code/tasks.o
 .bss.xNumOfOverflows
                0x200001c8        0x4 ./Generated_Code/tasks.o
 .bss.uxTaskNumber
                0x200001cc        0x4 ./Generated_Code/tasks.o
 .bss.xMaximumPossibleSuppressedTicks
                0x200001d0        0x4 ./Generated_Code/port.o
 .bss.ulStoppedTimerCompensation
                0x200001d4        0x4 ./Generated_Code/port.o
 .bss.ucHeap    0x200001d8     0x2710 ./Generated_Code/heap_2.o
 .bss.xStart    0x200028e8        0x8 ./Generated_Code/heap_2.o
 .bss.xEnd      0x200028f0        0x8 ./Generated_Code/heap_2.o
 .bss.xHeapHasBeenInitialised.7153
                0x200028f8        0x4 ./Generated_Code/heap_2.o
 .bss.PE_LDD_DeviceDataList
                0x200028fc       0x20 ./Generated_Code/PE_LDD.o
                0x200028fc                PE_LDD_DeviceDataList
 .bss.sCalValues
                0x2000291c        0x8 ./Generated_Code/MMA0.o
 .bss.DeviceDataPrv__DEFAULT_RTOS_ALLOC
                0x20002924       0x18 ./Generated_Code/IO1.o
 .bss.INT_I2C1__BAREBOARD_RTOS_ISRPARAM
                0x2000293c        0x4 ./Generated_Code/I2C1.o
 .bss.DeviceDataPrv__DEFAULT_RTOS_ALLOC
                0x20002940       0x18 ./Generated_Code/I2C0.o
 .bss.INT_I2C0__BAREBOARD_RTOS_ISRPARAM
                0x20002958        0x4 ./Generated_Code/I2C0.o
 .bss.GI2C0_deviceData
                0x2000295c        0x8 ./Generated_Code/GI2C0.o
 .bss.GI2C0_busSem
                0x20002964        0x4 ./Generated_Code/GI2C0.o
 .bss.writeBuf.6356
                0x20002968       0x10 ./Generated_Code/GI2C0.o
 .bss.DeviceDataPrv__DEFAULT_RTOS_ALLOC
                0x20002978        0x4 ./Generated_Code/BitIoLdd4.o
 .bss.DeviceDataPrv__DEFAULT_RTOS_ALLOC
                0x2000297c        0x4 ./Generated_Code/BitIoLdd3.o
 .bss.DeviceDataPrv__DEFAULT_RTOS_ALLOC
                0x20002980        0x4 ./Generated_Code/BitIoLdd2.o
 .bss.DeviceDataPrv__DEFAULT_RTOS_ALLOC
                0x20002984        0x4 ./Generated_Code/BitIoLdd1.o
 .bss.argv      0x20002988        0x4 ./Project_Settings/Startup_Code/__arm_start.o
 .bss.speedX    0x2000298c        0x4 ./Sources/Tasks/TaskAccelerometer.o
 .bss.speedY    0x20002990        0x4 ./Sources/Tasks/TaskAccelerometer.o
 .bss.speedZ    0x20002994        0x4 ./Sources/Tasks/TaskAccelerometer.o
 .bss.spaceX    0x20002998        0x4 ./Sources/Tasks/TaskAccelerometer.o
 .bss.spaceY    0x2000299c        0x4 ./Sources/Tasks/TaskAccelerometer.o
 .bss.spaceZ    0x200029a0        0x4 ./Sources/Tasks/TaskAccelerometer.o
 .bss.__stdio_exit
                0x200029a4        0x4 C:/Freescale/CW MCU v10.5/MCU/ARM_GCC_Support/ewl/lib/armv6-m\libc.a(exit.o)
                0x200029a4                __stdio_exit
 .bss.__console_exit
                0x200029a8        0x4 C:/Freescale/CW MCU v10.5/MCU/ARM_GCC_Support/ewl/lib/armv6-m\libc.a(exit.o)
                0x200029a8                __console_exit
 .bss.__S_romp  0x200029ac        0xc C:/Freescale/CW MCU v10.5/MCU/ARM_GCC_Support/ewl/lib/armv6-m\librt.a(ROMCopy.o)
 .bss.__global_destructor_chain
                0x200029b8        0x4 C:/Freescale/CW MCU v10.5/MCU/ARM_GCC_Support/ewl/lib/armv6-m\librt.a(__arm_eabi_init.o)
                0x200029b8                __global_destructor_chain
 *(COMMON)
 COMMON         0x200029bc       0x10 ./Sources/Tasks/TaskBuzzer.o
                0x200029bc                taskHandles
 COMMON         0x200029cc        0x4 ./Sources/Util/GlobalVariables.o
                0x200029cc                idleTaskHookInteger
 COMMON         0x200029d0       0xc0 C:/Freescale/CW MCU v10.5/MCU/ARM_GCC_Support/ewl/lib/armv6-m\libc.a(ansi_files.o)
                0x200029d0                stdout_buff
                0x20002a10                stdin_buff
                0x20002a50                stderr_buff
                0x20002a90                . = ALIGN (0x4)
                0x20002a90                __END_BSS = .
                0x20002a90                PROVIDE (__bss_end__, __END_BSS)
                0x00004e40                _romp_at = ((___ROM_AT + SIZEOF (.data)) + SIZEOF (.m_data_1FFFF000))

.romp           0x20002a90       0x24 load address 0x00004e40
                0x00004e40                __S_romp = _romp_at
                0x20002a90        0x4 LONG 0x4d68 ___ROM_AT
                0x20002a94        0x4 LONG 0x20000000 _sdata
                0x20002a98        0x4 LONG 0xd8 ___data_size
                0x20002a9c        0x4 LONG 0x4e40 ___m_data_1FFFF000_ROMStart
                0x20002aa0        0x4 LONG 0x1ffff000 ___m_data_1FFFF000_RAMStart
                0x20002aa4        0x4 LONG 0x0 ___m_data_1FFFF000_ROMSize
                0x20002aa8        0x4 LONG 0x0
                0x20002aac        0x4 LONG 0x0
                0x20002ab0        0x4 LONG 0x0

._user_heap_stack
                0x20002ab4       0x40 load address 0x00004e64
                0x20002ab4                . = ALIGN (0x4)
                0x20002ab4                PROVIDE (end, .)
                0x20002ab4                PROVIDE (_end, .)
                0x20002ab4                __heap_addr = .
                0x20002ab4                . = (. + __heap_size)
                0x20002af4                . = (. + __stack_size)
 *fill*         0x20002ab4       0x40 00
                0x20002af4                . = ALIGN (0x4)

.ARM.attributes
                0x00000000       0x2f
 *(.ARM.attributes)
 .ARM.attributes
                0x00000000       0x31 ./Generated_Code/tasks.o
 .ARM.attributes
                0x00000031       0x31 ./Generated_Code/queue.o
 .ARM.attributes
                0x00000062       0x31 ./Generated_Code/port.o
 .ARM.attributes
                0x00000093       0x31 ./Generated_Code/list.o
 .ARM.attributes
                0x000000c4       0x31 ./Generated_Code/heap_2.o
 .ARM.attributes
                0x000000f5       0x31 ./Generated_Code/Vectors.o
 .ARM.attributes
                0x00000126       0x31 ./Generated_Code/PE_LDD.o
 .ARM.attributes
                0x00000157       0x31 ./Generated_Code/MMA0.o
 .ARM.attributes
                0x00000188       0x31 ./Generated_Code/IO1.o
 .ARM.attributes
                0x000001b9       0x31 ./Generated_Code/I2C1.o
 .ARM.attributes
                0x000001ea       0x31 ./Generated_Code/I2C0.o
 .ARM.attributes
                0x0000021b       0x31 ./Generated_Code/GI2C0.o
 .ARM.attributes
                0x0000024c       0x31 ./Generated_Code/CsIO0.o
 .ARM.attributes
                0x0000027d       0x31 ./Generated_Code/Cpu.o
 .ARM.attributes
                0x000002ae       0x31 ./Generated_Code/BitIoLdd4.o
 .ARM.attributes
                0x000002df       0x31 ./Generated_Code/BitIoLdd3.o
 .ARM.attributes
                0x00000310       0x31 ./Generated_Code/BitIoLdd2.o
 .ARM.attributes
                0x00000341       0x31 ./Generated_Code/BitIoLdd1.o
 .ARM.attributes
                0x00000372       0x31 ./Project_Settings/Startup_Code/__arm_start.o
 .ARM.attributes
                0x000003a3       0x31 ./Project_Settings/Startup_Code/__arm_end.o
 .ARM.attributes
                0x000003d4       0x31 ./Sources/Tasks/TaskBuzzer.o
 .ARM.attributes
                0x00000405       0x31 ./Sources/Tasks/TaskAccelerometer.o
 .ARM.attributes
                0x00000436       0x31 ./Sources/Util/GlobalVariables.o
 .ARM.attributes
                0x00000467       0x31 ./Sources/ProcessorExpert.o
 .ARM.attributes
                0x00000498       0x31 ./Sources/Events.o
 .ARM.attributes
                0x000004c9       0x31 C:/Freescale/CW MCU v10.5/MCU/ARM_GCC_Support/ewl/lib/armv6-m\libc.a(puts.o)
 .ARM.attributes
                0x000004fa       0x31 C:/Freescale/CW MCU v10.5/MCU/ARM_GCC_Support/ewl/lib/armv6-m\libc.a(exit.o)
 .ARM.attributes
                0x0000052b       0x31 C:/Freescale/CW MCU v10.5/MCU/ARM_GCC_Support/ewl/lib/armv6-m\libc.a(memcpy.o)
 .ARM.attributes
                0x0000055c       0x31 C:/Freescale/CW MCU v10.5/MCU/ARM_GCC_Support/ewl/lib/armv6-m\libc.a(memset.o)
 .ARM.attributes
                0x0000058d       0x31 C:/Freescale/CW MCU v10.5/MCU/ARM_GCC_Support/ewl/lib/armv6-m\libc.a(strchr.o)
 .ARM.attributes
                0x000005be       0x31 C:/Freescale/CW MCU v10.5/MCU/ARM_GCC_Support/ewl/lib/armv6-m\libc.a(strlen.o)
 .ARM.attributes
                0x000005ef       0x31 C:/Freescale/CW MCU v10.5/MCU/ARM_GCC_Support/ewl/lib/armv6-m\libc.a(printformat_.o)
 .ARM.attributes
                0x00000620       0x31 C:/Freescale/CW MCU v10.5/MCU/ARM_GCC_Support/ewl/lib/armv6-m\libc.a(scanformat_.o)
 .ARM.attributes
                0x00000651       0x31 C:/Freescale/CW MCU v10.5/MCU/ARM_GCC_Support/ewl/lib/armv6-m\libc.a(ctype_aeabi.o)
 .ARM.attributes
                0x00000682       0x31 C:/Freescale/CW MCU v10.5/MCU/ARM_GCC_Support/ewl/lib/armv6-m\libc.a(__putchar.o)
 .ARM.attributes
                0x000006b3       0x31 C:/Freescale/CW MCU v10.5/MCU/ARM_GCC_Support/ewl/lib/armv6-m\libc.a(ansi_files.o)
 .ARM.attributes
                0x000006e4       0x31 C:/Freescale/CW MCU v10.5/MCU/ARM_GCC_Support/ewl/lib/armv6-m\libc.a(__strtoul.o)
 .ARM.attributes
                0x00000715       0x31 C:/Freescale/CW MCU v10.5/MCU/ARM_GCC_Support/ewl/lib/armv6-m\libc.a(__filll_mem.o)
 .ARM.attributes
                0x00000746       0x31 C:/Freescale/CW MCU v10.5/MCU/ARM_GCC_Support/ewl/lib/armv6-m\libc.a(memchr.o)
 .ARM.attributes
                0x00000777       0x31 C:/Freescale/CW MCU v10.5/MCU/ARM_GCC_Support/ewl/lib/armv6-m\libc.a(__buffer_io.o)
 .ARM.attributes
                0x000007a8       0x1e c:/freescale/cw mcu v10.5/cross_tools/arm-none-eabi-gcc-4_7_3/bin/../lib/gcc/arm-none-eabi/4.7.3/armv6-m\libgcc.a(_thumb1_case_sqi.o)
 .ARM.attributes
                0x000007c6       0x1e c:/freescale/cw mcu v10.5/cross_tools/arm-none-eabi-gcc-4_7_3/bin/../lib/gcc/arm-none-eabi/4.7.3/armv6-m\libgcc.a(_thumb1_case_uqi.o)
 .ARM.attributes
                0x000007e4       0x1e c:/freescale/cw mcu v10.5/cross_tools/arm-none-eabi-gcc-4_7_3/bin/../lib/gcc/arm-none-eabi/4.7.3/armv6-m\libgcc.a(_udivsi3.o)
 .ARM.attributes
                0x00000802       0x1e c:/freescale/cw mcu v10.5/cross_tools/arm-none-eabi-gcc-4_7_3/bin/../lib/gcc/arm-none-eabi/4.7.3/armv6-m\libgcc.a(_dvmd_tls.o)
 .ARM.attributes
                0x00000820       0x31 C:/Freescale/CW MCU v10.5/MCU/ARM_GCC_Support/ewl/lib/armv6-m\librt.a(gcc_ctor_dtor.o)
 .ARM.attributes
                0x00000851       0x31 C:/Freescale/CW MCU v10.5/MCU/ARM_GCC_Support/ewl/lib/armv6-m\librt.a(ROMCopy.o)
 .ARM.attributes
                0x00000882       0x31 C:/Freescale/CW MCU v10.5/MCU/ARM_GCC_Support/ewl/lib/armv6-m\librt.a(__arm_eabi_init.o)
OUTPUT(M0PlusFreeRTOS.elf elf32-littlearm)

.debug_info     0x00000000     0x9971
 .debug_info    0x00000000      0xeb7 ./Generated_Code/tasks.o
 .debug_info    0x00000eb7      0xc49 ./Generated_Code/queue.o
 .debug_info    0x00001b00      0x2f0 ./Generated_Code/port.o
 .debug_info    0x00001df0      0x29d ./Generated_Code/list.o
 .debug_info    0x0000208d      0x2a9 ./Generated_Code/heap_2.o
 .debug_info    0x00002336      0x10b ./Generated_Code/Vectors.o
 .debug_info    0x00002441      0x255 ./Generated_Code/PE_LDD.o
 .debug_info    0x00002696      0x681 ./Generated_Code/MMA0.o
 .debug_info    0x00002d17      0x5dc ./Generated_Code/IO1.o
 .debug_info    0x000032f3      0x79f ./Generated_Code/I2C1.o
 .debug_info    0x00003a92      0x84a ./Generated_Code/I2C0.o
 .debug_info    0x000042dc      0x63e ./Generated_Code/GI2C0.o
 .debug_info    0x0000491a      0x266 ./Generated_Code/CsIO0.o
 .debug_info    0x00004b80      0x8e5 ./Generated_Code/Cpu.o
 .debug_info    0x00005465      0x3d6 ./Generated_Code/BitIoLdd4.o
 .debug_info    0x0000583b      0x392 ./Generated_Code/BitIoLdd3.o
 .debug_info    0x00005bcd      0x392 ./Generated_Code/BitIoLdd2.o
 .debug_info    0x00005f5f      0x392 ./Generated_Code/BitIoLdd1.o
 .debug_info    0x000062f1      0x12a ./Project_Settings/Startup_Code/__arm_start.o
 .debug_info    0x0000641b       0x54 ./Project_Settings/Startup_Code/__arm_end.o
 .debug_info    0x0000646f      0x17a ./Sources/Tasks/TaskBuzzer.o
 .debug_info    0x000065e9      0x262 ./Sources/Tasks/TaskAccelerometer.o
 .debug_info    0x0000684b       0x7e ./Sources/Util/GlobalVariables.o
 .debug_info    0x000068c9       0xe1 ./Sources/ProcessorExpert.o
 .debug_info    0x000069aa      0x310 ./Sources/Events.o
 .debug_info    0x00006cba      0x38a C:/Freescale/CW MCU v10.5/MCU/ARM_GCC_Support/ewl/lib/armv6-m\libc.a(puts.o)
 .debug_info    0x00007044       0xe8 C:/Freescale/CW MCU v10.5/MCU/ARM_GCC_Support/ewl/lib/armv6-m\libc.a(exit.o)
 .debug_info    0x0000712c      0x10f C:/Freescale/CW MCU v10.5/MCU/ARM_GCC_Support/ewl/lib/armv6-m\libc.a(memcpy.o)
 .debug_info    0x0000723b       0xec C:/Freescale/CW MCU v10.5/MCU/ARM_GCC_Support/ewl/lib/armv6-m\libc.a(memset.o)
 .debug_info    0x00007327      0x10b C:/Freescale/CW MCU v10.5/MCU/ARM_GCC_Support/ewl/lib/armv6-m\libc.a(strchr.o)
 .debug_info    0x00007432       0xea C:/Freescale/CW MCU v10.5/MCU/ARM_GCC_Support/ewl/lib/armv6-m\libc.a(strlen.o)
 .debug_info    0x0000751c      0x50d C:/Freescale/CW MCU v10.5/MCU/ARM_GCC_Support/ewl/lib/armv6-m\libc.a(printformat_.o)
 .debug_info    0x00007a29      0x568 C:/Freescale/CW MCU v10.5/MCU/ARM_GCC_Support/ewl/lib/armv6-m\libc.a(scanformat_.o)
 .debug_info    0x00007f91      0x313 C:/Freescale/CW MCU v10.5/MCU/ARM_GCC_Support/ewl/lib/armv6-m\libc.a(ctype_aeabi.o)
 .debug_info    0x000082a4      0x3fa C:/Freescale/CW MCU v10.5/MCU/ARM_GCC_Support/ewl/lib/armv6-m\libc.a(__putchar.o)
 .debug_info    0x0000869e      0x4be C:/Freescale/CW MCU v10.5/MCU/ARM_GCC_Support/ewl/lib/armv6-m\libc.a(ansi_files.o)
 .debug_info    0x00008b5c      0x1d6 C:/Freescale/CW MCU v10.5/MCU/ARM_GCC_Support/ewl/lib/armv6-m\libc.a(__strtoul.o)
 .debug_info    0x00008d32      0x137 C:/Freescale/CW MCU v10.5/MCU/ARM_GCC_Support/ewl/lib/armv6-m\libc.a(__filll_mem.o)
 .debug_info    0x00008e69      0x121 C:/Freescale/CW MCU v10.5/MCU/ARM_GCC_Support/ewl/lib/armv6-m\libc.a(memchr.o)
 .debug_info    0x00008f8a      0x45d C:/Freescale/CW MCU v10.5/MCU/ARM_GCC_Support/ewl/lib/armv6-m\libc.a(__buffer_io.o)
 .debug_info    0x000093e7      0x136 C:/Freescale/CW MCU v10.5/MCU/ARM_GCC_Support/ewl/lib/armv6-m\librt.a(gcc_ctor_dtor.o)
 .debug_info    0x0000951d      0x19b C:/Freescale/CW MCU v10.5/MCU/ARM_GCC_Support/ewl/lib/armv6-m\librt.a(ROMCopy.o)
 .debug_info    0x000096b8      0x2b9 C:/Freescale/CW MCU v10.5/MCU/ARM_GCC_Support/ewl/lib/armv6-m\librt.a(__arm_eabi_init.o)

.debug_abbrev   0x00000000     0x2b7b
 .debug_abbrev  0x00000000      0x1b6 ./Generated_Code/tasks.o
 .debug_abbrev  0x000001b6      0x182 ./Generated_Code/queue.o
 .debug_abbrev  0x00000338      0x140 ./Generated_Code/port.o
 .debug_abbrev  0x00000478       0xb6 ./Generated_Code/list.o
 .debug_abbrev  0x0000052e      0x141 ./Generated_Code/heap_2.o
 .debug_abbrev  0x0000066f       0xa3 ./Generated_Code/Vectors.o
 .debug_abbrev  0x00000712      0x102 ./Generated_Code/PE_LDD.o
 .debug_abbrev  0x00000814      0x16d ./Generated_Code/MMA0.o
 .debug_abbrev  0x00000981      0x149 ./Generated_Code/IO1.o
 .debug_abbrev  0x00000aca      0x170 ./Generated_Code/I2C1.o
 .debug_abbrev  0x00000c3a      0x170 ./Generated_Code/I2C0.o
 .debug_abbrev  0x00000daa      0x1d1 ./Generated_Code/GI2C0.o
 .debug_abbrev  0x00000f7b       0xd6 ./Generated_Code/CsIO0.o
 .debug_abbrev  0x00001051      0x121 ./Generated_Code/Cpu.o
 .debug_abbrev  0x00001172      0x12b ./Generated_Code/BitIoLdd4.o
 .debug_abbrev  0x0000129d      0x11c ./Generated_Code/BitIoLdd3.o
 .debug_abbrev  0x000013b9      0x11c ./Generated_Code/BitIoLdd2.o
 .debug_abbrev  0x000014d5      0x11c ./Generated_Code/BitIoLdd1.o
 .debug_abbrev  0x000015f1       0x92 ./Project_Settings/Startup_Code/__arm_start.o
 .debug_abbrev  0x00001683       0x4c ./Project_Settings/Startup_Code/__arm_end.o
 .debug_abbrev  0x000016cf      0x11e ./Sources/Tasks/TaskBuzzer.o
 .debug_abbrev  0x000017ed      0x13a ./Sources/Tasks/TaskAccelerometer.o
 .debug_abbrev  0x00001927       0x5a ./Sources/Util/GlobalVariables.o
 .debug_abbrev  0x00001981       0x7f ./Sources/ProcessorExpert.o
 .debug_abbrev  0x00001a00      0x102 ./Sources/Events.o
 .debug_abbrev  0x00001b02      0x10a C:/Freescale/CW MCU v10.5/MCU/ARM_GCC_Support/ewl/lib/armv6-m\libc.a(puts.o)
 .debug_abbrev  0x00001c0c       0x7a C:/Freescale/CW MCU v10.5/MCU/ARM_GCC_Support/ewl/lib/armv6-m\libc.a(exit.o)
 .debug_abbrev  0x00001c86       0x95 C:/Freescale/CW MCU v10.5/MCU/ARM_GCC_Support/ewl/lib/armv6-m\libc.a(memcpy.o)
 .debug_abbrev  0x00001d1b       0x62 C:/Freescale/CW MCU v10.5/MCU/ARM_GCC_Support/ewl/lib/armv6-m\libc.a(memset.o)
 .debug_abbrev  0x00001d7d       0x7a C:/Freescale/CW MCU v10.5/MCU/ARM_GCC_Support/ewl/lib/armv6-m\libc.a(strchr.o)
 .debug_abbrev  0x00001df7       0x7a C:/Freescale/CW MCU v10.5/MCU/ARM_GCC_Support/ewl/lib/armv6-m\libc.a(strlen.o)
 .debug_abbrev  0x00001e71      0x200 C:/Freescale/CW MCU v10.5/MCU/ARM_GCC_Support/ewl/lib/armv6-m\libc.a(printformat_.o)
 .debug_abbrev  0x00002071      0x1f0 C:/Freescale/CW MCU v10.5/MCU/ARM_GCC_Support/ewl/lib/armv6-m\libc.a(scanformat_.o)
 .debug_abbrev  0x00002261       0x9e C:/Freescale/CW MCU v10.5/MCU/ARM_GCC_Support/ewl/lib/armv6-m\libc.a(ctype_aeabi.o)
 .debug_abbrev  0x000022ff       0xf8 C:/Freescale/CW MCU v10.5/MCU/ARM_GCC_Support/ewl/lib/armv6-m\libc.a(__putchar.o)
 .debug_abbrev  0x000023f7      0x107 C:/Freescale/CW MCU v10.5/MCU/ARM_GCC_Support/ewl/lib/armv6-m\libc.a(ansi_files.o)
 .debug_abbrev  0x000024fe       0xc2 C:/Freescale/CW MCU v10.5/MCU/ARM_GCC_Support/ewl/lib/armv6-m\libc.a(__strtoul.o)
 .debug_abbrev  0x000025c0       0x78 C:/Freescale/CW MCU v10.5/MCU/ARM_GCC_Support/ewl/lib/armv6-m\libc.a(__filll_mem.o)
 .debug_abbrev  0x00002638       0x95 C:/Freescale/CW MCU v10.5/MCU/ARM_GCC_Support/ewl/lib/armv6-m\libc.a(memchr.o)
 .debug_abbrev  0x000026cd      0x142 C:/Freescale/CW MCU v10.5/MCU/ARM_GCC_Support/ewl/lib/armv6-m\libc.a(__buffer_io.o)
 .debug_abbrev  0x0000280f       0x99 C:/Freescale/CW MCU v10.5/MCU/ARM_GCC_Support/ewl/lib/armv6-m\librt.a(gcc_ctor_dtor.o)
 .debug_abbrev  0x000028a8      0x120 C:/Freescale/CW MCU v10.5/MCU/ARM_GCC_Support/ewl/lib/armv6-m\librt.a(ROMCopy.o)
 .debug_abbrev  0x000029c8      0x1b3 C:/Freescale/CW MCU v10.5/MCU/ARM_GCC_Support/ewl/lib/armv6-m\librt.a(__arm_eabi_init.o)

.debug_loc      0x00000000     0x54be
 .debug_loc     0x00000000      0x7e8 ./Generated_Code/tasks.o
 .debug_loc     0x000007e8      0x620 ./Generated_Code/queue.o
 .debug_loc     0x00000e08      0x234 ./Generated_Code/port.o
 .debug_loc     0x0000103c      0x118 ./Generated_Code/list.o
 .debug_loc     0x00001154      0x100 ./Generated_Code/heap_2.o
 .debug_loc     0x00001254       0x9c ./Generated_Code/PE_LDD.o
 .debug_loc     0x000012f0      0x518 ./Generated_Code/MMA0.o
 .debug_loc     0x00001808       0xe0 ./Generated_Code/IO1.o
 .debug_loc     0x000018e8      0x118 ./Generated_Code/I2C1.o
 .debug_loc     0x00001a00      0x150 ./Generated_Code/I2C0.o
 .debug_loc     0x00001b50      0x370 ./Generated_Code/GI2C0.o
 .debug_loc     0x00001ec0       0xa8 ./Generated_Code/CsIO0.o
 .debug_loc     0x00001f68       0xb0 ./Generated_Code/Cpu.o
 .debug_loc     0x00002018      0x150 ./Generated_Code/BitIoLdd4.o
 .debug_loc     0x00002168      0x118 ./Generated_Code/BitIoLdd3.o
 .debug_loc     0x00002280      0x118 ./Generated_Code/BitIoLdd2.o
 .debug_loc     0x00002398      0x118 ./Generated_Code/BitIoLdd1.o
 .debug_loc     0x000024b0       0x2c ./Project_Settings/Startup_Code/__arm_start.o
 .debug_loc     0x000024dc       0x38 ./Project_Settings/Startup_Code/__arm_end.o
 .debug_loc     0x00002514       0xc8 ./Sources/Tasks/TaskBuzzer.o
 .debug_loc     0x000025dc      0x158 ./Sources/Tasks/TaskAccelerometer.o
 .debug_loc     0x00002734       0x84 ./Sources/Util/GlobalVariables.o
 .debug_loc     0x000027b8       0x2c ./Sources/ProcessorExpert.o
 .debug_loc     0x000027e4      0x344 ./Sources/Events.o
 .debug_loc     0x00002b28       0x72 C:/Freescale/CW MCU v10.5/MCU/ARM_GCC_Support/ewl/lib/armv6-m\libc.a(puts.o)
 .debug_loc     0x00002b9a       0x3e C:/Freescale/CW MCU v10.5/MCU/ARM_GCC_Support/ewl/lib/armv6-m\libc.a(exit.o)
 .debug_loc     0x00002bd8       0x59 C:/Freescale/CW MCU v10.5/MCU/ARM_GCC_Support/ewl/lib/armv6-m\libc.a(memcpy.o)
 .debug_loc     0x00002c31       0x6f C:/Freescale/CW MCU v10.5/MCU/ARM_GCC_Support/ewl/lib/armv6-m\libc.a(memset.o)
 .debug_loc     0x00002ca0       0xaf C:/Freescale/CW MCU v10.5/MCU/ARM_GCC_Support/ewl/lib/armv6-m\libc.a(strchr.o)
 .debug_loc     0x00002d4f       0x33 C:/Freescale/CW MCU v10.5/MCU/ARM_GCC_Support/ewl/lib/armv6-m\libc.a(strlen.o)
 .debug_loc     0x00002d82     0x104b C:/Freescale/CW MCU v10.5/MCU/ARM_GCC_Support/ewl/lib/armv6-m\libc.a(printformat_.o)
 .debug_loc     0x00003dcd      0x9d8 C:/Freescale/CW MCU v10.5/MCU/ARM_GCC_Support/ewl/lib/armv6-m\libc.a(scanformat_.o)
 .debug_loc     0x000047a5      0x30d C:/Freescale/CW MCU v10.5/MCU/ARM_GCC_Support/ewl/lib/armv6-m\libc.a(ctype_aeabi.o)
 .debug_loc     0x00004ab2       0x87 C:/Freescale/CW MCU v10.5/MCU/ARM_GCC_Support/ewl/lib/armv6-m\libc.a(__putchar.o)
 .debug_loc     0x00004b39       0x8c C:/Freescale/CW MCU v10.5/MCU/ARM_GCC_Support/ewl/lib/armv6-m\libc.a(ansi_files.o)
 .debug_loc     0x00004bc5      0x305 C:/Freescale/CW MCU v10.5/MCU/ARM_GCC_Support/ewl/lib/armv6-m\libc.a(__strtoul.o)
 .debug_loc     0x00004eca      0x14a C:/Freescale/CW MCU v10.5/MCU/ARM_GCC_Support/ewl/lib/armv6-m\libc.a(__filll_mem.o)
 .debug_loc     0x00005014       0x77 C:/Freescale/CW MCU v10.5/MCU/ARM_GCC_Support/ewl/lib/armv6-m\libc.a(memchr.o)
 .debug_loc     0x0000508b      0x126 C:/Freescale/CW MCU v10.5/MCU/ARM_GCC_Support/ewl/lib/armv6-m\libc.a(__buffer_io.o)
 .debug_loc     0x000051b1       0x9d C:/Freescale/CW MCU v10.5/MCU/ARM_GCC_Support/ewl/lib/armv6-m\librt.a(gcc_ctor_dtor.o)
 .debug_loc     0x0000524e       0xd9 C:/Freescale/CW MCU v10.5/MCU/ARM_GCC_Support/ewl/lib/armv6-m\librt.a(ROMCopy.o)
 .debug_loc     0x00005327      0x197 C:/Freescale/CW MCU v10.5/MCU/ARM_GCC_Support/ewl/lib/armv6-m\librt.a(__arm_eabi_init.o)

.debug_aranges  0x00000000      0xc10
 .debug_aranges
                0x00000000      0x140 ./Generated_Code/tasks.o
 .debug_aranges
                0x00000140       0xf8 ./Generated_Code/queue.o
 .debug_aranges
                0x00000238       0x88 ./Generated_Code/port.o
 .debug_aranges
                0x000002c0       0x40 ./Generated_Code/list.o
 .debug_aranges
                0x00000300       0x40 ./Generated_Code/heap_2.o
 .debug_aranges
                0x00000340       0x18 ./Generated_Code/Vectors.o
 .debug_aranges
                0x00000358       0x30 ./Generated_Code/PE_LDD.o
 .debug_aranges
                0x00000388       0xe0 ./Generated_Code/MMA0.o
 .debug_aranges
                0x00000468       0x38 ./Generated_Code/IO1.o
 .debug_aranges
                0x000004a0       0x40 ./Generated_Code/I2C1.o
 .debug_aranges
                0x000004e0       0x48 ./Generated_Code/I2C0.o
 .debug_aranges
                0x00000528       0xa0 ./Generated_Code/GI2C0.o
 .debug_aranges
                0x000005c8       0x30 ./Generated_Code/CsIO0.o
 .debug_aranges
                0x000005f8       0x38 ./Generated_Code/Cpu.o
 .debug_aranges
                0x00000630       0x48 ./Generated_Code/BitIoLdd4.o
 .debug_aranges
                0x00000678       0x40 ./Generated_Code/BitIoLdd3.o
 .debug_aranges
                0x000006b8       0x40 ./Generated_Code/BitIoLdd2.o
 .debug_aranges
                0x000006f8       0x40 ./Generated_Code/BitIoLdd1.o
 .debug_aranges
                0x00000738       0x30 ./Project_Settings/Startup_Code/__arm_start.o
 .debug_aranges
                0x00000768       0x20 ./Project_Settings/Startup_Code/__arm_end.o
 .debug_aranges
                0x00000788       0x38 ./Sources/Tasks/TaskBuzzer.o
 .debug_aranges
                0x000007c0       0x50 ./Sources/Tasks/TaskAccelerometer.o
 .debug_aranges
                0x00000810       0x30 ./Sources/Util/GlobalVariables.o
 .debug_aranges
                0x00000840       0x20 ./Sources/ProcessorExpert.o
 .debug_aranges
                0x00000860       0x98 ./Sources/Events.o
 .debug_aranges
                0x000008f8       0x20 C:/Freescale/CW MCU v10.5/MCU/ARM_GCC_Support/ewl/lib/armv6-m\libc.a(puts.o)
 .debug_aranges
                0x00000918       0x20 C:/Freescale/CW MCU v10.5/MCU/ARM_GCC_Support/ewl/lib/armv6-m\libc.a(exit.o)
 .debug_aranges
                0x00000938       0x20 C:/Freescale/CW MCU v10.5/MCU/ARM_GCC_Support/ewl/lib/armv6-m\libc.a(memcpy.o)
 .debug_aranges
                0x00000958       0x20 C:/Freescale/CW MCU v10.5/MCU/ARM_GCC_Support/ewl/lib/armv6-m\libc.a(memset.o)
 .debug_aranges
                0x00000978       0x20 C:/Freescale/CW MCU v10.5/MCU/ARM_GCC_Support/ewl/lib/armv6-m\libc.a(strchr.o)
 .debug_aranges
                0x00000998       0x20 C:/Freescale/CW MCU v10.5/MCU/ARM_GCC_Support/ewl/lib/armv6-m\libc.a(strlen.o)
 .debug_aranges
                0x000009b8       0x28 C:/Freescale/CW MCU v10.5/MCU/ARM_GCC_Support/ewl/lib/armv6-m\libc.a(printformat_.o)
 .debug_aranges
                0x000009e0       0x20 C:/Freescale/CW MCU v10.5/MCU/ARM_GCC_Support/ewl/lib/armv6-m\libc.a(scanformat_.o)
 .debug_aranges
                0x00000a00       0x88 C:/Freescale/CW MCU v10.5/MCU/ARM_GCC_Support/ewl/lib/armv6-m\libc.a(ctype_aeabi.o)
 .debug_aranges
                0x00000a88       0x20 C:/Freescale/CW MCU v10.5/MCU/ARM_GCC_Support/ewl/lib/armv6-m\libc.a(__putchar.o)
 .debug_aranges
                0x00000aa8       0x28 C:/Freescale/CW MCU v10.5/MCU/ARM_GCC_Support/ewl/lib/armv6-m\libc.a(ansi_files.o)
 .debug_aranges
                0x00000ad0       0x20 C:/Freescale/CW MCU v10.5/MCU/ARM_GCC_Support/ewl/lib/armv6-m\libc.a(__strtoul.o)
 .debug_aranges
                0x00000af0       0x20 C:/Freescale/CW MCU v10.5/MCU/ARM_GCC_Support/ewl/lib/armv6-m\libc.a(__filll_mem.o)
 .debug_aranges
                0x00000b10       0x20 C:/Freescale/CW MCU v10.5/MCU/ARM_GCC_Support/ewl/lib/armv6-m\libc.a(memchr.o)
 .debug_aranges
                0x00000b30       0x30 C:/Freescale/CW MCU v10.5/MCU/ARM_GCC_Support/ewl/lib/armv6-m\libc.a(__buffer_io.o)
 .debug_aranges
                0x00000b60       0x28 C:/Freescale/CW MCU v10.5/MCU/ARM_GCC_Support/ewl/lib/armv6-m\librt.a(gcc_ctor_dtor.o)
 .debug_aranges
                0x00000b88       0x30 C:/Freescale/CW MCU v10.5/MCU/ARM_GCC_Support/ewl/lib/armv6-m\librt.a(ROMCopy.o)
 .debug_aranges
                0x00000bb8       0x58 C:/Freescale/CW MCU v10.5/MCU/ARM_GCC_Support/ewl/lib/armv6-m\librt.a(__arm_eabi_init.o)

.debug_macinfo  0x00000000   0x43364c
 .debug_macinfo
                0x00000000    0x37eb5 ./Generated_Code/tasks.o
 .debug_macinfo
                0x00037eb5     0x7964 ./Generated_Code/queue.o
 .debug_macinfo
                0x0003f819    0x3103d ./Generated_Code/port.o
 .debug_macinfo
                0x00070856     0x65f9 ./Generated_Code/list.o
 .debug_macinfo
                0x00076e4f    0x37382 ./Generated_Code/heap_2.o
 .debug_macinfo
                0x000ae1d1    0x37085 ./Generated_Code/Vectors.o
 .debug_macinfo
                0x000e5256    0x36ffc ./Generated_Code/PE_LDD.o
 .debug_macinfo
                0x0011c252    0x33302 ./Generated_Code/MMA0.o
 .debug_macinfo
                0x0014f554    0x326e8 ./Generated_Code/IO1.o
 .debug_macinfo
                0x00181c3c    0x3d1f3 ./Generated_Code/I2C1.o
 .debug_macinfo
                0x001bee2f    0x39869 ./Generated_Code/I2C0.o
 .debug_macinfo
                0x001f8698    0x33173 ./Generated_Code/GI2C0.o
 .debug_macinfo
                0x0022b80b    0x28a71 ./Generated_Code/CsIO0.o
 .debug_macinfo
                0x0025427c    0x37086 ./Generated_Code/Cpu.o
 .debug_macinfo
                0x0028b302    0x315e1 ./Generated_Code/BitIoLdd4.o
 .debug_macinfo
                0x002bc8e3    0x315c4 ./Generated_Code/BitIoLdd3.o
 .debug_macinfo
                0x002edea7    0x315be ./Generated_Code/BitIoLdd2.o
 .debug_macinfo
                0x0031f465    0x315c4 ./Generated_Code/BitIoLdd1.o
 .debug_macinfo
                0x00350a29     0x3e6d ./Project_Settings/Startup_Code/__arm_start.o
 .debug_macinfo
                0x00354896     0x3456 ./Project_Settings/Startup_Code/__arm_end.o
 .debug_macinfo
                0x00357cec    0x34261 ./Sources/Tasks/TaskBuzzer.o
 .debug_macinfo
                0x0038bf4d    0x37088 ./Sources/Tasks/TaskAccelerometer.o
 .debug_macinfo
                0x003c2fd5     0x24f2 ./Sources/Util/GlobalVariables.o
 .debug_macinfo
                0x003c54c7    0x37127 ./Sources/ProcessorExpert.o
 .debug_macinfo
                0x003fc5ee    0x3705e ./Sources/Events.o

.debug_line     0x00000000     0x8a74
 .debug_line    0x00000000      0xaff ./Generated_Code/tasks.o
 .debug_line    0x00000aff      0x6a9 ./Generated_Code/queue.o
 .debug_line    0x000011a8      0x3c4 ./Generated_Code/port.o
 .debug_line    0x0000156c      0x2ca ./Generated_Code/list.o
 .debug_line    0x00001836      0x69e ./Generated_Code/heap_2.o
 .debug_line    0x00001ed4      0x709 ./Generated_Code/Vectors.o
 .debug_line    0x000025dd      0x4e1 ./Generated_Code/PE_LDD.o
 .debug_line    0x00002abe      0x4fa ./Generated_Code/MMA0.o
 .debug_line    0x00002fb8      0x348 ./Generated_Code/IO1.o
 .debug_line    0x00003300      0x6d2 ./Generated_Code/I2C1.o
 .debug_line    0x000039d2      0x45f ./Generated_Code/I2C0.o
 .debug_line    0x00003e31      0x48e ./Generated_Code/GI2C0.o
 .debug_line    0x000042bf      0x2ee ./Generated_Code/CsIO0.o
 .debug_line    0x000045ad      0x787 ./Generated_Code/Cpu.o
 .debug_line    0x00004d34      0x357 ./Generated_Code/BitIoLdd4.o
 .debug_line    0x0000508b      0x33e ./Generated_Code/BitIoLdd3.o
 .debug_line    0x000053c9      0x33f ./Generated_Code/BitIoLdd2.o
 .debug_line    0x00005708      0x33e ./Generated_Code/BitIoLdd1.o
 .debug_line    0x00005a46      0x2bc ./Project_Settings/Startup_Code/__arm_start.o
 .debug_line    0x00005d02      0x266 ./Project_Settings/Startup_Code/__arm_end.o
 .debug_line    0x00005f68      0x4d7 ./Sources/Tasks/TaskBuzzer.o
 .debug_line    0x0000643f      0x6a9 ./Sources/Tasks/TaskAccelerometer.o
 .debug_line    0x00006ae8      0x100 ./Sources/Util/GlobalVariables.o
 .debug_line    0x00006be8      0x672 ./Sources/ProcessorExpert.o
 .debug_line    0x0000725a      0x632 ./Sources/Events.o
 .debug_line    0x0000788c       0x9a C:/Freescale/CW MCU v10.5/MCU/ARM_GCC_Support/ewl/lib/armv6-m\libc.a(puts.o)
 .debug_line    0x00007926       0x8d C:/Freescale/CW MCU v10.5/MCU/ARM_GCC_Support/ewl/lib/armv6-m\libc.a(exit.o)
 .debug_line    0x000079b3       0x8b C:/Freescale/CW MCU v10.5/MCU/ARM_GCC_Support/ewl/lib/armv6-m\libc.a(memcpy.o)
 .debug_line    0x00007a3e       0x90 C:/Freescale/CW MCU v10.5/MCU/ARM_GCC_Support/ewl/lib/armv6-m\libc.a(memset.o)
 .debug_line    0x00007ace       0x7d C:/Freescale/CW MCU v10.5/MCU/ARM_GCC_Support/ewl/lib/armv6-m\libc.a(strchr.o)
 .debug_line    0x00007b4b       0x85 C:/Freescale/CW MCU v10.5/MCU/ARM_GCC_Support/ewl/lib/armv6-m\libc.a(strlen.o)
 .debug_line    0x00007bd0      0x2c3 C:/Freescale/CW MCU v10.5/MCU/ARM_GCC_Support/ewl/lib/armv6-m\libc.a(printformat_.o)
 .debug_line    0x00007e93      0x2be C:/Freescale/CW MCU v10.5/MCU/ARM_GCC_Support/ewl/lib/armv6-m\libc.a(scanformat_.o)
 .debug_line    0x00008151      0x1be C:/Freescale/CW MCU v10.5/MCU/ARM_GCC_Support/ewl/lib/armv6-m\libc.a(ctype_aeabi.o)
 .debug_line    0x0000830f       0xc2 C:/Freescale/CW MCU v10.5/MCU/ARM_GCC_Support/ewl/lib/armv6-m\libc.a(__putchar.o)
 .debug_line    0x000083d1       0xc0 C:/Freescale/CW MCU v10.5/MCU/ARM_GCC_Support/ewl/lib/armv6-m\libc.a(ansi_files.o)
 .debug_line    0x00008491      0x11e C:/Freescale/CW MCU v10.5/MCU/ARM_GCC_Support/ewl/lib/armv6-m\libc.a(__strtoul.o)
 .debug_line    0x000085af       0xf6 C:/Freescale/CW MCU v10.5/MCU/ARM_GCC_Support/ewl/lib/armv6-m\libc.a(__filll_mem.o)
 .debug_line    0x000086a5       0x9f C:/Freescale/CW MCU v10.5/MCU/ARM_GCC_Support/ewl/lib/armv6-m\libc.a(memchr.o)
 .debug_line    0x00008744       0xf0 C:/Freescale/CW MCU v10.5/MCU/ARM_GCC_Support/ewl/lib/armv6-m\libc.a(__buffer_io.o)
 .debug_line    0x00008834       0x6c C:/Freescale/CW MCU v10.5/MCU/ARM_GCC_Support/ewl/lib/armv6-m\librt.a(gcc_ctor_dtor.o)
 .debug_line    0x000088a0       0xbd C:/Freescale/CW MCU v10.5/MCU/ARM_GCC_Support/ewl/lib/armv6-m\librt.a(ROMCopy.o)
 .debug_line    0x0000895d      0x117 C:/Freescale/CW MCU v10.5/MCU/ARM_GCC_Support/ewl/lib/armv6-m\librt.a(__arm_eabi_init.o)

.debug_str      0x00000000     0x331a
 .debug_str     0x00000000      0x962 ./Generated_Code/tasks.o
                                0x9d1 (size before relaxing)
 .debug_str     0x00000962      0x48b ./Generated_Code/queue.o
                                0x6f2 (size before relaxing)
 .debug_str     0x00000ded      0x1e2 ./Generated_Code/port.o
                                0x395 (size before relaxing)
 .debug_str     0x00000fcf       0xad ./Generated_Code/list.o
                                0x281 (size before relaxing)
 .debug_str     0x0000107c      0x14e ./Generated_Code/heap_2.o
                                0x29c (size before relaxing)
 .debug_str     0x000011ca       0x5e ./Generated_Code/Vectors.o
                                0x19a (size before relaxing)
 .debug_str     0x00001228      0x199 ./Generated_Code/PE_LDD.o
                                0x2fd (size before relaxing)
 .debug_str     0x000013c1      0x1e7 ./Generated_Code/MMA0.o
                                0x34b (size before relaxing)
 .debug_str     0x000015a8      0x23e ./Generated_Code/IO1.o
                                0x3cd (size before relaxing)
 .debug_str     0x000017e6      0x18a ./Generated_Code/I2C1.o
                                0x496 (size before relaxing)
 .debug_str     0x00001970      0x138 ./Generated_Code/I2C0.o
                                0x540 (size before relaxing)
 .debug_str     0x00001aa8      0x284 ./Generated_Code/GI2C0.o
                                0x497 (size before relaxing)
 .debug_str     0x00001d2c       0x94 ./Generated_Code/CsIO0.o
                                0x204 (size before relaxing)
 .debug_str     0x00001dc0      0x187 ./Generated_Code/Cpu.o
                                0x46a (size before relaxing)
 .debug_str     0x00001f47       0xf5 ./Generated_Code/BitIoLdd4.o
                                0x317 (size before relaxing)
 .debug_str     0x0000203c       0xa0 ./Generated_Code/BitIoLdd3.o
                                0x306 (size before relaxing)
 .debug_str     0x000020dc       0xa0 ./Generated_Code/BitIoLdd2.o
                                0x306 (size before relaxing)
 .debug_str     0x0000217c       0xa0 ./Generated_Code/BitIoLdd1.o
                                0x306 (size before relaxing)
 .debug_str     0x0000221c       0x85 ./Project_Settings/Startup_Code/__arm_start.o
                                0x1bb (size before relaxing)
 .debug_str     0x000022a1       0x41 ./Project_Settings/Startup_Code/__arm_end.o
                                 0xf2 (size before relaxing)
 .debug_str     0x000022e2       0xb9 ./Sources/Tasks/TaskBuzzer.o
                                0x241 (size before relaxing)
 .debug_str     0x0000239b       0xea ./Sources/Tasks/TaskAccelerometer.o
                                0x2d0 (size before relaxing)
 .debug_str     0x00002485       0x7e ./Sources/Util/GlobalVariables.o
                                0x122 (size before relaxing)
 .debug_str     0x00002503       0x22 ./Sources/ProcessorExpert.o
                                0x1c0 (size before relaxing)
 .debug_str     0x00002525      0x216 ./Sources/Events.o
                                0x390 (size before relaxing)
 .debug_str     0x0000273b      0x17a C:/Freescale/CW MCU v10.5/MCU/ARM_GCC_Support/ewl/lib/armv6-m\libc.a(puts.o)
                                0x2cc (size before relaxing)
 .debug_str     0x000028b5       0x2e C:/Freescale/CW MCU v10.5/MCU/ARM_GCC_Support/ewl/lib/armv6-m\libc.a(exit.o)
                                0x157 (size before relaxing)
 .debug_str     0x000028e3       0x1c C:/Freescale/CW MCU v10.5/MCU/ARM_GCC_Support/ewl/lib/armv6-m\libc.a(memcpy.o)
                                0x138 (size before relaxing)
 .debug_str     0x000028ff       0x1c C:/Freescale/CW MCU v10.5/MCU/ARM_GCC_Support/ewl/lib/armv6-m\libc.a(memset.o)
                                0x140 (size before relaxing)
 .debug_str     0x0000291b       0x1c C:/Freescale/CW MCU v10.5/MCU/ARM_GCC_Support/ewl/lib/armv6-m\libc.a(strchr.o)
                                0x137 (size before relaxing)
 .debug_str     0x00002937       0x24 C:/Freescale/CW MCU v10.5/MCU/ARM_GCC_Support/ewl/lib/armv6-m\libc.a(strlen.o)
                                0x140 (size before relaxing)
 .debug_str     0x0000295b      0x22e C:/Freescale/CW MCU v10.5/MCU/ARM_GCC_Support/ewl/lib/armv6-m\libc.a(printformat_.o)
                                0x3b3 (size before relaxing)
 .debug_str     0x00002b89      0x17b C:/Freescale/CW MCU v10.5/MCU/ARM_GCC_Support/ewl/lib/armv6-m\libc.a(scanformat_.o)
                                0x3f9 (size before relaxing)
 .debug_str     0x00002d04       0x9d C:/Freescale/CW MCU v10.5/MCU/ARM_GCC_Support/ewl/lib/armv6-m\libc.a(ctype_aeabi.o)
                                0x1bc (size before relaxing)
 .debug_str     0x00002da1       0xe4 C:/Freescale/CW MCU v10.5/MCU/ARM_GCC_Support/ewl/lib/armv6-m\libc.a(__putchar.o)
                                0x39e (size before relaxing)
 .debug_str     0x00002e85       0xc6 C:/Freescale/CW MCU v10.5/MCU/ARM_GCC_Support/ewl/lib/armv6-m\libc.a(ansi_files.o)
                                0x442 (size before relaxing)
 .debug_str     0x00002f4b       0x55 C:/Freescale/CW MCU v10.5/MCU/ARM_GCC_Support/ewl/lib/armv6-m\libc.a(__strtoul.o)
                                0x1fb (size before relaxing)
 .debug_str     0x00002fa0       0x25 C:/Freescale/CW MCU v10.5/MCU/ARM_GCC_Support/ewl/lib/armv6-m\libc.a(__filll_mem.o)
                                0x152 (size before relaxing)
 .debug_str     0x00002fc5       0x1c C:/Freescale/CW MCU v10.5/MCU/ARM_GCC_Support/ewl/lib/armv6-m\libc.a(memchr.o)
                                0x148 (size before relaxing)
 .debug_str     0x00002fe1       0x94 C:/Freescale/CW MCU v10.5/MCU/ARM_GCC_Support/ewl/lib/armv6-m\libc.a(__buffer_io.o)
                                0x373 (size before relaxing)
 .debug_str     0x00003075      0x126 C:/Freescale/CW MCU v10.5/MCU/ARM_GCC_Support/ewl/lib/armv6-m\librt.a(gcc_ctor_dtor.o)
                                0x181 (size before relaxing)
 .debug_str     0x0000319b       0x96 C:/Freescale/CW MCU v10.5/MCU/ARM_GCC_Support/ewl/lib/armv6-m\librt.a(ROMCopy.o)
                                0x13c (size before relaxing)
 .debug_str     0x00003231       0xe9 C:/Freescale/CW MCU v10.5/MCU/ARM_GCC_Support/ewl/lib/armv6-m\librt.a(__arm_eabi_init.o)
                                0x1b5 (size before relaxing)

.comment        0x00000000       0x79
 .comment       0x00000000       0x79 ./Generated_Code/tasks.o
                                 0x7a (size before relaxing)
 .comment       0x00000000       0x7a ./Generated_Code/queue.o
 .comment       0x00000000       0x7a ./Generated_Code/port.o
 .comment       0x00000000       0x7a ./Generated_Code/list.o
 .comment       0x00000000       0x7a ./Generated_Code/heap_2.o
 .comment       0x00000000       0x7a ./Generated_Code/Vectors.o
 .comment       0x00000000       0x7a ./Generated_Code/PE_LDD.o
 .comment       0x00000000       0x7a ./Generated_Code/MMA0.o
 .comment       0x00000000       0x7a ./Generated_Code/IO1.o
 .comment       0x00000000       0x7a ./Generated_Code/I2C1.o
 .comment       0x00000000       0x7a ./Generated_Code/I2C0.o
 .comment       0x00000000       0x7a ./Generated_Code/GI2C0.o
 .comment       0x00000000       0x7a ./Generated_Code/CsIO0.o
 .comment       0x00000000       0x7a ./Generated_Code/Cpu.o
 .comment       0x00000000       0x7a ./Generated_Code/BitIoLdd4.o
 .comment       0x00000000       0x7a ./Generated_Code/BitIoLdd3.o
 .comment       0x00000000       0x7a ./Generated_Code/BitIoLdd2.o
 .comment       0x00000000       0x7a ./Generated_Code/BitIoLdd1.o
 .comment       0x00000000       0x7a ./Project_Settings/Startup_Code/__arm_start.o
 .comment       0x00000000       0x7a ./Project_Settings/Startup_Code/__arm_end.o
 .comment       0x00000000       0x7a ./Sources/Tasks/TaskBuzzer.o
 .comment       0x00000000       0x7a ./Sources/Tasks/TaskAccelerometer.o
 .comment       0x00000000       0x7a ./Sources/Util/GlobalVariables.o
 .comment       0x00000000       0x7a ./Sources/ProcessorExpert.o
 .comment       0x00000000       0x7a ./Sources/Events.o
 .comment       0x00000000       0x7a C:/Freescale/CW MCU v10.5/MCU/ARM_GCC_Support/ewl/lib/armv6-m\libc.a(puts.o)
 .comment       0x00000000       0x7a C:/Freescale/CW MCU v10.5/MCU/ARM_GCC_Support/ewl/lib/armv6-m\libc.a(exit.o)
 .comment       0x00000000       0x7a C:/Freescale/CW MCU v10.5/MCU/ARM_GCC_Support/ewl/lib/armv6-m\libc.a(memcpy.o)
 .comment       0x00000000       0x7a C:/Freescale/CW MCU v10.5/MCU/ARM_GCC_Support/ewl/lib/armv6-m\libc.a(memset.o)
 .comment       0x00000000       0x7a C:/Freescale/CW MCU v10.5/MCU/ARM_GCC_Support/ewl/lib/armv6-m\libc.a(strchr.o)
 .comment       0x00000000       0x7a C:/Freescale/CW MCU v10.5/MCU/ARM_GCC_Support/ewl/lib/armv6-m\libc.a(strlen.o)
 .comment       0x00000000       0x7a C:/Freescale/CW MCU v10.5/MCU/ARM_GCC_Support/ewl/lib/armv6-m\libc.a(printformat_.o)
 .comment       0x00000000       0x7a C:/Freescale/CW MCU v10.5/MCU/ARM_GCC_Support/ewl/lib/armv6-m\libc.a(scanformat_.o)
 .comment       0x00000000       0x7a C:/Freescale/CW MCU v10.5/MCU/ARM_GCC_Support/ewl/lib/armv6-m\libc.a(ctype_aeabi.o)
 .comment       0x00000000       0x7a C:/Freescale/CW MCU v10.5/MCU/ARM_GCC_Support/ewl/lib/armv6-m\libc.a(__putchar.o)
 .comment       0x00000000       0x7a C:/Freescale/CW MCU v10.5/MCU/ARM_GCC_Support/ewl/lib/armv6-m\libc.a(ansi_files.o)
 .comment       0x00000000       0x7a C:/Freescale/CW MCU v10.5/MCU/ARM_GCC_Support/ewl/lib/armv6-m\libc.a(__strtoul.o)
 .comment       0x00000000       0x7a C:/Freescale/CW MCU v10.5/MCU/ARM_GCC_Support/ewl/lib/armv6-m\libc.a(__filll_mem.o)
 .comment       0x00000000       0x7a C:/Freescale/CW MCU v10.5/MCU/ARM_GCC_Support/ewl/lib/armv6-m\libc.a(memchr.o)
 .comment       0x00000000       0x7a C:/Freescale/CW MCU v10.5/MCU/ARM_GCC_Support/ewl/lib/armv6-m\libc.a(__buffer_io.o)
 .comment       0x00000000       0x7a C:/Freescale/CW MCU v10.5/MCU/ARM_GCC_Support/ewl/lib/armv6-m\librt.a(gcc_ctor_dtor.o)
 .comment       0x00000000       0x7a C:/Freescale/CW MCU v10.5/MCU/ARM_GCC_Support/ewl/lib/armv6-m\librt.a(ROMCopy.o)
 .comment       0x00000000       0x7a C:/Freescale/CW MCU v10.5/MCU/ARM_GCC_Support/ewl/lib/armv6-m\librt.a(__arm_eabi_init.o)

.debug_frame    0x00000000     0x208c
 .debug_frame   0x00000000      0x4a0 ./Generated_Code/tasks.o
 .debug_frame   0x000004a0      0x390 ./Generated_Code/queue.o
 .debug_frame   0x00000830      0x18c ./Generated_Code/port.o
 .debug_frame   0x000009bc       0xb0 ./Generated_Code/list.o
 .debug_frame   0x00000a6c       0xa8 ./Generated_Code/heap_2.o
 .debug_frame   0x00000b14       0x6c ./Generated_Code/PE_LDD.o
 .debug_frame   0x00000b80      0x310 ./Generated_Code/MMA0.o
 .debug_frame   0x00000e90       0x90 ./Generated_Code/IO1.o
 .debug_frame   0x00000f20       0xb0 ./Generated_Code/I2C1.o
 .debug_frame   0x00000fd0       0xd0 ./Generated_Code/I2C0.o
 .debug_frame   0x000010a0      0x218 ./Generated_Code/GI2C0.o
 .debug_frame   0x000012b8       0x70 ./Generated_Code/CsIO0.o
 .debug_frame   0x00001328       0x80 ./Generated_Code/Cpu.o
 .debug_frame   0x000013a8       0xd0 ./Generated_Code/BitIoLdd4.o
 .debug_frame   0x00001478       0xb0 ./Generated_Code/BitIoLdd3.o
 .debug_frame   0x00001528       0xb0 ./Generated_Code/BitIoLdd2.o
 .debug_frame   0x000015d8       0xb0 ./Generated_Code/BitIoLdd1.o
 .debug_frame   0x00001688       0x4c ./Project_Settings/Startup_Code/__arm_start.o
 .debug_frame   0x000016d4       0x30 ./Project_Settings/Startup_Code/__arm_end.o
 .debug_frame   0x00001704       0x88 ./Sources/Tasks/TaskBuzzer.o
 .debug_frame   0x0000178c       0xe0 ./Sources/Tasks/TaskAccelerometer.o
 .debug_frame   0x0000186c       0x64 ./Sources/Util/GlobalVariables.o
 .debug_frame   0x000018d0       0x2c ./Sources/ProcessorExpert.o
 .debug_frame   0x000018fc      0x1fc ./Sources/Events.o
 .debug_frame   0x00001af8       0x28 C:/Freescale/CW MCU v10.5/MCU/ARM_GCC_Support/ewl/lib/armv6-m\libc.a(puts.o)
 .debug_frame   0x00001b20       0x2c C:/Freescale/CW MCU v10.5/MCU/ARM_GCC_Support/ewl/lib/armv6-m\libc.a(exit.o)
 .debug_frame   0x00001b4c       0x28 C:/Freescale/CW MCU v10.5/MCU/ARM_GCC_Support/ewl/lib/armv6-m\libc.a(memcpy.o)
 .debug_frame   0x00001b74       0x28 C:/Freescale/CW MCU v10.5/MCU/ARM_GCC_Support/ewl/lib/armv6-m\libc.a(memset.o)
 .debug_frame   0x00001b9c       0x28 C:/Freescale/CW MCU v10.5/MCU/ARM_GCC_Support/ewl/lib/armv6-m\libc.a(strchr.o)
 .debug_frame   0x00001bc4       0x28 C:/Freescale/CW MCU v10.5/MCU/ARM_GCC_Support/ewl/lib/armv6-m\libc.a(strlen.o)
 .debug_frame   0x00001bec       0x54 C:/Freescale/CW MCU v10.5/MCU/ARM_GCC_Support/ewl/lib/armv6-m\libc.a(printformat_.o)
 .debug_frame   0x00001c40       0x34 C:/Freescale/CW MCU v10.5/MCU/ARM_GCC_Support/ewl/lib/armv6-m\libc.a(scanformat_.o)
 .debug_frame   0x00001c74      0x158 C:/Freescale/CW MCU v10.5/MCU/ARM_GCC_Support/ewl/lib/armv6-m\libc.a(ctype_aeabi.o)
 .debug_frame   0x00001dcc       0x2c C:/Freescale/CW MCU v10.5/MCU/ARM_GCC_Support/ewl/lib/armv6-m\libc.a(__putchar.o)
 .debug_frame   0x00001df8       0x48 C:/Freescale/CW MCU v10.5/MCU/ARM_GCC_Support/ewl/lib/armv6-m\libc.a(ansi_files.o)
 .debug_frame   0x00001e40       0x30 C:/Freescale/CW MCU v10.5/MCU/ARM_GCC_Support/ewl/lib/armv6-m\libc.a(__strtoul.o)
 .debug_frame   0x00001e70       0x2c C:/Freescale/CW MCU v10.5/MCU/ARM_GCC_Support/ewl/lib/armv6-m\libc.a(__filll_mem.o)
 .debug_frame   0x00001e9c       0x28 C:/Freescale/CW MCU v10.5/MCU/ARM_GCC_Support/ewl/lib/armv6-m\libc.a(memchr.o)
 .debug_frame   0x00001ec4       0x58 C:/Freescale/CW MCU v10.5/MCU/ARM_GCC_Support/ewl/lib/armv6-m\libc.a(__buffer_io.o)
 .debug_frame   0x00001f1c       0x20 c:/freescale/cw mcu v10.5/cross_tools/arm-none-eabi-gcc-4_7_3/bin/../lib/gcc/arm-none-eabi/4.7.3/armv6-m\libgcc.a(_udivsi3.o)
 .debug_frame   0x00001f3c       0x40 C:/Freescale/CW MCU v10.5/MCU/ARM_GCC_Support/ewl/lib/armv6-m\librt.a(gcc_ctor_dtor.o)
 .debug_frame   0x00001f7c       0x54 C:/Freescale/CW MCU v10.5/MCU/ARM_GCC_Support/ewl/lib/armv6-m\librt.a(ROMCopy.o)
 .debug_frame   0x00001fd0       0xbc C:/Freescale/CW MCU v10.5/MCU/ARM_GCC_Support/ewl/lib/armv6-m\librt.a(__arm_eabi_init.o)
