Archive member included because of file (symbol)

C:/Users/JH/Documents/GitHub/M0PlusFreeRTOS/M0PlusFreeRTOS/Sources/TSS\libTSS_KXX_M0.a(TSS_ASliderDecoder.o)
                              ./Sources/TSS/TSS_SystemSetupData.o (TSS_ASliderDecoder)
C:/Users/JH/Documents/GitHub/M0PlusFreeRTOS/M0PlusFreeRTOS/Sources/TSS\libTSS_KXX_M0.a(TSS_Filters.o)
                              ./Sources/TSS/TSS_SystemSetupData.o (TSS_KeyDetectorInitPrevCapSample)
C:/Users/JH/Documents/GitHub/M0PlusFreeRTOS/M0PlusFreeRTOS/Sources/TSS\libTSS_KXX_M0.a(TSS_KeyDetectorNormal.o)
                              ./Sources/TSS/TSS_SystemSetupData.o (TSS_KeyBasicStuckKeyControl)
C:/Users/JH/Documents/GitHub/M0PlusFreeRTOS/M0PlusFreeRTOS/Sources/TSS\libTSS_KXX_M0.a(TSS_KeyDetector.o)
                              C:/Users/JH/Documents/GitHub/M0PlusFreeRTOS/M0PlusFreeRTOS/Sources/TSS\libTSS_KXX_M0.a(TSS_KeyDetectorNormal.o) (TSS_KeyDetectorResetElectrodeDebouncing)
C:/Users/JH/Documents/GitHub/M0PlusFreeRTOS/M0PlusFreeRTOS/Sources/TSS\libTSS_KXX_M0.a(TSS_Main.o)
                              ./Generated_Code/TSSTouch.o (TSS_Init)
C:/Freescale/CW MCU v10.5/MCU/ARM_GCC_Support/ewl/lib/armv6-m\libc.a(printf.o)
                              ./Sources/Tasks/TaskSendString.o (printf)
C:/Freescale/CW MCU v10.5/MCU/ARM_GCC_Support/ewl/lib/armv6-m\libc.a(puts.o)
                              ./Sources/Tasks/TaskSendString2.o (puts)
C:/Freescale/CW MCU v10.5/MCU/ARM_GCC_Support/ewl/lib/armv6-m\libc.a(sprintf.o)
                              ./Sources/Tasks/TaskSendString.o (sprintf)
C:/Freescale/CW MCU v10.5/MCU/ARM_GCC_Support/ewl/lib/armv6-m\libc.a(vsnprintf.o)
                              C:/Freescale/CW MCU v10.5/MCU/ARM_GCC_Support/ewl/lib/armv6-m\libc.a(sprintf.o) (vsnprintf)
C:/Freescale/CW MCU v10.5/MCU/ARM_GCC_Support/ewl/lib/armv6-m\libc.a(exit.o)
                              ./Project_Settings/Startup_Code/__arm_start.o (exit)
C:/Freescale/CW MCU v10.5/MCU/ARM_GCC_Support/ewl/lib/armv6-m\libc.a(memcpy.o)
                              ./Generated_Code/queue.o (memcpy)
C:/Freescale/CW MCU v10.5/MCU/ARM_GCC_Support/ewl/lib/armv6-m\libc.a(memset.o)
                              ./Generated_Code/tasks.o (memset)
C:/Freescale/CW MCU v10.5/MCU/ARM_GCC_Support/ewl/lib/armv6-m\libc.a(strchr.o)
                              ./Generated_Code/UTIL1.o (strchr)
C:/Freescale/CW MCU v10.5/MCU/ARM_GCC_Support/ewl/lib/armv6-m\libc.a(strlen.o)
                              ./Generated_Code/UTIL1.o (strlen)
C:/Freescale/CW MCU v10.5/MCU/ARM_GCC_Support/ewl/lib/armv6-m\libc.a(strncmp.o)
                              ./Generated_Code/UTIL1.o (strncmp)
C:/Freescale/CW MCU v10.5/MCU/ARM_GCC_Support/ewl/lib/armv6-m\libc.a(printformat_.o)
                              (__pformatter_)
C:/Freescale/CW MCU v10.5/MCU/ARM_GCC_Support/ewl/lib/armv6-m\libc.a(scanformat_.o)
                              (__sformatter)
C:/Freescale/CW MCU v10.5/MCU/ARM_GCC_Support/ewl/lib/armv6-m\libc.a(ctype_aeabi.o)
                              C:/Freescale/CW MCU v10.5/MCU/ARM_GCC_Support/ewl/lib/armv6-m\libc.a(scanformat_.o) (isspace)
C:/Freescale/CW MCU v10.5/MCU/ARM_GCC_Support/ewl/lib/armv6-m\libc.a(__putchar.o)
                              C:/Freescale/CW MCU v10.5/MCU/ARM_GCC_Support/ewl/lib/armv6-m\libc.a(puts.o) (__put_char)
C:/Freescale/CW MCU v10.5/MCU/ARM_GCC_Support/ewl/lib/armv6-m\libc.a(ansi_files.o)
                              C:/Freescale/CW MCU v10.5/MCU/ARM_GCC_Support/ewl/lib/armv6-m\libc.a(printf.o) (__files)
C:/Freescale/CW MCU v10.5/MCU/ARM_GCC_Support/ewl/lib/armv6-m\libc.a(fflush.o)
                              C:/Freescale/CW MCU v10.5/MCU/ARM_GCC_Support/ewl/lib/armv6-m\libc.a(ansi_files.o) (fflush)
C:/Freescale/CW MCU v10.5/MCU/ARM_GCC_Support/ewl/lib/armv6-m\libc.a(fwrite.o)
                              C:/Freescale/CW MCU v10.5/MCU/ARM_GCC_Support/ewl/lib/armv6-m\libc.a(printf.o) (__FileWrite)
C:/Freescale/CW MCU v10.5/MCU/ARM_GCC_Support/ewl/lib/armv6-m\libc.a(__strtoul.o)
                              C:/Freescale/CW MCU v10.5/MCU/ARM_GCC_Support/ewl/lib/armv6-m\libc.a(scanformat_.o) (__strtoul)
C:/Freescale/CW MCU v10.5/MCU/ARM_GCC_Support/ewl/lib/armv6-m\libc.a(__filll_mem.o)
                              C:/Freescale/CW MCU v10.5/MCU/ARM_GCC_Support/ewl/lib/armv6-m\libc.a(memset.o) (__fill_mem)
C:/Freescale/CW MCU v10.5/MCU/ARM_GCC_Support/ewl/lib/armv6-m\libc.a(__memrchr.o)
                              C:/Freescale/CW MCU v10.5/MCU/ARM_GCC_Support/ewl/lib/armv6-m\libc.a(fwrite.o) (__memrchr)
C:/Freescale/CW MCU v10.5/MCU/ARM_GCC_Support/ewl/lib/armv6-m\libc.a(memchr.o)
                              C:/Freescale/CW MCU v10.5/MCU/ARM_GCC_Support/ewl/lib/armv6-m\libc.a(printformat_.o) (memchr)
C:/Freescale/CW MCU v10.5/MCU/ARM_GCC_Support/ewl/lib/armv6-m\libc.a(__buffer_io.o)
                              C:/Freescale/CW MCU v10.5/MCU/ARM_GCC_Support/ewl/lib/armv6-m\libc.a(__putchar.o) (__prep_buffer)
[...]
Memory Configuration

Name             Origin             Length             Attributes
m_interrupts     0x00000000         0x000000c0         xr
m_text           0x00000410         0x0001fbf0         xr
m_data_1FFFF000  0x1ffff000         0x00001000         rw
m_data           0x20000000         0x00003000         rw
m_cfmprotrom     0x00000400         0x00000010         xr
*default*        0x00000000         0xffffffff

Linker script and memory map

LOAD ./Generated_Code/timers.o
LOAD ./Generated_Code/tasks.o
LOAD ./Generated_Code/queue.o
LOAD ./Generated_Code/portasm.o
LOAD ./Generated_Code/port.o
LOAD ./Generated_Code/list.o
LOAD ./Generated_Code/heap_4.o
LOAD ./Generated_Code/heap_3.o
LOAD ./Generated_Code/heap_2.o
LOAD ./Generated_Code/heap_1.o
LOAD ./Generated_Code/event_groups.o
LOAD ./Generated_Code/croutine.o
LOAD ./Generated_Code/WAIT0.o
LOAD ./Generated_Code/Vectors.o
LOAD ./Generated_Code/UTIL1.o
LOAD ./Generated_Code/UTIL0.o
LOAD ./Generated_Code/TU2.o
LOAD ./Generated_Code/TU1.o
LOAD ./Generated_Code/TU0.o
LOAD ./Generated_Code/TSSTouch.o
LOAD ./Generated_Code/SonarTrigger.o
LOAD ./Generated_Code/PwmLdd3.o
LOAD ./Generated_Code/PwmLdd2.o
LOAD ./Generated_Code/PwmLdd1.o
LOAD ./Generated_Code/PWMLEDRed.o
LOAD ./Generated_Code/PWMLEDGreen.o
LOAD ./Generated_Code/PWMLEDBlue.o
LOAD ./Generated_Code/PE_LDD.o
LOAD ./Generated_Code/MotorB.o
LOAD ./Generated_Code/MotorA.o
LOAD ./Generated_Code/MMA0.o
LOAD ./Generated_Code/IO1.o
LOAD ./Generated_Code/I2C1.o
LOAD ./Generated_Code/I2C0.o
LOAD ./Generated_Code/GI2C0.o
LOAD ./Generated_Code/FreeRTOS0.o
LOAD ./Generated_Code/CsIO0.o
LOAD ./Generated_Code/Cpu.o
LOAD ./Generated_Code/Break.o
LOAD ./Generated_Code/AdcLdd1.o
LOAD ./Generated_Code/AD0.o
LOAD ./Project_Settings/Startup_Code/__arm_start.o
LOAD ./Project_Settings/Startup_Code/__arm_end.o
LOAD ./Sources/TSS/TSS_SystemSetupData.o
LOAD ./Sources/TSS/TSS_SensorTSIL.o
LOAD ./Sources/TSS/TSS_SensorTSI.o
LOAD ./Sources/TSS/TSS_SensorGPIO.o
LOAD ./Sources/TSS/TSS_Sensor.o
LOAD ./Sources/TSS/TSS_Freemaster.o
LOAD ./Sources/Tasks/TaskWriteString.o
LOAD ./Sources/Tasks/TaskSonar.o
LOAD ./Sources/Tasks/TaskSendString2.o
LOAD ./Sources/Tasks/TaskSendString1.o
LOAD ./Sources/Tasks/TaskSendString.o
LOAD ./Sources/Tasks/TaskRotateLed.o
LOAD ./Sources/Tasks/TaskRedLed.o
LOAD ./Sources/Tasks/TaskMotorDC.o
LOAD ./Sources/Tasks/TaskGyroscope.o
LOAD ./Sources/Tasks/TaskGreenLed.o
LOAD ./Sources/Tasks/TaskBlueLed.o
LOAD ./Sources/Tasks/TaskAccelerometer.o
LOAD ./Sources/Util/UART.o
LOAD ./Sources/Util/Led.o
LOAD ./Sources/Util/Gyroscope.o
LOAD ./Sources/Util/Accelerometer.o
LOAD ./Sources/sa_mtb.o
LOAD ./Sources/ProcessorExpert.o
LOAD ./Sources/Events.o
                0x00007f18                __pformatter = __pformatter_
                [0x00008340]                __sformatter = __sformatter
LOAD C:/Users/JH/Documents/GitHub/M0PlusFreeRTOS/M0PlusFreeRTOS/Sources/TSS\libTSS_KXX_M0.a
START GROUP
LOAD C:/Freescale/CW MCU v10.5/MCU/ARM_GCC_Support/ewl/lib/armv6-m\libc.a
LOAD C:/Freescale/CW MCU v10.5/MCU/ARM_GCC_Support/ewl/lib/armv6-m\libm.a
LOAD c:/freescale/cw mcu v10.5/cross_tools/arm-none-eabi-gcc-4_7_3/bin/../lib/gcc/arm-none-eabi/4.7.3/armv6-m\libgcc.a
LOAD C:/Freescale/CW MCU v10.5/MCU/ARM_GCC_Support/ewl/lib/armv6-m\librt.a
LOAD C:/Freescale/CW MCU v10.5/MCU/ARM_GCC_Support/ewl/lib/armv6-m\libuart.a
END GROUP
                0x20003000                _estack = 0x20003000
                0x20003000                __SP_INIT = _estack
                0x00000000                __heap_size = 0x0
                0x00000040                __stack_size = 0x40

.interrupts     0x00000000       0xc0
                0x00000000                __vector_table = .
                0x00000000                . = ALIGN (0x4)
 *(.vectortable)
 .vectortable   0x00000000       0xc0 ./Generated_Code/Vectors.o
                0x00000000                __vect_table
                0x000000c0                . = ALIGN (0x4)

.cfmprotect     0x00000400        0x0
                0x00000400                . = ALIGN (0x4)
 *(.cfmconfig)
                0x00000400                . = ALIGN (0x4)

.text           0x00000410     0x8f20
                0x00000410                . = ALIGN (0x4)
 *(.text)
 .text          0x00000410      0x760 C:/Users/JH/Documents/GitHub/M0PlusFreeRTOS/M0PlusFreeRTOS/Sources/TSS\libTSS_KXX_M0.a(TSS_ASliderDecoder.o)
                0x00000410                TSS_ASliderDecoder
                0x00000848                TSS_ASliderCalculatePosIIRFilter
                0x000008ac                TSS_ASliderDelayControl
                0x00000924                TSS_ASliderTrendThreshold
                0x0000094c                TSS_ASliderTrendControl
                0x00000a3c                TSS_SetASliderConfig
                0x00000b3c                TSS_GetASliderConfig
 .text          0x00000b70      0x1c8 C:/Users/JH/Documents/GitHub/M0PlusFreeRTOS/M0PlusFreeRTOS/Sources/TSS\libTSS_KXX_M0.a(TSS_Filters.o)
                0x00000b70                TSS_u16NoiseAmplitudeFilter
                0x00000ba4                TSS_i8NoiseAmplitudeFilter
                0x00000bda                TSS_ShieldEquation
                0x00000c3c                TSS_KeyDetectorInitPrevCapSample
                0x00000c50                TSS_KeyDetectorCalculateIIRFilter
                0x00000c70                TSS_KeyDetectorCalculateShielding
                0x00000c84                TSS_KeyDetectorSignalDivider
                0x00000ca0                TSS_KeyDetectorSignalMultiplier
                0x00000cd0                TSS_SubUInt16WithUInt16ToSInt16
                0x00000cfc                TSS_ShiftSInt16ToUInt16
                0x00000d08                TSS_CutSInt16ToSInt8
                0x00000d20                TSS_SensitivityLowLimitControl
 .text          0x00000d38      0x854 C:/Users/JH/Documents/GitHub/M0PlusFreeRTOS/M0PlusFreeRTOS/Sources/TSS\libTSS_KXX_M0.a(TSS_KeyDetectorNormal.o)
                0x00000db0                TSS_KeyBasicStuckKeyControl
                0x00000dfc                TSS_KeyBasicDetect
                0x00000fac                TSS_KeyBasicNegativeBaselineDrop
                0x00001038                TSS_KeyBasicElectrodeEval
                0x000012a4                TSS_KeyBasicSensAutoCalibration
                0x000014e4                TSS_KeyBasicDeltaNoiseAnalysisIIRControl
                0x00001558                TSS_KeyBasicGetSystemDataContext
 .text          0x0000158c      0x6c8 C:/Users/JH/Documents/GitHub/M0PlusFreeRTOS/M0PlusFreeRTOS/Sources/TSS\libTSS_KXX_M0.a(TSS_KeyDetector.o)
                0x000015cc                TSS_KeyDetectorResetElectrodeDebouncing
                0x000015e8                TSS_KeyDetectorResetElectrode
                0x000015fc                TSS_KeyDetectorRestartElectrode
                0x00001644                TSS_KeyDetectorRecalibrateModules
                0x00001658                TSS_KeyDetectorInit
                0x00001690                TSS_KeyDetectorResetElectrodeMeasured
                0x000016b8                TSS_KeyDetectorCalculateDelta
                0x000016d8                TSS_KeyDetectorFillDeltaLogBuffer
                0x000016f0                TSS_KeyDetectorFillSignalLogBuffer
                0x00001704                TSS_KeyDetectorResetStuckKeyCounter
                0x00001710                TSS_KeyDetectorGetDCTrackerCounter
                0x0000171c                TSS_KeyDetectorGetSlowDCTrackerCounter
                0x00001728                TSS_KeyDetectorCalibrate
                0x0000174c                TSS_KeyDetectorReleaseElectrode
                0x0000176c                TSS_KeyDetectorMainSequenced
                0x00001930                TSS_KeyDetectorMain
                0x00001ae0                TSS_KeyDetectorElectrodeStatusUpdate
                0x00001b14                TSS_KeyDetectorGetElectrodeGroupStatus
                0x00001b50                TSS_KeyDetectorGetElectrodeEnablerStatus
                0x00001c04                TSS_KeyDetectorRecalibrationRequest
                0x00001c18                TSS_KeyDetectorGetShieldElectrodeReleaseStatus
 .text          0x00001c54     0x10a0 C:/Users/JH/Documents/GitHub/M0PlusFreeRTOS/M0PlusFreeRTOS/Sources/TSS\libTSS_KXX_M0.a(TSS_Main.o)
                0x00001cec                TSS_InitRegisterArrays
                0x00001d44                TSS_InitInternalArrays
                0x00001d94                TSS_Init
                0x00001df8                TSS_DataCorruptionCheck
                0x00001eac                TSS_FaultEvaluation
                0x00001f24                TSS_DecodersControl
                0x00001f90                TSS_TriggerControl
                0x00001fe4                TSS_Task
                0x000020bc                TSS_TaskSeq
                0x00002194                TSS_InternalControlPrivateData
                0x000021b8                TSS_SetControlPrivateData
                0x000021cc                TSS_GetControlPrivateData
                0x000021e8                TSS_GetControlStruct
                0x00002208                TSS_GetControlNumberOfElectrodes
                0x00002228                TSS_GetControlFirstElectrodeIndex
                0x0000224c                TSS_GetControlLastElectrodeIndex
                0x00002274                TSS_GetControlElectrodeIndex
                0x0000229c                TSS_SetControlElectrodesEnablers
                0x00002324                TSS_GetControlElectrodesStatus
                0x0000234c                TSS_TriggerConfig
                0x000023c0                TSS_LowPowerConfig
                0x00002464                TSS_ProximityConfig
                0x000024bc                TSS_SetSystemConfig
                0x000027f0                TSS_GetSystemConfig
                0x00002910                TSS_BrowseModules
                0x000029b8                TSS_LoadElectrodeData
                0x00002a60                TSS_StoreElectrodeData
                0x00002ae0                TSS_LoadModulesData
                0x00002b48                TSS_StoreModulesData
                0x00002b8c                TSS_LoadAllSystemData
                0x00002c38                TSS_StoreAllSystemData
 .text          0x00002cf4       0x14 c:/freescale/cw mcu v10.5/cross_tools/arm-none-eabi-gcc-4_7_3/bin/../lib/gcc/arm-none-eabi/4.7.3/armv6-m\libgcc.a(_thumb1_case_sqi.o)
                0x00002cf4                __gnu_thumb1_case_sqi
 .text          0x00002d08       0x14 c:/freescale/cw mcu v10.5/cross_tools/arm-none-eabi-gcc-4_7_3/bin/../lib/gcc/arm-none-eabi/4.7.3/armv6-m\libgcc.a(_thumb1_case_uqi.o)
                0x00002d08                __gnu_thumb1_case_uqi
 .text          0x00002d1c       0x9c c:/freescale/cw mcu v10.5/cross_tools/arm-none-eabi-gcc-4_7_3/bin/../lib/gcc/arm-none-eabi/4.7.3/armv6-m\libgcc.a(_udivsi3.o)
                0x00002d1c                __aeabi_uidiv
                0x00002d1c                __udivsi3
                0x00002da4                __aeabi_uidivmod
 .text          0x00002db8       0xc0 c:/freescale/cw mcu v10.5/cross_tools/arm-none-eabi-gcc-4_7_3/bin/../lib/gcc/arm-none-eabi/4.7.3/armv6-m\libgcc.a(_divsi3.o)
                0x00002db8                __divsi3
                0x00002db8                __aeabi_idiv
                0x00002e64                __aeabi_idivmod
 .text          0x00002e78        0x4 c:/freescale/cw mcu v10.5/cross_tools/arm-none-eabi-gcc-4_7_3/bin/../lib/gcc/arm-none-eabi/4.7.3/armv6-m\libgcc.a(_dvmd_tls.o)
                0x00002e78                __aeabi_idiv0
                0x00002e78                __aeabi_ldiv0
 *(.text*)
 .text.xTaskGenericCreate
                0x00002e7c      0x164 ./Generated_Code/tasks.o
                0x00002e7c                xTaskGenericCreate
 .text.vTaskDelay
                0x00002fe0       0x64 ./Generated_Code/tasks.o
                0x00002fe0                vTaskDelay
 .text.vTaskStartScheduler
                0x00003044       0x64 ./Generated_Code/tasks.o
                0x00003044                vTaskStartScheduler
 .text.vTaskSuspendAll
                0x000030a8       0x18 ./Generated_Code/tasks.o
                0x000030a8                vTaskSuspendAll
 .text.xTaskResumeAll
                0x000030c0      0x108 ./Generated_Code/tasks.o
                0x000030c0                xTaskResumeAll
 .text.xTaskIncrementTick
                0x000031c8      0x180 ./Generated_Code/tasks.o
                0x000031c8                xTaskIncrementTick
 .text.vTaskSwitchContext
                0x00003348       0xc0 ./Generated_Code/tasks.o
                0x00003348                vTaskSwitchContext
 .text.vTaskPlaceOnEventList
                0x00003408       0x6c ./Generated_Code/tasks.o
                0x00003408                vTaskPlaceOnEventList
 .text.xTaskRemoveFromEventList
                0x00003474       0xb8 ./Generated_Code/tasks.o
                0x00003474                xTaskRemoveFromEventList
 .text.vTaskSetTimeOutState
                0x0000352c       0x30 ./Generated_Code/tasks.o
                0x0000352c                vTaskSetTimeOutState
 .text.xTaskCheckForTimeOut
                0x0000355c       0x9c ./Generated_Code/tasks.o
                0x0000355c                xTaskCheckForTimeOut
 .text.vTaskMissedYield
                0x000035f8       0x14 ./Generated_Code/tasks.o
                0x000035f8                vTaskMissedYield
 .text.prvIdleTask
                0x0000360c       0x24 ./Generated_Code/tasks.o
 .text.prvInitialiseTCBVariables
                0x00003630       0x94 ./Generated_Code/tasks.o
 .text.prvInitialiseTaskLists
                0x000036c4       0x7c ./Generated_Code/tasks.o
 .text.prvCheckTasksWaitingTermination
                0x00003740        0x8 ./Generated_Code/tasks.o
 .text.prvAddCurrentTaskToDelayedList
                0x00003748       0x6c ./Generated_Code/tasks.o
 .text.prvAllocateTCBAndStack
                0x000037b4       0x70 ./Generated_Code/tasks.o
 .text.prvResetNextTaskUnblockTime
                0x00003824       0x44 ./Generated_Code/tasks.o
 .text.xTaskGetCurrentTaskHandle
                0x00003868       0x1c ./Generated_Code/tasks.o
                0x00003868                xTaskGetCurrentTaskHandle
 .text.xTaskGetSchedulerState
                0x00003884       0x38 ./Generated_Code/tasks.o
                0x00003884                xTaskGetSchedulerState
 .text.vTaskPriorityInherit
                0x000038bc       0xbc ./Generated_Code/tasks.o
                0x000038bc                vTaskPriorityInherit
 .text.vTaskPriorityDisinherit
                0x00003978       0x84 ./Generated_Code/tasks.o
                0x00003978                vTaskPriorityDisinherit
 .text.xQueueCreateMutex
                0x000039fc       0x8c ./Generated_Code/queue.o
                0x000039fc                xQueueCreateMutex
 .text.xQueueGiveMutexRecursive
                0x00003a88       0x58 ./Generated_Code/queue.o
                0x00003a88                xQueueGiveMutexRecursive
 .text.xQueueTakeMutexRecursive
                0x00003ae0       0x64 ./Generated_Code/queue.o
                0x00003ae0                xQueueTakeMutexRecursive
 .text.xQueueGenericSend
                0x00003b44      0x180 ./Generated_Code/queue.o
                0x00003b44                xQueueGenericSend
 .text.xQueueGenericReceive
                0x00003cc4      0x1bc ./Generated_Code/queue.o
                0x00003cc4                xQueueGenericReceive
 .text.prvCopyDataToQueue
                0x00003e80       0xd4 ./Generated_Code/queue.o
 .text.prvCopyDataFromQueue
                0x00003f54       0x50 ./Generated_Code/queue.o
 .text.prvUnlockQueue
                0x00003fa4       0x98 ./Generated_Code/queue.o
 .text.prvIsQueueEmpty
                0x0000403c       0x2c ./Generated_Code/queue.o
 .text.prvIsQueueFull
                0x00004068       0x30 ./Generated_Code/queue.o
 .text.pxPortInitialiseStack
                0x00004098       0x50 ./Generated_Code/port.o
                0x00004098                pxPortInitialiseStack
 .text.vPortInitTickTimer
                0x000040e8       0x3c ./Generated_Code/port.o
                0x000040e8                vPortInitTickTimer
 .text.vPortStartTickTimer
                0x00004124       0x14 ./Generated_Code/port.o
                0x00004124                vPortStartTickTimer
 .text.vPortStopTickTimer
                0x00004138       0x14 ./Generated_Code/port.o
                0x00004138                vPortStopTickTimer
 .text.xPortStartScheduler
                0x0000414c       0x34 ./Generated_Code/port.o
                0x0000414c                xPortStartScheduler
 .text.vPortEnterCritical
                0x00004180       0x20 ./Generated_Code/port.o
                0x00004180                vPortEnterCritical
 .text.vPortExitCritical
                0x000041a0       0x20 ./Generated_Code/port.o
                0x000041a0                vPortExitCritical
 .text.vPortYieldFromISR
                0x000041c0       0x1c ./Generated_Code/port.o
                0x000041c0                vPortYieldFromISR
 .text.vPortTickHandler
                0x000041dc       0x1c ./Generated_Code/port.o
                0x000041dc                vPortTickHandler
 .text.vPortStartFirstTask
                0x000041f8       0x1c ./Generated_Code/port.o
                0x000041f8                vPortStartFirstTask
 .text.vPortSVCHandler
                0x00004214       0x28 ./Generated_Code/port.o
                0x00004214                vPortSVCHandler
 .text.vPortPendSVHandler
                0x0000423c       0x44 ./Generated_Code/port.o
                0x0000423c                vPortPendSVHandler
 .text.vListInitialise
                0x00004280       0x3c ./Generated_Code/list.o
                0x00004280                vListInitialise
 .text.vListInitialiseItem
                0x000042bc       0x14 ./Generated_Code/list.o
                0x000042bc                vListInitialiseItem
 .text.vListInsertEnd
                0x000042d0       0x44 ./Generated_Code/list.o
                0x000042d0                vListInsertEnd
 .text.vListInsert
                0x00004314       0x6c ./Generated_Code/list.o
                0x00004314                vListInsert
 .text.uxListRemove
                0x00004380       0x50 ./Generated_Code/list.o
                0x00004380                uxListRemove
 .text.pvPortMalloc
                0x000043d0      0x12c ./Generated_Code/heap_2.o
                0x000043d0                pvPortMalloc
 .text.vPortFree
                0x000044fc       0x78 ./Generated_Code/heap_2.o
                0x000044fc                vPortFree
 .text.prvHeapInit
                0x00004574       0x4c ./Generated_Code/heap_2.o
 .text.TU2_ResetCounter
                0x000045c0       0x1c ./Generated_Code/TU2.o
                0x000045c0                TU2_ResetCounter
 .text.TU2_GetCaptureValue
                0x000045dc       0x60 ./Generated_Code/TU2.o
                0x000045dc                TU2_GetCaptureValue
 .text.TU2_Interrupt
                0x0000463c       0xb0 ./Generated_Code/TU2.o
                0x0000463c                TU2_Interrupt
 .text.TU1_Init
                0x000046ec       0xe4 ./Generated_Code/TU1.o
                0x000046ec                TU1_Init
 .text.TU1_GetPeriodTicks
                0x000047d0       0x3c ./Generated_Code/TU1.o
                0x000047d0                TU1_GetPeriodTicks
 .text.TU1_SetOffsetTicks
                0x0000480c       0x58 ./Generated_Code/TU1.o
                0x0000480c                TU1_SetOffsetTicks
 .text.TU0_Init
                0x00004864       0xe0 ./Generated_Code/TU0.o
                0x00004864                TU0_Init
 .text.TSSTouch_InitDevices
                0x00004944       0x44 ./Generated_Code/TSSTouch.o
                0x00004944                TSSTouch_InitDevices
 .text.SonarTrigger_Init
                0x00004988       0x9c ./Generated_Code/SonarTrigger.o
                0x00004988                SonarTrigger_Init
 .text.PwmLdd3_Init
                0x00004a24       0x54 ./Generated_Code/PwmLdd3.o
                0x00004a24                PwmLdd3_Init
 .text.PwmLdd3_SetRatio8
                0x00004a78       0x34 ./Generated_Code/PwmLdd3.o
                0x00004a78                PwmLdd3_SetRatio8
 .text.SetRatio
                0x00004aac       0x68 ./Generated_Code/PwmLdd3.o
 .text.PwmLdd2_Init
                0x00004b14       0x54 ./Generated_Code/PwmLdd2.o
                0x00004b14                PwmLdd2_Init
 .text.PwmLdd1_Init
                0x00004b68       0x54 ./Generated_Code/PwmLdd1.o
                0x00004b68                PwmLdd1_Init
 .text.MotorB_Init
                0x00004bbc       0x78 ./Generated_Code/MotorB.o
                0x00004bbc                MotorB_Init
 .text.MotorA_Init
                0x00004c34       0x78 ./Generated_Code/MotorA.o
                0x00004c34                MotorA_Init
 .text.MMA0_Init
                0x00004cac       0x38 ./Generated_Code/MMA0.o
                0x00004cac                MMA0_Init
 .text.MMA0_GetXmg
                0x00004ce4       0x30 ./Generated_Code/MMA0.o
                0x00004ce4                MMA0_GetXmg
 .text.MMA0_GetYmg
                0x00004d14       0x30 ./Generated_Code/MMA0.o
                0x00004d14                MMA0_GetYmg
 .text.MMA0_GetZmg
                0x00004d44       0x30 ./Generated_Code/MMA0.o
                0x00004d44                MMA0_GetZmg
 .text.MMA0_MeasureGetRawX
                0x00004d74       0x40 ./Generated_Code/MMA0.o
                0x00004d74                MMA0_MeasureGetRawX
 .text.MMA0_MeasureGetRawY
                0x00004db4       0x40 ./Generated_Code/MMA0.o
                0x00004db4                MMA0_MeasureGetRawY
 .text.MMA0_MeasureGetRawZ
                0x00004df4       0x40 ./Generated_Code/MMA0.o
                0x00004df4                MMA0_MeasureGetRawZ
 .text.MMA0_GetX
                0x00004e34       0x38 ./Generated_Code/MMA0.o
                0x00004e34                MMA0_GetX
 .text.MMA0_GetY
                0x00004e6c       0x38 ./Generated_Code/MMA0.o
                0x00004e6c                MMA0_GetY
 .text.MMA0_GetZ
                0x00004ea4       0x38 ./Generated_Code/MMA0.o
                0x00004ea4                MMA0_GetZ
 .text.IO1_Init
                0x00004edc      0x16c ./Generated_Code/IO1.o
                0x00004edc                IO1_Init
 .text.I2C1_Interrupt
                0x00005048      0x26c ./Generated_Code/I2C1.o
                0x00005048                I2C1_Interrupt
 .text.I2C0_Interrupt
                0x000052b4      0x278 ./Generated_Code/I2C0.o
                0x000052b4                I2C0_Interrupt
 .text.I2C0_Init
                0x0000552c      0x11c ./Generated_Code/I2C0.o
                0x0000552c                I2C0_Init
 .text.I2C0_MasterSendBlock
                0x00005648      0x158 ./Generated_Code/I2C0.o
                0x00005648                I2C0_MasterSendBlock
 .text.I2C0_MasterReceiveBlock
                0x000057a0      0x158 ./Generated_Code/I2C0.o
                0x000057a0                I2C0_MasterReceiveBlock
 .text.I2C0_SelectSlaveDevice
                0x000058f8      0x100 ./Generated_Code/I2C0.o
                0x000058f8                I2C0_SelectSlaveDevice
 .text.GI2C0_RequestBus
                0x000059f8       0x1c ./Generated_Code/GI2C0.o
                0x000059f8                GI2C0_RequestBus
 .text.GI2C0_ReleaseBus
                0x00005a14       0x18 ./Generated_Code/GI2C0.o
                0x00005a14                GI2C0_ReleaseBus
 .text.GI2C0_SelectSlave
                0x00005a2c       0x40 ./Generated_Code/GI2C0.o
                0x00005a2c                GI2C0_SelectSlave
 .text.GI2C0_UnselectSlave
                0x00005a6c       0x10 ./Generated_Code/GI2C0.o
                0x00005a6c                GI2C0_UnselectSlave
 .text.GI2C0_ReadAddress
                0x00005a7c       0xd8 ./Generated_Code/GI2C0.o
                0x00005a7c                GI2C0_ReadAddress
 .text.GI2C0_WriteAddress
                0x00005b54      0x140 ./Generated_Code/GI2C0.o
                0x00005b54                GI2C0_WriteAddress
 .text.I2C0_OnMasterBlockSent
                0x00005c94       0x24 ./Generated_Code/GI2C0.o
                0x00005c94                I2C0_OnMasterBlockSent
 .text.I2C0_OnMasterBlockReceived
                0x00005cb8       0x24 ./Generated_Code/GI2C0.o
                0x00005cb8                I2C0_OnMasterBlockReceived
 .text.GI2C0_Init
                0x00005cdc       0x40 ./Generated_Code/GI2C0.o
                0x00005cdc                GI2C0_Init
 .text.GI2C0_WriteByteAddress8
                0x00005d1c       0x34 ./Generated_Code/GI2C0.o
                0x00005d1c                GI2C0_WriteByteAddress8
 .text.__read_console
                0x00005d50       0x80 ./Generated_Code/CsIO0.o
                0x00005d50                __read_console
 .text.__write_console
                0x00005dd0       0x7c ./Generated_Code/CsIO0.o
                0x00005dd0                __write_console
 .text.__close_console
                0x00005e4c       0x14 ./Generated_Code/CsIO0.o
                0x00005e4c                __close_console
 .text.Cpu_INT_NMIInterrupt
                0x00005e60        0xc ./Generated_Code/Cpu.o
                0x00005e60                Cpu_INT_NMIInterrupt
 .text.Cpu_Interrupt
                0x00005e6c        0xc ./Generated_Code/Cpu.o
                0x00005e6c                Cpu_Interrupt
 .text.__init_hardware
                0x00005e78      0x174 ./Generated_Code/Cpu.o
                0x00005e78                __init_hardware
 .text.PE_low_level_init
                0x00005fec      0x104 ./Generated_Code/Cpu.o
                0x00005fec                PE_low_level_init
 .text.Break_Init
                0x000060f0       0x78 ./Generated_Code/Break.o
                0x000060f0                Break_Init
 .text.AdcLdd1_Init
                0x00006168       0xc0 ./Generated_Code/AdcLdd1.o
                0x00006168                AdcLdd1_Init
 .text.AD0_Init
                0x00006228       0x2c ./Generated_Code/AD0.o
                0x00006228                AD0_Init
 .text.zero_fill_bss
                0x00006254       0x24 ./Project_Settings/Startup_Code/__arm_start.o
 .text.__thumb_startup
                0x00006278       0x30 ./Project_Settings/Startup_Code/__arm_start.o
                0x00006278                __thumb_startup
 .text._ExitProcess
                0x000062a8        0xc ./Project_Settings/Startup_Code/__arm_end.o
                0x000062a8                _ExitProcess
 .text.TSS_IIRFilterEquation
                0x000062b4       0x30 ./Sources/TSS/TSS_SystemSetupData.o
                0x000062b4                TSS_IIRFilterEquation
 .text.TSIL_InitModule
                0x000062e4       0x38 ./Sources/TSS/TSS_SensorTSIL.o
                0x000062e4                TSIL_InitModule
 .text.TSIL_SetNSamples
                0x0000631c       0x68 ./Sources/TSS/TSS_SensorTSIL.o
                0x0000631c                TSIL_SetNSamples
 .text.TSIL_InitLowPower
                0x00006384       0x8c ./Sources/TSS/TSS_SensorTSIL.o
                0x00006384                TSIL_InitLowPower
 .text.TSIL_InitPEN
                0x00006410      0x238 ./Sources/TSS/TSS_SensorTSIL.o
                0x00006410                TSIL_InitPEN
 .text.TSIL_Recalibrate
                0x00006648      0x604 ./Sources/TSS/TSS_SensorTSIL.o
                0x00006648                TSIL_Recalibrate
 .text.TSIL_InitThresholds
                0x00006c4c      0x118 ./Sources/TSS/TSS_SensorTSIL.o
                0x00006c4c                TSIL_InitThresholds
 .text.TSIL_InitTrigger
                0x00006d64      0x1b8 ./Sources/TSS/TSS_SensorTSIL.o
                0x00006d64                TSIL_InitTrigger
 .text.TSIL_MethodControl
                0x00006f1c      0x340 ./Sources/TSS/TSS_SensorTSIL.o
                0x00006f1c                TSIL_MethodControl
 .text.TSIL_ReadCounter
                0x0000725c       0xd4 ./Sources/TSS/TSS_SensorTSIL.o
                0x0000725c                TSIL_ReadCounter
 .text.TSIL_HandleMeasurement
                0x00007330       0xfc ./Sources/TSS/TSS_SensorTSIL.o
                0x00007330                TSIL_HandleMeasurement
 .text.TSIL_SampleElectrode
                0x0000742c      0x284 ./Sources/TSS/TSS_SensorTSIL.o
                0x0000742c                TSIL_SampleElectrode
 .text.TSS_TSI0Isr
                0x000076b0      0x1d4 ./Sources/TSS/TSS_SensorTSIL.o
                0x000076b0                TSS_TSI0Isr
 .text.TSS_SensorInitCallback
                0x00007884       0x3c ./Sources/TSS/TSS_Sensor.o
                0x00007884                TSS_SensorInitCallback
 .text.TSS_SensorInit
                0x000078c0       0x2c ./Sources/TSS/TSS_Sensor.o
                0x000078c0                TSS_SensorInit
 .text.sonarEventEchoOverflow
                0x000078ec       0x18 ./Sources/Tasks/TaskSonar.o
                0x000078ec                sonarEventEchoOverflow
 .text.sonarEventEchoCapture
                0x00007904       0x50 ./Sources/Tasks/TaskSonar.o
                0x00007904                sonarEventEchoCapture
 .text.taskAccelerometerWork
                0x00007954      0x160 ./Sources/Tasks/TaskAccelerometer.o
                0x00007954                taskAccelerometerWork
 .text.TaskAccelerometer
                0x00007ab4       0x50 ./Sources/Tasks/TaskAccelerometer.o
 .text.taskAccelerometerStart
                0x00007b04       0x40 ./Sources/Tasks/TaskAccelerometer.o
                0x00007b04                taskAccelerometerStart
 .text.main     0x00007b44       0x1c ./Sources/ProcessorExpert.o
                0x00007b44                main
 .text.I2C1_OnMasterBlockSent
                0x00007b60       0x18 ./Sources/Events.o
                0x00007b60                I2C1_OnMasterBlockSent
 .text.I2C1_OnMasterBlockReceived
                0x00007b78       0x18 ./Sources/Events.o
                0x00007b78                I2C1_OnMasterBlockReceived
 .text.TSSTouch_fOnFault
                0x00007b90       0x3c ./Sources/Events.o
                0x00007b90                TSSTouch_fOnFault
 .text.TSSTouch_fOnInit
                0x00007bcc        0xc ./Sources/Events.o
                0x00007bcc                TSSTouch_fOnInit
 .text.TSSTouch_fCallBack0
                0x00007bd8       0x98 ./Sources/Events.o
                0x00007bd8                TSSTouch_fCallBack0
 .text.TU2_OnCounterRestart
                0x00007c70       0x18 ./Sources/Events.o
                0x00007c70                TU2_OnCounterRestart
 .text.TU2_OnChannel0
                0x00007c88       0x18 ./Sources/Events.o
                0x00007c88                TU2_OnChannel0
 .text.Cpu_OnNMIINT0
                0x00007ca0        0x8 ./Sources/Events.o
                0x00007ca0                Cpu_OnNMIINT0
 .text.FreeRTOS0_vApplicationStackOverflowHook
                0x00007ca8       0x10 ./Sources/Events.o
                0x00007ca8                FreeRTOS0_vApplicationStackOverflowHook
 .text.FreeRTOS0_vApplicationTickHook
                0x00007cb8        0x8 ./Sources/Events.o
                0x00007cb8                FreeRTOS0_vApplicationTickHook
 .text.FreeRTOS0_vApplicationIdleHook
                0x00007cc0        0x8 ./Sources/Events.o
                0x00007cc0                FreeRTOS0_vApplicationIdleHook
 .text.FreeRTOS0_vApplicationMallocFailedHook
                0x00007cc8        0x8 ./Sources/Events.o
                0x00007cc8                FreeRTOS0_vApplicationMallocFailedHook
 .text.printf   0x00007cd0       0x28 C:/Freescale/CW MCU v10.5/MCU/ARM_GCC_Support/ewl/lib/armv6-m\libc.a(printf.o)
                0x00007cd0                printf
 .text.exit     0x00007cf8       0x38 C:/Freescale/CW MCU v10.5/MCU/ARM_GCC_Support/ewl/lib/armv6-m\libc.a(exit.o)
                0x00007cf8                exit
 .text.memcpy   0x00007d30       0x12 C:/Freescale/CW MCU v10.5/MCU/ARM_GCC_Support/ewl/lib/armv6-m\libc.a(memcpy.o)
                0x00007d30                memcpy
 .text.memset   0x00007d42        0xc C:/Freescale/CW MCU v10.5/MCU/ARM_GCC_Support/ewl/lib/armv6-m\libc.a(memset.o)
                0x00007d42                memset
 .text.strchr   0x00007d4e       0x1e C:/Freescale/CW MCU v10.5/MCU/ARM_GCC_Support/ewl/lib/armv6-m\libc.a(strchr.o)
                0x00007d4e                strchr
 .text.strlen   0x00007d6c       0x10 C:/Freescale/CW MCU v10.5/MCU/ARM_GCC_Support/ewl/lib/armv6-m\libc.a(strlen.o)
                0x00007d6c                strlen
 .text.long2str.isra.0
                0x00007d7c      0x19c C:/Freescale/CW MCU v10.5/MCU/ARM_GCC_Support/ewl/lib/armv6-m\libc.a(printformat_.o)
 .text.__pformatter_
                0x00007f18      0x428 C:/Freescale/CW MCU v10.5/MCU/ARM_GCC_Support/ewl/lib/armv6-m\libc.a(printformat_.o)
                0x00007f18                __pformatter_
 .text.__sformatter
                0x00008340      0x698 C:/Freescale/CW MCU v10.5/MCU/ARM_GCC_Support/ewl/lib/armv6-m\libc.a(scanformat_.o)
                0x00008340                __sformatter
 .text.isalpha  0x000089d8       0x20 C:/Freescale/CW MCU v10.5/MCU/ARM_GCC_Support/ewl/lib/armv6-m\libc.a(ctype_aeabi.o)
                0x000089d8                isalpha
 .text.isspace  0x000089f8       0x20 C:/Freescale/CW MCU v10.5/MCU/ARM_GCC_Support/ewl/lib/armv6-m\libc.a(ctype_aeabi.o)
                0x000089f8                isspace
 .text.toupper  0x00008a18        0xe C:/Freescale/CW MCU v10.5/MCU/ARM_GCC_Support/ewl/lib/armv6-m\libc.a(ctype_aeabi.o)
                0x00008a18                toupper
 .text.__fwrite
                0x00008a26      0x160 C:/Freescale/CW MCU v10.5/MCU/ARM_GCC_Support/ewl/lib/armv6-m\libc.a(fwrite.o)
                0x00008a26                __fwrite
 .text.__FileWrite
                0x00008b86       0x1c C:/Freescale/CW MCU v10.5/MCU/ARM_GCC_Support/ewl/lib/armv6-m\libc.a(fwrite.o)
                0x00008b86                __FileWrite
 .text.__strtoul
                0x00008ba2      0x1ce C:/Freescale/CW MCU v10.5/MCU/ARM_GCC_Support/ewl/lib/armv6-m\libc.a(__strtoul.o)
                0x00008ba2                __strtoul
 .text.__fill_mem
                0x00008d70       0x7e C:/Freescale/CW MCU v10.5/MCU/ARM_GCC_Support/ewl/lib/armv6-m\libc.a(__filll_mem.o)
                0x00008d70                __fill_mem
 .text.__memrchr
                0x00008dee       0x1e C:/Freescale/CW MCU v10.5/MCU/ARM_GCC_Support/ewl/lib/armv6-m\libc.a(__memrchr.o)
                0x00008dee                __memrchr
 .text.memchr   0x00008e0c       0x1a C:/Freescale/CW MCU v10.5/MCU/ARM_GCC_Support/ewl/lib/armv6-m\libc.a(memchr.o)
                0x00008e0c                memchr
 .text.__prep_buffer
                0x00008e26       0x14 C:/Freescale/CW MCU v10.5/MCU/ARM_GCC_Support/ewl/lib/armv6-m\libc.a(__buffer_io.o)
                0x00008e26                __prep_buffer
 .text.__flush_buffer
                0x00008e3a       0x38 C:/Freescale/CW MCU v10.5/MCU/ARM_GCC_Support/ewl/lib/armv6-m\libc.a(__buffer_io.o)
                0x00008e3a                __flush_buffer
 *fill*         0x00008e72        0x2 00
 .text.__init_cpp
                0x00008e74       0x48 C:/Freescale/CW MCU v10.5/MCU/ARM_GCC_Support/ewl/lib/armv6-m\librt.a(gcc_ctor_dtor.o)
                0x00008e74                __init_cpp
 .text.__fini_cpp
                0x00008ebc       0x34 C:/Freescale/CW MCU v10.5/MCU/ARM_GCC_Support/ewl/lib/armv6-m\librt.a(gcc_ctor_dtor.o)
                0x00008ebc                __fini_cpp
 .text.__copy_rom_section
                0x00008ef0       0x48 C:/Freescale/CW MCU v10.5/MCU/ARM_GCC_Support/ewl/lib/armv6-m\librt.a(ROMCopy.o)
                0x00008ef0                __copy_rom_section
 .text.__copy_rom_sections_to_ram
                0x00008f38       0x34 C:/Freescale/CW MCU v10.5/MCU/ARM_GCC_Support/ewl/lib/armv6-m\librt.a(ROMCopy.o)
                0x00008f38                __copy_rom_sections_to_ram
 .text.__destroy_global_chain
                0x00008f6c       0x1c C:/Freescale/CW MCU v10.5/MCU/ARM_GCC_Support/ewl/lib/armv6-m\librt.a(__arm_eabi_init.o)
                0x00008f6c                __destroy_global_chain
 .text.__init_registers
                0x00008f88       0x1c C:/Freescale/CW MCU v10.5/MCU/ARM_GCC_Support/ewl/lib/armv6-m\librt.a(__arm_eabi_init.o)
                0x00008f88                __init_registers
 .text.__init_user
                0x00008fa4        0x4 C:/Freescale/CW MCU v10.5/MCU/ARM_GCC_Support/ewl/lib/armv6-m\librt.a(__arm_eabi_init.o)
                0x00008fa4                __init_user
 *(.rodata)
 .rodata        0x00008fa8        0x8 ./Generated_Code/tasks.o
 .rodata        0x00008fb0       0xc8 ./Sources/Tasks/TaskAccelerometer.o
 .rodata        0x00009078       0x14 C:/Users/JH/Documents/GitHub/M0PlusFreeRTOS/M0PlusFreeRTOS/Sources/TSS\libTSS_KXX_M0.a(TSS_KeyDetector.o)
 .rodata        0x0000908c        0xc C:/Users/JH/Documents/GitHub/M0PlusFreeRTOS/M0PlusFreeRTOS/Sources/TSS\libTSS_KXX_M0.a(TSS_Main.o)
 *(.rodata*)
 .rodata.heapSTRUCT_SIZE
                0x00009098        0x2 ./Generated_Code/heap_2.o
 *fill*         0x0000909a        0x2 00
 .rodata.ChannelDevice
                0x0000909c        0x4 ./Generated_Code/TU2.o
 .rodata.ChannelMode
                0x000090a0        0x4 ./Generated_Code/TU2.o
 .rodata.ChannelDevice
                0x000090a4        0x4 ./Generated_Code/TU1.o
 .rodata.ChannelMode
                0x000090a8        0x4 ./Generated_Code/TU1.o
 .rodata.InitialCalibration
                0x000090ac        0x8 ./Generated_Code/MMA0.o
 .rodata.addr.6503
                0x000090b4        0x1 ./Generated_Code/MMA0.o
 .rodata.addr.6495
                0x000090b5        0x1 ./Generated_Code/MMA0.o
 .rodata.addr.6487
                0x000090b6        0x1 ./Generated_Code/MMA0.o
 *fill*         0x000090b7        0x1 00
 .rodata.TSS_C0_INPUTS_GROUP
                0x000090b8        0x4 ./Sources/TSS/TSS_SystemSetupData.o
                0x000090b8                TSS_C0_INPUTS_GROUP
 .rodata.TSS_C0_STRUCTURE_ROM_CONTEXT
                0x000090bc       0x1c ./Sources/TSS/TSS_SystemSetupData.o
                0x000090bc                TSS_C0_STRUCTURE_ROM_CONTEXT
 .rodata.tss_faCallback
                0x000090d8        0x4 ./Sources/TSS/TSS_SystemSetupData.o
                0x000090d8                tss_faCallback
 .rodata.tss_acpsDecRAMContext
                0x000090dc        0x4 ./Sources/TSS/TSS_SystemSetupData.o
                0x000090dc                tss_acpsDecRAMContext
 .rodata.tss_acpsDecROMContext
                0x000090e0        0x4 ./Sources/TSS/TSS_SystemSetupData.o
                0x000090e0                tss_acpsDecROMContext
 .rodata.tss_acpsCSStructs
                0x000090e4        0x4 ./Sources/TSS/TSS_SystemSetupData.o
                0x000090e4                tss_acpsCSStructs
 .rodata.tss_faDecoders
                0x000090e8        0x4 ./Sources/TSS/TSS_SystemSetupData.o
                0x000090e8                tss_faDecoders
 .rodata.tss_cau8ShieldPairs
                0x000090ec        0x4 ./Sources/TSS/TSS_SystemSetupData.o
                0x000090ec                tss_cau8ShieldPairs
 .rodata.tss_cau8SignalDivider
                0x000090f0        0x4 ./Sources/TSS/TSS_SystemSetupData.o
                0x000090f0                tss_cau8SignalDivider
 .rodata.tss_cau8SignalMultiplier
                0x000090f4        0x4 ./Sources/TSS/TSS_SystemSetupData.o
                0x000090f4                tss_cau8SignalMultiplier
 .rodata.tss_fSetInternalPrivateData
                0x000090f8        0x4 ./Sources/TSS/TSS_SystemSetupData.o
                0x000090f8                tss_fSetInternalPrivateData
 .rodata.tss_fDecodersControl
                0x000090fc        0x4 ./Sources/TSS/TSS_SystemSetupData.o
                0x000090fc                tss_fDecodersControl
 .rodata.tss_cu8NumElecs
                0x00009100        0x1 ./Sources/TSS/TSS_SystemSetupData.o
                0x00009100                tss_cu8NumElecs
 .rodata.tss_cu8NumCtrls
                0x00009101        0x1 ./Sources/TSS/TSS_SystemSetupData.o
                0x00009101                tss_cu8NumCtrls
 .rodata.tss_cu8ElecBitFldLn
                0x00009102        0x1 ./Sources/TSS/TSS_SystemSetupData.o
                0x00009102                tss_cu8ElecBitFldLn
 *fill*         0x00009103        0x1 00
 .rodata.tss_fCalculateIIRFilter
                0x00009104        0x4 ./Sources/TSS/TSS_SystemSetupData.o
                0x00009104                tss_fCalculateIIRFilter
 .rodata.tss_fCalculateShielding
                0x00009108        0x4 ./Sources/TSS/TSS_SystemSetupData.o
                0x00009108                tss_fCalculateShielding
 .rodata.tss_fInitPrevCapSample
                0x0000910c        0x4 ./Sources/TSS/TSS_SystemSetupData.o
                0x0000910c                tss_fInitPrevCapSample
 .rodata.tss_fFillDeltaLogBuffer
                0x00009110        0x4 ./Sources/TSS/TSS_SystemSetupData.o
                0x00009110                tss_fFillDeltaLogBuffer
 .rodata.tss_fFillSignalLogBuffer
                0x00009114        0x4 ./Sources/TSS/TSS_SystemSetupData.o
                0x00009114                tss_fFillSignalLogBuffer
 .rodata.tss_fDataCorruptionCheck
                0x00009118        0x4 ./Sources/TSS/TSS_SystemSetupData.o
                0x00009118                tss_fDataCorruptionCheck
 .rodata.tss_fFmstrCall
                0x0000911c        0x4 ./Sources/TSS/TSS_SystemSetupData.o
                0x0000911c                tss_fFmstrCall
 .rodata.tss_fTriggerConfig
                0x00009120        0x4 ./Sources/TSS/TSS_SystemSetupData.o
                0x00009120                tss_fTriggerConfig
 .rodata.tss_fTriggerControl
                0x00009124        0x4 ./Sources/TSS/TSS_SystemSetupData.o
                0x00009124                tss_fTriggerControl
 .rodata.tss_fLowPowerConfig
                0x00009128        0x4 ./Sources/TSS/TSS_SystemSetupData.o
                0x00009128                tss_fLowPowerConfig
 .rodata.tss_fOnFault
                0x0000912c        0x4 ./Sources/TSS/TSS_SystemSetupData.o
                0x0000912c                tss_fOnFault
 .rodata.tss_fOnInit
                0x00009130        0x4 ./Sources/TSS/TSS_SystemSetupData.o
                0x00009130                tss_fOnInit
 .rodata.tss_cu8APosFilterWeight
                0x00009134        0x1 ./Sources/TSS/TSS_SystemSetupData.o
                0x00009134                tss_cu8APosFilterWeight
 *fill*         0x00009135        0x3 00
 .rodata.tss_fASliderCalculatePosIIRFilter
                0x00009138        0x4 ./Sources/TSS/TSS_SystemSetupData.o
                0x00009138                tss_fASliderCalculatePosIIRFilter
 .rodata.tss_cu8ASliderDelayBufferLength
                0x0000913c        0x1 ./Sources/TSS/TSS_SystemSetupData.o
                0x0000913c                tss_cu8ASliderDelayBufferLength
 *fill*         0x0000913d        0x3 00
 .rodata.tss_fASliderDelayControl
                0x00009140        0x4 ./Sources/TSS/TSS_SystemSetupData.o
                0x00009140                tss_fASliderDelayControl
 .rodata.tss_cu8ASliderTrendBufferLength
                0x00009144        0x1 ./Sources/TSS/TSS_SystemSetupData.o
                0x00009144                tss_cu8ASliderTrendBufferLength
 .rodata.tss_i8ASliderTrendThreshold
                0x00009145        0x1 ./Sources/TSS/TSS_SystemSetupData.o
                0x00009145                tss_i8ASliderTrendThreshold
 *fill*         0x00009146        0x2 00
 .rodata.tss_fASliderTrendThreshold
                0x00009148        0x4 ./Sources/TSS/TSS_SystemSetupData.o
                0x00009148                tss_fASliderTrendThreshold
 .rodata.tss_fASliderTrendControl
                0x0000914c        0x4 ./Sources/TSS/TSS_SystemSetupData.o
                0x0000914c                tss_fASliderTrendControl
 .rodata.tss_fOnProximity
                0x00009150        0x4 ./Sources/TSS/TSS_SystemSetupData.o
                0x00009150                tss_fOnProximity
 .rodata.tss_fProximityConfig
                0x00009154        0x4 ./Sources/TSS/TSS_SystemSetupData.o
                0x00009154                tss_fProximityConfig
 .rodata.tss_fStuckKeyControl
                0x00009158        0x4 ./Sources/TSS/TSS_SystemSetupData.o
                0x00009158                tss_fStuckKeyControl
 .rodata.tss_fResetStuckKeyCounter
                0x0000915c        0x4 ./Sources/TSS/TSS_SystemSetupData.o
                0x0000915c                tss_fResetStuckKeyCounter
 .rodata.tss_fNegativeBaselineDrop
                0x00009160        0x4 ./Sources/TSS/TSS_SystemSetupData.o
                0x00009160                tss_fNegativeBaselineDrop
 .rodata.tss_fKeyDetectorRecalibrationRequest
                0x00009164        0x4 ./Sources/TSS/TSS_SystemSetupData.o
                0x00009164                tss_fKeyDetectorRecalibrationRequest
 .rodata.tss_fSignalDivider
                0x00009168        0x4 ./Sources/TSS/TSS_SystemSetupData.o
                0x00009168                tss_fSignalDivider
 .rodata.tss_fSignalMultiplier
                0x0000916c        0x4 ./Sources/TSS/TSS_SystemSetupData.o
                0x0000916c                tss_fSignalMultiplier
 .rodata.tss_fAutoCalibration
                0x00009170        0x4 ./Sources/TSS/TSS_SystemSetupData.o
                0x00009170                tss_fAutoCalibration
 .rodata.tss_fSensitivityLowLimitControl
                0x00009174        0x4 ./Sources/TSS/TSS_SystemSetupData.o
                0x00009174                tss_fSensitivityLowLimitControl
 .rodata.tss_fDeltaNoiseAnalysisIIRControl
                0x00009178        0x4 ./Sources/TSS/TSS_SystemSetupData.o
                0x00009178                tss_fDeltaNoiseAnalysisIIRControl
 .rodata.tss_cu8BaselineInitLength
                0x0000917c        0x1 ./Sources/TSS/TSS_SystemSetupData.o
                0x0000917c                tss_cu8BaselineInitLength
 .rodata.tss_cu8AutoCalibInitLength
                0x0000917d        0x1 ./Sources/TSS/TSS_SystemSetupData.o
                0x0000917d                tss_cu8AutoCalibInitLength
 *fill*         0x0000917e        0x2 00
 .rodata.tss_ci8DeltaNoiseAnalysisIIRWeights
                0x00009180        0x4 ./Sources/TSS/TSS_SystemSetupData.o
                0x00009180                tss_ci8DeltaNoiseAnalysisIIRWeights
 .rodata.tss_csKeyBasicASCContext
                0x00009184        0x8 ./Sources/TSS/TSS_SystemSetupData.o
                0x00009184                tss_csKeyBasicASCContext
 .rodata.tss_fKeyDetectorElectrodeEval
                0x0000918c        0x4 ./Sources/TSS/TSS_SystemSetupData.o
                0x0000918c                tss_fKeyDetectorElectrodeEval
 .rodata.tss_fKeyDetectorIntegrationResetEval
                0x00009190        0x4 ./Sources/TSS/TSS_SystemSetupData.o
                0x00009190                tss_fKeyDetectorIntegrationResetEval
 .rodata.tss_fKeyNoiseSchedulerInit
                0x00009194        0x4 ./Sources/TSS/TSS_SystemSetupData.o
                0x00009194                tss_fKeyNoiseSchedulerInit
 .rodata.tss_fKeyNoiseSchedulerRun
                0x00009198        0x4 ./Sources/TSS/TSS_SystemSetupData.o
                0x00009198                tss_fKeyNoiseSchedulerRun
 .rodata.tss_fGetSystemDataContext
                0x0000919c        0x4 ./Sources/TSS/TSS_SystemSetupData.o
                0x0000919c                tss_fGetSystemDataContext
 .rodata.TSS_TSIL0_METHOD_ROMDATA_CONTEXT
                0x000091a0       0x10 ./Sources/TSS/TSS_SensorTSIL.o
                0x000091a0                TSS_TSIL0_METHOD_ROMDATA_CONTEXT
 .rodata.TSS_E0_ROMDATA_CONTEXT
                0x000091b0        0xc ./Sources/TSS/TSS_SensorTSIL.o
                0x000091b0                TSS_E0_ROMDATA_CONTEXT
 .rodata.TSS_E1_ROMDATA_CONTEXT
                0x000091bc        0xc ./Sources/TSS/TSS_SensorTSIL.o
                0x000091bc                TSS_E1_ROMDATA_CONTEXT
 .rodata.TSIL_MethodControl
                0x000091c8       0x24 ./Sources/TSS/TSS_SensorTSIL.o
 .rodata.TSIL_SampleElectrode
                0x000091ec       0x28 ./Sources/TSS/TSS_SensorTSIL.o
 .rodata.tss_faSampleElectrode
                0x00009214        0x8 ./Sources/TSS/TSS_Sensor.o
                0x00009214                tss_faSampleElectrode
 .rodata.tss_acp8ElectrodeROMData
                0x0000921c        0x8 ./Sources/TSS/TSS_Sensor.o
                0x0000921c                tss_acp8ElectrodeROMData
 .rodata.str1.1
                0x00009224        0x1 C:/Freescale/CW MCU v10.5/MCU/ARM_GCC_Support/ewl/lib/armv6-m\libc.a(printformat_.o)
 .rodata.CSWTCH.20
                0x00009225        0x5 C:/Freescale/CW MCU v10.5/MCU/ARM_GCC_Support/ewl/lib/armv6-m\libc.a(printformat_.o)
 .rodata.CSWTCH.21
                0x0000922a        0x5 C:/Freescale/CW MCU v10.5/MCU/ARM_GCC_Support/ewl/lib/armv6-m\libc.a(printformat_.o)
 .rodata.__aeabi_ctype_table_C
                0x0000922f      0x101 C:/Freescale/CW MCU v10.5/MCU/ARM_GCC_Support/ewl/lib/armv6-m\libc.a(ctype_aeabi.o)
                0x0000922f                __aeabi_ctype_table_C
 *(.glue_7)
 .glue_7        0x00000000        0x0 linker stubs
 *(.glue_7t)
 .glue_7t       0x00000000        0x0 linker stubs
 *(.eh_frame)
 *(.init)
 *(.fini)
                0x00009330                . = ALIGN (0x4)
                0x00009330                _etext = .

.vfp11_veneer   0x00009330        0x0
 .vfp11_veneer  0x00000000        0x0 linker stubs

.v4_bx          0x00009330        0x0
 .v4_bx         0x00000000        0x0 linker stubs

.iplt           0x00009330        0x0
 .iplt          0x00000000        0x0 ./Generated_Code/timers.o

.rel.dyn        0x00009330        0x0
 .rel.iplt      0x00000000        0x0 ./Generated_Code/timers.o

.ARM.extab
 *(.ARM.extab* .gnu.linkonce.armextab.*)

.ARM            0x00009330        0x0
                0x00009330                __exidx_start = .
 *(.ARM.exidx*)
                0x00009330                __exidx_end = .

.ctors          0x00009330        0x0
                0x00009330                __CTOR_LIST__ = .
 *crtbegin.o(.ctors)
 *(EXCLUDE_FILE(*crtend.o) .ctors)
 *(SORT(.ctors.*))
 *(.ctors)
                0x00009330                __CTOR_END__ = .

.dtors          0x00009330        0x0
                0x00009330                __DTOR_LIST__ = .
 *crtbegin.o(.dtors)
 *(EXCLUDE_FILE(*crtend.o) .dtors)
 *(SORT(.dtors.*))
 *(.dtors)
                0x00009330                __DTOR_END__ = .

.preinit_array  0x00009330        0x0
                0x00009330                PROVIDE (__preinit_array_start, .)
 *(.preinit_array*)
                0x00009330                PROVIDE (__preinit_array_end, .)

.init_array     0x00009330        0x0
                0x00009330                PROVIDE (__init_array_start, .)
 *(SORT(.init_array.*))
 *(.init_array*)
                0x00009330                PROVIDE (__init_array_end, .)

.fini_array     0x00009330        0x0
                0x00009330                PROVIDE (__fini_array_start, .)
 *(SORT(.fini_array.*))
 *(.fini_array*)
                0x00009330                PROVIDE (__fini_array_end, .)
                0x00009330                ___ROM_AT = .

.mtb            0x20000000        0x0
                0x20000000                . = ALIGN (0x8)
                0x20000000                _mtb_start = .
 *(.mtb_buf)
                0x20000000                . = ALIGN (0x8)
                0x20000000                _mtb_end = .

.data           0x20000000       0xe4 load address 0x00009330
                0x20000000                . = ALIGN (0x4)
                0x20000000                _sdata = .
 *(.data)
 .data          0x20000000        0x1 C:/Users/JH/Documents/GitHub/M0PlusFreeRTOS/M0PlusFreeRTOS/Sources/TSS\libTSS_KXX_M0.a(TSS_KeyDetector.o)
 *(.data*)
 *fill*         0x20000001        0x3 00
 .data.xNextTaskUnblockTime
                0x20000004        0x4 ./Generated_Code/tasks.o
 .data.uxCriticalNesting
                0x20000008        0x4 ./Generated_Code/port.o
 .data.xFreeBytesRemaining
                0x2000000c        0x4 ./Generated_Code/heap_2.o
 .data.TSSTouch_cKey0
                0x20000010        0x8 ./Sources/TSS/TSS_SystemSetupData.o
                0x20000010                TSSTouch_cKey0
 .data.__files  0x20000018       0xcc C:/Freescale/CW MCU v10.5/MCU/ARM_GCC_Support/ewl/lib/armv6-m\libc.a(ansi_files.o)
                0x20000018                __files
                0x200000e4                . = ALIGN (0x4)
                0x200000e4                _edata = .
                0x000000e4                ___data_size = (_edata - _sdata)
                0x00009414                ___m_data_1FFFF000_ROMStart = (___ROM_AT + SIZEOF (.data))

.igot.plt       0x200000e4        0x0 load address 0x00009414
 .igot.plt      0x00000000        0x0 ./Generated_Code/timers.o

.m_data_1FFFF000
                0x1ffff000        0x0 load address 0x00009414
                0x1ffff000                . = ALIGN (0x4)
                0x1ffff000                ___m_data_1FFFF000_RAMStart = .
 *(.m_data_1FFFF000)
                0x1ffff000                ___m_data_1FFFF000_RAMEnd = .
                0x1ffff000                . = ALIGN (0x4)
                0x00000000                ___m_data_1FFFF000_ROMSize = (___m_data_1FFFF000_RAMEnd - ___m_data_1FFFF000_RAMStart)
                0x1ffff000                . = ALIGN (0x4)

.bss            0x200000e4     0x2b48 load address 0x00009414
                0x200000e4                __START_BSS = .
                0x200000e4                PROVIDE (__bss_start__, __START_BSS)
 *(.bss)
 .bss           0x200000e4        0x5 C:/Users/JH/Documents/GitHub/M0PlusFreeRTOS/M0PlusFreeRTOS/Sources/TSS\libTSS_KXX_M0.a(TSS_KeyDetector.o)
 *fill*         0x200000e9        0x3 00
 .bss           0x200000ec        0x8 C:/Users/JH/Documents/GitHub/M0PlusFreeRTOS/M0PlusFreeRTOS/Sources/TSS\libTSS_KXX_M0.a(TSS_Main.o)
 *(.bss*)
 .bss.pxCurrentTCB
                0x200000f4        0x4 ./Generated_Code/tasks.o
                0x200000f4                pxCurrentTCB
 .bss.pxReadyTasksLists
                0x200000f8       0x78 ./Generated_Code/tasks.o
 .bss.xDelayedTaskList1
                0x20000170       0x14 ./Generated_Code/tasks.o
 .bss.xDelayedTaskList2
                0x20000184       0x14 ./Generated_Code/tasks.o
 .bss.pxDelayedTaskList
                0x20000198        0x4 ./Generated_Code/tasks.o
 .bss.pxOverflowDelayedTaskList
                0x2000019c        0x4 ./Generated_Code/tasks.o
 .bss.xPendingReadyList
                0x200001a0       0x14 ./Generated_Code/tasks.o
 .bss.xSuspendedTaskList
                0x200001b4       0x14 ./Generated_Code/tasks.o
 .bss.uxCurrentNumberOfTasks
                0x200001c8        0x4 ./Generated_Code/tasks.o
 .bss.xTickCount
                0x200001cc        0x4 ./Generated_Code/tasks.o
 .bss.uxTopReadyPriority
                0x200001d0        0x4 ./Generated_Code/tasks.o
 .bss.xSchedulerRunning
                0x200001d4        0x4 ./Generated_Code/tasks.o
 .bss.uxPendedTicks
                0x200001d8        0x4 ./Generated_Code/tasks.o
 .bss.xYieldPending
                0x200001dc        0x4 ./Generated_Code/tasks.o
 .bss.xNumOfOverflows
                0x200001e0        0x4 ./Generated_Code/tasks.o
 .bss.uxTaskNumber
                0x200001e4        0x4 ./Generated_Code/tasks.o
 .bss.uxSchedulerSuspended
                0x200001e8        0x4 ./Generated_Code/tasks.o
 .bss.ucHeap    0x200001ec     0x2710 ./Generated_Code/heap_2.o
 .bss.xStart    0x200028fc        0x8 ./Generated_Code/heap_2.o
 .bss.xEnd      0x20002904        0x8 ./Generated_Code/heap_2.o
 .bss.xHeapHasBeenInitialised.8056
                0x2000290c        0x4 ./Generated_Code/heap_2.o
 .bss.INT_TPM1__BAREBOARD_RTOS_ISRPARAM
                0x20002910        0x4 ./Generated_Code/TU2.o
 .bss.DeviceDataPrv__DEFAULT_RTOS_ALLOC
                0x20002914        0xc ./Generated_Code/TU1.o
 .bss.DeviceDataPrv__DEFAULT_RTOS_ALLOC
                0x20002920        0xc ./Generated_Code/TU0.o
 .bss.DeviceDataPrv__DEFAULT_RTOS_ALLOC
                0x2000292c        0x4 ./Generated_Code/SonarTrigger.o
 .bss.DeviceDataPrv__DEFAULT_RTOS_ALLOC
                0x20002930        0xc ./Generated_Code/PwmLdd3.o
 .bss.DeviceDataPrv__DEFAULT_RTOS_ALLOC
                0x2000293c        0xc ./Generated_Code/PwmLdd2.o
 .bss.DeviceDataPrv__DEFAULT_RTOS_ALLOC
                0x20002948        0xc ./Generated_Code/PwmLdd1.o
 .bss.PE_LDD_DeviceDataList
                0x20002954       0x3c ./Generated_Code/PE_LDD.o
                0x20002954                PE_LDD_DeviceDataList
 .bss.DeviceDataPrv__DEFAULT_RTOS_ALLOC
                0x20002990        0x4 ./Generated_Code/MotorB.o
 .bss.DeviceDataPrv__DEFAULT_RTOS_ALLOC
                0x20002994        0x4 ./Generated_Code/MotorA.o
 .bss.sCalValues
                0x20002998        0x8 ./Generated_Code/MMA0.o
 .bss.DeviceDataPrv__DEFAULT_RTOS_ALLOC
                0x200029a0       0x18 ./Generated_Code/IO1.o
 .bss.INT_I2C1__BAREBOARD_RTOS_ISRPARAM
                0x200029b8        0x4 ./Generated_Code/I2C1.o
 .bss.DeviceDataPrv__DEFAULT_RTOS_ALLOC
                0x200029bc       0x18 ./Generated_Code/I2C0.o
 .bss.INT_I2C0__BAREBOARD_RTOS_ISRPARAM
                0x200029d4        0x4 ./Generated_Code/I2C0.o
 .bss.GI2C0_deviceData
                0x200029d8        0x8 ./Generated_Code/GI2C0.o
 .bss.GI2C0_busSem
                0x200029e0        0x4 ./Generated_Code/GI2C0.o
 .bss.writeBuf.6431
                0x200029e4       0x10 ./Generated_Code/GI2C0.o
 .bss.DeviceDataPrv__DEFAULT_RTOS_ALLOC
                0x200029f4        0x4 ./Generated_Code/Break.o
 .bss.DeviceDataPrv__DEFAULT_RTOS_ALLOC
                0x200029f8        0x8 ./Generated_Code/AdcLdd1.o
 .bss.ModeFlg   0x20002a00        0x1 ./Generated_Code/AD0.o
 .bss.OutFlg    0x20002a01        0x1 ./Generated_Code/AD0.o
 *fill*         0x20002a02        0x2 00
 .bss.argv      0x20002a04        0x4 ./Project_Settings/Startup_Code/__arm_start.o
 .bss.TSS_C0_STRUCTURE_RAM_CONTEXT
                0x20002a08        0x4 ./Sources/TSS/TSS_SystemSetupData.o
                0x20002a08                TSS_C0_STRUCTURE_RAM_CONTEXT
 .bss.tss_apsControlPrivateData
                0x20002a0c        0x4 ./Sources/TSS/TSS_SystemSetupData.o
                0x20002a0c                tss_apsControlPrivateData
 .bss.TSS_TSIL0_METHOD_RAMDATA_CONTEXT
                0x20002a10        0xc ./Sources/TSS/TSS_SensorTSIL.o
                0x20002a10                TSS_TSIL0_METHOD_RAMDATA_CONTEXT
 .bss.speedX    0x20002a1c        0x4 ./Sources/Tasks/TaskAccelerometer.o
 .bss.speedY    0x20002a20        0x4 ./Sources/Tasks/TaskAccelerometer.o
 .bss.speedZ    0x20002a24        0x4 ./Sources/Tasks/TaskAccelerometer.o
 .bss.spaceX    0x20002a28        0x4 ./Sources/Tasks/TaskAccelerometer.o
 .bss.spaceY    0x20002a2c        0x4 ./Sources/Tasks/TaskAccelerometer.o
 .bss.spaceZ    0x20002a30        0x4 ./Sources/Tasks/TaskAccelerometer.o
 .bss.__stdio_exit
                0x20002a34        0x4 C:/Freescale/CW MCU v10.5/MCU/ARM_GCC_Support/ewl/lib/armv6-m\libc.a(exit.o)
                0x20002a34                __stdio_exit
 .bss.__console_exit
                0x20002a38        0x4 C:/Freescale/CW MCU v10.5/MCU/ARM_GCC_Support/ewl/lib/armv6-m\libc.a(exit.o)
                0x20002a38                __console_exit
 .bss.__S_romp  0x20002a3c        0xc C:/Freescale/CW MCU v10.5/MCU/ARM_GCC_Support/ewl/lib/armv6-m\librt.a(ROMCopy.o)
 .bss.__global_destructor_chain
                0x20002a48        0x4 C:/Freescale/CW MCU v10.5/MCU/ARM_GCC_Support/ewl/lib/armv6-m\librt.a(__arm_eabi_init.o)
                0x20002a48                __global_destructor_chain
 *(COMMON)
 COMMON         0x20002a4c       0x34 ./Generated_Code/tasks.o
                0x20002a4c                taskHandles
 COMMON         0x20002a80       0x10 ./Generated_Code/AD0.o
                0x20002a80                AD0_OutV
                0x20002a8c                AdcLdd1_DeviceDataPtr
 COMMON         0x20002a90       0xa5 ./Sources/TSS/TSS_SystemSetupData.o
                0x20002a90                tss_au8StuckCount
                0x20002a92                tss_u8ConfCheckSum
                0x20002a94                tss_au8Sensitivity
                0x20002a98                tss_ai8DeltaAmplitude
                0x20002a9c                tss_CSSys
                0x20002aa8                tss_ai8MaxDeltaAmplitude
                0x20002aac                tss_ai8SensitivityLowLimit
                0x20002ab0                tss_ai8InstantDelta
                0x20002ab4                TSS_C0_DELAY_BUFFER
                0x20002ab8                tss_au16PrevCapSample
                0x20002abc                TSS_C0_TREND_BUFFER
                0x20002adc                tss_au8ControlScheduleCount
                0x20002ae0                TSS_C0_TREND_CONTEXT
                0x20002ae4                tss_au8TouchCount
                0x20002ae8                tss_au8ElectrodeMeasured
                0x20002aec                tss_au16InstantSignal
                0x20002af0                tss_au8DebounceCount
                0x20002af4                tss_au8ElectrodeStatus
                0x20002af8                tss_au8ElectrodeMarker
                0x20002afc                tss_ai8NoiseAmplitude
                0x20002b00                tss_asDeltaNoiseAnalysisIIRData
                0x20002b0c                tss_asAutoCalibrationData
                0x20002b14                tss_au8ElecState
                0x20002b18                TSS_C0_DELAY_CONTEXT
                0x20002b1c                tss_au8ElectrodeEnablers
                0x20002b20                TSS_C0_POSFILTER_CONTEXT
                0x20002b24                tss_au8ElectrodeDCTrackerEnablers
                0x20002b28                tss_au16ElecBaseline
                0x20002b2c                tss_au8ReleaseCount
                0x20002b30                tss_au8ElectrodeLowThresholdEnablers
                0x20002b34                tss_ai8IntegrationDelta
 *fill*         0x20002b35        0x3 00
 COMMON         0x20002b38       0x20 ./Sources/TSS/TSS_SensorTSIL.o
                0x20002b38                TSS_TSIL0_CHANNEL_COUNTER_BUFFER
 COMMON         0x20002b58       0x10 ./Sources/TSS/TSS_Sensor.o
                0x20002b58                tss_u8SampleIntFlag
                0x20002b5c                tss_psElectrodeTimertAdr
                0x20002b60                tss_u8ElectrodeBitNum
                0x20002b64                tss_psElectrodeRGPIOAdr
 COMMON         0x20002b68        0x2 C:/Users/JH/Documents/GitHub/M0PlusFreeRTOS/M0PlusFreeRTOS/Sources/TSS\libTSS_KXX_M0.a(TSS_KeyDetector.o)
                0x20002b68                tss_u16CapSample
 COMMON         0x20002b6a       0xc0 C:/Freescale/CW MCU v10.5/MCU/ARM_GCC_Support/ewl/lib/armv6-m\libc.a(ansi_files.o)
                0x20002b6a                stdout_buff
                0x20002baa                stdin_buff
                0x20002bea                stderr_buff
                0x20002c2c                . = ALIGN (0x4)
 *fill*         0x20002c2a        0x2 00
                0x20002c2c                __END_BSS = .
                0x20002c2c                PROVIDE (__bss_end__, __END_BSS)
                0x00009414                _romp_at = ((___ROM_AT + SIZEOF (.data)) + SIZEOF (.m_data_1FFFF000))

.romp           0x20002c2c       0x24 load address 0x00009414
                0x00009414                __S_romp = _romp_at
                0x20002c2c        0x4 LONG 0x9330 ___ROM_AT
                0x20002c30        0x4 LONG 0x20000000 _sdata
                0x20002c34        0x4 LONG 0xe4 ___data_size
                0x20002c38        0x4 LONG 0x9414 ___m_data_1FFFF000_ROMStart
                0x20002c3c        0x4 LONG 0x1ffff000 ___m_data_1FFFF000_RAMStart
                0x20002c40        0x4 LONG 0x0 ___m_data_1FFFF000_ROMSize
                0x20002c44        0x4 LONG 0x0
                0x20002c48        0x4 LONG 0x0
                0x20002c4c        0x4 LONG 0x0

._user_heap_stack
                0x20002c50       0x40 load address 0x00009438
                0x20002c50                . = ALIGN (0x4)
                0x20002c50                PROVIDE (end, .)
                0x20002c50                PROVIDE (_end, .)
                0x20002c50                __heap_addr = .
                0x20002c50                . = (. + __heap_size)
                0x20002c90                . = (. + __stack_size)
 *fill*         0x20002c50       0x40 00
                0x20002c90                . = ALIGN (0x4)

.ARM.attributes
                0x00000000       0x2f
 *(.ARM.attributes)
 .ARM.attributes
                0x00000000       0x31 ./Generated_Code/tasks.o
 .ARM.attributes
                0x00000031       0x31 ./Generated_Code/queue.o
 .ARM.attributes
                0x00000062       0x31 ./Generated_Code/port.o
 .ARM.attributes
                0x00000093       0x31 ./Generated_Code/list.o
 .ARM.attributes
                0x000000c4       0x31 ./Generated_Code/heap_2.o
 .ARM.attributes
                0x000000f5       0x31 ./Generated_Code/Vectors.o
 .ARM.attributes
                0x00000126       0x31 ./Generated_Code/TU2.o
 .ARM.attributes
                0x00000157       0x31 ./Generated_Code/TU1.o
 .ARM.attributes
                0x00000188       0x31 ./Generated_Code/TU0.o
 .ARM.attributes
                0x000001b9       0x31 ./Generated_Code/TSSTouch.o
 .ARM.attributes
                0x000001ea       0x31 ./Generated_Code/SonarTrigger.o
 .ARM.attributes
                0x0000021b       0x31 ./Generated_Code/PwmLdd3.o
 .ARM.attributes
                0x0000024c       0x31 ./Generated_Code/PwmLdd2.o
 .ARM.attributes
                0x0000027d       0x31 ./Generated_Code/PwmLdd1.o
 .ARM.attributes
                0x000002ae       0x31 ./Generated_Code/PE_LDD.o
 .ARM.attributes
                0x000002df       0x31 ./Generated_Code/MotorB.o
 .ARM.attributes
                0x00000310       0x31 ./Generated_Code/MotorA.o
 .ARM.attributes
                0x00000341       0x31 ./Generated_Code/MMA0.o
 .ARM.attributes
                0x00000372       0x31 ./Generated_Code/IO1.o
 .ARM.attributes
                0x000003a3       0x31 ./Generated_Code/I2C1.o
 .ARM.attributes
                0x000003d4       0x31 ./Generated_Code/I2C0.o
 .ARM.attributes
                0x00000405       0x31 ./Generated_Code/GI2C0.o
 .ARM.attributes
                0x00000436       0x31 ./Generated_Code/CsIO0.o
 .ARM.attributes
                0x00000467       0x31 ./Generated_Code/Cpu.o
 .ARM.attributes
                0x00000498       0x31 ./Generated_Code/Break.o
 .ARM.attributes
                0x000004c9       0x31 ./Generated_Code/AdcLdd1.o
 .ARM.attributes
                0x000004fa       0x31 ./Generated_Code/AD0.o
 .ARM.attributes
                0x0000052b       0x31 ./Project_Settings/Startup_Code/__arm_start.o
 .ARM.attributes
                0x0000055c       0x31 ./Project_Settings/Startup_Code/__arm_end.o
 .ARM.attributes
                0x0000058d       0x31 ./Sources/TSS/TSS_SystemSetupData.o
 .ARM.attributes
                0x000005be       0x31 ./Sources/TSS/TSS_SensorTSIL.o
 .ARM.attributes
                0x000005ef       0x31 ./Sources/TSS/TSS_Sensor.o
 .ARM.attributes
                0x00000620       0x31 ./Sources/Tasks/TaskSonar.o
 .ARM.attributes
                0x00000651       0x31 ./Sources/Tasks/TaskAccelerometer.o
 .ARM.attributes
                0x00000682       0x31 ./Sources/ProcessorExpert.o
 .ARM.attributes
                0x000006b3       0x31 ./Sources/Events.o
 .ARM.attributes
                0x000006e4       0x31 C:/Users/JH/Documents/GitHub/M0PlusFreeRTOS/M0PlusFreeRTOS/Sources/TSS\libTSS_KXX_M0.a(TSS_ASliderDecoder.o)
 .ARM.attributes
                0x00000715       0x31 C:/Users/JH/Documents/GitHub/M0PlusFreeRTOS/M0PlusFreeRTOS/Sources/TSS\libTSS_KXX_M0.a(TSS_Filters.o)
 .ARM.attributes
                0x00000746       0x31 C:/Users/JH/Documents/GitHub/M0PlusFreeRTOS/M0PlusFreeRTOS/Sources/TSS\libTSS_KXX_M0.a(TSS_KeyDetectorNormal.o)
 .ARM.attributes
                0x00000777       0x31 C:/Users/JH/Documents/GitHub/M0PlusFreeRTOS/M0PlusFreeRTOS/Sources/TSS\libTSS_KXX_M0.a(TSS_KeyDetector.o)
 .ARM.attributes
                0x000007a8       0x31 C:/Users/JH/Documents/GitHub/M0PlusFreeRTOS/M0PlusFreeRTOS/Sources/TSS\libTSS_KXX_M0.a(TSS_Main.o)
 .ARM.attributes
                0x000007d9       0x31 C:/Freescale/CW MCU v10.5/MCU/ARM_GCC_Support/ewl/lib/armv6-m\libc.a(printf.o)
 .ARM.attributes
                0x0000080a       0x31 C:/Freescale/CW MCU v10.5/MCU/ARM_GCC_Support/ewl/lib/armv6-m\libc.a(exit.o)
 .ARM.attributes
                0x0000083b       0x31 C:/Freescale/CW MCU v10.5/MCU/ARM_GCC_Support/ewl/lib/armv6-m\libc.a(memcpy.o)
 .ARM.attributes
                0x0000086c       0x31 C:/Freescale/CW MCU v10.5/MCU/ARM_GCC_Support/ewl/lib/armv6-m\libc.a(memset.o)
 .ARM.attributes
                0x0000089d       0x31 C:/Freescale/CW MCU v10.5/MCU/ARM_GCC_Support/ewl/lib/armv6-m\libc.a(strchr.o)
 .ARM.attributes
                0x000008ce       0x31 C:/Freescale/CW MCU v10.5/MCU/ARM_GCC_Support/ewl/lib/armv6-m\libc.a(strlen.o)
 .ARM.attributes
                0x000008ff       0x31 C:/Freescale/CW MCU v10.5/MCU/ARM_GCC_Support/ewl/lib/armv6-m\libc.a(printformat_.o)
 .ARM.attributes
                0x00000930       0x31 C:/Freescale/CW MCU v10.5/MCU/ARM_GCC_Support/ewl/lib/armv6-m\libc.a(scanformat_.o)
 .ARM.attributes
                0x00000961       0x31 C:/Freescale/CW MCU v10.5/MCU/ARM_GCC_Support/ewl/lib/armv6-m\libc.a(ctype_aeabi.o)
 .ARM.attributes
                0x00000992       0x31 C:/Freescale/CW MCU v10.5/MCU/ARM_GCC_Support/ewl/lib/armv6-m\libc.a(ansi_files.o)
 .ARM.attributes
                0x000009c3       0x31 C:/Freescale/CW MCU v10.5/MCU/ARM_GCC_Support/ewl/lib/armv6-m\libc.a(fwrite.o)
 .ARM.attributes
                0x000009f4       0x31 C:/Freescale/CW MCU v10.5/MCU/ARM_GCC_Support/ewl/lib/armv6-m\libc.a(__strtoul.o)
 .ARM.attributes
                0x00000a25       0x31 C:/Freescale/CW MCU v10.5/MCU/ARM_GCC_Support/ewl/lib/armv6-m\libc.a(__filll_mem.o)
 .ARM.attributes
                0x00000a56       0x31 C:/Freescale/CW MCU v10.5/MCU/ARM_GCC_Support/ewl/lib/armv6-m\libc.a(__memrchr.o)
 .ARM.attributes
                0x00000a87       0x31 C:/Freescale/CW MCU v10.5/MCU/ARM_GCC_Support/ewl/lib/armv6-m\libc.a(memchr.o)
 .ARM.attributes
                0x00000ab8       0x31 C:/Freescale/CW MCU v10.5/MCU/ARM_GCC_Support/ewl/lib/armv6-m\libc.a(__buffer_io.o)
 .ARM.attributes
                0x00000ae9       0x1e c:/freescale/cw mcu v10.5/cross_tools/arm-none-eabi-gcc-4_7_3/bin/../lib/gcc/arm-none-eabi/4.7.3/armv6-m\libgcc.a(_thumb1_case_sqi.o)
 .ARM.attributes
                0x00000b07       0x1e c:/freescale/cw mcu v10.5/cross_tools/arm-none-eabi-gcc-4_7_3/bin/../lib/gcc/arm-none-eabi/4.7.3/armv6-m\libgcc.a(_thumb1_case_uqi.o)
 .ARM.attributes
                0x00000b25       0x1e c:/freescale/cw mcu v10.5/cross_tools/arm-none-eabi-gcc-4_7_3/bin/../lib/gcc/arm-none-eabi/4.7.3/armv6-m\libgcc.a(_udivsi3.o)
 .ARM.attributes
                0x00000b43       0x1e c:/freescale/cw mcu v10.5/cross_tools/arm-none-eabi-gcc-4_7_3/bin/../lib/gcc/arm-none-eabi/4.7.3/armv6-m\libgcc.a(_divsi3.o)
 .ARM.attributes
                0x00000b61       0x1e c:/freescale/cw mcu v10.5/cross_tools/arm-none-eabi-gcc-4_7_3/bin/../lib/gcc/arm-none-eabi/4.7.3/armv6-m\libgcc.a(_dvmd_tls.o)
 .ARM.attributes
                0x00000b7f       0x31 C:/Freescale/CW MCU v10.5/MCU/ARM_GCC_Support/ewl/lib/armv6-m\librt.a(gcc_ctor_dtor.o)
 .ARM.attributes
                0x00000bb0       0x31 C:/Freescale/CW MCU v10.5/MCU/ARM_GCC_Support/ewl/lib/armv6-m\librt.a(ROMCopy.o)
 .ARM.attributes
                0x00000be1       0x31 C:/Freescale/CW MCU v10.5/MCU/ARM_GCC_Support/ewl/lib/armv6-m\librt.a(__arm_eabi_init.o)
OUTPUT(M0PlusFreeRTOS.elf elf32-littlearm)

.debug_info     0x00000000    0x10a38
 .debug_info    0x00000000     0x1076 ./Generated_Code/tasks.o
 .debug_info    0x00001076      0xc1f ./Generated_Code/queue.o
 .debug_info    0x00001c95      0x23e ./Generated_Code/port.o
 .debug_info    0x00001ed3      0x2bf ./Generated_Code/list.o
 .debug_info    0x00002192      0x400 ./Generated_Code/heap_2.o
 .debug_info    0x00002592      0x236 ./Generated_Code/Vectors.o
 .debug_info    0x000027c8      0x823 ./Generated_Code/TU2.o
 .debug_info    0x00002feb      0x744 ./Generated_Code/TU1.o
 .debug_info    0x0000372f      0x740 ./Generated_Code/TU0.o
 .debug_info    0x00003e6f      0x788 ./Generated_Code/TSSTouch.o
 .debug_info    0x000045f7      0x4e9 ./Generated_Code/SonarTrigger.o
 .debug_info    0x00004ae0      0x365 ./Generated_Code/PwmLdd3.o
 .debug_info    0x00004e45      0x365 ./Generated_Code/PwmLdd2.o
 .debug_info    0x000051aa      0x365 ./Generated_Code/PwmLdd1.o
 .debug_info    0x0000550f      0x255 ./Generated_Code/PE_LDD.o
 .debug_info    0x00005764      0x4e9 ./Generated_Code/MotorB.o
 .debug_info    0x00005c4d      0x4e9 ./Generated_Code/MotorA.o
 .debug_info    0x00006136      0x681 ./Generated_Code/MMA0.o
 .debug_info    0x000067b7      0x5dc ./Generated_Code/IO1.o
 .debug_info    0x00006d93      0x8bf ./Generated_Code/I2C1.o
 .debug_info    0x00007652      0x84a ./Generated_Code/I2C0.o
 .debug_info    0x00007e9c      0x65a ./Generated_Code/GI2C0.o
 .debug_info    0x000084f6      0x266 ./Generated_Code/CsIO0.o
 .debug_info    0x0000875c      0x9eb ./Generated_Code/Cpu.o
 .debug_info    0x00009147      0x4e9 ./Generated_Code/Break.o
 .debug_info    0x00009630      0x7ce ./Generated_Code/AdcLdd1.o
 .debug_info    0x00009dfe      0x235 ./Generated_Code/AD0.o
 .debug_info    0x0000a033      0x12a ./Project_Settings/Startup_Code/__arm_start.o
 .debug_info    0x0000a15d       0x54 ./Project_Settings/Startup_Code/__arm_end.o
 .debug_info    0x0000a1b1     0x1229 ./Sources/TSS/TSS_SystemSetupData.o
 .debug_info    0x0000b3da      0xf99 ./Sources/TSS/TSS_SensorTSIL.o
 .debug_info    0x0000c373      0x4e3 ./Sources/TSS/TSS_Sensor.o
 .debug_info    0x0000c856      0x3a3 ./Sources/Tasks/TaskSonar.o
 .debug_info    0x0000cbf9      0x22d ./Sources/Tasks/TaskAccelerometer.o
 .debug_info    0x0000ce26      0x1d9 ./Sources/ProcessorExpert.o
 .debug_info    0x0000cfff      0xa4a ./Sources/Events.o
 .debug_info    0x0000da49      0x399 C:/Freescale/CW MCU v10.5/MCU/ARM_GCC_Support/ewl/lib/armv6-m\libc.a(printf.o)
 .debug_info    0x0000dde2       0xe8 C:/Freescale/CW MCU v10.5/MCU/ARM_GCC_Support/ewl/lib/armv6-m\libc.a(exit.o)
 .debug_info    0x0000deca      0x10f C:/Freescale/CW MCU v10.5/MCU/ARM_GCC_Support/ewl/lib/armv6-m\libc.a(memcpy.o)
 .debug_info    0x0000dfd9       0xec C:/Freescale/CW MCU v10.5/MCU/ARM_GCC_Support/ewl/lib/armv6-m\libc.a(memset.o)
 .debug_info    0x0000e0c5      0x10b C:/Freescale/CW MCU v10.5/MCU/ARM_GCC_Support/ewl/lib/armv6-m\libc.a(strchr.o)
 .debug_info    0x0000e1d0       0xea C:/Freescale/CW MCU v10.5/MCU/ARM_GCC_Support/ewl/lib/armv6-m\libc.a(strlen.o)
 .debug_info    0x0000e2ba      0x50d C:/Freescale/CW MCU v10.5/MCU/ARM_GCC_Support/ewl/lib/armv6-m\libc.a(printformat_.o)
 .debug_info    0x0000e7c7      0x568 C:/Freescale/CW MCU v10.5/MCU/ARM_GCC_Support/ewl/lib/armv6-m\libc.a(scanformat_.o)
 .debug_info    0x0000ed2f      0x313 C:/Freescale/CW MCU v10.5/MCU/ARM_GCC_Support/ewl/lib/armv6-m\libc.a(ctype_aeabi.o)
 .debug_info    0x0000f042      0x4be C:/Freescale/CW MCU v10.5/MCU/ARM_GCC_Support/ewl/lib/armv6-m\libc.a(ansi_files.o)
 .debug_info    0x0000f500      0x60d C:/Freescale/CW MCU v10.5/MCU/ARM_GCC_Support/ewl/lib/armv6-m\libc.a(fwrite.o)
 .debug_info    0x0000fb0d      0x1d6 C:/Freescale/CW MCU v10.5/MCU/ARM_GCC_Support/ewl/lib/armv6-m\libc.a(__strtoul.o)
 .debug_info    0x0000fce3      0x137 C:/Freescale/CW MCU v10.5/MCU/ARM_GCC_Support/ewl/lib/armv6-m\libc.a(__filll_mem.o)
 .debug_info    0x0000fe1a      0x116 C:/Freescale/CW MCU v10.5/MCU/ARM_GCC_Support/ewl/lib/armv6-m\libc.a(__memrchr.o)
 .debug_info    0x0000ff30      0x121 C:/Freescale/CW MCU v10.5/MCU/ARM_GCC_Support/ewl/lib/armv6-m\libc.a(memchr.o)
 .debug_info    0x00010051      0x45d C:/Freescale/CW MCU v10.5/MCU/ARM_GCC_Support/ewl/lib/armv6-m\libc.a(__buffer_io.o)
 .debug_info    0x000104ae      0x136 C:/Freescale/CW MCU v10.5/MCU/ARM_GCC_Support/ewl/lib/armv6-m\librt.a(gcc_ctor_dtor.o)
 .debug_info    0x000105e4      0x19b C:/Freescale/CW MCU v10.5/MCU/ARM_GCC_Support/ewl/lib/armv6-m\librt.a(ROMCopy.o)
 .debug_info    0x0001077f      0x2b9 C:/Freescale/CW MCU v10.5/MCU/ARM_GCC_Support/ewl/lib/armv6-m\librt.a(__arm_eabi_init.o)

.debug_abbrev   0x00000000     0x3ef8
 .debug_abbrev  0x00000000      0x1ce ./Generated_Code/tasks.o
 .debug_abbrev  0x000001ce      0x158 ./Generated_Code/queue.o
 .debug_abbrev  0x00000326       0xf5 ./Generated_Code/port.o
 .debug_abbrev  0x0000041b       0xb6 ./Generated_Code/list.o
 .debug_abbrev  0x000004d1      0x190 ./Generated_Code/heap_2.o
 .debug_abbrev  0x00000661       0xda ./Generated_Code/Vectors.o
 .debug_abbrev  0x0000073b      0x185 ./Generated_Code/TU2.o
 .debug_abbrev  0x000008c0      0x17e ./Generated_Code/TU1.o
 .debug_abbrev  0x00000a3e      0x17e ./Generated_Code/TU0.o
 .debug_abbrev  0x00000bbc      0x184 ./Generated_Code/TSSTouch.o
 .debug_abbrev  0x00000d40      0x178 ./Generated_Code/SonarTrigger.o
 .debug_abbrev  0x00000eb8      0x114 ./Generated_Code/PwmLdd3.o
 .debug_abbrev  0x00000fcc      0x114 ./Generated_Code/PwmLdd2.o
 .debug_abbrev  0x000010e0      0x114 ./Generated_Code/PwmLdd1.o
 .debug_abbrev  0x000011f4      0x102 ./Generated_Code/PE_LDD.o
 .debug_abbrev  0x000012f6      0x178 ./Generated_Code/MotorB.o
 .debug_abbrev  0x0000146e      0x178 ./Generated_Code/MotorA.o
 .debug_abbrev  0x000015e6      0x16d ./Generated_Code/MMA0.o
 .debug_abbrev  0x00001753      0x149 ./Generated_Code/IO1.o
 .debug_abbrev  0x0000189c      0x195 ./Generated_Code/I2C1.o
 .debug_abbrev  0x00001a31      0x170 ./Generated_Code/I2C0.o
 .debug_abbrev  0x00001ba1      0x1d1 ./Generated_Code/GI2C0.o
 .debug_abbrev  0x00001d72       0xd6 ./Generated_Code/CsIO0.o
 .debug_abbrev  0x00001e48      0x141 ./Generated_Code/Cpu.o
 .debug_abbrev  0x00001f89      0x178 ./Generated_Code/Break.o
 .debug_abbrev  0x00002101      0x186 ./Generated_Code/AdcLdd1.o
 .debug_abbrev  0x00002287      0x12b ./Generated_Code/AD0.o
 .debug_abbrev  0x000023b2       0x92 ./Project_Settings/Startup_Code/__arm_start.o
 .debug_abbrev  0x00002444       0x4c ./Project_Settings/Startup_Code/__arm_end.o
 .debug_abbrev  0x00002490      0x12b ./Sources/TSS/TSS_SystemSetupData.o
 .debug_abbrev  0x000025bb      0x1a9 ./Sources/TSS/TSS_SensorTSIL.o
 .debug_abbrev  0x00002764      0x115 ./Sources/TSS/TSS_Sensor.o
 .debug_abbrev  0x00002879      0x177 ./Sources/Tasks/TaskSonar.o
 .debug_abbrev  0x000029f0       0xd6 ./Sources/Tasks/TaskAccelerometer.o
 .debug_abbrev  0x00002ac6       0xd2 ./Sources/ProcessorExpert.o
 .debug_abbrev  0x00002b98      0x1e3 ./Sources/Events.o
 .debug_abbrev  0x00002d7b      0x107 C:/Freescale/CW MCU v10.5/MCU/ARM_GCC_Support/ewl/lib/armv6-m\libc.a(printf.o)
 .debug_abbrev  0x00002e82       0x7a C:/Freescale/CW MCU v10.5/MCU/ARM_GCC_Support/ewl/lib/armv6-m\libc.a(exit.o)
 .debug_abbrev  0x00002efc       0x95 C:/Freescale/CW MCU v10.5/MCU/ARM_GCC_Support/ewl/lib/armv6-m\libc.a(memcpy.o)
 .debug_abbrev  0x00002f91       0x62 C:/Freescale/CW MCU v10.5/MCU/ARM_GCC_Support/ewl/lib/armv6-m\libc.a(memset.o)
 .debug_abbrev  0x00002ff3       0x7a C:/Freescale/CW MCU v10.5/MCU/ARM_GCC_Support/ewl/lib/armv6-m\libc.a(strchr.o)
 .debug_abbrev  0x0000306d       0x7a C:/Freescale/CW MCU v10.5/MCU/ARM_GCC_Support/ewl/lib/armv6-m\libc.a(strlen.o)
 .debug_abbrev  0x000030e7      0x200 C:/Freescale/CW MCU v10.5/MCU/ARM_GCC_Support/ewl/lib/armv6-m\libc.a(printformat_.o)
 .debug_abbrev  0x000032e7      0x1f0 C:/Freescale/CW MCU v10.5/MCU/ARM_GCC_Support/ewl/lib/armv6-m\libc.a(scanformat_.o)
 .debug_abbrev  0x000034d7       0x9e C:/Freescale/CW MCU v10.5/MCU/ARM_GCC_Support/ewl/lib/armv6-m\libc.a(ctype_aeabi.o)
 .debug_abbrev  0x00003575      0x107 C:/Freescale/CW MCU v10.5/MCU/ARM_GCC_Support/ewl/lib/armv6-m\libc.a(ansi_files.o)
 .debug_abbrev  0x0000367c      0x16a C:/Freescale/CW MCU v10.5/MCU/ARM_GCC_Support/ewl/lib/armv6-m\libc.a(fwrite.o)
 .debug_abbrev  0x000037e6       0xc2 C:/Freescale/CW MCU v10.5/MCU/ARM_GCC_Support/ewl/lib/armv6-m\libc.a(__strtoul.o)
 .debug_abbrev  0x000038a8       0x78 C:/Freescale/CW MCU v10.5/MCU/ARM_GCC_Support/ewl/lib/armv6-m\libc.a(__filll_mem.o)
 .debug_abbrev  0x00003920       0x95 C:/Freescale/CW MCU v10.5/MCU/ARM_GCC_Support/ewl/lib/armv6-m\libc.a(__memrchr.o)
 .debug_abbrev  0x000039b5       0x95 C:/Freescale/CW MCU v10.5/MCU/ARM_GCC_Support/ewl/lib/armv6-m\libc.a(memchr.o)
 .debug_abbrev  0x00003a4a      0x142 C:/Freescale/CW MCU v10.5/MCU/ARM_GCC_Support/ewl/lib/armv6-m\libc.a(__buffer_io.o)
 .debug_abbrev  0x00003b8c       0x99 C:/Freescale/CW MCU v10.5/MCU/ARM_GCC_Support/ewl/lib/armv6-m\librt.a(gcc_ctor_dtor.o)
 .debug_abbrev  0x00003c25      0x120 C:/Freescale/CW MCU v10.5/MCU/ARM_GCC_Support/ewl/lib/armv6-m\librt.a(ROMCopy.o)
 .debug_abbrev  0x00003d45      0x1b3 C:/Freescale/CW MCU v10.5/MCU/ARM_GCC_Support/ewl/lib/armv6-m\librt.a(__arm_eabi_init.o)

.debug_loc      0x00000000     0x6868
 .debug_loc     0x00000000      0x84c ./Generated_Code/tasks.o
 .debug_loc     0x0000084c      0x5e8 ./Generated_Code/queue.o
 .debug_loc     0x00000e34      0x1fc ./Generated_Code/port.o
 .debug_loc     0x00001030      0x118 ./Generated_Code/list.o
 .debug_loc     0x00001148      0x100 ./Generated_Code/heap_2.o
 .debug_loc     0x00001248       0xe0 ./Generated_Code/TU2.o
 .debug_loc     0x00001328      0x188 ./Generated_Code/TU1.o
 .debug_loc     0x000014b0      0x188 ./Generated_Code/TU0.o
 .debug_loc     0x00001638       0x64 ./Generated_Code/TSSTouch.o
 .debug_loc     0x0000169c      0x188 ./Generated_Code/SonarTrigger.o
 .debug_loc     0x00001824      0x188 ./Generated_Code/PwmLdd3.o
 .debug_loc     0x000019ac      0x188 ./Generated_Code/PwmLdd2.o
 .debug_loc     0x00001b34      0x188 ./Generated_Code/PwmLdd1.o
 .debug_loc     0x00001cbc       0x9c ./Generated_Code/PE_LDD.o
 .debug_loc     0x00001d58      0x188 ./Generated_Code/MotorB.o
 .debug_loc     0x00001ee0      0x188 ./Generated_Code/MotorA.o
 .debug_loc     0x00002068      0x518 ./Generated_Code/MMA0.o
 .debug_loc     0x00002580       0xe0 ./Generated_Code/IO1.o
 .debug_loc     0x00002660      0x118 ./Generated_Code/I2C1.o
 .debug_loc     0x00002778      0x150 ./Generated_Code/I2C0.o
 .debug_loc     0x000028c8      0x370 ./Generated_Code/GI2C0.o
 .debug_loc     0x00002c38       0xa8 ./Generated_Code/CsIO0.o
 .debug_loc     0x00002ce0       0xb0 ./Generated_Code/Cpu.o
 .debug_loc     0x00002d90      0x188 ./Generated_Code/Break.o
 .debug_loc     0x00002f18      0x188 ./Generated_Code/AdcLdd1.o
 .debug_loc     0x000030a0      0x12c ./Generated_Code/AD0.o
 .debug_loc     0x000031cc       0x2c ./Project_Settings/Startup_Code/__arm_start.o
 .debug_loc     0x000031f8       0x38 ./Project_Settings/Startup_Code/__arm_end.o
 .debug_loc     0x00003230       0x38 ./Sources/TSS/TSS_SystemSetupData.o
 .debug_loc     0x00003268      0x2a2 ./Sources/TSS/TSS_SensorTSIL.o
 .debug_loc     0x0000350a       0xe0 ./Sources/TSS/TSS_Sensor.o
 .debug_loc     0x000035ea      0x20c ./Sources/Tasks/TaskSonar.o
 .debug_loc     0x000037f6       0xd4 ./Sources/Tasks/TaskAccelerometer.o
 .debug_loc     0x000038ca       0x2c ./Sources/ProcessorExpert.o
 .debug_loc     0x000038f6      0x370 ./Sources/Events.o
 .debug_loc     0x00003c66       0x2c C:/Freescale/CW MCU v10.5/MCU/ARM_GCC_Support/ewl/lib/armv6-m\libc.a(printf.o)
 .debug_loc     0x00003c92       0x3e C:/Freescale/CW MCU v10.5/MCU/ARM_GCC_Support/ewl/lib/armv6-m\libc.a(exit.o)
 .debug_loc     0x00003cd0       0x59 C:/Freescale/CW MCU v10.5/MCU/ARM_GCC_Support/ewl/lib/armv6-m\libc.a(memcpy.o)
 .debug_loc     0x00003d29       0x6f C:/Freescale/CW MCU v10.5/MCU/ARM_GCC_Support/ewl/lib/armv6-m\libc.a(memset.o)
 .debug_loc     0x00003d98       0xaf C:/Freescale/CW MCU v10.5/MCU/ARM_GCC_Support/ewl/lib/armv6-m\libc.a(strchr.o)
 .debug_loc     0x00003e47       0x33 C:/Freescale/CW MCU v10.5/MCU/ARM_GCC_Support/ewl/lib/armv6-m\libc.a(strlen.o)
 .debug_loc     0x00003e7a     0x104b C:/Freescale/CW MCU v10.5/MCU/ARM_GCC_Support/ewl/lib/armv6-m\libc.a(printformat_.o)
 .debug_loc     0x00004ec5      0x9d8 C:/Freescale/CW MCU v10.5/MCU/ARM_GCC_Support/ewl/lib/armv6-m\libc.a(scanformat_.o)
 .debug_loc     0x0000589d      0x30d C:/Freescale/CW MCU v10.5/MCU/ARM_GCC_Support/ewl/lib/armv6-m\libc.a(ctype_aeabi.o)
 .debug_loc     0x00005baa       0x8c C:/Freescale/CW MCU v10.5/MCU/ARM_GCC_Support/ewl/lib/armv6-m\libc.a(ansi_files.o)
 .debug_loc     0x00005c36      0x2c2 C:/Freescale/CW MCU v10.5/MCU/ARM_GCC_Support/ewl/lib/armv6-m\libc.a(fwrite.o)
 .debug_loc     0x00005ef8      0x305 C:/Freescale/CW MCU v10.5/MCU/ARM_GCC_Support/ewl/lib/armv6-m\libc.a(__strtoul.o)
 .debug_loc     0x000061fd      0x14a C:/Freescale/CW MCU v10.5/MCU/ARM_GCC_Support/ewl/lib/armv6-m\libc.a(__filll_mem.o)
 .debug_loc     0x00006347       0x77 C:/Freescale/CW MCU v10.5/MCU/ARM_GCC_Support/ewl/lib/armv6-m\libc.a(__memrchr.o)
 .debug_loc     0x000063be       0x77 C:/Freescale/CW MCU v10.5/MCU/ARM_GCC_Support/ewl/lib/armv6-m\libc.a(memchr.o)
 .debug_loc     0x00006435      0x126 C:/Freescale/CW MCU v10.5/MCU/ARM_GCC_Support/ewl/lib/armv6-m\libc.a(__buffer_io.o)
 .debug_loc     0x0000655b       0x9d C:/Freescale/CW MCU v10.5/MCU/ARM_GCC_Support/ewl/lib/armv6-m\librt.a(gcc_ctor_dtor.o)
 .debug_loc     0x000065f8       0xd9 C:/Freescale/CW MCU v10.5/MCU/ARM_GCC_Support/ewl/lib/armv6-m\librt.a(ROMCopy.o)
 .debug_loc     0x000066d1      0x197 C:/Freescale/CW MCU v10.5/MCU/ARM_GCC_Support/ewl/lib/armv6-m\librt.a(__arm_eabi_init.o)

.debug_aranges  0x00000000      0xfc0
 .debug_aranges
                0x00000000      0x150 ./Generated_Code/tasks.o
 .debug_aranges
                0x00000150       0xf0 ./Generated_Code/queue.o
 .debug_aranges
                0x00000240       0x80 ./Generated_Code/port.o
 .debug_aranges
                0x000002c0       0x40 ./Generated_Code/list.o
 .debug_aranges
                0x00000300       0x40 ./Generated_Code/heap_2.o
 .debug_aranges
                0x00000340       0x18 ./Generated_Code/Vectors.o
 .debug_aranges
                0x00000358       0x38 ./Generated_Code/TU2.o
 .debug_aranges
                0x00000390       0x50 ./Generated_Code/TU1.o
 .debug_aranges
                0x000003e0       0x50 ./Generated_Code/TU0.o
 .debug_aranges
                0x00000430       0x28 ./Generated_Code/TSSTouch.o
 .debug_aranges
                0x00000458       0x50 ./Generated_Code/SonarTrigger.o
 .debug_aranges
                0x000004a8       0x50 ./Generated_Code/PwmLdd3.o
 .debug_aranges
                0x000004f8       0x50 ./Generated_Code/PwmLdd2.o
 .debug_aranges
                0x00000548       0x50 ./Generated_Code/PwmLdd1.o
 .debug_aranges
                0x00000598       0x30 ./Generated_Code/PE_LDD.o
 .debug_aranges
                0x000005c8       0x50 ./Generated_Code/MotorB.o
 .debug_aranges
                0x00000618       0x50 ./Generated_Code/MotorA.o
 .debug_aranges
                0x00000668       0xe0 ./Generated_Code/MMA0.o
 .debug_aranges
                0x00000748       0x38 ./Generated_Code/IO1.o
 .debug_aranges
                0x00000780       0x40 ./Generated_Code/I2C1.o
 .debug_aranges
                0x000007c0       0x48 ./Generated_Code/I2C0.o
 .debug_aranges
                0x00000808       0xa0 ./Generated_Code/GI2C0.o
 .debug_aranges
                0x000008a8       0x30 ./Generated_Code/CsIO0.o
 .debug_aranges
                0x000008d8       0x38 ./Generated_Code/Cpu.o
 .debug_aranges
                0x00000910       0x50 ./Generated_Code/Break.o
 .debug_aranges
                0x00000960       0x50 ./Generated_Code/AdcLdd1.o
 .debug_aranges
                0x000009b0       0x48 ./Generated_Code/AD0.o
 .debug_aranges
                0x000009f8       0x30 ./Project_Settings/Startup_Code/__arm_start.o
 .debug_aranges
                0x00000a28       0x20 ./Project_Settings/Startup_Code/__arm_end.o
 .debug_aranges
                0x00000a48       0x20 ./Sources/TSS/TSS_SystemSetupData.o
 .debug_aranges
                0x00000a68       0x78 ./Sources/TSS/TSS_SensorTSIL.o
 .debug_aranges
                0x00000ae0       0x38 ./Sources/TSS/TSS_Sensor.o
 .debug_aranges
                0x00000b18       0x68 ./Sources/Tasks/TaskSonar.o
 .debug_aranges
                0x00000b80       0x38 ./Sources/Tasks/TaskAccelerometer.o
 .debug_aranges
                0x00000bb8       0x20 ./Sources/ProcessorExpert.o
 .debug_aranges
                0x00000bd8       0xa0 ./Sources/Events.o
 .debug_aranges
                0x00000c78       0x20 C:/Freescale/CW MCU v10.5/MCU/ARM_GCC_Support/ewl/lib/armv6-m\libc.a(printf.o)
 .debug_aranges
                0x00000c98       0x20 C:/Freescale/CW MCU v10.5/MCU/ARM_GCC_Support/ewl/lib/armv6-m\libc.a(exit.o)
 .debug_aranges
                0x00000cb8       0x20 C:/Freescale/CW MCU v10.5/MCU/ARM_GCC_Support/ewl/lib/armv6-m\libc.a(memcpy.o)
 .debug_aranges
                0x00000cd8       0x20 C:/Freescale/CW MCU v10.5/MCU/ARM_GCC_Support/ewl/lib/armv6-m\libc.a(memset.o)
 .debug_aranges
                0x00000cf8       0x20 C:/Freescale/CW MCU v10.5/MCU/ARM_GCC_Support/ewl/lib/armv6-m\libc.a(strchr.o)
 .debug_aranges
                0x00000d18       0x20 C:/Freescale/CW MCU v10.5/MCU/ARM_GCC_Support/ewl/lib/armv6-m\libc.a(strlen.o)
 .debug_aranges
                0x00000d38       0x28 C:/Freescale/CW MCU v10.5/MCU/ARM_GCC_Support/ewl/lib/armv6-m\libc.a(printformat_.o)
 .debug_aranges
                0x00000d60       0x20 C:/Freescale/CW MCU v10.5/MCU/ARM_GCC_Support/ewl/lib/armv6-m\libc.a(scanformat_.o)
 .debug_aranges
                0x00000d80       0x88 C:/Freescale/CW MCU v10.5/MCU/ARM_GCC_Support/ewl/lib/armv6-m\libc.a(ctype_aeabi.o)
 .debug_aranges
                0x00000e08       0x28 C:/Freescale/CW MCU v10.5/MCU/ARM_GCC_Support/ewl/lib/armv6-m\libc.a(ansi_files.o)
 .debug_aranges
                0x00000e30       0x30 C:/Freescale/CW MCU v10.5/MCU/ARM_GCC_Support/ewl/lib/armv6-m\libc.a(fwrite.o)
 .debug_aranges
                0x00000e60       0x20 C:/Freescale/CW MCU v10.5/MCU/ARM_GCC_Support/ewl/lib/armv6-m\libc.a(__strtoul.o)
 .debug_aranges
                0x00000e80       0x20 C:/Freescale/CW MCU v10.5/MCU/ARM_GCC_Support/ewl/lib/armv6-m\libc.a(__filll_mem.o)
 .debug_aranges
                0x00000ea0       0x20 C:/Freescale/CW MCU v10.5/MCU/ARM_GCC_Support/ewl/lib/armv6-m\libc.a(__memrchr.o)
 .debug_aranges
                0x00000ec0       0x20 C:/Freescale/CW MCU v10.5/MCU/ARM_GCC_Support/ewl/lib/armv6-m\libc.a(memchr.o)
 .debug_aranges
                0x00000ee0       0x30 C:/Freescale/CW MCU v10.5/MCU/ARM_GCC_Support/ewl/lib/armv6-m\libc.a(__buffer_io.o)
 .debug_aranges
                0x00000f10       0x28 C:/Freescale/CW MCU v10.5/MCU/ARM_GCC_Support/ewl/lib/armv6-m\librt.a(gcc_ctor_dtor.o)
 .debug_aranges
                0x00000f38       0x30 C:/Freescale/CW MCU v10.5/MCU/ARM_GCC_Support/ewl/lib/armv6-m\librt.a(ROMCopy.o)
 .debug_aranges
                0x00000f68       0x58 C:/Freescale/CW MCU v10.5/MCU/ARM_GCC_Support/ewl/lib/armv6-m\librt.a(__arm_eabi_init.o)

.debug_macinfo  0x00000000   0x7ba9de
 .debug_macinfo
                0x00000000    0x4af57 ./Generated_Code/tasks.o
 .debug_macinfo
                0x0004af57     0xf1a8 ./Generated_Code/queue.o
 .debug_macinfo
                0x0005a0ff    0x317cd ./Generated_Code/port.o
 .debug_macinfo
                0x0008b8cc     0xde54 ./Generated_Code/list.o
 .debug_macinfo
                0x00099720    0x4aad2 ./Generated_Code/heap_2.o
 .debug_macinfo
                0x000e41f2    0x4a821 ./Generated_Code/Vectors.o
 .debug_macinfo
                0x0012ea13    0x4a86d ./Generated_Code/TU2.o
 .debug_macinfo
                0x00179280    0x32d90 ./Generated_Code/TU1.o
 .debug_macinfo
                0x001ac010    0x32d58 ./Generated_Code/TU0.o
 .debug_macinfo
                0x001ded68    0x4a7b1 ./Generated_Code/TSSTouch.o
 .debug_macinfo
                0x00229519    0x31fb7 ./Generated_Code/SonarTrigger.o
 .debug_macinfo
                0x0025b4d0    0x32eef ./Generated_Code/PwmLdd3.o
 .debug_macinfo
                0x0028e3bf    0x32eef ./Generated_Code/PwmLdd2.o
 .debug_macinfo
                0x002c12ae    0x32ecb ./Generated_Code/PwmLdd1.o
 .debug_macinfo
                0x002f4179    0x4a6b3 ./Generated_Code/PE_LDD.o
 .debug_macinfo
                0x0033e82c    0x31f52 ./Generated_Code/MotorB.o
 .debug_macinfo
                0x0037077e    0x31f5a ./Generated_Code/MotorA.o
 .debug_macinfo
                0x003a26d8    0x34a0a ./Generated_Code/MMA0.o
 .debug_macinfo
                0x003d70e2    0x32ffa ./Generated_Code/IO1.o
 .debug_macinfo
                0x0040a0dc    0x50942 ./Generated_Code/I2C1.o
 .debug_macinfo
                0x0045aa1e    0x3af71 ./Generated_Code/I2C0.o
 .debug_macinfo
                0x0049598f    0x3487b ./Generated_Code/GI2C0.o
 .debug_macinfo
                0x004ca20a    0x28a71 ./Generated_Code/CsIO0.o
 .debug_macinfo
                0x004f2c7b    0x4a822 ./Generated_Code/Cpu.o
 .debug_macinfo
                0x0053d49d    0x31f49 ./Generated_Code/Break.o
 .debug_macinfo
                0x0056f3e6    0x36555 ./Generated_Code/AdcLdd1.o
 .debug_macinfo
                0x005a593b    0x333d4 ./Generated_Code/AD0.o
 .debug_macinfo
                0x005d8d0f     0x3e6d ./Project_Settings/Startup_Code/__arm_start.o
 .debug_macinfo
                0x005dcb7c     0x3456 ./Project_Settings/Startup_Code/__arm_end.o
 .debug_macinfo
                0x005dffd2    0x3aaca ./Sources/TSS/TSS_SystemSetupData.o
 .debug_macinfo
                0x0061aa9c    0x433dd ./Sources/TSS/TSS_SensorTSIL.o
 .debug_macinfo
                0x0065de79    0x46466 ./Sources/TSS/TSS_Sensor.o
 .debug_macinfo
                0x006a42df    0x36f71 ./Sources/Tasks/TaskSonar.o
 .debug_macinfo
                0x006db250    0x4a725 ./Sources/Tasks/TaskAccelerometer.o
 .debug_macinfo