Archive member included because of file (symbol)

C:/Users/JH/Documents/GitHub/M0PlusFreeRTOS/M0PlusFreeRTOS/Sources/TSS\libTSS_KXX_M0.a(TSS_ASliderDecoder.o)
                              ./Sources/TSS/TSS_SystemSetupData.o (TSS_ASliderDecoder)
C:/Users/JH/Documents/GitHub/M0PlusFreeRTOS/M0PlusFreeRTOS/Sources/TSS\libTSS_KXX_M0.a(TSS_Filters.o)
                              ./Sources/TSS/TSS_SystemSetupData.o (TSS_KeyDetectorInitPrevCapSample)
C:/Users/JH/Documents/GitHub/M0PlusFreeRTOS/M0PlusFreeRTOS/Sources/TSS\libTSS_KXX_M0.a(TSS_KeyDetectorNormal.o)
                              ./Sources/TSS/TSS_SystemSetupData.o (TSS_KeyBasicStuckKeyControl)
C:/Users/JH/Documents/GitHub/M0PlusFreeRTOS/M0PlusFreeRTOS/Sources/TSS\libTSS_KXX_M0.a(TSS_KeyDetector.o)
                              C:/Users/JH/Documents/GitHub/M0PlusFreeRTOS/M0PlusFreeRTOS/Sources/TSS\libTSS_KXX_M0.a(TSS_KeyDetectorNormal.o) (TSS_KeyDetectorResetElectrodeDebouncing)
C:/Users/JH/Documents/GitHub/M0PlusFreeRTOS/M0PlusFreeRTOS/Sources/TSS\libTSS_KXX_M0.a(TSS_Main.o)
                              ./Generated_Code/TSSTouch.o (TSS_Init)
C:/Freescale/CW MCU v10.5/MCU/ARM_GCC_Support/ewl/lib/armv6-m\libc.a(printf.o)
                              ./Sources/Tasks/TaskSendString.o (printf)
C:/Freescale/CW MCU v10.5/MCU/ARM_GCC_Support/ewl/lib/armv6-m\libc.a(puts.o)
                              ./Sources/Tasks/TaskSendString2.o (puts)
C:/Freescale/CW MCU v10.5/MCU/ARM_GCC_Support/ewl/lib/armv6-m\libc.a(sprintf.o)
                              ./Sources/Tasks/TaskSendString.o (sprintf)
C:/Freescale/CW MCU v10.5/MCU/ARM_GCC_Support/ewl/lib/armv6-m\libc.a(vsnprintf.o)
                              C:/Freescale/CW MCU v10.5/MCU/ARM_GCC_Support/ewl/lib/armv6-m\libc.a(sprintf.o) (vsnprintf)
C:/Freescale/CW MCU v10.5/MCU/ARM_GCC_Support/ewl/lib/armv6-m\libc.a(exit.o)
                              ./Project_Settings/Startup_Code/__arm_start.o (exit)
C:/Freescale/CW MCU v10.5/MCU/ARM_GCC_Support/ewl/lib/armv6-m\libc.a(memcpy.o)
                              ./Generated_Code/queue.o (memcpy)
C:/Freescale/CW MCU v10.5/MCU/ARM_GCC_Support/ewl/lib/armv6-m\libc.a(memset.o)
                              ./Generated_Code/tasks.o (memset)
C:/Freescale/CW MCU v10.5/MCU/ARM_GCC_Support/ewl/lib/armv6-m\libc.a(strchr.o)
                              ./Generated_Code/UTIL2.o (strchr)
C:/Freescale/CW MCU v10.5/MCU/ARM_GCC_Support/ewl/lib/armv6-m\libc.a(strlen.o)
                              ./Generated_Code/UTIL2.o (strlen)
C:/Freescale/CW MCU v10.5/MCU/ARM_GCC_Support/ewl/lib/armv6-m\libc.a(strncmp.o)
                              ./Generated_Code/UTIL2.o (strncmp)
C:/Freescale/CW MCU v10.5/MCU/ARM_GCC_Support/ewl/lib/armv6-m\libc.a(printformat_.o)
                              (__pformatter_)
C:/Freescale/CW MCU v10.5/MCU/ARM_GCC_Support/ewl/lib/armv6-m\libc.a(scanformat_.o)
                              (__sformatter)
C:/Freescale/CW MCU v10.5/MCU/ARM_GCC_Support/ewl/lib/armv6-m\libc.a(ctype_aeabi.o)
                              C:/Freescale/CW MCU v10.5/MCU/ARM_GCC_Support/ewl/lib/armv6-m\libc.a(scanformat_.o) (isspace)
C:/Freescale/CW MCU v10.5/MCU/ARM_GCC_Support/ewl/lib/armv6-m\libc.a(__putchar.o)
                              C:/Freescale/CW MCU v10.5/MCU/ARM_GCC_Support/ewl/lib/armv6-m\libc.a(puts.o) (__put_char)
C:/Freescale/CW MCU v10.5/MCU/ARM_GCC_Support/ewl/lib/armv6-m\libc.a(ansi_files.o)
                              C:/Freescale/CW MCU v10.5/MCU/ARM_GCC_Support/ewl/lib/armv6-m\libc.a(printf.o) (__files)
C:/Freescale/CW MCU v10.5/MCU/ARM_GCC_Support/ewl/lib/armv6-m\libc.a(fflush.o)
                              C:/Freescale/CW MCU v10.5/MCU/ARM_GCC_Support/ewl/lib/armv6-m\libc.a(ansi_files.o) (fflush)
C:/Freescale/CW MCU v10.5/MCU/ARM_GCC_Support/ewl/lib/armv6-m\libc.a(fwrite.o)
                              C:/Freescale/CW MCU v10.5/MCU/ARM_GCC_Support/ewl/lib/armv6-m\libc.a(printf.o) (__FileWrite)
C:/Freescale/CW MCU v10.5/MCU/ARM_GCC_Support/ewl/lib/armv6-m\libc.a(__strtoul.o)
                              C:/Freescale/CW MCU v10.5/MCU/ARM_GCC_Support/ewl/lib/armv6-m\libc.a(scanformat_.o) (__strtoul)
C:/Freescale/CW MCU v10.5/MCU/ARM_GCC_Support/ewl/lib/armv6-m\libc.a(__filll_mem.o)
                              C:/Freescale/CW MCU v10.5/MCU/ARM_GCC_Support/ewl/lib/armv6-m\libc.a(memset.o) (__fill_mem)
C:/Freescale/CW MCU v10.5/MCU/ARM_GCC_Support/ewl/lib/armv6-m\libc.a(__memrchr.o)
                              C:/Freescale/CW MCU v10.5/MCU/ARM_GCC_Support/ewl/lib/armv6-m\libc.a(fwrite.o) (__memrchr)
C:/Freescale/CW MCU v10.5/MCU/ARM_GCC_Support/ewl/lib/armv6-m\libc.a(memchr.o)
                              C:/Freescale/CW MCU v10.5/MCU/ARM_GCC_Support/ewl/lib/armv6-m\libc.a(printformat_.o) (memchr)
C:/Freescale/CW MCU v10.5/MCU/ARM_GCC_Support/ewl/lib/armv6-m\libc.a(__buffer_io.o)
                              C:/Freescale/CW MCU v10.5/MCU/ARM_GCC_Support/ewl/lib/armv6-m\libc.a(__putchar.o) (__prep_buffer)
[...]
Memory Configuration

Name             Origin             Length             Attributes
m_interrupts     0x00000000         0x000000c0         xr
m_text           0x00000410         0x0001fbf0         xr
m_data           0x1ffff000         0x00004000         rw
m_cfmprotrom     0x00000400         0x00000010         xr
*default*        0x00000000         0xffffffff

Linker script and memory map

LOAD ./Generated_Code/timers.o
LOAD ./Generated_Code/tasks.o
LOAD ./Generated_Code/queue.o
LOAD ./Generated_Code/portasm.o
LOAD ./Generated_Code/port.o
LOAD ./Generated_Code/list.o
LOAD ./Generated_Code/heap_4.o
LOAD ./Generated_Code/heap_3.o
LOAD ./Generated_Code/heap_2.o
LOAD ./Generated_Code/heap_1.o
LOAD ./Generated_Code/croutine.o
LOAD ./Generated_Code/WAIT0.o
LOAD ./Generated_Code/Vectors.o
LOAD ./Generated_Code/UTIL2.o
LOAD ./Generated_Code/UTIL1.o
LOAD ./Generated_Code/TU2.o
LOAD ./Generated_Code/TU1.o
LOAD ./Generated_Code/TU0.o
LOAD ./Generated_Code/TSSTouch.o
LOAD ./Generated_Code/SonarTrigger.o
LOAD ./Generated_Code/PwmLdd3.o
LOAD ./Generated_Code/PwmLdd2.o
LOAD ./Generated_Code/PwmLdd1.o
LOAD ./Generated_Code/PWMLEDRed.o
LOAD ./Generated_Code/PWMLEDGreen.o
LOAD ./Generated_Code/PWMLEDBlue.o
LOAD ./Generated_Code/PE_LDD.o
LOAD ./Generated_Code/MotorB.o
LOAD ./Generated_Code/MotorA.o
LOAD ./Generated_Code/MMA0.o
LOAD ./Generated_Code/IO1.o
LOAD ./Generated_Code/I2C1.o
LOAD ./Generated_Code/I2C0.o
LOAD ./Generated_Code/GI2C0.o
LOAD ./Generated_Code/FRTOS1.o
LOAD ./Generated_Code/CsIO1.o
LOAD ./Generated_Code/Cpu.o
LOAD ./Generated_Code/Break.o
LOAD ./Generated_Code/AdcLdd1.o
LOAD ./Generated_Code/AS1.o
LOAD ./Generated_Code/AD0.o
LOAD ./Project_Settings/Startup_Code/__arm_start.o
LOAD ./Project_Settings/Startup_Code/__arm_end.o
LOAD ./Sources/TSS/TSS_SystemSetupData.o
LOAD ./Sources/TSS/TSS_SensorTSIL.o
LOAD ./Sources/TSS/TSS_SensorTSI.o
LOAD ./Sources/TSS/TSS_SensorGPIO.o
LOAD ./Sources/TSS/TSS_Sensor.o
LOAD ./Sources/TSS/TSS_Freemaster.o
LOAD ./Sources/Tasks/TaskWriteString.o
LOAD ./Sources/Tasks/TaskSonar.o
LOAD ./Sources/Tasks/TaskSendString2.o
LOAD ./Sources/Tasks/TaskSendString1.o
LOAD ./Sources/Tasks/TaskSendString.o
LOAD ./Sources/Tasks/TaskRotateLed.o
LOAD ./Sources/Tasks/TaskRedLed.o
LOAD ./Sources/Tasks/TaskMotorDC.o
LOAD ./Sources/Tasks/TaskGyroscope.o
LOAD ./Sources/Tasks/TaskGreenLed.o
LOAD ./Sources/Tasks/TaskBlueLed.o
LOAD ./Sources/Tasks/TaskAccelerometer.o
LOAD ./Sources/Util/UART.o
LOAD ./Sources/Util/Led.o
LOAD ./Sources/Util/Gyroscope.o
LOAD ./Sources/Util/Accelerometer.o
LOAD ./Sources/sa_mtb.o
LOAD ./Sources/ProcessorExpert.o
LOAD ./Sources/Events.o
                0x00006fb8                __pformatter = __pformatter_
                [0x000073e0]                __sformatter = __sformatter
LOAD C:/Users/JH/Documents/GitHub/M0PlusFreeRTOS/M0PlusFreeRTOS/Sources/TSS\libTSS_KXX_M0.a
START GROUP
LOAD C:/Freescale/CW MCU v10.5/MCU/ARM_GCC_Support/ewl/lib/armv6-m\libc.a
LOAD C:/Freescale/CW MCU v10.5/MCU/ARM_GCC_Support/ewl/lib/armv6-m\libm.a
LOAD c:/freescale/cw mcu v10.5/cross_tools/arm-none-eabi-gcc-4_7_3/bin/../lib/gcc/arm-none-eabi/4.7.3/armv6-m\libgcc.a
LOAD C:/Freescale/CW MCU v10.5/MCU/ARM_GCC_Support/ewl/lib/armv6-m\librt.a
LOAD C:/Freescale/CW MCU v10.5/MCU/ARM_GCC_Support/ewl/lib/armv6-m\libuart.a
END GROUP
                0x20003000                _estack = 0x20003000
                0x20003000                __SP_INIT = _estack
                0x00000000                __heap_size = 0x0
                0x00000020                __stack_size = 0x20

.interrupts     0x00000000       0xc0
                0x00000000                __vector_table = .
                0x00000000                . = ALIGN (0x4)
 *(.vectortable)
 .vectortable   0x00000000       0xc0 ./Generated_Code/Vectors.o
                0x00000000                __vect_table
                0x000000c0                . = ALIGN (0x4)

.cfmprotect     0x00000400       0x10
                0x00000400                . = ALIGN (0x4)
 *(.cfmconfig)
 .cfmconfig     0x00000400       0x10 ./Generated_Code/Cpu.o
                0x00000400                _cfm
                0x00000410                . = ALIGN (0x4)

.text           0x00000410     0x7d04
                0x00000410                . = ALIGN (0x4)
 *(.text)
 .text          0x00000410      0x760 C:/Users/JH/Documents/GitHub/M0PlusFreeRTOS/M0PlusFreeRTOS/Sources/TSS\libTSS_KXX_M0.a(TSS_ASliderDecoder.o)
                0x00000410                TSS_ASliderDecoder
                0x00000848                TSS_ASliderCalculatePosIIRFilter
                0x000008ac                TSS_ASliderDelayControl
                0x00000924                TSS_ASliderTrendThreshold
                0x0000094c                TSS_ASliderTrendControl
                0x00000a3c                TSS_SetASliderConfig
                0x00000b3c                TSS_GetASliderConfig
 .text          0x00000b70      0x1c8 C:/Users/JH/Documents/GitHub/M0PlusFreeRTOS/M0PlusFreeRTOS/Sources/TSS\libTSS_KXX_M0.a(TSS_Filters.o)
                0x00000b70                TSS_u16NoiseAmplitudeFilter
                0x00000ba4                TSS_i8NoiseAmplitudeFilter
                0x00000bda                TSS_ShieldEquation
                0x00000c3c                TSS_KeyDetectorInitPrevCapSample
                0x00000c50                TSS_KeyDetectorCalculateIIRFilter
                0x00000c70                TSS_KeyDetectorCalculateShielding
                0x00000c84                TSS_KeyDetectorSignalDivider
                0x00000ca0                TSS_KeyDetectorSignalMultiplier
                0x00000cd0                TSS_SubUInt16WithUInt16ToSInt16
                0x00000cfc                TSS_ShiftSInt16ToUInt16
                0x00000d08                TSS_CutSInt16ToSInt8
                0x00000d20                TSS_SensitivityLowLimitControl
 .text          0x00000d38      0x854 C:/Users/JH/Documents/GitHub/M0PlusFreeRTOS/M0PlusFreeRTOS/Sources/TSS\libTSS_KXX_M0.a(TSS_KeyDetectorNormal.o)
                0x00000db0                TSS_KeyBasicStuckKeyControl
                0x00000dfc                TSS_KeyBasicDetect
                0x00000fac                TSS_KeyBasicNegativeBaselineDrop
                0x00001038                TSS_KeyBasicElectrodeEval
                0x000012a4                TSS_KeyBasicSensAutoCalibration
                0x000014e4                TSS_KeyBasicDeltaNoiseAnalysisIIRControl
                0x00001558                TSS_KeyBasicGetSystemDataContext
 .text          0x0000158c      0x6c8 C:/Users/JH/Documents/GitHub/M0PlusFreeRTOS/M0PlusFreeRTOS/Sources/TSS\libTSS_KXX_M0.a(TSS_KeyDetector.o)
                0x000015cc                TSS_KeyDetectorResetElectrodeDebouncing
                0x000015e8                TSS_KeyDetectorResetElectrode
                0x000015fc                TSS_KeyDetectorRestartElectrode
                0x00001644                TSS_KeyDetectorRecalibrateModules
                0x00001658                TSS_KeyDetectorInit
                0x00001690                TSS_KeyDetectorResetElectrodeMeasured
                0x000016b8                TSS_KeyDetectorCalculateDelta
                0x000016d8                TSS_KeyDetectorFillDeltaLogBuffer
                0x000016f0                TSS_KeyDetectorFillSignalLogBuffer
                0x00001704                TSS_KeyDetectorResetStuckKeyCounter
                0x00001710                TSS_KeyDetectorGetDCTrackerCounter
                0x0000171c                TSS_KeyDetectorGetSlowDCTrackerCounter
                0x00001728                TSS_KeyDetectorCalibrate
                0x0000174c                TSS_KeyDetectorReleaseElectrode
                0x0000176c                TSS_KeyDetectorMainSequenced
                0x00001930                TSS_KeyDetectorMain
                0x00001ae0                TSS_KeyDetectorElectrodeStatusUpdate
                0x00001b14                TSS_KeyDetectorGetElectrodeGroupStatus
                0x00001b50                TSS_KeyDetectorGetElectrodeEnablerStatus
                0x00001c04                TSS_KeyDetectorRecalibrationRequest
                0x00001c18                TSS_KeyDetectorGetShieldElectrodeReleaseStatus
 .text          0x00001c54     0x10a0 C:/Users/JH/Documents/GitHub/M0PlusFreeRTOS/M0PlusFreeRTOS/Sources/TSS\libTSS_KXX_M0.a(TSS_Main.o)
                0x00001cec                TSS_InitRegisterArrays
                0x00001d44                TSS_InitInternalArrays
                0x00001d94                TSS_Init
                0x00001df8                TSS_DataCorruptionCheck
                0x00001eac                TSS_FaultEvaluation
                0x00001f24                TSS_DecodersControl
                0x00001f90                TSS_TriggerControl
                0x00001fe4                TSS_Task
                0x000020bc                TSS_TaskSeq
                0x00002194                TSS_InternalControlPrivateData
                0x000021b8                TSS_SetControlPrivateData
                0x000021cc                TSS_GetControlPrivateData
                0x000021e8                TSS_GetControlStruct
                0x00002208                TSS_GetControlNumberOfElectrodes
                0x00002228                TSS_GetControlFirstElectrodeIndex
                0x0000224c                TSS_GetControlLastElectrodeIndex
                0x00002274                TSS_GetControlElectrodeIndex
                0x0000229c                TSS_SetControlElectrodesEnablers
                0x00002324                TSS_GetControlElectrodesStatus
                0x0000234c                TSS_TriggerConfig
                0x000023c0                TSS_LowPowerConfig
                0x00002464                TSS_ProximityConfig
                0x000024bc                TSS_SetSystemConfig
                0x000027f0                TSS_GetSystemConfig
                0x00002910                TSS_BrowseModules
                0x000029b8                TSS_LoadElectrodeData
                0x00002a60                TSS_StoreElectrodeData
                0x00002ae0                TSS_LoadModulesData
                0x00002b48                TSS_StoreModulesData
                0x00002b8c                TSS_LoadAllSystemData
                0x00002c38                TSS_StoreAllSystemData
 .text          0x00002cf4       0x14 c:/freescale/cw mcu v10.5/cross_tools/arm-none-eabi-gcc-4_7_3/bin/../lib/gcc/arm-none-eabi/4.7.3/armv6-m\libgcc.a(_thumb1_case_sqi.o)
                0x00002cf4                __gnu_thumb1_case_sqi
 .text          0x00002d08       0x14 c:/freescale/cw mcu v10.5/cross_tools/arm-none-eabi-gcc-4_7_3/bin/../lib/gcc/arm-none-eabi/4.7.3/armv6-m\libgcc.a(_thumb1_case_uqi.o)
                0x00002d08                __gnu_thumb1_case_uqi
 .text          0x00002d1c       0x9c c:/freescale/cw mcu v10.5/cross_tools/arm-none-eabi-gcc-4_7_3/bin/../lib/gcc/arm-none-eabi/4.7.3/armv6-m\libgcc.a(_udivsi3.o)
                0x00002d1c                __aeabi_uidiv
                0x00002d1c                __udivsi3
                0x00002da4                __aeabi_uidivmod
 .text          0x00002db8       0xc0 c:/freescale/cw mcu v10.5/cross_tools/arm-none-eabi-gcc-4_7_3/bin/../lib/gcc/arm-none-eabi/4.7.3/armv6-m\libgcc.a(_divsi3.o)
                0x00002db8                __divsi3
                0x00002db8                __aeabi_idiv
                0x00002e64                __aeabi_idivmod
 .text          0x00002e78        0x4 c:/freescale/cw mcu v10.5/cross_tools/arm-none-eabi-gcc-4_7_3/bin/../lib/gcc/arm-none-eabi/4.7.3/armv6-m\libgcc.a(_dvmd_tls.o)
                0x00002e78                __aeabi_idiv0
                0x00002e78                __aeabi_ldiv0
 *(.text*)
 .text.xTaskGenericCreate
                0x00002e7c      0x164 ./Generated_Code/tasks.o
                0x00002e7c                xTaskGenericCreate
 .text.vTaskStartScheduler
                0x00002fe0       0x64 ./Generated_Code/tasks.o
                0x00002fe0                vTaskStartScheduler
 .text.vTaskSuspendAll
                0x00003044       0x18 ./Generated_Code/tasks.o
                0x00003044                vTaskSuspendAll
 .text.xTaskResumeAll
                0x0000305c      0x114 ./Generated_Code/tasks.o
                0x0000305c                xTaskResumeAll
 .text.xTaskIncrementTick
                0x00003170      0x19c ./Generated_Code/tasks.o
                0x00003170                xTaskIncrementTick
 .text.vTaskSwitchContext
                0x0000330c       0xbc ./Generated_Code/tasks.o
                0x0000330c                vTaskSwitchContext
 .text.vTaskPlaceOnEventList
                0x000033c8       0x6c ./Generated_Code/tasks.o
                0x000033c8                vTaskPlaceOnEventList
 .text.xTaskRemoveFromEventList
                0x00003434       0xac ./Generated_Code/tasks.o
                0x00003434                xTaskRemoveFromEventList
 .text.vTaskSetTimeOutState
                0x000034e0       0x30 ./Generated_Code/tasks.o
                0x000034e0                vTaskSetTimeOutState
 .text.xTaskCheckForTimeOut
                0x00003510       0x9c ./Generated_Code/tasks.o
                0x00003510                xTaskCheckForTimeOut
 .text.vTaskMissedYield
                0x000035ac       0x14 ./Generated_Code/tasks.o
                0x000035ac                vTaskMissedYield
 .text.prvIdleTask
                0x000035c0       0x24 ./Generated_Code/tasks.o
 .text.prvInitialiseTCBVariables
                0x000035e4       0x94 ./Generated_Code/tasks.o
 .text.prvInitialiseTaskLists
                0x00003678       0x88 ./Generated_Code/tasks.o
 .text.prvCheckTasksWaitingTermination
                0x00003700       0x74 ./Generated_Code/tasks.o
 .text.prvAddCurrentTaskToDelayedList
                0x00003774       0x6c ./Generated_Code/tasks.o
 .text.prvAllocateTCBAndStack
                0x000037e0       0x70 ./Generated_Code/tasks.o
 .text.prvDeleteTCB
                0x00003850       0x20 ./Generated_Code/tasks.o
 .text.vTaskPriorityDisinherit
                0x00003870       0x7c ./Generated_Code/tasks.o
                0x00003870                vTaskPriorityDisinherit
 .text.xQueueCreateMutex
                0x000038ec       0x8c ./Generated_Code/queue.o
                0x000038ec                xQueueCreateMutex
 .text.xQueueGenericSend
                0x00003978      0x160 ./Generated_Code/queue.o
                0x00003978                xQueueGenericSend
 .text.prvCopyDataToQueue
                0x00003ad8       0xd4 ./Generated_Code/queue.o
 .text.prvUnlockQueue
                0x00003bac       0x98 ./Generated_Code/queue.o
 .text.prvIsQueueFull
                0x00003c44       0x30 ./Generated_Code/queue.o
 .text.pxPortInitialiseStack
                0x00003c74       0x50 ./Generated_Code/port.o
                0x00003c74                pxPortInitialiseStack
 .text.vPortInitTickTimer
                0x00003cc4       0x3c ./Generated_Code/port.o
                0x00003cc4                vPortInitTickTimer
 .text.vPortStartTickTimer
                0x00003d00       0x14 ./Generated_Code/port.o
                0x00003d00                vPortStartTickTimer
 .text.vPortStopTickTimer
                0x00003d14       0x14 ./Generated_Code/port.o
                0x00003d14                vPortStopTickTimer
 .text.xPortStartScheduler
                0x00003d28       0x34 ./Generated_Code/port.o
                0x00003d28                xPortStartScheduler
 .text.vPortEnterCritical
                0x00003d5c       0x20 ./Generated_Code/port.o
                0x00003d5c                vPortEnterCritical
 .text.vPortExitCritical
                0x00003d7c       0x20 ./Generated_Code/port.o
                0x00003d7c                vPortExitCritical
 .text.vPortYieldFromISR
                0x00003d9c       0x1c ./Generated_Code/port.o
                0x00003d9c                vPortYieldFromISR
 .text.vPortTickHandler
                0x00003db8       0x1c ./Generated_Code/port.o
                0x00003db8                vPortTickHandler
 .text.vPortStartFirstTask
                0x00003dd4       0x1c ./Generated_Code/port.o
                0x00003dd4                vPortStartFirstTask
 .text.vPortSVCHandler
                0x00003df0       0x28 ./Generated_Code/port.o
                0x00003df0                vPortSVCHandler
 .text.vPortPendSVHandler
                0x00003e18       0x44 ./Generated_Code/port.o
                0x00003e18                vPortPendSVHandler
 .text.vListInitialise
                0x00003e5c       0x3c ./Generated_Code/list.o
                0x00003e5c                vListInitialise
 .text.vListInitialiseItem
                0x00003e98       0x14 ./Generated_Code/list.o
                0x00003e98                vListInitialiseItem
 .text.vListInsertEnd
                0x00003eac       0x44 ./Generated_Code/list.o
                0x00003eac                vListInsertEnd
 .text.vListInsert
                0x00003ef0       0x6c ./Generated_Code/list.o
                0x00003ef0                vListInsert
 .text.uxListRemove
                0x00003f5c       0x50 ./Generated_Code/list.o
                0x00003f5c                uxListRemove
 .text.pvPortMalloc
                0x00003fac      0x12c ./Generated_Code/heap_2.o
                0x00003fac                pvPortMalloc
 .text.vPortFree
                0x000040d8       0x78 ./Generated_Code/heap_2.o
                0x000040d8                vPortFree
 .text.prvHeapInit
                0x00004150       0x4c ./Generated_Code/heap_2.o
 .text.TU2_ResetCounter
                0x0000419c       0x1c ./Generated_Code/TU2.o
                0x0000419c                TU2_ResetCounter
 .text.TU2_GetCaptureValue
                0x000041b8       0x60 ./Generated_Code/TU2.o
                0x000041b8                TU2_GetCaptureValue
 .text.TU2_Interrupt
                0x00004218       0xb0 ./Generated_Code/TU2.o
                0x00004218                TU2_Interrupt
 .text.TU1_Init
                0x000042c8       0xe4 ./Generated_Code/TU1.o
                0x000042c8                TU1_Init
 .text.TU1_GetPeriodTicks
                0x000043ac       0x3c ./Generated_Code/TU1.o
                0x000043ac                TU1_GetPeriodTicks
 .text.TU1_SetOffsetTicks
                0x000043e8       0x58 ./Generated_Code/TU1.o
                0x000043e8                TU1_SetOffsetTicks
 .text.TU0_Init
                0x00004440       0xe0 ./Generated_Code/TU0.o
                0x00004440                TU0_Init
 .text.TSSTouch_InitDevices
                0x00004520       0x44 ./Generated_Code/TSSTouch.o
                0x00004520                TSSTouch_InitDevices
 .text.SonarTrigger_Init
                0x00004564       0x9c ./Generated_Code/SonarTrigger.o
                0x00004564                SonarTrigger_Init
 .text.PwmLdd3_Init
                0x00004600       0x54 ./Generated_Code/PwmLdd3.o
                0x00004600                PwmLdd3_Init
 .text.PwmLdd3_SetRatio8
                0x00004654       0x34 ./Generated_Code/PwmLdd3.o
                0x00004654                PwmLdd3_SetRatio8
 .text.SetRatio
                0x00004688       0x68 ./Generated_Code/PwmLdd3.o
 .text.PwmLdd2_Init
                0x000046f0       0x54 ./Generated_Code/PwmLdd2.o
                0x000046f0                PwmLdd2_Init
 .text.PwmLdd1_Init
                0x00004744       0x54 ./Generated_Code/PwmLdd1.o
                0x00004744                PwmLdd1_Init
 .text.MotorB_Init
                0x00004798       0x78 ./Generated_Code/MotorB.o
                0x00004798                MotorB_Init
 .text.MotorA_Init
                0x00004810       0x78 ./Generated_Code/MotorA.o
                0x00004810                MotorA_Init
 .text.IO1_Init
                0x00004888      0x160 ./Generated_Code/IO1.o
                0x00004888                IO1_Init
 .text.I2C1_Interrupt
                0x000049e8      0x26c ./Generated_Code/I2C1.o
                0x000049e8                I2C1_Interrupt
 .text.I2C0_Interrupt
                0x00004c54      0x278 ./Generated_Code/I2C0.o
                0x00004c54                I2C0_Interrupt
 .text.I2C0_Init
                0x00004ecc      0x11c ./Generated_Code/I2C0.o
                0x00004ecc                I2C0_Init
 .text.I2C0_OnMasterBlockSent
                0x00004fe8       0x24 ./Generated_Code/GI2C0.o
                0x00004fe8                I2C0_OnMasterBlockSent
 .text.I2C0_OnMasterBlockReceived
                0x0000500c       0x24 ./Generated_Code/GI2C0.o
                0x0000500c                I2C0_OnMasterBlockReceived
 .text.GI2C0_Init
                0x00005030       0x40 ./Generated_Code/GI2C0.o
                0x00005030                GI2C0_Init
 .text.Cpu_INT_NMIInterrupt
                0x00005070        0xc ./Generated_Code/Cpu.o
                0x00005070                Cpu_INT_NMIInterrupt
 .text.Cpu_Interrupt
                0x0000507c        0xc ./Generated_Code/Cpu.o
                0x0000507c                Cpu_Interrupt
 .text.__init_hardware
                0x00005088      0x110 ./Generated_Code/Cpu.o
                0x00005088                __init_hardware
 .text.PE_low_level_init
                0x00005198      0x10c ./Generated_Code/Cpu.o
                0x00005198                PE_low_level_init
 .text.Break_Init
                0x000052a4       0x78 ./Generated_Code/Break.o
                0x000052a4                Break_Init
 .text.AdcLdd1_Init
                0x0000531c       0xc0 ./Generated_Code/AdcLdd1.o
                0x0000531c                AdcLdd1_Init
 .text.AS1_Init
                0x000053dc      0x110 ./Generated_Code/AS1.o
                0x000053dc                AS1_Init
 .text.AD0_Init
                0x000054ec       0x2c ./Generated_Code/AD0.o
                0x000054ec                AD0_Init
 .text.zero_fill_bss
                0x00005518       0x24 ./Project_Settings/Startup_Code/__arm_start.o
 .text.__thumb_startup
                0x0000553c       0x30 ./Project_Settings/Startup_Code/__arm_start.o
                0x0000553c                __thumb_startup
 .text._ExitProcess
                0x0000556c        0xc ./Project_Settings/Startup_Code/__arm_end.o
                0x0000556c                _ExitProcess
 .text.TSS_IIRFilterEquation
                0x00005578       0x30 ./Sources/TSS/TSS_SystemSetupData.o
                0x00005578                TSS_IIRFilterEquation
 .text.TSIL_InitModule
                0x000055a8       0x38 ./Sources/TSS/TSS_SensorTSIL.o
                0x000055a8                TSIL_InitModule
 .text.TSIL_SetNSamples
                0x000055e0       0x68 ./Sources/TSS/TSS_SensorTSIL.o
                0x000055e0                TSIL_SetNSamples
 .text.TSIL_InitLowPower
                0x00005648       0x8c ./Sources/TSS/TSS_SensorTSIL.o
                0x00005648                TSIL_InitLowPower
 .text.TSIL_InitPEN
                0x000056d4      0x238 ./Sources/TSS/TSS_SensorTSIL.o
                0x000056d4                TSIL_InitPEN
 .text.TSIL_Recalibrate
                0x0000590c      0x604 ./Sources/TSS/TSS_SensorTSIL.o
                0x0000590c                TSIL_Recalibrate
 .text.TSIL_InitThresholds
                0x00005f10      0x118 ./Sources/TSS/TSS_SensorTSIL.o
                0x00005f10                TSIL_InitThresholds
 .text.TSIL_InitTrigger
                0x00006028      0x1b8 ./Sources/TSS/TSS_SensorTSIL.o
                0x00006028                TSIL_InitTrigger
 .text.TSIL_MethodControl
                0x000061e0      0x340 ./Sources/TSS/TSS_SensorTSIL.o
                0x000061e0                TSIL_MethodControl
 .text.TSIL_ReadCounter
                0x00006520       0xd4 ./Sources/TSS/TSS_SensorTSIL.o
                0x00006520                TSIL_ReadCounter
 .text.TSIL_HandleMeasurement
                0x000065f4       0xfc ./Sources/TSS/TSS_SensorTSIL.o
                0x000065f4                TSIL_HandleMeasurement
 .text.TSIL_SampleElectrode
                0x000066f0      0x284 ./Sources/TSS/TSS_SensorTSIL.o
                0x000066f0                TSIL_SampleElectrode
 .text.TSS_TSI0Isr
                0x00006974      0x1d4 ./Sources/TSS/TSS_SensorTSIL.o
                0x00006974                TSS_TSI0Isr
 .text.TSS_SensorInitCallback
                0x00006b48       0x3c ./Sources/TSS/TSS_Sensor.o
                0x00006b48                TSS_SensorInitCallback
 .text.TSS_SensorInit
                0x00006b84       0x2c ./Sources/TSS/TSS_Sensor.o
                0x00006b84                TSS_SensorInit
 .text.sonarEventEchoOverflow
                0x00006bb0       0x18 ./Sources/Tasks/TaskSonar.o
                0x00006bb0                sonarEventEchoOverflow
 .text.sonarEventEchoCapture
                0x00006bc8       0x50 ./Sources/Tasks/TaskSonar.o
                0x00006bc8                sonarEventEchoCapture
 .text.main     0x00006c18       0x10 ./Sources/ProcessorExpert.o
                0x00006c18                main
 .text.Cpu_OnNMIINT
                0x00006c28        0x8 ./Sources/Events.o
                0x00006c28                Cpu_OnNMIINT
 .text.FRTOS1_vApplicationTickHook
                0x00006c30        0x8 ./Sources/Events.o
                0x00006c30                FRTOS1_vApplicationTickHook
 .text.FRTOS1_vApplicationIdleHook
                0x00006c38        0x8 ./Sources/Events.o
                0x00006c38                FRTOS1_vApplicationIdleHook
 .text.FRTOS1_vApplicationMallocFailedHook
                0x00006c40        0x8 ./Sources/Events.o
                0x00006c40                FRTOS1_vApplicationMallocFailedHook
 .text.I2C1_OnMasterBlockSent
                0x00006c48       0x18 ./Sources/Events.o
                0x00006c48                I2C1_OnMasterBlockSent
 .text.I2C1_OnMasterBlockReceived
                0x00006c60       0x18 ./Sources/Events.o
                0x00006c60                I2C1_OnMasterBlockReceived
 .text.TSSTouch_fOnFault
                0x00006c78       0x3c ./Sources/Events.o
                0x00006c78                TSSTouch_fOnFault
 .text.TSSTouch_fOnInit
                0x00006cb4        0xc ./Sources/Events.o
                0x00006cb4                TSSTouch_fOnInit
 .text.TSSTouch_fCallBack0
                0x00006cc0       0x98 ./Sources/Events.o
                0x00006cc0                TSSTouch_fCallBack0
 .text.TU2_OnCounterRestart
                0x00006d58       0x18 ./Sources/Events.o
                0x00006d58                TU2_OnCounterRestart
 .text.TU2_OnChannel0
                0x00006d70       0x18 ./Sources/Events.o
                0x00006d70                TU2_OnChannel0
 .text.FRTOS1_vApplicationStackOverflowHook
                0x00006d88       0x10 ./Sources/Events.o
                0x00006d88                FRTOS1_vApplicationStackOverflowHook
 .text.exit     0x00006d98       0x38 C:/Freescale/CW MCU v10.5/MCU/ARM_GCC_Support/ewl/lib/armv6-m\libc.a(exit.o)
                0x00006d98                exit
 .text.memcpy   0x00006dd0       0x12 C:/Freescale/CW MCU v10.5/MCU/ARM_GCC_Support/ewl/lib/armv6-m\libc.a(memcpy.o)
                0x00006dd0                memcpy
 .text.memset   0x00006de2        0xc C:/Freescale/CW MCU v10.5/MCU/ARM_GCC_Support/ewl/lib/armv6-m\libc.a(memset.o)
                0x00006de2                memset
 .text.strchr   0x00006dee       0x1e C:/Freescale/CW MCU v10.5/MCU/ARM_GCC_Support/ewl/lib/armv6-m\libc.a(strchr.o)
                0x00006dee                strchr
 .text.strlen   0x00006e0c       0x10 C:/Freescale/CW MCU v10.5/MCU/ARM_GCC_Support/ewl/lib/armv6-m\libc.a(strlen.o)
                0x00006e0c                strlen
 .text.long2str.isra.0
                0x00006e1c      0x19c C:/Freescale/CW MCU v10.5/MCU/ARM_GCC_Support/ewl/lib/armv6-m\libc.a(printformat_.o)
 .text.__pformatter_
                0x00006fb8      0x428 C:/Freescale/CW MCU v10.5/MCU/ARM_GCC_Support/ewl/lib/armv6-m\libc.a(printformat_.o)
                0x00006fb8                __pformatter_
 .text.__sformatter
                0x000073e0      0x698 C:/Freescale/CW MCU v10.5/MCU/ARM_GCC_Support/ewl/lib/armv6-m\libc.a(scanformat_.o)
                0x000073e0                __sformatter
 .text.isalpha  0x00007a78       0x20 C:/Freescale/CW MCU v10.5/MCU/ARM_GCC_Support/ewl/lib/armv6-m\libc.a(ctype_aeabi.o)
                0x00007a78                isalpha
 .text.isspace  0x00007a98       0x20 C:/Freescale/CW MCU v10.5/MCU/ARM_GCC_Support/ewl/lib/armv6-m\libc.a(ctype_aeabi.o)
                0x00007a98                isspace
 .text.toupper  0x00007ab8        0xe C:/Freescale/CW MCU v10.5/MCU/ARM_GCC_Support/ewl/lib/armv6-m\libc.a(ctype_aeabi.o)
                0x00007ab8                toupper
 .text.__strtoul
                0x00007ac6      0x1ce C:/Freescale/CW MCU v10.5/MCU/ARM_GCC_Support/ewl/lib/armv6-m\libc.a(__strtoul.o)
                0x00007ac6                __strtoul
 .text.__fill_mem
                0x00007c94       0x7e C:/Freescale/CW MCU v10.5/MCU/ARM_GCC_Support/ewl/lib/armv6-m\libc.a(__filll_mem.o)
                0x00007c94                __fill_mem
 .text.memchr   0x00007d12       0x1a C:/Freescale/CW MCU v10.5/MCU/ARM_GCC_Support/ewl/lib/armv6-m\libc.a(memchr.o)
                0x00007d12                memchr
 .text.__init_cpp
                0x00007d2c       0x48 C:/Freescale/CW MCU v10.5/MCU/ARM_GCC_Support/ewl/lib/armv6-m\librt.a(gcc_ctor_dtor.o)
                0x00007d2c                __init_cpp
 .text.__fini_cpp
                0x00007d74       0x34 C:/Freescale/CW MCU v10.5/MCU/ARM_GCC_Support/ewl/lib/armv6-m\librt.a(gcc_ctor_dtor.o)
                0x00007d74                __fini_cpp
 .text.__copy_rom_section
                0x00007da8       0x48 C:/Freescale/CW MCU v10.5/MCU/ARM_GCC_Support/ewl/lib/armv6-m\librt.a(ROMCopy.o)
                0x00007da8                __copy_rom_section
 .text.__copy_rom_sections_to_ram
                0x00007df0       0x34 C:/Freescale/CW MCU v10.5/MCU/ARM_GCC_Support/ewl/lib/armv6-m\librt.a(ROMCopy.o)
                0x00007df0                __copy_rom_sections_to_ram
 .text.__destroy_global_chain
                0x00007e24       0x1c C:/Freescale/CW MCU v10.5/MCU/ARM_GCC_Support/ewl/lib/armv6-m\librt.a(__arm_eabi_init.o)
                0x00007e24                __destroy_global_chain
 .text.__init_registers
                0x00007e40       0x1c C:/Freescale/CW MCU v10.5/MCU/ARM_GCC_Support/ewl/lib/armv6-m\librt.a(__arm_eabi_init.o)
                0x00007e40                __init_registers
 .text.__init_user
                0x00007e5c        0x4 C:/Freescale/CW MCU v10.5/MCU/ARM_GCC_Support/ewl/lib/armv6-m\librt.a(__arm_eabi_init.o)
                0x00007e5c                __init_user
 *(.rodata)
 .rodata        0x00007e60        0x8 ./Generated_Code/tasks.o
 .rodata        0x00007e68       0x14 C:/Users/JH/Documents/GitHub/M0PlusFreeRTOS/M0PlusFreeRTOS/Sources/TSS\libTSS_KXX_M0.a(TSS_KeyDetector.o)
 .rodata        0x00007e7c        0xc C:/Users/JH/Documents/GitHub/M0PlusFreeRTOS/M0PlusFreeRTOS/Sources/TSS\libTSS_KXX_M0.a(TSS_Main.o)
 *(.rodata*)
 .rodata.heapSTRUCT_SIZE
                0x00007e88        0x2 ./Generated_Code/heap_2.o
 *fill*         0x00007e8a        0x2 00
 .rodata.ChannelDevice
                0x00007e8c        0x4 ./Generated_Code/TU2.o
 .rodata.ChannelMode
                0x00007e90        0x4 ./Generated_Code/TU2.o
 .rodata.ChannelDevice
                0x00007e94        0x4 ./Generated_Code/TU1.o
 .rodata.ChannelMode
                0x00007e98        0x4 ./Generated_Code/TU1.o
 .rodata.TSS_C0_INPUTS_GROUP
                0x00007e9c        0x4 ./Sources/TSS/TSS_SystemSetupData.o
                0x00007e9c                TSS_C0_INPUTS_GROUP
 .rodata.TSS_C0_STRUCTURE_ROM_CONTEXT
                0x00007ea0       0x1c ./Sources/TSS/TSS_SystemSetupData.o
                0x00007ea0                TSS_C0_STRUCTURE_ROM_CONTEXT
 .rodata.tss_faCallback
                0x00007ebc        0x4 ./Sources/TSS/TSS_SystemSetupData.o
                0x00007ebc                tss_faCallback
 .rodata.tss_acpsDecRAMContext
                0x00007ec0        0x4 ./Sources/TSS/TSS_SystemSetupData.o
                0x00007ec0                tss_acpsDecRAMContext
 .rodata.tss_acpsDecROMContext
                0x00007ec4        0x4 ./Sources/TSS/TSS_SystemSetupData.o
                0x00007ec4                tss_acpsDecROMContext
 .rodata.tss_acpsCSStructs
                0x00007ec8        0x4 ./Sources/TSS/TSS_SystemSetupData.o
                0x00007ec8                tss_acpsCSStructs
 .rodata.tss_faDecoders
                0x00007ecc        0x4 ./Sources/TSS/TSS_SystemSetupData.o
                0x00007ecc                tss_faDecoders
 .rodata.tss_cau8ShieldPairs
                0x00007ed0        0x4 ./Sources/TSS/TSS_SystemSetupData.o
                0x00007ed0                tss_cau8ShieldPairs
 .rodata.tss_cau8SignalDivider
                0x00007ed4        0x4 ./Sources/TSS/TSS_SystemSetupData.o
                0x00007ed4                tss_cau8SignalDivider
 .rodata.tss_cau8SignalMultiplier
                0x00007ed8        0x4 ./Sources/TSS/TSS_SystemSetupData.o
                0x00007ed8                tss_cau8SignalMultiplier
 .rodata.tss_fSetInternalPrivateData
                0x00007edc        0x4 ./Sources/TSS/TSS_SystemSetupData.o
                0x00007edc                tss_fSetInternalPrivateData
 .rodata.tss_fDecodersControl
                0x00007ee0        0x4 ./Sources/TSS/TSS_SystemSetupData.o
                0x00007ee0                tss_fDecodersControl
 .rodata.tss_cu8NumElecs
                0x00007ee4        0x1 ./Sources/TSS/TSS_SystemSetupData.o
                0x00007ee4                tss_cu8NumElecs
 .rodata.tss_cu8NumCtrls
                0x00007ee5        0x1 ./Sources/TSS/TSS_SystemSetupData.o
                0x00007ee5                tss_cu8NumCtrls
 .rodata.tss_cu8ElecBitFldLn
                0x00007ee6        0x1 ./Sources/TSS/TSS_SystemSetupData.o
                0x00007ee6                tss_cu8ElecBitFldLn
 *fill*         0x00007ee7        0x1 00
 .rodata.tss_fCalculateIIRFilter
                0x00007ee8        0x4 ./Sources/TSS/TSS_SystemSetupData.o
                0x00007ee8                tss_fCalculateIIRFilter
 .rodata.tss_fCalculateShielding
                0x00007eec        0x4 ./Sources/TSS/TSS_SystemSetupData.o
                0x00007eec                tss_fCalculateShielding
 .rodata.tss_fInitPrevCapSample
                0x00007ef0        0x4 ./Sources/TSS/TSS_SystemSetupData.o
                0x00007ef0                tss_fInitPrevCapSample
 .rodata.tss_fFillDeltaLogBuffer
                0x00007ef4        0x4 ./Sources/TSS/TSS_SystemSetupData.o
                0x00007ef4                tss_fFillDeltaLogBuffer
 .rodata.tss_fFillSignalLogBuffer
                0x00007ef8        0x4 ./Sources/TSS/TSS_SystemSetupData.o
                0x00007ef8                tss_fFillSignalLogBuffer
 .rodata.tss_fDataCorruptionCheck
                0x00007efc        0x4 ./Sources/TSS/TSS_SystemSetupData.o
                0x00007efc                tss_fDataCorruptionCheck
 .rodata.tss_fFmstrCall
                0x00007f00        0x4 ./Sources/TSS/TSS_SystemSetupData.o
                0x00007f00                tss_fFmstrCall
 .rodata.tss_fTriggerConfig
                0x00007f04        0x4 ./Sources/TSS/TSS_SystemSetupData.o
                0x00007f04                tss_fTriggerConfig
 .rodata.tss_fTriggerControl
                0x00007f08        0x4 ./Sources/TSS/TSS_SystemSetupData.o
                0x00007f08                tss_fTriggerControl
 .rodata.tss_fLowPowerConfig
                0x00007f0c        0x4 ./Sources/TSS/TSS_SystemSetupData.o
                0x00007f0c                tss_fLowPowerConfig
 .rodata.tss_fOnFault
                0x00007f10        0x4 ./Sources/TSS/TSS_SystemSetupData.o
                0x00007f10                tss_fOnFault
 .rodata.tss_fOnInit
                0x00007f14        0x4 ./Sources/TSS/TSS_SystemSetupData.o
                0x00007f14                tss_fOnInit
 .rodata.tss_cu8APosFilterWeight
                0x00007f18        0x1 ./Sources/TSS/TSS_SystemSetupData.o
                0x00007f18                tss_cu8APosFilterWeight
 *fill*         0x00007f19        0x3 00
 .rodata.tss_fASliderCalculatePosIIRFilter
                0x00007f1c        0x4 ./Sources/TSS/TSS_SystemSetupData.o
                0x00007f1c                tss_fASliderCalculatePosIIRFilter
 .rodata.tss_cu8ASliderDelayBufferLength
                0x00007f20        0x1 ./Sources/TSS/TSS_SystemSetupData.o
                0x00007f20                tss_cu8ASliderDelayBufferLength
 *fill*         0x00007f21        0x3 00
 .rodata.tss_fASliderDelayControl
                0x00007f24        0x4 ./Sources/TSS/TSS_SystemSetupData.o
                0x00007f24                tss_fASliderDelayControl
 .rodata.tss_cu8ASliderTrendBufferLength
                0x00007f28        0x1 ./Sources/TSS/TSS_SystemSetupData.o
                0x00007f28                tss_cu8ASliderTrendBufferLength
 .rodata.tss_i8ASliderTrendThreshold
                0x00007f29        0x1 ./Sources/TSS/TSS_SystemSetupData.o
                0x00007f29                tss_i8ASliderTrendThreshold
 *fill*         0x00007f2a        0x2 00
 .rodata.tss_fASliderTrendThreshold
                0x00007f2c        0x4 ./Sources/TSS/TSS_SystemSetupData.o
                0x00007f2c                tss_fASliderTrendThreshold
 .rodata.tss_fASliderTrendControl
                0x00007f30        0x4 ./Sources/TSS/TSS_SystemSetupData.o
                0x00007f30                tss_fASliderTrendControl
 .rodata.tss_fOnProximity
                0x00007f34        0x4 ./Sources/TSS/TSS_SystemSetupData.o
                0x00007f34                tss_fOnProximity
 .rodata.tss_fProximityConfig
                0x00007f38        0x4 ./Sources/TSS/TSS_SystemSetupData.o
                0x00007f38                tss_fProximityConfig
 .rodata.tss_fStuckKeyControl
                0x00007f3c        0x4 ./Sources/TSS/TSS_SystemSetupData.o
                0x00007f3c                tss_fStuckKeyControl
 .rodata.tss_fResetStuckKeyCounter
                0x00007f40        0x4 ./Sources/TSS/TSS_SystemSetupData.o
                0x00007f40                tss_fResetStuckKeyCounter
 .rodata.tss_fNegativeBaselineDrop
                0x00007f44        0x4 ./Sources/TSS/TSS_SystemSetupData.o
                0x00007f44                tss_fNegativeBaselineDrop
 .rodata.tss_fKeyDetectorRecalibrationRequest
                0x00007f48        0x4 ./Sources/TSS/TSS_SystemSetupData.o
                0x00007f48                tss_fKeyDetectorRecalibrationRequest
 .rodata.tss_fSignalDivider
                0x00007f4c        0x4 ./Sources/TSS/TSS_SystemSetupData.o
                0x00007f4c                tss_fSignalDivider
 .rodata.tss_fSignalMultiplier
                0x00007f50        0x4 ./Sources/TSS/TSS_SystemSetupData.o
                0x00007f50                tss_fSignalMultiplier
 .rodata.tss_fAutoCalibration
                0x00007f54        0x4 ./Sources/TSS/TSS_SystemSetupData.o
                0x00007f54                tss_fAutoCalibration
 .rodata.tss_fSensitivityLowLimitControl
                0x00007f58        0x4 ./Sources/TSS/TSS_SystemSetupData.o
                0x00007f58                tss_fSensitivityLowLimitControl
 .rodata.tss_fDeltaNoiseAnalysisIIRControl
                0x00007f5c        0x4 ./Sources/TSS/TSS_SystemSetupData.o
                0x00007f5c                tss_fDeltaNoiseAnalysisIIRControl
 .rodata.tss_cu8BaselineInitLength
                0x00007f60        0x1 ./Sources/TSS/TSS_SystemSetupData.o
                0x00007f60                tss_cu8BaselineInitLength
 .rodata.tss_cu8AutoCalibInitLength
                0x00007f61        0x1 ./Sources/TSS/TSS_SystemSetupData.o
                0x00007f61                tss_cu8AutoCalibInitLength
 *fill*         0x00007f62        0x2 00
 .rodata.tss_ci8DeltaNoiseAnalysisIIRWeights
                0x00007f64        0x4 ./Sources/TSS/TSS_SystemSetupData.o
                0x00007f64                tss_ci8DeltaNoiseAnalysisIIRWeights
 .rodata.tss_csKeyBasicASCContext
                0x00007f68        0x8 ./Sources/TSS/TSS_SystemSetupData.o
                0x00007f68                tss_csKeyBasicASCContext
 .rodata.tss_fKeyDetectorElectrodeEval
                0x00007f70        0x4 ./Sources/TSS/TSS_SystemSetupData.o
                0x00007f70                tss_fKeyDetectorElectrodeEval
 .rodata.tss_fKeyDetectorIntegrationResetEval
                0x00007f74        0x4 ./Sources/TSS/TSS_SystemSetupData.o
                0x00007f74                tss_fKeyDetectorIntegrationResetEval
 .rodata.tss_fKeyNoiseSchedulerInit
                0x00007f78        0x4 ./Sources/TSS/TSS_SystemSetupData.o
                0x00007f78                tss_fKeyNoiseSchedulerInit
 .rodata.tss_fKeyNoiseSchedulerRun
                0x00007f7c        0x4 ./Sources/TSS/TSS_SystemSetupData.o
                0x00007f7c                tss_fKeyNoiseSchedulerRun
 .rodata.tss_fGetSystemDataContext
                0x00007f80        0x4 ./Sources/TSS/TSS_SystemSetupData.o
                0x00007f80                tss_fGetSystemDataContext
 .rodata.TSS_TSIL0_METHOD_ROMDATA_CONTEXT
                0x00007f84       0x10 ./Sources/TSS/TSS_SensorTSIL.o
                0x00007f84                TSS_TSIL0_METHOD_ROMDATA_CONTEXT
 .rodata.TSS_E0_ROMDATA_CONTEXT
                0x00007f94        0xc ./Sources/TSS/TSS_SensorTSIL.o
                0x00007f94                TSS_E0_ROMDATA_CONTEXT
 .rodata.TSS_E1_ROMDATA_CONTEXT
                0x00007fa0        0xc ./Sources/TSS/TSS_SensorTSIL.o
                0x00007fa0                TSS_E1_ROMDATA_CONTEXT
 .rodata.TSIL_MethodControl
                0x00007fac       0x24 ./Sources/TSS/TSS_SensorTSIL.o
 .rodata.TSIL_SampleElectrode
                0x00007fd0       0x28 ./Sources/TSS/TSS_SensorTSIL.o
 .rodata.tss_faSampleElectrode
                0x00007ff8        0x8 ./Sources/TSS/TSS_Sensor.o
                0x00007ff8                tss_faSampleElectrode
 .rodata.tss_acp8ElectrodeROMData
                0x00008000        0x8 ./Sources/TSS/TSS_Sensor.o
                0x00008000                tss_acp8ElectrodeROMData
 .rodata.str1.1
                0x00008008        0x1 C:/Freescale/CW MCU v10.5/MCU/ARM_GCC_Support/ewl/lib/armv6-m\libc.a(printformat_.o)
 .rodata.CSWTCH.20
                0x00008009        0x5 C:/Freescale/CW MCU v10.5/MCU/ARM_GCC_Support/ewl/lib/armv6-m\libc.a(printformat_.o)
 .rodata.CSWTCH.21
                0x0000800e        0x5 C:/Freescale/CW MCU v10.5/MCU/ARM_GCC_Support/ewl/lib/armv6-m\libc.a(printformat_.o)
 .rodata.__aeabi_ctype_table_C
                0x00008013      0x101 C:/Freescale/CW MCU v10.5/MCU/ARM_GCC_Support/ewl/lib/armv6-m\libc.a(ctype_aeabi.o)
                0x00008013                __aeabi_ctype_table_C
 *(.glue_7)
 .glue_7        0x00000000        0x0 linker stubs
 *(.glue_7t)
 .glue_7t       0x00000000        0x0 linker stubs
 *(.eh_frame)
 *(.init)
 *(.fini)
                0x00008114                . = ALIGN (0x4)
                0x00008114                _etext = .

.vfp11_veneer   0x00008114        0x0
 .vfp11_veneer  0x00000000        0x0 linker stubs

.v4_bx          0x00008114        0x0
 .v4_bx         0x00000000        0x0 linker stubs

.iplt           0x00008114        0x0
 .iplt          0x00000000        0x0 ./Generated_Code/timers.o

.rel.dyn        0x00008114        0x0
 .rel.iplt      0x00000000        0x0 ./Generated_Code/timers.o

.ARM.extab
 *(.ARM.extab* .gnu.linkonce.armextab.*)

.ARM            0x00008114        0x0
                0x00008114                __exidx_start = .
 *(.ARM.exidx*)
                0x00008114                __exidx_end = .

.ctors          0x00008114        0x0
                0x00008114                __CTOR_LIST__ = .
 *crtbegin.o(.ctors)
 *(EXCLUDE_FILE(*crtend.o) .ctors)
 *(SORT(.ctors.*))
 *(.ctors)
                0x00008114                __CTOR_END__ = .

.dtors          0x00008114        0x0
                0x00008114                __DTOR_LIST__ = .
 *crtbegin.o(.dtors)
 *(EXCLUDE_FILE(*crtend.o) .dtors)
 *(SORT(.dtors.*))
 *(.dtors)
                0x00008114                __DTOR_END__ = .

.preinit_array  0x00008114        0x0
                0x00008114                PROVIDE (__preinit_array_start, .)
 *(.preinit_array*)
                0x00008114                PROVIDE (__preinit_array_end, .)

.init_array     0x00008114        0x0
                0x00008114                PROVIDE (__init_array_start, .)
 *(SORT(.init_array.*))
 *(.init_array*)
                0x00008114                PROVIDE (__init_array_end, .)

.fini_array     0x00008114        0x0
                0x00008114                PROVIDE (__fini_array_start, .)
 *(SORT(.fini_array.*))
 *(.fini_array*)
                0x00008114                PROVIDE (__fini_array_end, .)
                0x00008114                ___ROM_AT = .

.mtb            0x1ffff000        0x0
                0x1ffff000                . = ALIGN (0x8)
                0x1ffff000                _mtb_start = .
 *(.mtb_buf)
                0x1ffff000                . = ALIGN (0x8)
                0x1ffff000                _mtb_end = .

.data           0x1ffff000       0x18 load address 0x00008114
                0x1ffff000                . = ALIGN (0x4)
                0x1ffff000                _sdata = .
 *(.data)
 .data          0x1ffff000        0x1 C:/Users/JH/Documents/GitHub/M0PlusFreeRTOS/M0PlusFreeRTOS/Sources/TSS\libTSS_KXX_M0.a(TSS_KeyDetector.o)
 *(.data*)
 *fill*         0x1ffff001        0x3 00
 .data.xNextTaskUnblockTime
                0x1ffff004        0x4 ./Generated_Code/tasks.o
 .data.uxCriticalNesting
                0x1ffff008        0x4 ./Generated_Code/port.o
 .data.xFreeBytesRemaining
                0x1ffff00c        0x4 ./Generated_Code/heap_2.o
 .data.TSSTouch_cKey0
                0x1ffff010        0x8 ./Sources/TSS/TSS_SystemSetupData.o
                0x1ffff010                TSSTouch_cKey0
                0x1ffff018                . = ALIGN (0x4)
                0x1ffff018                _edata = .
                0x00000018                ___data_size = (_edata - _sdata)

.igot.plt       0x1ffff018        0x0 load address 0x0000812c
 .igot.plt      0x00000000        0x0 ./Generated_Code/timers.o
                0x1ffff018                . = ALIGN (0x4)

.bss            0x1ffff018     0x16bc load address 0x0000812c
                0x1ffff018                __START_BSS = .
                0x1ffff018                PROVIDE (__bss_start__, __START_BSS)
 *(.bss)
 .bss           0x1ffff018        0x5 C:/Users/JH/Documents/GitHub/M0PlusFreeRTOS/M0PlusFreeRTOS/Sources/TSS\libTSS_KXX_M0.a(TSS_KeyDetector.o)
 *fill*         0x1ffff01d        0x3 00
 .bss           0x1ffff020        0x8 C:/Users/JH/Documents/GitHub/M0PlusFreeRTOS/M0PlusFreeRTOS/Sources/TSS\libTSS_KXX_M0.a(TSS_Main.o)
 *(.bss*)
 .bss.pxCurrentTCB
                0x1ffff028        0x4 ./Generated_Code/tasks.o
                0x1ffff028                pxCurrentTCB
 .bss.pxReadyTasksLists
                0x1ffff02c       0x64 ./Generated_Code/tasks.o
 .bss.xDelayedTaskList1
                0x1ffff090       0x14 ./Generated_Code/tasks.o
 .bss.xDelayedTaskList2
                0x1ffff0a4       0x14 ./Generated_Code/tasks.o
 .bss.pxDelayedTaskList
                0x1ffff0b8        0x4 ./Generated_Code/tasks.o
 .bss.pxOverflowDelayedTaskList
                0x1ffff0bc        0x4 ./Generated_Code/tasks.o
 .bss.xPendingReadyList
                0x1ffff0c0       0x14 ./Generated_Code/tasks.o
 .bss.xTasksWaitingTermination
                0x1ffff0d4       0x14 ./Generated_Code/tasks.o
 .bss.uxTasksDeleted
                0x1ffff0e8        0x4 ./Generated_Code/tasks.o
 .bss.xSuspendedTaskList
                0x1ffff0ec       0x14 ./Generated_Code/tasks.o
 .bss.uxCurrentNumberOfTasks
                0x1ffff100        0x4 ./Generated_Code/tasks.o
 .bss.xTickCount
                0x1ffff104        0x4 ./Generated_Code/tasks.o
 .bss.uxTopReadyPriority
                0x1ffff108        0x4 ./Generated_Code/tasks.o
 .bss.xSchedulerRunning
                0x1ffff10c        0x4 ./Generated_Code/tasks.o
 .bss.uxSchedulerSuspended
                0x1ffff110        0x4 ./Generated_Code/tasks.o
 .bss.uxPendedTicks
                0x1ffff114        0x4 ./Generated_Code/tasks.o
 .bss.xYieldPending
                0x1ffff118        0x4 ./Generated_Code/tasks.o
 .bss.xNumOfOverflows
                0x1ffff11c        0x4 ./Generated_Code/tasks.o
 .bss.uxTaskNumber
                0x1ffff120        0x4 ./Generated_Code/tasks.o
 .bss.ucHeap    0x1ffff124     0x1388 ./Generated_Code/heap_2.o
 .bss.xStart    0x200004ac        0x8 ./Generated_Code/heap_2.o
 .bss.xEnd      0x200004b4        0x8 ./Generated_Code/heap_2.o
 .bss.xHeapHasBeenInitialised.7999
                0x200004bc        0x4 ./Generated_Code/heap_2.o
 .bss.INT_TPM1__BAREBOARD_RTOS_ISRPARAM
                0x200004c0        0x4 ./Generated_Code/TU2.o
 .bss.DeviceDataPrv__DEFAULT_RTOS_ALLOC
                0x200004c4        0xc ./Generated_Code/TU1.o
 .bss.DeviceDataPrv__DEFAULT_RTOS_ALLOC
                0x200004d0        0xc ./Generated_Code/TU0.o
 .bss.DeviceDataPrv__DEFAULT_RTOS_ALLOC
                0x200004dc        0x4 ./Generated_Code/SonarTrigger.o
 .bss.DeviceDataPrv__DEFAULT_RTOS_ALLOC
                0x200004e0        0xc ./Generated_Code/PwmLdd3.o
 .bss.DeviceDataPrv__DEFAULT_RTOS_ALLOC
                0x200004ec        0xc ./Generated_Code/PwmLdd2.o
 .bss.DeviceDataPrv__DEFAULT_RTOS_ALLOC
                0x200004f8        0xc ./Generated_Code/PwmLdd1.o
 .bss.PE_LDD_DeviceDataList
                0x20000504       0x40 ./Generated_Code/PE_LDD.o
                0x20000504                PE_LDD_DeviceDataList
 .bss.DeviceDataPrv__DEFAULT_RTOS_ALLOC
                0x20000544        0x4 ./Generated_Code/MotorB.o
 .bss.DeviceDataPrv__DEFAULT_RTOS_ALLOC
                0x20000548        0x4 ./Generated_Code/MotorA.o
 .bss.DeviceDataPrv__DEFAULT_RTOS_ALLOC
                0x2000054c       0x18 ./Generated_Code/IO1.o
 .bss.INT_I2C1__BAREBOARD_RTOS_ISRPARAM
                0x20000564        0x4 ./Generated_Code/I2C1.o
 .bss.DeviceDataPrv__DEFAULT_RTOS_ALLOC
                0x20000568       0x18 ./Generated_Code/I2C0.o
 .bss.INT_I2C0__BAREBOARD_RTOS_ISRPARAM
                0x20000580        0x4 ./Generated_Code/I2C0.o
 .bss.GI2C0_deviceData
                0x20000584        0x8 ./Generated_Code/GI2C0.o
 .bss.GI2C0_busSem
                0x2000058c        0x4 ./Generated_Code/GI2C0.o
 .bss.DeviceDataPrv__DEFAULT_RTOS_ALLOC
                0x20000590        0x4 ./Generated_Code/Break.o
 .bss.DeviceDataPrv__DEFAULT_RTOS_ALLOC
                0x20000594        0x8 ./Generated_Code/AdcLdd1.o
 .bss.DeviceDataPrv__DEFAULT_RTOS_ALLOC
                0x2000059c       0x18 ./Generated_Code/AS1.o
 .bss.ModeFlg   0x200005b4        0x1 ./Generated_Code/AD0.o
 .bss.OutFlg    0x200005b5        0x1 ./Generated_Code/AD0.o
 *fill*         0x200005b6        0x2 00
 .bss.argv      0x200005b8        0x4 ./Project_Settings/Startup_Code/__arm_start.o
 .bss.TSS_C0_STRUCTURE_RAM_CONTEXT
                0x200005bc        0x4 ./Sources/TSS/TSS_SystemSetupData.o
                0x200005bc                TSS_C0_STRUCTURE_RAM_CONTEXT
 .bss.tss_apsControlPrivateData
                0x200005c0        0x4 ./Sources/TSS/TSS_SystemSetupData.o
                0x200005c0                tss_apsControlPrivateData
 .bss.TSS_TSIL0_METHOD_RAMDATA_CONTEXT
                0x200005c4        0xc ./Sources/TSS/TSS_SensorTSIL.o
                0x200005c4                TSS_TSIL0_METHOD_RAMDATA_CONTEXT
 .bss.__stdio_exit
                0x200005d0        0x4 C:/Freescale/CW MCU v10.5/MCU/ARM_GCC_Support/ewl/lib/armv6-m\libc.a(exit.o)
                0x200005d0                __stdio_exit
 .bss.__console_exit
                0x200005d4        0x4 C:/Freescale/CW MCU v10.5/MCU/ARM_GCC_Support/ewl/lib/armv6-m\libc.a(exit.o)
                0x200005d4                __console_exit
 .bss.__S_romp  0x200005d8        0xc C:/Freescale/CW MCU v10.5/MCU/ARM_GCC_Support/ewl/lib/armv6-m\librt.a(ROMCopy.o)
 .bss.__global_destructor_chain
                0x200005e4        0x4 C:/Freescale/CW MCU v10.5/MCU/ARM_GCC_Support/ewl/lib/armv6-m\librt.a(__arm_eabi_init.o)
                0x200005e4                __global_destructor_chain
 *(COMMON)
 COMMON         0x200005e8       0x10 ./Generated_Code/AD0.o
                0x200005e8                AD0_OutV
                0x200005f4                AdcLdd1_DeviceDataPtr
 COMMON         0x200005f8       0xa5 ./Sources/TSS/TSS_SystemSetupData.o
                0x200005f8                tss_au8StuckCount
                0x200005fa                tss_u8ConfCheckSum
                0x200005fc                tss_au8Sensitivity
                0x20000600                tss_ai8DeltaAmplitude
                0x20000604                tss_CSSys
                0x20000610                tss_ai8MaxDeltaAmplitude
                0x20000614                tss_ai8SensitivityLowLimit
                0x20000618                tss_ai8InstantDelta
                0x2000061c                TSS_C0_DELAY_BUFFER
                0x20000620                tss_au16PrevCapSample
                0x20000624                TSS_C0_TREND_BUFFER
                0x20000644                tss_au8ControlScheduleCount
                0x20000648                TSS_C0_TREND_CONTEXT
                0x2000064c                tss_au8TouchCount
                0x20000650                tss_au8ElectrodeMeasured
                0x20000654                tss_au16InstantSignal
                0x20000658                tss_au8DebounceCount
                0x2000065c                tss_au8ElectrodeStatus
                0x20000660                tss_au8ElectrodeMarker
                0x20000664                tss_ai8NoiseAmplitude
                0x20000668                tss_asDeltaNoiseAnalysisIIRData
                0x20000674                tss_asAutoCalibrationData
                0x2000067c                tss_au8ElecState
                0x20000680                TSS_C0_DELAY_CONTEXT
                0x20000684                tss_au8ElectrodeEnablers
                0x20000688                TSS_C0_POSFILTER_CONTEXT
                0x2000068c                tss_au8ElectrodeDCTrackerEnablers
                0x20000690                tss_au16ElecBaseline
                0x20000694                tss_au8ReleaseCount
                0x20000698                tss_au8ElectrodeLowThresholdEnablers
                0x2000069c                tss_ai8IntegrationDelta
 *fill*         0x2000069d        0x3 00
 COMMON         0x200006a0       0x20 ./Sources/TSS/TSS_SensorTSIL.o
                0x200006a0                TSS_TSIL0_CHANNEL_COUNTER_BUFFER
 COMMON         0x200006c0       0x10 ./Sources/TSS/TSS_Sensor.o
                0x200006c0                tss_u8SampleIntFlag
                0x200006c4                tss_psElectrodeTimertAdr
                0x200006c8                tss_u8ElectrodeBitNum
                0x200006cc                tss_psElectrodeRGPIOAdr
 COMMON         0x200006d0        0x2 C:/Users/JH/Documents/GitHub/M0PlusFreeRTOS/M0PlusFreeRTOS/Sources/TSS\libTSS_KXX_M0.a(TSS_KeyDetector.o)
                0x200006d0                tss_u16CapSample
                0x200006d4                . = ALIGN (0x4)
 *fill*         0x200006d2        0x2 00
                0x200006d4                __END_BSS = .
                0x200006d4                PROVIDE (__bss_end__, __END_BSS)
                0x0000812c                _romp_at = (___ROM_AT + SIZEOF (.data))

.romp           0x200006d4       0x18 load address 0x0000812c
                0x0000812c                __S_romp = _romp_at
                0x200006d4        0x4 LONG 0x8114 ___ROM_AT
                0x200006d8        0x4 LONG 0x1ffff000 _sdata
                0x200006dc        0x4 LONG 0x18 ___data_size
                0x200006e0        0x4 LONG 0x0
                0x200006e4        0x4 LONG 0x0
                0x200006e8        0x4 LONG 0x0

._user_heap_stack
                0x200006ec       0x20 load address 0x00008144
                0x200006ec                . = ALIGN (0x4)
                0x200006ec                PROVIDE (end, .)
                0x200006ec                PROVIDE (_end, .)
                0x200006ec                __heap_addr = .
                0x200006ec                . = (. + __heap_size)
                0x2000070c                . = (. + __stack_size)
 *fill*         0x200006ec       0x20 00
                0x2000070c                . = ALIGN (0x4)

.ARM.attributes
                0x00000000       0x2f
 *(.ARM.attributes)
 .ARM.attributes
                0x00000000       0x31 ./Generated_Code/tasks.o
 .ARM.attributes
                0x00000031       0x31 ./Generated_Code/queue.o
 .ARM.attributes
                0x00000062       0x31 ./Generated_Code/port.o
 .ARM.attributes
                0x00000093       0x31 ./Generated_Code/list.o
 .ARM.attributes
                0x000000c4       0x31 ./Generated_Code/heap_2.o
 .ARM.attributes
                0x000000f5       0x31 ./Generated_Code/Vectors.o
 .ARM.attributes
                0x00000126       0x31 ./Generated_Code/TU2.o
 .ARM.attributes
                0x00000157       0x31 ./Generated_Code/TU1.o
 .ARM.attributes
                0x00000188       0x31 ./Generated_Code/TU0.o
 .ARM.attributes
                0x000001b9       0x31 ./Generated_Code/TSSTouch.o
 .ARM.attributes
                0x000001ea       0x31 ./Generated_Code/SonarTrigger.o
 .ARM.attributes
                0x0000021b       0x31 ./Generated_Code/PwmLdd3.o
 .ARM.attributes
                0x0000024c       0x31 ./Generated_Code/PwmLdd2.o
 .ARM.attributes
                0x0000027d       0x31 ./Generated_Code/PwmLdd1.o
 .ARM.attributes
                0x000002ae       0x31 ./Generated_Code/PE_LDD.o
 .ARM.attributes
                0x000002df       0x31 ./Generated_Code/MotorB.o
 .ARM.attributes
                0x00000310       0x31 ./Generated_Code/MotorA.o
 .ARM.attributes
                0x00000341       0x31 ./Generated_Code/IO1.o
 .ARM.attributes
                0x00000372       0x31 ./Generated_Code/I2C1.o
 .ARM.attributes
                0x000003a3       0x31 ./Generated_Code/I2C0.o
 .ARM.attributes
                0x000003d4       0x31 ./Generated_Code/GI2C0.o
 .ARM.attributes
                0x00000405       0x31 ./Generated_Code/Cpu.o
 .ARM.attributes
                0x00000436       0x31 ./Generated_Code/Break.o
 .ARM.attributes
                0x00000467       0x31 ./Generated_Code/AdcLdd1.o
 .ARM.attributes
                0x00000498       0x31 ./Generated_Code/AS1.o
 .ARM.attributes
                0x000004c9       0x31 ./Generated_Code/AD0.o
 .ARM.attributes
                0x000004fa       0x31 ./Project_Settings/Startup_Code/__arm_start.o
 .ARM.attributes
                0x0000052b       0x31 ./Project_Settings/Startup_Code/__arm_end.o
 .ARM.attributes
                0x0000055c       0x31 ./Sources/TSS/TSS_SystemSetupData.o
 .ARM.attributes
                0x0000058d       0x31 ./Sources/TSS/TSS_SensorTSIL.o
 .ARM.attributes
                0x000005be       0x31 ./Sources/TSS/TSS_Sensor.o
 .ARM.attributes
                0x000005ef       0x31 ./Sources/Tasks/TaskSonar.o
 .ARM.attributes
                0x00000620       0x31 ./Sources/ProcessorExpert.o
 .ARM.attributes
                0x00000651       0x31 ./Sources/Events.o
 .ARM.attributes
                0x00000682       0x31 C:/Users/JH/Documents/GitHub/M0PlusFreeRTOS/M0PlusFreeRTOS/Sources/TSS\libTSS_KXX_M0.a(TSS_ASliderDecoder.o)
 .ARM.attributes
                0x000006b3       0x31 C:/Users/JH/Documents/GitHub/M0PlusFreeRTOS/M0PlusFreeRTOS/Sources/TSS\libTSS_KXX_M0.a(TSS_Filters.o)
 .ARM.attributes
                0x000006e4       0x31 C:/Users/JH/Documents/GitHub/M0PlusFreeRTOS/M0PlusFreeRTOS/Sources/TSS\libTSS_KXX_M0.a(TSS_KeyDetectorNormal.o)
 .ARM.attributes
                0x00000715       0x31 C:/Users/JH/Documents/GitHub/M0PlusFreeRTOS/M0PlusFreeRTOS/Sources/TSS\libTSS_KXX_M0.a(TSS_KeyDetector.o)
 .ARM.attributes
                0x00000746       0x31 C:/Users/JH/Documents/GitHub/M0PlusFreeRTOS/M0PlusFreeRTOS/Sources/TSS\libTSS_KXX_M0.a(TSS_Main.o)
 .ARM.attributes
                0x00000777       0x31 C:/Freescale/CW MCU v10.5/MCU/ARM_GCC_Support/ewl/lib/armv6-m\libc.a(exit.o)
 .ARM.attributes
                0x000007a8       0x31 C:/Freescale/CW MCU v10.5/MCU/ARM_GCC_Support/ewl/lib/armv6-m\libc.a(memcpy.o)
 .ARM.attributes
                0x000007d9       0x31 C:/Freescale/CW MCU v10.5/MCU/ARM_GCC_Support/ewl/lib/armv6-m\libc.a(memset.o)
 .ARM.attributes
                0x0000080a       0x31 C:/Freescale/CW MCU v10.5/MCU/ARM_GCC_Support/ewl/lib/armv6-m\libc.a(strchr.o)
 .ARM.attributes
                0x0000083b       0x31 C:/Freescale/CW MCU v10.5/MCU/ARM_GCC_Support/ewl/lib/armv6-m\libc.a(strlen.o)
 .ARM.attributes
                0x0000086c       0x31 C:/Freescale/CW MCU v10.5/MCU/ARM_GCC_Support/ewl/lib/armv6-m\libc.a(printformat_.o)
 .ARM.attributes
                0x0000089d       0x31 C:/Freescale/CW MCU v10.5/MCU/ARM_GCC_Support/ewl/lib/armv6-m\libc.a(scanformat_.o)
 .ARM.attributes
                0x000008ce       0x31 C:/Freescale/CW MCU v10.5/MCU/ARM_GCC_Support/ewl/lib/armv6-m\libc.a(ctype_aeabi.o)
 .ARM.attributes
                0x000008ff       0x31 C:/Freescale/CW MCU v10.5/MCU/ARM_GCC_Support/ewl/lib/armv6-m\libc.a(__strtoul.o)
 .ARM.attributes
                0x00000930       0x31 C:/Freescale/CW MCU v10.5/MCU/ARM_GCC_Support/ewl/lib/armv6-m\libc.a(__filll_mem.o)
 .ARM.attributes
                0x00000961       0x31 C:/Freescale/CW MCU v10.5/MCU/ARM_GCC_Support/ewl/lib/armv6-m\libc.a(memchr.o)
 .ARM.attributes
                0x00000992       0x1e c:/freescale/cw mcu v10.5/cross_tools/arm-none-eabi-gcc-4_7_3/bin/../lib/gcc/arm-none-eabi/4.7.3/armv6-m\libgcc.a(_thumb1_case_sqi.o)
 .ARM.attributes
                0x000009b0       0x1e c:/freescale/cw mcu v10.5/cross_tools/arm-none-eabi-gcc-4_7_3/bin/../lib/gcc/arm-none-eabi/4.7.3/armv6-m\libgcc.a(_thumb1_case_uqi.o)
 .ARM.attributes
                0x000009ce       0x1e c:/freescale/cw mcu v10.5/cross_tools/arm-none-eabi-gcc-4_7_3/bin/../lib/gcc/arm-none-eabi/4.7.3/armv6-m\libgcc.a(_udivsi3.o)
 .ARM.attributes
                0x000009ec       0x1e c:/freescale/cw mcu v10.5/cross_tools/arm-none-eabi-gcc-4_7_3/bin/../lib/gcc/arm-none-eabi/4.7.3/armv6-m\libgcc.a(_divsi3.o)
 .ARM.attributes
                0x00000a0a       0x1e c:/freescale/cw mcu v10.5/cross_tools/arm-none-eabi-gcc-4_7_3/bin/../lib/gcc/arm-none-eabi/4.7.3/armv6-m\libgcc.a(_dvmd_tls.o)
 .ARM.attributes
                0x00000a28       0x31 C:/Freescale/CW MCU v10.5/MCU/ARM_GCC_Support/ewl/lib/armv6-m\librt.a(gcc_ctor_dtor.o)
 .ARM.attributes
                0x00000a59       0x31 C:/Freescale/CW MCU v10.5/MCU/ARM_GCC_Support/ewl/lib/armv6-m\librt.a(ROMCopy.o)
 .ARM.attributes
                0x00000a8a       0x31 C:/Freescale/CW MCU v10.5/MCU/ARM_GCC_Support/ewl/lib/armv6-m\librt.a(__arm_eabi_init.o)
OUTPUT(M0PlusFreeRTOS.elf elf32-littlearm)

.debug_info     0x00000000     0xf1c4
 .debug_info    0x00000000      0xfdc ./Generated_Code/tasks.o
 .debug_info    0x00000fdc      0xb70 ./Generated_Code/queue.o
 .debug_info    0x00001b4c      0x26a ./Generated_Code/port.o
 .debug_info    0x00001db6      0x29d ./Generated_Code/list.o
 .debug_info    0x00002053      0x3df ./Generated_Code/heap_2.o
 .debug_info    0x00002432      0x236 ./Generated_Code/Vectors.o
 .debug_info    0x00002668      0x823 ./Generated_Code/TU2.o
 .debug_info    0x00002e8b      0x744 ./Generated_Code/TU1.o
 .debug_info    0x000035cf      0x740 ./Generated_Code/TU0.o
 .debug_info    0x00003d0f      0x788 ./Generated_Code/TSSTouch.o
 .debug_info    0x00004497      0x4e9 ./Generated_Code/SonarTrigger.o
 .debug_info    0x00004980      0x365 ./Generated_Code/PwmLdd3.o
 .debug_info    0x00004ce5      0x365 ./Generated_Code/PwmLdd2.o
 .debug_info    0x0000504a      0x365 ./Generated_Code/PwmLdd1.o
 .debug_info    0x000053af      0x255 ./Generated_Code/PE_LDD.o
 .debug_info    0x00005604      0x4e9 ./Generated_Code/MotorB.o
 .debug_info    0x00005aed      0x4e9 ./Generated_Code/MotorA.o
 .debug_info    0x00005fd6      0x5dc ./Generated_Code/IO1.o
 .debug_info    0x000065b2      0x8bf ./Generated_Code/I2C1.o
 .debug_info    0x00006e71      0x84a ./Generated_Code/I2C0.o
 .debug_info    0x000076bb      0x5d4 ./Generated_Code/GI2C0.o
 .debug_info    0x00007c8f      0xa13 ./Generated_Code/Cpu.o
 .debug_info    0x000086a2      0x4e9 ./Generated_Code/Break.o
 .debug_info    0x00008b8b      0x7ce ./Generated_Code/AdcLdd1.o
 .debug_info    0x00009359      0x89a ./Generated_Code/AS1.o
 .debug_info    0x00009bf3      0x235 ./Generated_Code/AD0.o
 .debug_info    0x00009e28      0x12a ./Project_Settings/Startup_Code/__arm_start.o
 .debug_info    0x00009f52       0x54 ./Project_Settings/Startup_Code/__arm_end.o
 .debug_info    0x00009fa6     0x1229 ./Sources/TSS/TSS_SystemSetupData.o
 .debug_info    0x0000b1cf      0xf99 ./Sources/TSS/TSS_SensorTSIL.o
 .debug_info    0x0000c168      0x4e3 ./Sources/TSS/TSS_Sensor.o
 .debug_info    0x0000c64b      0x384 ./Sources/Tasks/TaskSonar.o
 .debug_info    0x0000c9cf      0x1ce ./Sources/ProcessorExpert.o
 .debug_info    0x0000cb9d      0xa0f ./Sources/Events.o
 .debug_info    0x0000d5ac       0xe8 C:/Freescale/CW MCU v10.5/MCU/ARM_GCC_Support/ewl/lib/armv6-m\libc.a(exit.o)
 .debug_info    0x0000d694      0x10f C:/Freescale/CW MCU v10.5/MCU/ARM_GCC_Support/ewl/lib/armv6-m\libc.a(memcpy.o)
 .debug_info    0x0000d7a3       0xec C:/Freescale/CW MCU v10.5/MCU/ARM_GCC_Support/ewl/lib/armv6-m\libc.a(memset.o)
 .debug_info    0x0000d88f      0x10b C:/Freescale/CW MCU v10.5/MCU/ARM_GCC_Support/ewl/lib/armv6-m\libc.a(strchr.o)
 .debug_info    0x0000d99a       0xea C:/Freescale/CW MCU v10.5/MCU/ARM_GCC_Support/ewl/lib/armv6-m\libc.a(strlen.o)
 .debug_info    0x0000da84      0x50d C:/Freescale/CW MCU v10.5/MCU/ARM_GCC_Support/ewl/lib/armv6-m\libc.a(printformat_.o)
 .debug_info    0x0000df91      0x568 C:/Freescale/CW MCU v10.5/MCU/ARM_GCC_Support/ewl/lib/armv6-m\libc.a(scanformat_.o)
 .debug_info    0x0000e4f9      0x313 C:/Freescale/CW MCU v10.5/MCU/ARM_GCC_Support/ewl/lib/armv6-m\libc.a(ctype_aeabi.o)
 .debug_info    0x0000e80c      0x1d6 C:/Freescale/CW MCU v10.5/MCU/ARM_GCC_Support/ewl/lib/armv6-m\libc.a(__strtoul.o)
 .debug_info    0x0000e9e2      0x137 C:/Freescale/CW MCU v10.5/MCU/ARM_GCC_Support/ewl/lib/armv6-m\libc.a(__filll_mem.o)
 .debug_info    0x0000eb19      0x121 C:/Freescale/CW MCU v10.5/MCU/ARM_GCC_Support/ewl/lib/armv6-m\libc.a(memchr.o)
 .debug_info    0x0000ec3a      0x136 C:/Freescale/CW MCU v10.5/MCU/ARM_GCC_Support/ewl/lib/armv6-m\librt.a(gcc_ctor_dtor.o)
 .debug_info    0x0000ed70      0x19b C:/Freescale/CW MCU v10.5/MCU/ARM_GCC_Support/ewl/lib/armv6-m\librt.a(ROMCopy.o)
 .debug_info    0x0000ef0b      0x2b9 C:/Freescale/CW MCU v10.5/MCU/ARM_GCC_Support/ewl/lib/armv6-m\librt.a(__arm_eabi_init.o)

.debug_abbrev   0x00000000     0x3848
 .debug_abbrev  0x00000000      0x1bb ./Generated_Code/tasks.o
 .debug_abbrev  0x000001bb      0x167 ./Generated_Code/queue.o
 .debug_abbrev  0x00000322      0x107 ./Generated_Code/port.o
 .debug_abbrev  0x00000429       0xb6 ./Generated_Code/list.o
 .debug_abbrev  0x000004df      0x190 ./Generated_Code/heap_2.o
 .debug_abbrev  0x0000066f       0xda ./Generated_Code/Vectors.o
 .debug_abbrev  0x00000749      0x185 ./Generated_Code/TU2.o
 .debug_abbrev  0x000008ce      0x17e ./Generated_Code/TU1.o
 .debug_abbrev  0x00000a4c      0x17e ./Generated_Code/TU0.o
 .debug_abbrev  0x00000bca      0x184 ./Generated_Code/TSSTouch.o
 .debug_abbrev  0x00000d4e      0x178 ./Generated_Code/SonarTrigger.o
 .debug_abbrev  0x00000ec6      0x114 ./Generated_Code/PwmLdd3.o
 .debug_abbrev  0x00000fda      0x114 ./Generated_Code/PwmLdd2.o
 .debug_abbrev  0x000010ee      0x114 ./Generated_Code/PwmLdd1.o
 .debug_abbrev  0x00001202      0x102 ./Generated_Code/PE_LDD.o
 .debug_abbrev  0x00001304      0x178 ./Generated_Code/MotorB.o
 .debug_abbrev  0x0000147c      0x178 ./Generated_Code/MotorA.o
 .debug_abbrev  0x000015f4      0x149 ./Generated_Code/IO1.o
 .debug_abbrev  0x0000173d      0x195 ./Generated_Code/I2C1.o
 .debug_abbrev  0x000018d2      0x170 ./Generated_Code/I2C0.o
 .debug_abbrev  0x00001a42      0x1d1 ./Generated_Code/GI2C0.o
 .debug_abbrev  0x00001c13      0x152 ./Generated_Code/Cpu.o
 .debug_abbrev  0x00001d65      0x178 ./Generated_Code/Break.o
 .debug_abbrev  0x00001edd      0x186 ./Generated_Code/AdcLdd1.o
 .debug_abbrev  0x00002063      0x1c5 ./Generated_Code/AS1.o
 .debug_abbrev  0x00002228      0x12b ./Generated_Code/AD0.o
 .debug_abbrev  0x00002353       0x92 ./Project_Settings/Startup_Code/__arm_start.o
 .debug_abbrev  0x000023e5       0x4c ./Project_Settings/Startup_Code/__arm_end.o
 .debug_abbrev  0x00002431      0x12b ./Sources/TSS/TSS_SystemSetupData.o
 .debug_abbrev  0x0000255c      0x1a9 ./Sources/TSS/TSS_SensorTSIL.o
 .debug_abbrev  0x00002705      0x115 ./Sources/TSS/TSS_Sensor.o
 .debug_abbrev  0x0000281a      0x161 ./Sources/Tasks/TaskSonar.o
 .debug_abbrev  0x0000297b       0xd2 ./Sources/ProcessorExpert.o
 .debug_abbrev  0x00002a4d      0x1cd ./Sources/Events.o
 .debug_abbrev  0x00002c1a       0x7a C:/Freescale/CW MCU v10.5/MCU/ARM_GCC_Support/ewl/lib/armv6-m\libc.a(exit.o)
 .debug_abbrev  0x00002c94       0x95 C:/Freescale/CW MCU v10.5/MCU/ARM_GCC_Support/ewl/lib/armv6-m\libc.a(memcpy.o)
 .debug_abbrev  0x00002d29       0x62 C:/Freescale/CW MCU v10.5/MCU/ARM_GCC_Support/ewl/lib/armv6-m\libc.a(memset.o)
 .debug_abbrev  0x00002d8b       0x7a C:/Freescale/CW MCU v10.5/MCU/ARM_GCC_Support/ewl/lib/armv6-m\libc.a(strchr.o)
 .debug_abbrev  0x00002e05       0x7a C:/Freescale/CW MCU v10.5/MCU/ARM_GCC_Support/ewl/lib/armv6-m\libc.a(strlen.o)
 .debug_abbrev  0x00002e7f      0x200 C:/Freescale/CW MCU v10.5/MCU/ARM_GCC_Support/ewl/lib/armv6-m\libc.a(printformat_.o)
 .debug_abbrev  0x0000307f      0x1f0 C:/Freescale/CW MCU v10.5/MCU/ARM_GCC_Support/ewl/lib/armv6-m\libc.a(scanformat_.o)
 .debug_abbrev  0x0000326f       0x9e C:/Freescale/CW MCU v10.5/MCU/ARM_GCC_Support/ewl/lib/armv6-m\libc.a(ctype_aeabi.o)
 .debug_abbrev  0x0000330d       0xc2 C:/Freescale/CW MCU v10.5/MCU/ARM_GCC_Support/ewl/lib/armv6-m\libc.a(__strtoul.o)
 .debug_abbrev  0x000033cf       0x78 C:/Freescale/CW MCU v10.5/MCU/ARM_GCC_Support/ewl/lib/armv6-m\libc.a(__filll_mem.o)
 .debug_abbrev  0x00003447       0x95 C:/Freescale/CW MCU v10.5/MCU/ARM_GCC_Support/ewl/lib/armv6-m\libc.a(memchr.o)
 .debug_abbrev  0x000034dc       0x99 C:/Freescale/CW MCU v10.5/MCU/ARM_GCC_Support/ewl/lib/armv6-m\librt.a(gcc_ctor_dtor.o)
 .debug_abbrev  0x00003575      0x120 C:/Freescale/CW MCU v10.5/MCU/ARM_GCC_Support/ewl/lib/armv6-m\librt.a(ROMCopy.o)
 .debug_abbrev  0x00003695      0x1b3 C:/Freescale/CW MCU v10.5/MCU/ARM_GCC_Support/ewl/lib/armv6-m\librt.a(__arm_eabi_init.o)

.debug_loc      0x00000000     0x5e19
 .debug_loc     0x00000000      0x7e8 ./Generated_Code/tasks.o
 .debug_loc     0x000007e8      0x5b0 ./Generated_Code/queue.o
 .debug_loc     0x00000d98      0x228 ./Generated_Code/port.o
 .debug_loc     0x00000fc0      0x118 ./Generated_Code/list.o
 .debug_loc     0x000010d8      0x100 ./Generated_Code/heap_2.o
 .debug_loc     0x000011d8       0xe0 ./Generated_Code/TU2.o
 .debug_loc     0x000012b8      0x188 ./Generated_Code/TU1.o
 .debug_loc     0x00001440      0x188 ./Generated_Code/TU0.o
 .debug_loc     0x000015c8       0x64 ./Generated_Code/TSSTouch.o
 .debug_loc     0x0000162c      0x188 ./Generated_Code/SonarTrigger.o
 .debug_loc     0x000017b4      0x188 ./Generated_Code/PwmLdd3.o
 .debug_loc     0x0000193c      0x188 ./Generated_Code/PwmLdd2.o
 .debug_loc     0x00001ac4      0x188 ./Generated_Code/PwmLdd1.o
 .debug_loc     0x00001c4c       0x9c ./Generated_Code/PE_LDD.o
 .debug_loc     0x00001ce8      0x188 ./Generated_Code/MotorB.o
 .debug_loc     0x00001e70      0x188 ./Generated_Code/MotorA.o
 .debug_loc     0x00001ff8       0xe0 ./Generated_Code/IO1.o
 .debug_loc     0x000020d8      0x118 ./Generated_Code/I2C1.o
 .debug_loc     0x000021f0      0x150 ./Generated_Code/I2C0.o
 .debug_loc     0x00002340      0x338 ./Generated_Code/GI2C0.o
 .debug_loc     0x00002678       0xb0 ./Generated_Code/Cpu.o
 .debug_loc     0x00002728      0x188 ./Generated_Code/Break.o
 .debug_loc     0x000028b0      0x188 ./Generated_Code/AdcLdd1.o
 .debug_loc     0x00002a38      0x230 ./Generated_Code/AS1.o
 .debug_loc     0x00002c68      0x12c ./Generated_Code/AD0.o
 .debug_loc     0x00002d94       0x2c ./Project_Settings/Startup_Code/__arm_start.o
 .debug_loc     0x00002dc0       0x38 ./Project_Settings/Startup_Code/__arm_end.o
 .debug_loc     0x00002df8       0x38 ./Sources/TSS/TSS_SystemSetupData.o
 .debug_loc     0x00002e30      0x2a2 ./Sources/TSS/TSS_SensorTSIL.o
 .debug_loc     0x000030d2       0xe0 ./Sources/TSS/TSS_Sensor.o
 .debug_loc     0x000031b2      0x20c ./Sources/Tasks/TaskSonar.o
 .debug_loc     0x000033be       0x2c ./Sources/ProcessorExpert.o
 .debug_loc     0x000033ea      0x344 ./Sources/Events.o
 .debug_loc     0x0000372e       0x3e C:/Freescale/CW MCU v10.5/MCU/ARM_GCC_Support/ewl/lib/armv6-m\libc.a(exit.o)
 .debug_loc     0x0000376c       0x59 C:/Freescale/CW MCU v10.5/MCU/ARM_GCC_Support/ewl/lib/armv6-m\libc.a(memcpy.o)
 .debug_loc     0x000037c5       0x6f C:/Freescale/CW MCU v10.5/MCU/ARM_GCC_Support/ewl/lib/armv6-m\libc.a(memset.o)
 .debug_loc     0x00003834       0xaf C:/Freescale/CW MCU v10.5/MCU/ARM_GCC_Support/ewl/lib/armv6-m\libc.a(strchr.o)
 .debug_loc     0x000038e3       0x33 C:/Freescale/CW MCU v10.5/MCU/ARM_GCC_Support/ewl/lib/armv6-m\libc.a(strlen.o)
 .debug_loc     0x00003916     0x104b C:/Freescale/CW MCU v10.5/MCU/ARM_GCC_Support/ewl/lib/armv6-m\libc.a(printformat_.o)
 .debug_loc     0x00004961      0x9d8 C:/Freescale/CW MCU v10.5/MCU/ARM_GCC_Support/ewl/lib/armv6-m\libc.a(scanformat_.o)
 .debug_loc     0x00005339      0x30d C:/Freescale/CW MCU v10.5/MCU/ARM_GCC_Support/ewl/lib/armv6-m\libc.a(ctype_aeabi.o)
 .debug_loc     0x00005646      0x305 C:/Freescale/CW MCU v10.5/MCU/ARM_GCC_Support/ewl/lib/armv6-m\libc.a(__strtoul.o)
 .debug_loc     0x0000594b      0x14a C:/Freescale/CW MCU v10.5/MCU/ARM_GCC_Support/ewl/lib/armv6-m\libc.a(__filll_mem.o)
 .debug_loc     0x00005a95       0x77 C:/Freescale/CW MCU v10.5/MCU/ARM_GCC_Support/ewl/lib/armv6-m\libc.a(memchr.o)
 .debug_loc     0x00005b0c       0x9d C:/Freescale/CW MCU v10.5/MCU/ARM_GCC_Support/ewl/lib/armv6-m\librt.a(gcc_ctor_dtor.o)
 .debug_loc     0x00005ba9       0xd9 C:/Freescale/CW MCU v10.5/MCU/ARM_GCC_Support/ewl/lib/armv6-m\librt.a(ROMCopy.o)
 .debug_loc     0x00005c82      0x197 C:/Freescale/CW MCU v10.5/MCU/ARM_GCC_Support/ewl/lib/armv6-m\librt.a(__arm_eabi_init.o)

.debug_aranges  0x00000000      0xdf8
 .debug_aranges
                0x00000000      0x140 ./Generated_Code/tasks.o
 .debug_aranges
                0x00000140       0xe8 ./Generated_Code/queue.o
 .debug_aranges
                0x00000228       0x88 ./Generated_Code/port.o
 .debug_aranges
                0x000002b0       0x40 ./Generated_Code/list.o
 .debug_aranges
                0x000002f0       0x40 ./Generated_Code/heap_2.o
 .debug_aranges
                0x00000330       0x18 ./Generated_Code/Vectors.o
 .debug_aranges
                0x00000348       0x38 ./Generated_Code/TU2.o
 .debug_aranges
                0x00000380       0x50 ./Generated_Code/TU1.o
 .debug_aranges
                0x000003d0       0x50 ./Generated_Code/TU0.o
 .debug_aranges
                0x00000420       0x28 ./Generated_Code/TSSTouch.o
 .debug_aranges
                0x00000448       0x50 ./Generated_Code/SonarTrigger.o
 .debug_aranges
                0x00000498       0x50 ./Generated_Code/PwmLdd3.o
 .debug_aranges
                0x000004e8       0x50 ./Generated_Code/PwmLdd2.o
 .debug_aranges
                0x00000538       0x50 ./Generated_Code/PwmLdd1.o
 .debug_aranges
                0x00000588       0x30 ./Generated_Code/PE_LDD.o
 .debug_aranges
                0x000005b8       0x50 ./Generated_Code/MotorB.o
 .debug_aranges
                0x00000608       0x50 ./Generated_Code/MotorA.o
 .debug_aranges
                0x00000658       0x38 ./Generated_Code/IO1.o
 .debug_aranges
                0x00000690       0x40 ./Generated_Code/I2C1.o
 .debug_aranges
                0x000006d0       0x48 ./Generated_Code/I2C0.o
 .debug_aranges
                0x00000718       0x98 ./Generated_Code/GI2C0.o
 .debug_aranges
                0x000007b0       0x38 ./Generated_Code/Cpu.o
 .debug_aranges
                0x000007e8       0x50 ./Generated_Code/Break.o
 .debug_aranges
                0x00000838       0x50 ./Generated_Code/AdcLdd1.o
 .debug_aranges
                0x00000888       0x68 ./Generated_Code/AS1.o
 .debug_aranges
                0x000008f0       0x48 ./Generated_Code/AD0.o
 .debug_aranges
                0x00000938       0x30 ./Project_Settings/Startup_Code/__arm_start.o
 .debug_aranges
                0x00000968       0x20 ./Project_Settings/Startup_Code/__arm_end.o
 .debug_aranges
                0x00000988       0x20 ./Sources/TSS/TSS_SystemSetupData.o
 .debug_aranges
                0x000009a8       0x78 ./Sources/TSS/TSS_SensorTSIL.o
 .debug_aranges
                0x00000a20       0x38 ./Sources/TSS/TSS_Sensor.o
 .debug_aranges
                0x00000a58       0x68 ./Sources/Tasks/TaskSonar.o
 .debug_aranges
                0x00000ac0       0x20 ./Sources/ProcessorExpert.o
 .debug_aranges
                0x00000ae0       0x98 ./Sources/Events.o
 .debug_aranges
                0x00000b78       0x20 C:/Freescale/CW MCU v10.5/MCU/ARM_GCC_Support/ewl/lib/armv6-m\libc.a(exit.o)
 .debug_aranges
                0x00000b98       0x20 C:/Freescale/CW MCU v10.5/MCU/ARM_GCC_Support/ewl/lib/armv6-m\libc.a(memcpy.o)
 .debug_aranges
                0x00000bb8       0x20 C:/Freescale/CW MCU v10.5/MCU/ARM_GCC_Support/ewl/lib/armv6-m\libc.a(memset.o)
 .debug_aranges
                0x00000bd8       0x20 C:/Freescale/CW MCU v10.5/MCU/ARM_GCC_Support/ewl/lib/armv6-m\libc.a(strchr.o)
 .debug_aranges
                0x00000bf8       0x20 C:/Freescale/CW MCU v10.5/MCU/ARM_GCC_Support/ewl/lib/armv6-m\libc.a(strlen.o)
 .debug_aranges
                0x00000c18       0x28 C:/Freescale/CW MCU v10.5/MCU/ARM_GCC_Support/ewl/lib/armv6-m\libc.a(printformat_.o)
 .debug_aranges
                0x00000c40       0x20 C:/Freescale/CW MCU v10.5/MCU/ARM_GCC_Support/ewl/lib/armv6-m\libc.a(scanformat_.o)
 .debug_aranges
                0x00000c60       0x88 C:/Freescale/CW MCU v10.5/MCU/ARM_GCC_Support/ewl/lib/armv6-m\libc.a(ctype_aeabi.o)
 .debug_aranges
                0x00000ce8       0x20 C:/Freescale/CW MCU v10.5/MCU/ARM_GCC_Support/ewl/lib/armv6-m\libc.a(__strtoul.o)
 .debug_aranges
                0x00000d08       0x20 C:/Freescale/CW MCU v10.5/MCU/ARM_GCC_Support/ewl/lib/armv6-m\libc.a(__filll_mem.o)
 .debug_aranges
                0x00000d28       0x20 C:/Freescale/CW MCU v10.5/MCU/ARM_GCC_Support/ewl/lib/armv6-m\libc.a(memchr.o)
 .debug_aranges
                0x00000d48       0x28 C:/Freescale/CW MCU v10.5/MCU/ARM_GCC_Support/ewl/lib/armv6-m\librt.a(gcc_ctor_dtor.o)
 .debug_aranges
                0x00000d70       0x30 C:/Freescale/CW MCU v10.5/MCU/ARM_GCC_Support/ewl/lib/armv6-m\librt.a(ROMCopy.o)
 .debug_aranges
                0x00000da0       0x58 C:/Freescale/CW MCU v10.5/MCU/ARM_GCC_Support/ewl/lib/armv6-m\librt.a(__arm_eabi_init.o)

.debug_macinfo  0x00000000   0x73d5f5
 .debug_macinfo
                0x00000000    0x4a228 ./Generated_Code/tasks.o
 .debug_macinfo
                0x0004a228     0x795b ./Generated_Code/queue.o
 .debug_macinfo
                0x00051b83    0x30f44 ./Generated_Code/port.o
 .debug_macinfo
                0x00082ac7     0x65f0 ./Generated_Code/list.o
 .debug_macinfo
                0x000890b7    0x496f8 ./Generated_Code/heap_2.o
 .debug_macinfo
                0x000d27af    0x49449 ./Generated_Code/Vectors.o
 .debug_macinfo
                0x0011bbf8    0x49494 ./Generated_Code/TU2.o
 .debug_macinfo
                0x0016508c    0x32572 ./Generated_Code/TU1.o
 .debug_macinfo
                0x001975fe    0x3253a ./Generated_Code/TU0.o
 .debug_macinfo
                0x001c9b38    0x493d8 ./Generated_Code/TSSTouch.o
 .debug_macinfo
                0x00212f10    0x31791 ./Generated_Code/SonarTrigger.o
 .debug_macinfo
                0x002446a1    0x326cd ./Generated_Code/PwmLdd3.o
 .debug_macinfo
                0x00276d6e    0x326cd ./Generated_Code/PwmLdd2.o
 .debug_macinfo
                0x002a943b    0x326a9 ./Generated_Code/PwmLdd1.o
 .debug_macinfo
                0x002dbae4    0x492d2 ./Generated_Code/PE_LDD.o
 .debug_macinfo
                0x00324db6    0x3172c ./Generated_Code/MotorB.o
 .debug_macinfo
                0x003564e2    0x31734 ./Generated_Code/MotorA.o
 .debug_macinfo
                0x00387c16    0x327d4 ./Generated_Code/IO1.o
 .debug_macinfo
                0x003ba3ea    0x4f569 ./Generated_Code/I2C1.o
 .debug_macinfo
                0x00409953    0x395fc ./Generated_Code/I2C0.o
 .debug_macinfo
                0x00442f4f    0x32f06 ./Generated_Code/GI2C0.o
 .debug_macinfo
                0x00475e55    0x4944c ./Generated_Code/Cpu.o
 .debug_macinfo
                0x004bf2a1    0x31723 ./Generated_Code/Break.o
 .debug_macinfo
                0x004f09c4    0x35d2f ./Generated_Code/AdcLdd1.o
 .debug_macinfo
                0x005266f3    0x5035c ./Generated_Code/AS1.o
 .debug_macinfo
                0x00576a4f    0x333d4 ./Generated_Code/AD0.o
 .debug_macinfo
                0x005a9e23     0x3e6d ./Project_Settings/Startup_Code/__arm_start.o
 .debug_macinfo
                0x005adc90     0x3456 ./Project_Settings/Startup_Code/__arm_end.o
 .debug_macinfo
                0x005b10e6    0x3aaca ./Sources/TSS/TSS_SystemSetupData.o
 .debug_macinfo
                0x005ebbb0    0x433dd ./Sources/TSS/TSS_SensorTSIL.o
 .debug_macinfo
                0x0062ef8d    0x46466 ./Sources/TSS/TSS_Sensor.o
 .debug_macinfo
                0x006753f3    0x35951 ./Sources/Tasks/TaskSonar.o
 .debug_macinfo
                0x006aad44    0x494e0 ./Sources/ProcessorExpert.o
 .debug_macinfo
                0x006f4224    0x493d1 ./Sources/Events.o

.debug_line     0x00000000     0xbf1d
 .debug_line    0x00000000      0xc44 ./Generated_Code/tasks.o
 .debug_line    0x00000c44      0x66d ./Generated_Code/queue.o
 .debug_line    0x000012b1      0x3c3 ./Generated_Code/port.o
 .debug_line    0x00001674      0x2ca ./Generated_Code/list.o
 .debug_line    0x0000193e      0x7e7 ./Generated_Code/heap_2.o
 .debug_line    0x00002125      0x89c ./Generated_Code/Vectors.o
 .debug_line    0x000029c1      0x791 ./Generated_Code/TU2.o
 .debug_line    0x00003152      0x39f ./Generated_Code/TU1.o
 .debug_line    0x000034f1      0x3a0 ./Generated_Code/TU0.o
 .debug_line    0x00003891      0x74d ./Generated_Code/TSSTouch.o
 .debug_line    0x00003fde      0x387 ./Generated_Code/SonarTrigger.o
 .debug_line    0x00004365      0x388 ./Generated_Code/PwmLdd3.o
 .debug_line    0x000046ed      0x388 ./Generated_Code/PwmLdd2.o
 .debug_line    0x00004a75      0x388 ./Generated_Code/PwmLdd1.o
 .debug_line    0x00004dfd      0x668 ./Generated_Code/PE_LDD.o
 .debug_line    0x00005465      0x379 ./Generated_Code/MotorB.o
 .debug_line    0x000057de      0x379 ./Generated_Code/MotorA.o
 .debug_line    0x00005b57      0x348 ./Generated_Code/IO1.o
 .debug_line    0x00005e9f      0x81b ./Generated_Code/I2C1.o
 .debug_line    0x000066ba      0x451 ./Generated_Code/I2C0.o
 .debug_line    0x00006b0b      0x45b ./Generated_Code/GI2C0.o
 .debug_line    0x00006f66      0x90b ./Generated_Code/Cpu.o
 .debug_line    0x00007871      0x377 ./Generated_Code/Break.o
 .debug_line    0x00007be8      0x399 ./Generated_Code/AdcLdd1.o
 .debug_line    0x00007f81      0x872 ./Generated_Code/AS1.o
 .debug_line    0x000087f3      0x2bd ./Generated_Code/AD0.o
 .debug_line    0x00008ab0      0x2ab ./Project_Settings/Startup_Code/__arm_start.o
 .debug_line    0x00008d5b      0x266 ./Project_Settings/Startup_Code/__arm_end.o
 .debug_line    0x00008fc1      0x2da ./Sources/TSS/TSS_SystemSetupData.o
 .debug_line    0x0000929b      0x56c ./Sources/TSS/TSS_SensorTSIL.o
 .debug_line    0x00009807      0x32c ./Sources/TSS/TSS_Sensor.o
 .debug_line    0x00009b33      0x4d4 ./Sources/Tasks/TaskSonar.o
 .debug_line    0x0000a007      0x832 ./Sources/ProcessorExpert.o
 .debug_line    0x0000a839      0x808 ./Sources/Events.o
 .debug_line    0x0000b041       0x8d C:/Freescale/CW MCU v10.5/MCU/ARM_GCC_Support/ewl/lib/armv6-m\libc.a(exit.o)
 .debug_line    0x0000b0ce       0x8b C:/Freescale/CW MCU v10.5/MCU/ARM_GCC_Support/ewl/lib/armv6-m\libc.a(memcpy.o)
 .debug_line    0x0000b159       0x90 C:/Freescale/CW MCU v10.5/MCU/ARM_GCC_Support/ewl/lib/armv6-m\libc.a(memset.o)
 .debug_line    0x0000b1e9       0x7d C:/Freescale/CW MCU v10.5/MCU/ARM_GCC_Support/ewl/lib/armv6-m\libc.a(strchr.o)
 .debug_line    0x0000b266       0x85 C:/Freescale/CW MCU v10.5/MCU/ARM_GCC_Support/ewl/lib/armv6-m\libc.a(strlen.o)
 .debug_line    0x0000b2eb      0x2c3 C:/Freescale/CW MCU v10.5/MCU/ARM_GCC_Support/ewl/lib/armv6-m\libc.a(printformat_.o)
 .debug_line    0x0000b5ae      0x2be C:/Freescale/CW MCU v10.5/MCU/ARM_GCC_Support/ewl/lib/armv6-m\libc.a(scanformat_.o)
 .debug_line    0x0000b86c      0x1be C:/Freescale/CW MCU v10.5/MCU/ARM_GCC_Support/ewl/lib/armv6-m\libc.a(ctype_aeabi.o)
 .debug_line    0x0000ba2a      0x11e C:/Freescale/CW MCU v10.5/MCU/ARM_GCC_Support/ewl/lib/armv6-m\libc.a(__strtoul.o)
 .debug_line    0x0000bb48       0xf6 C:/Freescale/CW MCU v10.5/MCU/ARM_GCC_Support/ewl/lib/armv6-m\libc.a(__filll_mem.o)
 .debug_line    0x0000bc3e       0x9f C:/Freescale/CW MCU v10.5/MCU/ARM_GCC_Support/ewl/lib/armv6-m\libc.a(memchr.o)
 .debug_line    0x0000bcdd       0x6c C:/Freescale/CW MCU v10.5/MCU/ARM_GCC_Support/ewl/lib/armv6-m\librt.a(gcc_ctor_dtor.o)
 .debug_line    0x0000bd49       0xbd C:/Freescale/CW MCU v10.5/MCU/ARM_GCC_Support/ewl/lib/armv6-m\librt.a(ROMCopy.o)
 .debug_line    0x0000be06      0x117 C:/Freescale/CW MCU v10.5/MCU/ARM_GCC_Support/ewl/lib/armv6-m\librt.a(__arm_eabi_init.o)

.debug_str      0x00000000     0x5290
 .debug_str     0x00000000      0xac7 ./Generated_Code/tasks.o
                                0xb42 (size before relaxing)
 .debug_str     0x00000ac7      0x41f ./Generated_Code/queue.o
                                0x675 (size before relaxing)
 .debug_str     0x00000ee6      0x14e ./Generated_Code/port.o
                                0x2ac (size before relaxing)
 .debug_str     0x00001034       0xad ./Generated_Code/list.o
                                0x270 (size before relaxing)
 .debug_str     0x000010e1      0x14e ./Generated_Code/heap_2.o
                                0x460 (size before relaxing)
 .debug_str     0x0000122f       0x55 ./Generated_Code/Vectors.o
                                0x355 (size before relaxing)
 .debug_str     0x00001284      0x2ca ./Generated_Code/TU2.o
                                0x5e3 (size before relaxing)
 .debug_str     0x0000154e      0x13b ./Generated_Code/TU1.o
                                0x480 (size before relaxing)
 .debug_str     0x00001689       0xc2 ./Generated_Code/TU0.o
                                0x480 (size before relaxing)
 .debug_str     0x0000174b      0x4e6 ./Generated_Code/TSSTouch.o
                                0x92f (size before relaxing)
 .debug_str     0x00001c31      0x151 ./Generated_Code/SonarTrigger.o
                                0x376 (size before relaxing)
 .debug_str     0x00001d82       0xe4 ./Generated_Code/PwmLdd3.o
                                0x2c9 (size before relaxing)
 .debug_str     0x00001e66       0x95 ./Generated_Code/PwmLdd2.o
                                0x2c9 (size before relaxing)
 .debug_str     0x00001efb       0x95 ./Generated_Code/PwmLdd1.o
                                0x2c9 (size before relaxing)
 .debug_str     0x00001f90      0x16b ./Generated_Code/PE_LDD.o
                                0x2ec (size before relaxing)
 .debug_str     0x000020fb       0xb8 ./Generated_Code/MotorB.o
                                0x334 (size before relaxing)
 .debug_str     0x000021b3       0xb8 ./Generated_Code/MotorA.o
                                0x334 (size before relaxing)
 .debug_str     0x0000226b       0xe2 ./Generated_Code/IO1.o
                                0x3bc (size before relaxing)
 .debug_str     0x0000234d      0x150 ./Generated_Code/I2C1.o
                                0x641 (size before relaxing)
 .debug_str     0x0000249d      0x138 ./Generated_Code/I2C0.o
                                0x52f (size before relaxing)
 .debug_str     0x000025d5      0x26f ./Generated_Code/GI2C0.o
                                0x46c (size before relaxing)
 .debug_str     0x00002844      0x18c ./Generated_Code/Cpu.o
                                0x604 (size before relaxing)
 .debug_str     0x000029d0       0xad ./Generated_Code/Break.o
                                0x329 (size before relaxing)
 .debug_str     0x00002a7d      0x1d1 ./Generated_Code/AdcLdd1.o
                                0x4f6 (size before relaxing)
 .debug_str     0x00002c4e       0xd4 ./Generated_Code/AS1.o
                                0x60b (size before relaxing)
 .debug_str     0x00002d22       0xa4 ./Generated_Code/AD0.o
                                0x221 (size before relaxing)
 .debug_str     0x00002dc6       0x85 ./Project_Settings/Startup_Code/__arm_start.o
                                0x1aa (size before relaxing)
 .debug_str     0x00002e4b       0x41 ./Project_Settings/Startup_Code/__arm_end.o
                                 0xe1 (size before relaxing)
 .debug_str     0x00002e8c      0xdbf ./Sources/TSS/TSS_SystemSetupData.o
                               0x1091 (size before relaxing)
 .debug_str     0x00003c4b      0x99b ./Sources/TSS/TSS_SensorTSIL.o
                                0xf96 (size before relaxing)
 .debug_str     0x000045e6      0x12b ./Sources/TSS/TSS_Sensor.o
                                0x5e4 (size before relaxing)
 .debug_str     0x00004711      0x101 ./Sources/Tasks/TaskSonar.o
                                0x43e (size before relaxing)
 .debug_str     0x00004812       0x22 ./Sources/ProcessorExpert.o
                                0x322 (size before relaxing)
 .debug_str     0x00004834      0x1f1 ./Sources/Events.o
                                0xb14 (size before relaxing)
 .debug_str     0x00004a25       0x54 C:/Freescale/CW MCU v10.5/MCU/ARM_GCC_Support/ewl/lib/armv6-m\libc.a(exit.o)
                                0x157 (size before relaxing)
 .debug_str     0x00004a79       0x1c C:/Freescale/CW MCU v10.5/MCU/ARM_GCC_Support/ewl/lib/armv6-m\libc.a(memcpy.o)
                                0x138 (size before relaxing)
 .debug_str     0x00004a95       0x1c C:/Freescale/CW MCU v10.5/MCU/ARM_GCC_Support/ewl/lib/armv6-m\libc.a(memset.o)
                                0x140 (size before relaxing)
 .debug_str     0x00004ab1       0x1c C:/Freescale/CW MCU v10.5/MCU/ARM_GCC_Support/ewl/lib/armv6-m\libc.a(strchr.o)
                                0x137 (size before relaxing)
 .debug_str     0x00004acd       0x24 C:/Freescale/CW MCU v10.5/MCU/ARM_GCC_Support/ewl/lib/armv6-m\libc.a(strlen.o)
                                0x140 (size before relaxing)
 .debug_str     0x00004af1      0x233 C:/Freescale/CW MCU v10.5/MCU/ARM_GCC_Support/ewl/lib/armv6-m\libc.a(printformat_.o)
                                0x3b3 (size before relaxing)
 .debug_str     0x00004d24      0x184 C:/Freescale/CW MCU v10.5/MCU/ARM_GCC_Support/ewl/lib/armv6-m\libc.a(scanformat_.o)
                                0x3f9 (size before relaxing)
 .debug_str     0x00004ea8       0x9d C:/Freescale/CW MCU v10.5/MCU/ARM_GCC_Support/ewl/lib/armv6-m\libc.a(ctype_aeabi.o)
                                0x1bc (size before relaxing)
 .debug_str     0x00004f45       0x61 C:/Freescale/CW MCU v10.5/MCU/ARM_GCC_Support/ewl/lib/armv6-m\libc.a(__strtoul.o)
                                0x1fb (size before relaxing)
 .debug_str     0x00004fa6       0x25 C:/Freescale/CW MCU v10.5/MCU/ARM_GCC_Support/ewl/lib/armv6-m\libc.a(__filll_mem.o)
                                0x152 (size before relaxing)
 .debug_str     0x00004fcb       0x1c C:/Freescale/CW MCU v10.5/MCU/ARM_GCC_Support/ewl/lib/armv6-m\libc.a(memchr.o)
                                0x148 (size before relaxing)
 .debug_str     0x00004fe7      0x126 C:/Freescale/CW MCU v10.5/MCU/ARM_GCC_Support/ewl/lib/armv6-m\librt.a(gcc_ctor_dtor.o)
                                0x181 (size before relaxing)
 .debug_str     0x0000510d       0x95 C:/Freescale/CW MCU v10.5/MCU/ARM_GCC_Support/ewl/lib/armv6-m\librt.a(ROMCopy.o)
                                0x13c (size before relaxing)
 .debug_str     0x000051a2       0xee C:/Freescale/CW MCU v10.5/MCU/ARM_GCC_Support/ewl/lib/armv6-m\librt.a(__arm_eabi_init.o)
                                0x1b5 (size before relaxing)

.comment        0x00000000       0x79
 .comment       0x00000000       0x79 ./Generated_Code/tasks.o
                                 0x7a (size before relaxing)
 .comment       0x00000000       0x7a ./Generated_Code/queue.o
 .comment       0x00000000       0x7a ./Generated_Code/port.o
 .comment       0x00000000       0x7a ./Generated_Code/list.o
 .comment       0x00000000       0x7a ./Generated_Code/heap_2.o
 .comment       0x00000000       0x7a ./Generated_Code/Vectors.o
 .comment       0x00000000       0x7a ./Generated_Code/TU2.o
 .comment       0x00000000       0x7a ./Generated_Code/TU1.o
 .comment       0x00000000       0x7a ./Generated_Code/TU0.o
 .comment       0x00000000       0x7a ./Generated_Code/TSSTouch.o
 .comment       0x00000000       0x7a ./Generated_Code/SonarTrigger.o
 .comment       0x00000000       0x7a ./Generated_Code/PwmLdd3.o
 .comment       0x00000000       0x7a ./Generated_Code/PwmLdd2.o
 .comment       0x00000000       0x7a ./Generated_Code/PwmLdd1.o
 .comment       0x00000000       0x7a ./Generated_Code/PE_LDD.o
 .comment       0x00000000       0x7a ./Generated_Code/MotorB.o
 .comment       0x00000000       0x7a ./Generated_Code/MotorA.o
 .comment       0x00000000       0x7a ./Generated_Code/IO1.o
 .comment       0x00000000       0x7a ./Generated_Code/I2C1.o
 .comment       0x00000000       0x7a ./Generated_Code/I2C0.o
 .comment       0x00000000       0x7a ./Generated_Code/GI2C0.o