Archive member included because of file (symbol)

C:/Freescale/CW MCU v10.5/MCU/ARM_GCC_Support/ewl/lib/armv6-m\libc.a(exit.o)
                              ./Project_Settings/Startup_Code/__arm_start.o (exit)
C:/Freescale/CW MCU v10.5/MCU/ARM_GCC_Support/ewl/lib/armv6-m\libc.a(memcpy.o)
                              ./Generated_Code/queue.o (memcpy)
C:/Freescale/CW MCU v10.5/MCU/ARM_GCC_Support/ewl/lib/armv6-m\libc.a(memset.o)
                              ./Generated_Code/tasks.o (memset)
C:/Freescale/CW MCU v10.5/MCU/ARM_GCC_Support/ewl/lib/armv6-m\libc.a(strchr.o)
                              ./Generated_Code/UTIL2.o (strchr)
C:/Freescale/CW MCU v10.5/MCU/ARM_GCC_Support/ewl/lib/armv6-m\libc.a(strlen.o)
                              ./Generated_Code/UTIL2.o (strlen)
C:/Freescale/CW MCU v10.5/MCU/ARM_GCC_Support/ewl/lib/armv6-m\libc.a(strncmp.o)
                              ./Generated_Code/UTIL2.o (strncmp)
C:/Freescale/CW MCU v10.5/MCU/ARM_GCC_Support/ewl/lib/armv6-m\libc.a(printformat_.o)
                              (__pformatter_)
C:/Freescale/CW MCU v10.5/MCU/ARM_GCC_Support/ewl/lib/armv6-m\libc.a(scanformat_.o)
                              (__sformatter)
C:/Freescale/CW MCU v10.5/MCU/ARM_GCC_Support/ewl/lib/armv6-m\libc.a(ctype_aeabi.o)
                              C:/Freescale/CW MCU v10.5/MCU/ARM_GCC_Support/ewl/lib/armv6-m\libc.a(scanformat_.o) (isspace)
C:/Freescale/CW MCU v10.5/MCU/ARM_GCC_Support/ewl/lib/armv6-m\libc.a(__strtoul.o)
                              C:/Freescale/CW MCU v10.5/MCU/ARM_GCC_Support/ewl/lib/armv6-m\libc.a(scanformat_.o) (__strtoul)
C:/Freescale/CW MCU v10.5/MCU/ARM_GCC_Support/ewl/lib/armv6-m\libc.a(__filll_mem.o)
                              C:/Freescale/CW MCU v10.5/MCU/ARM_GCC_Support/ewl/lib/armv6-m\libc.a(memset.o) (__fill_mem)
C:/Freescale/CW MCU v10.5/MCU/ARM_GCC_Support/ewl/lib/armv6-m\libc.a(memchr.o)
                              C:/Freescale/CW MCU v10.5/MCU/ARM_GCC_Support/ewl/lib/armv6-m\libc.a(printformat_.o) (memchr)
c:/freescale/cw mcu v10.5/cross_tools/arm-none-eabi-gcc-4_7_3/bin/../lib/gcc/arm-none-eabi/4.7.3/armv6-m\libgcc.a(_thumb1_case_sqi.o)
                              C:/Freescale/CW MCU v10.5/MCU/ARM_GCC_Support/ewl/lib/armv6-m\libc.a(__strtoul.o) (__gnu_thumb1_case_sqi)
c:/freescale/cw mcu v10.5/cross_tools/arm-none-eabi-gcc-4_7_3/bin/../lib/gcc/arm-none-eabi/4.7.3/armv6-m\libgcc.a(_thumb1_case_uqi.o)
                              C:/Freescale/CW MCU v10.5/MCU/ARM_GCC_Support/ewl/lib/armv6-m\libc.a(scanformat_.o) (__gnu_thumb1_case_uqi)
c:/freescale/cw mcu v10.5/cross_tools/arm-none-eabi-gcc-4_7_3/bin/../lib/gcc/arm-none-eabi/4.7.3/armv6-m\libgcc.a(_udivsi3.o)
                              ./Generated_Code/UTIL2.o (__aeabi_uidiv)
c:/freescale/cw mcu v10.5/cross_tools/arm-none-eabi-gcc-4_7_3/bin/../lib/gcc/arm-none-eabi/4.7.3/armv6-m\libgcc.a(_divsi3.o)
                              ./Generated_Code/UTIL2.o (__aeabi_idiv)
c:/freescale/cw mcu v10.5/cross_tools/arm-none-eabi-gcc-4_7_3/bin/../lib/gcc/arm-none-eabi/4.7.3/armv6-m\libgcc.a(_dvmd_tls.o)
                              c:/freescale/cw mcu v10.5/cross_tools/arm-none-eabi-gcc-4_7_3/bin/../lib/gcc/arm-none-eabi/4.7.3/armv6-m\libgcc.a(_udivsi3.o) (__aeabi_idiv0)
c:/freescale/cw mcu v10.5/cross_tools/arm-none-eabi-gcc-4_7_3/bin/../lib/gcc/arm-none-eabi/4.7.3/armv6-m\libgcc.a(divdf3.o)
                              ./Sources/Tasks/TaskAccelerometer.o (__aeabi_ddiv)
c:/freescale/cw mcu v10.5/cross_tools/arm-none-eabi-gcc-4_7_3/bin/../lib/gcc/arm-none-eabi/4.7.3/armv6-m\libgcc.a(fixdfsi.o)
                              ./Sources/Tasks/TaskAccelerometer.o (__aeabi_d2iz)
c:/freescale/cw mcu v10.5/cross_tools/arm-none-eabi-gcc-4_7_3/bin/../lib/gcc/arm-none-eabi/4.7.3/armv6-m\libgcc.a(floatsidf.o)
                              ./Sources/Tasks/TaskAccelerometer.o (__aeabi_i2d)
c:/freescale/cw mcu v10.5/cross_tools/arm-none-eabi-gcc-4_7_3/bin/../lib/gcc/arm-none-eabi/4.7.3/armv6-m\libgcc.a(_clzsi2.o)
                              c:/freescale/cw mcu v10.5/cross_tools/arm-none-eabi-gcc-4_7_3/bin/../lib/gcc/arm-none-eabi/4.7.3/armv6-m\libgcc.a(divdf3.o) (__clzsi2)
C:/Freescale/CW MCU v10.5/MCU/ARM_GCC_Support/ewl/lib/armv6-m\librt.a(gcc_ctor_dtor.o)
                              ./Project_Settings/Startup_Code/__arm_start.o (__init_cpp)
C:/Freescale/CW MCU v10.5/MCU/ARM_GCC_Support/ewl/lib/armv6-m\librt.a(ROMCopy.o)
                              ./Project_Settings/Startup_Code/__arm_start.o (__copy_rom_sections_to_ram)
C:/Freescale/CW MCU v10.5/MCU/ARM_GCC_Support/ewl/lib/armv6-m\librt.a(__arm_eabi_init.o)
                              C:/Freescale/CW MCU v10.5/MCU/ARM_GCC_Support/ewl/lib/armv6-m\libc.a(exit.o) (__destroy_global_chain)
C:/Freescale/CW MCU v10.5/MCU/ARM_GCC_Support/ewl/lib/armv6-m\librt.a(setjmp.o)
                              ./Generated_Code/port.o (longjmp)

Allocating common symbols
Common symbol       size              file

[...]
Memory Configuration

Name             Origin             Length             Attributes
m_interrupts     0x00000000         0x000000c0         xr
m_text           0x00000410         0x0001fbf0         xr
m_data           0x1ffff000         0x00004000         rw
m_cfmprotrom     0x00000400         0x00000010         xr
*default*        0x00000000         0xffffffff

Linker script and memory map

LOAD ./Generated_Code/timers.o
LOAD ./Generated_Code/tasks.o
LOAD ./Generated_Code/queue.o
LOAD ./Generated_Code/portasm.o
LOAD ./Generated_Code/port.o
LOAD ./Generated_Code/list.o
LOAD ./Generated_Code/heap_4.o
LOAD ./Generated_Code/heap_3.o
LOAD ./Generated_Code/heap_2.o
LOAD ./Generated_Code/heap_1.o
LOAD ./Generated_Code/croutine.o
LOAD ./Generated_Code/WAIT1.o
LOAD ./Generated_Code/Vectors.o
LOAD ./Generated_Code/UTIL2.o
LOAD ./Generated_Code/UTIL1.o
LOAD ./Generated_Code/TU1.o
LOAD ./Generated_Code/PE_LDD.o
LOAD ./Generated_Code/MMA1.o
LOAD ./Generated_Code/LedRed.o
LOAD ./Generated_Code/LedGreen.o
LOAD ./Generated_Code/LedBlue.o
LOAD ./Generated_Code/I2C1.o
LOAD ./Generated_Code/I2C0.o
LOAD ./Generated_Code/GI2C1.o
LOAD ./Generated_Code/FRTOS1.o
LOAD ./Generated_Code/Cpu.o
LOAD ./Generated_Code/AdcLdd1.o
LOAD ./Generated_Code/AS1.o
LOAD ./Generated_Code/AD0.o
LOAD ./Project_Settings/Startup_Code/__arm_start.o
LOAD ./Project_Settings/Startup_Code/__arm_end.o
LOAD ./Sources/Tasks/TaskRotateLed.o
LOAD ./Sources/Tasks/TaskRedLed.o
LOAD ./Sources/Tasks/TaskGyroscope.o
LOAD ./Sources/Tasks/TaskGreenLed.o
LOAD ./Sources/Tasks/TaskBlueLed.o
LOAD ./Sources/Tasks/TaskAccelerometer.o
LOAD ./Sources/Util/Led.o
LOAD ./Sources/Util/Gyroscope.o
LOAD ./Sources/Util/Accelerometer.o
LOAD ./Sources/sa_mtb.o
LOAD ./Sources/ProcessorExpert.o
LOAD ./Sources/Events.o
                0x000031ec                __pformatter = __pformatter_
                [0x00003614]                __sformatter = __sformatter
START GROUP
LOAD C:/Freescale/CW MCU v10.5/MCU/ARM_GCC_Support/ewl/lib/armv6-m\libc.a
LOAD C:/Freescale/CW MCU v10.5/MCU/ARM_GCC_Support/ewl/lib/armv6-m\libm.a
LOAD c:/freescale/cw mcu v10.5/cross_tools/arm-none-eabi-gcc-4_7_3/bin/../lib/gcc/arm-none-eabi/4.7.3/armv6-m\libgcc.a
LOAD C:/Freescale/CW MCU v10.5/MCU/ARM_GCC_Support/ewl/lib/armv6-m\librt.a
LOAD C:/Freescale/CW MCU v10.5/MCU/ARM_GCC_Support/ewl/lib/armv6-m\libuart.a
END GROUP
                0x20003000                _estack = 0x20003000
                0x20003000                __SP_INIT = _estack
                0x00000000                __heap_size = 0x0
                0x00000020                __stack_size = 0x20

.interrupts     0x00000000       0xc0
                0x00000000                __vector_table = .
                0x00000000                . = ALIGN (0x4)
 *(.vectortable)
 .vectortable   0x00000000       0xc0 ./Generated_Code/Vectors.o
                0x00000000                __vect_table
                0x000000c0                . = ALIGN (0x4)

.cfmprotect     0x00000400       0x10
                0x00000400                . = ALIGN (0x4)
 *(.cfmconfig)
 .cfmconfig     0x00000400       0x10 ./Generated_Code/Cpu.o
                0x00000400                _cfm
                0x00000410                . = ALIGN (0x4)

.text           0x00000410     0x3e00
                0x00000410                . = ALIGN (0x4)
 *(.text)
 .text          0x00000410       0x14 c:/freescale/cw mcu v10.5/cross_tools/arm-none-eabi-gcc-4_7_3/bin/../lib/gcc/arm-none-eabi/4.7.3/armv6-m\libgcc.a(_thumb1_case_sqi.o)
                0x00000410                __gnu_thumb1_case_sqi
 .text          0x00000424       0x14 c:/freescale/cw mcu v10.5/cross_tools/arm-none-eabi-gcc-4_7_3/bin/../lib/gcc/arm-none-eabi/4.7.3/armv6-m\libgcc.a(_thumb1_case_uqi.o)
                0x00000424                __gnu_thumb1_case_uqi
 .text          0x00000438       0x9c c:/freescale/cw mcu v10.5/cross_tools/arm-none-eabi-gcc-4_7_3/bin/../lib/gcc/arm-none-eabi/4.7.3/armv6-m\libgcc.a(_udivsi3.o)
                0x00000438                __aeabi_uidiv
                0x00000438                __udivsi3
                0x000004c0                __aeabi_uidivmod
 .text          0x000004d4        0x4 c:/freescale/cw mcu v10.5/cross_tools/arm-none-eabi-gcc-4_7_3/bin/../lib/gcc/arm-none-eabi/4.7.3/armv6-m\libgcc.a(_dvmd_tls.o)
                0x000004d4                __aeabi_idiv0
                0x000004d4                __aeabi_ldiv0
 .text          0x000004d8      0x5b8 c:/freescale/cw mcu v10.5/cross_tools/arm-none-eabi-gcc-4_7_3/bin/../lib/gcc/arm-none-eabi/4.7.3/armv6-m\libgcc.a(divdf3.o)
                0x000004d8                __aeabi_ddiv
 .text          0x00000a90       0x68 c:/freescale/cw mcu v10.5/cross_tools/arm-none-eabi-gcc-4_7_3/bin/../lib/gcc/arm-none-eabi/4.7.3/armv6-m\libgcc.a(fixdfsi.o)
                0x00000a90                __aeabi_d2iz
 .text          0x00000af8       0x74 c:/freescale/cw mcu v10.5/cross_tools/arm-none-eabi-gcc-4_7_3/bin/../lib/gcc/arm-none-eabi/4.7.3/armv6-m\libgcc.a(floatsidf.o)
                0x00000af8                __aeabi_i2d
 .text          0x00000b6c       0x3c c:/freescale/cw mcu v10.5/cross_tools/arm-none-eabi-gcc-4_7_3/bin/../lib/gcc/arm-none-eabi/4.7.3/armv6-m\libgcc.a(_clzsi2.o)
                0x00000b6c                __clzsi2
 *(.text*)
 .text.xTaskGenericCreate
                0x00000ba8      0x164 ./Generated_Code/tasks.o
                0x00000ba8                xTaskGenericCreate
 .text.vTaskStartScheduler
                0x00000d0c       0x64 ./Generated_Code/tasks.o
                0x00000d0c                vTaskStartScheduler
 .text.vTaskSuspendAll
                0x00000d70       0x18 ./Generated_Code/tasks.o
                0x00000d70                vTaskSuspendAll
 .text.xTaskResumeAll
                0x00000d88      0x114 ./Generated_Code/tasks.o
                0x00000d88                xTaskResumeAll
 .text.xTaskIncrementTick
                0x00000e9c      0x19c ./Generated_Code/tasks.o
                0x00000e9c                xTaskIncrementTick
 .text.vTaskSwitchContext
                0x00001038       0xbc ./Generated_Code/tasks.o
                0x00001038                vTaskSwitchContext
 .text.prvIdleTask
                0x000010f4       0x24 ./Generated_Code/tasks.o
 .text.prvInitialiseTCBVariables
                0x00001118       0x8c ./Generated_Code/tasks.o
 .text.prvInitialiseTaskLists
                0x000011a4       0x88 ./Generated_Code/tasks.o
 .text.prvCheckTasksWaitingTermination
                0x0000122c       0x74 ./Generated_Code/tasks.o
 .text.prvAllocateTCBAndStack
                0x000012a0       0x70 ./Generated_Code/tasks.o
 .text.prvDeleteTCB
                0x00001310       0x20 ./Generated_Code/tasks.o
 .text.pxPortInitialiseStack
                0x00001330       0x50 ./Generated_Code/port.o
                0x00001330                pxPortInitialiseStack
 .text.vPortInitTickTimer
                0x00001380       0x3c ./Generated_Code/port.o
                0x00001380                vPortInitTickTimer
 .text.vPortStartTickTimer
                0x000013bc       0x14 ./Generated_Code/port.o
                0x000013bc                vPortStartTickTimer
 .text.vPortStopTickTimer
                0x000013d0       0x14 ./Generated_Code/port.o
                0x000013d0                vPortStopTickTimer
 .text.xPortStartScheduler
                0x000013e4       0x34 ./Generated_Code/port.o
                0x000013e4                xPortStartScheduler
 .text.vPortEnterCritical
                0x00001418       0x20 ./Generated_Code/port.o
                0x00001418                vPortEnterCritical
 .text.vPortExitCritical
                0x00001438       0x20 ./Generated_Code/port.o
                0x00001438                vPortExitCritical
 .text.vPortYieldFromISR
                0x00001458       0x1c ./Generated_Code/port.o
                0x00001458                vPortYieldFromISR
 .text.vPortTickHandler
                0x00001474       0x1c ./Generated_Code/port.o
                0x00001474                vPortTickHandler
 .text.vPortStartFirstTask
                0x00001490       0x1c ./Generated_Code/port.o
                0x00001490                vPortStartFirstTask
 .text.vPortSVCHandler
                0x000014ac       0x28 ./Generated_Code/port.o
                0x000014ac                vPortSVCHandler
 .text.vPortPendSVHandler
                0x000014d4       0x44 ./Generated_Code/port.o
                0x000014d4                vPortPendSVHandler
 .text.vListInitialise
                0x00001518       0x3c ./Generated_Code/list.o
                0x00001518                vListInitialise
 .text.vListInitialiseItem
                0x00001554       0x14 ./Generated_Code/list.o
                0x00001554                vListInitialiseItem
 .text.vListInsertEnd
                0x00001568       0x44 ./Generated_Code/list.o
                0x00001568                vListInsertEnd
 .text.uxListRemove
                0x000015ac       0x50 ./Generated_Code/list.o
                0x000015ac                uxListRemove
 .text.pvPortMalloc
                0x000015fc       0x94 ./Generated_Code/heap_1.o
                0x000015fc                pvPortMalloc
 .text.vPortFree
                0x00001690       0x18 ./Generated_Code/heap_1.o
                0x00001690                vPortFree
 .text.MMA1_Init
                0x000016a8       0x38 ./Generated_Code/MMA1.o
                0x000016a8                MMA1_Init
 .text.MMA1_MeasureGetRawX
                0x000016e0       0x40 ./Generated_Code/MMA1.o
                0x000016e0                MMA1_MeasureGetRawX
 .text.MMA1_MeasureGetRawY
                0x00001720       0x40 ./Generated_Code/MMA1.o
                0x00001720                MMA1_MeasureGetRawY
 .text.MMA1_MeasureGetRawZ
                0x00001760       0x40 ./Generated_Code/MMA1.o
                0x00001760                MMA1_MeasureGetRawZ
 .text.MMA1_GetX
                0x000017a0       0x38 ./Generated_Code/MMA1.o
                0x000017a0                MMA1_GetX
 .text.MMA1_GetY
                0x000017d8       0x38 ./Generated_Code/MMA1.o
                0x000017d8                MMA1_GetY
 .text.MMA1_GetZ
                0x00001810       0x38 ./Generated_Code/MMA1.o
                0x00001810                MMA1_GetZ
 .text.LedRed_Init
                0x00001848       0x64 ./Generated_Code/LedRed.o
                0x00001848                LedRed_Init
 .text.LedRed_PutVal
                0x000018ac       0x34 ./Generated_Code/LedRed.o
                0x000018ac                LedRed_PutVal
 .text.LedGreen_Init
                0x000018e0       0x64 ./Generated_Code/LedGreen.o
                0x000018e0                LedGreen_Init
 .text.LedGreen_PutVal
                0x00001944       0x34 ./Generated_Code/LedGreen.o
                0x00001944                LedGreen_PutVal
 .text.LedBlue_Init
                0x00001978       0x60 ./Generated_Code/LedBlue.o
                0x00001978                LedBlue_Init
 .text.LedBlue_PutVal
                0x000019d8       0x30 ./Generated_Code/LedBlue.o
                0x000019d8                LedBlue_PutVal
 .text.I2C1_Interrupt
                0x00001a08      0x208 ./Generated_Code/I2C1.o
                0x00001a08                I2C1_Interrupt
 .text.I2C0_Interrupt
                0x00001c10      0x278 ./Generated_Code/I2C0.o
                0x00001c10                I2C0_Interrupt
 .text.I2C0_Init
                0x00001e88      0x11c ./Generated_Code/I2C0.o
                0x00001e88                I2C0_Init
 .text.I2C0_MasterSendBlock
                0x00001fa4      0x158 ./Generated_Code/I2C0.o
                0x00001fa4                I2C0_MasterSendBlock
 .text.I2C0_MasterReceiveBlock
                0x000020fc      0x158 ./Generated_Code/I2C0.o
                0x000020fc                I2C0_MasterReceiveBlock
 .text.I2C0_SelectSlaveDevice
                0x00002254      0x100 ./Generated_Code/I2C0.o
                0x00002254                I2C0_SelectSlaveDevice
 .text.GI2C1_SelectSlave
                0x00002354       0x38 ./Generated_Code/GI2C1.o
                0x00002354                GI2C1_SelectSlave
 .text.GI2C1_UnselectSlave
                0x0000238c        0xc ./Generated_Code/GI2C1.o
                0x0000238c                GI2C1_UnselectSlave
 .text.GI2C1_ReadAddress
                0x00002398       0xd8 ./Generated_Code/GI2C1.o
                0x00002398                GI2C1_ReadAddress
 .text.GI2C1_WriteAddress
                0x00002470      0x140 ./Generated_Code/GI2C1.o
                0x00002470                GI2C1_WriteAddress
 .text.I2C0_OnMasterBlockSent
                0x000025b0       0x24 ./Generated_Code/GI2C1.o
                0x000025b0                I2C0_OnMasterBlockSent
 .text.I2C0_OnMasterBlockReceived
                0x000025d4       0x24 ./Generated_Code/GI2C1.o
                0x000025d4                I2C0_OnMasterBlockReceived
 .text.GI2C1_Init
                0x000025f8       0x24 ./Generated_Code/GI2C1.o
                0x000025f8                GI2C1_Init
 .text.GI2C1_WriteByteAddress8
                0x0000261c       0x34 ./Generated_Code/GI2C1.o
                0x0000261c                GI2C1_WriteByteAddress8
 .text.Cpu_INT_NMIInterrupt
                0x00002650        0xc ./Generated_Code/Cpu.o
                0x00002650                Cpu_INT_NMIInterrupt
 .text.Cpu_Interrupt
                0x0000265c        0xc ./Generated_Code/Cpu.o
                0x0000265c                Cpu_Interrupt
 .text.__init_hardware
                0x00002668      0x110 ./Generated_Code/Cpu.o
                0x00002668                __init_hardware
 .text.PE_low_level_init
                0x00002778       0xec ./Generated_Code/Cpu.o
                0x00002778                PE_low_level_init
 .text.AdcLdd1_Init
                0x00002864       0xfc ./Generated_Code/AdcLdd1.o
                0x00002864                AdcLdd1_Init
 .text.AdcLdd1_StartSingleMeasurement
                0x00002960       0x44 ./Generated_Code/AdcLdd1.o
                0x00002960                AdcLdd1_StartSingleMeasurement
 .text.AdcLdd1_CreateSampleGroup
                0x000029a4       0x6c ./Generated_Code/AdcLdd1.o
                0x000029a4                AdcLdd1_CreateSampleGroup
 .text.AdcLdd1_GetMeasuredValues
                0x00002a10       0x60 ./Generated_Code/AdcLdd1.o
                0x00002a10                AdcLdd1_GetMeasuredValues
 .text.AdcLdd1_GetCalibrationResultStatus
                0x00002a70       0xb8 ./Generated_Code/AdcLdd1.o
                0x00002a70                AdcLdd1_GetCalibrationResultStatus
 .text.AdcLdd1_MeasurementCompleteInterrupt
                0x00002b28       0x30 ./Generated_Code/AdcLdd1.o
                0x00002b28                AdcLdd1_MeasurementCompleteInterrupt
 .text.AS1_Init
                0x00002b58      0x160 ./Generated_Code/AS1.o
                0x00002b58                AS1_Init
 .text.AdcLdd1_OnMeasurementComplete
                0x00002cb8       0xb4 ./Generated_Code/AD0.o
                0x00002cb8                AdcLdd1_OnMeasurementComplete
 .text.AD0_Init
                0x00002d6c       0x2c ./Generated_Code/AD0.o
                0x00002d6c                AD0_Init
 .text.zero_fill_bss
                0x00002d98       0x24 ./Project_Settings/Startup_Code/__arm_start.o
 .text.__thumb_startup
                0x00002dbc       0x30 ./Project_Settings/Startup_Code/__arm_start.o
                0x00002dbc                __thumb_startup
 .text._ExitProcess
                0x00002dec        0xc ./Project_Settings/Startup_Code/__arm_end.o
                0x00002dec                _ExitProcess
 .text.taskAccelerometerWork
                0x00002df8       0xf8 ./Sources/Tasks/TaskAccelerometer.o
                0x00002df8                taskAccelerometerWork
 .text.TaskAccelerometer
                0x00002ef0       0x14 ./Sources/Tasks/TaskAccelerometer.o
 .text.taskAccelerometerStart
                0x00002f04       0x3c ./Sources/Tasks/TaskAccelerometer.o
                0x00002f04                taskAccelerometerStart
 .text.main     0x00002f40       0x1c ./Sources/ProcessorExpert.o
                0x00002f40                main
 .text.Cpu_OnNMIINT
                0x00002f5c        0x8 ./Sources/Events.o
                0x00002f5c                Cpu_OnNMIINT
 .text.FRTOS1_vApplicationStackOverflowHook
                0x00002f64       0x10 ./Sources/Events.o
                0x00002f64                FRTOS1_vApplicationStackOverflowHook
 .text.FRTOS1_vApplicationTickHook
                0x00002f74        0x8 ./Sources/Events.o
                0x00002f74                FRTOS1_vApplicationTickHook
 .text.FRTOS1_vApplicationIdleHook
                0x00002f7c        0x8 ./Sources/Events.o
                0x00002f7c                FRTOS1_vApplicationIdleHook
 .text.FRTOS1_vApplicationMallocFailedHook
                0x00002f84        0x8 ./Sources/Events.o
                0x00002f84                FRTOS1_vApplicationMallocFailedHook
 .text.AD0_OnEnd
                0x00002f8c        0x8 ./Sources/Events.o
                0x00002f8c                AD0_OnEnd
 .text.AD0_OnCalibrationEnd
                0x00002f94        0x8 ./Sources/Events.o
                0x00002f94                AD0_OnCalibrationEnd
 .text.I2C1_OnMasterBlockSent
                0x00002f9c       0x18 ./Sources/Events.o
                0x00002f9c                I2C1_OnMasterBlockSent
 .text.I2C1_OnMasterBlockReceived
                0x00002fb4       0x18 ./Sources/Events.o
                0x00002fb4                I2C1_OnMasterBlockReceived
 .text.exit     0x00002fcc       0x38 C:/Freescale/CW MCU v10.5/MCU/ARM_GCC_Support/ewl/lib/armv6-m\libc.a(exit.o)
                0x00002fcc                exit
 .text.memcpy   0x00003004       0x12 C:/Freescale/CW MCU v10.5/MCU/ARM_GCC_Support/ewl/lib/armv6-m\libc.a(memcpy.o)
                0x00003004                memcpy
 .text.memset   0x00003016        0xc C:/Freescale/CW MCU v10.5/MCU/ARM_GCC_Support/ewl/lib/armv6-m\libc.a(memset.o)
                0x00003016                memset
 .text.strchr   0x00003022       0x1e C:/Freescale/CW MCU v10.5/MCU/ARM_GCC_Support/ewl/lib/armv6-m\libc.a(strchr.o)
                0x00003022                strchr
 .text.strlen   0x00003040       0x10 C:/Freescale/CW MCU v10.5/MCU/ARM_GCC_Support/ewl/lib/armv6-m\libc.a(strlen.o)
                0x00003040                strlen
 .text.long2str.isra.0
                0x00003050      0x19c C:/Freescale/CW MCU v10.5/MCU/ARM_GCC_Support/ewl/lib/armv6-m\libc.a(printformat_.o)
 .text.__pformatter_
                0x000031ec      0x428 C:/Freescale/CW MCU v10.5/MCU/ARM_GCC_Support/ewl/lib/armv6-m\libc.a(printformat_.o)
                0x000031ec                __pformatter_
 .text.__sformatter
                0x00003614      0x698 C:/Freescale/CW MCU v10.5/MCU/ARM_GCC_Support/ewl/lib/armv6-m\libc.a(scanformat_.o)
                0x00003614                __sformatter
 .text.isalpha  0x00003cac       0x20 C:/Freescale/CW MCU v10.5/MCU/ARM_GCC_Support/ewl/lib/armv6-m\libc.a(ctype_aeabi.o)
                0x00003cac                isalpha
 .text.isspace  0x00003ccc       0x20 C:/Freescale/CW MCU v10.5/MCU/ARM_GCC_Support/ewl/lib/armv6-m\libc.a(ctype_aeabi.o)
                0x00003ccc                isspace
 .text.toupper  0x00003cec        0xe C:/Freescale/CW MCU v10.5/MCU/ARM_GCC_Support/ewl/lib/armv6-m\libc.a(ctype_aeabi.o)
                0x00003cec                toupper
 .text.__strtoul
                0x00003cfa      0x1ce C:/Freescale/CW MCU v10.5/MCU/ARM_GCC_Support/ewl/lib/armv6-m\libc.a(__strtoul.o)
                0x00003cfa                __strtoul
 .text.__fill_mem
                0x00003ec8       0x7e C:/Freescale/CW MCU v10.5/MCU/ARM_GCC_Support/ewl/lib/armv6-m\libc.a(__filll_mem.o)
                0x00003ec8                __fill_mem
 .text.memchr   0x00003f46       0x1a C:/Freescale/CW MCU v10.5/MCU/ARM_GCC_Support/ewl/lib/armv6-m\libc.a(memchr.o)
                0x00003f46                memchr
 .text.__init_cpp
                0x00003f60       0x48 C:/Freescale/CW MCU v10.5/MCU/ARM_GCC_Support/ewl/lib/armv6-m\librt.a(gcc_ctor_dtor.o)
                0x00003f60                __init_cpp
 .text.__fini_cpp
                0x00003fa8       0x34 C:/Freescale/CW MCU v10.5/MCU/ARM_GCC_Support/ewl/lib/armv6-m\librt.a(gcc_ctor_dtor.o)
                0x00003fa8                __fini_cpp
 .text.__copy_rom_section
                0x00003fdc       0x48 C:/Freescale/CW MCU v10.5/MCU/ARM_GCC_Support/ewl/lib/armv6-m\librt.a(ROMCopy.o)
                0x00003fdc                __copy_rom_section
 .text.__copy_rom_sections_to_ram
                0x00004024       0x34 C:/Freescale/CW MCU v10.5/MCU/ARM_GCC_Support/ewl/lib/armv6-m\librt.a(ROMCopy.o)
                0x00004024                __copy_rom_sections_to_ram
 .text.__destroy_global_chain
                0x00004058       0x1c C:/Freescale/CW MCU v10.5/MCU/ARM_GCC_Support/ewl/lib/armv6-m\librt.a(__arm_eabi_init.o)
                0x00004058                __destroy_global_chain
 .text.__init_registers
                0x00004074       0x1c C:/Freescale/CW MCU v10.5/MCU/ARM_GCC_Support/ewl/lib/armv6-m\librt.a(__arm_eabi_init.o)
                0x00004074                __init_registers
 .text.__init_user
                0x00004090        0x4 C:/Freescale/CW MCU v10.5/MCU/ARM_GCC_Support/ewl/lib/armv6-m\librt.a(__arm_eabi_init.o)
                0x00004090                __init_user
 *(.rodata)
 .rodata        0x00004094        0x8 ./Generated_Code/tasks.o
 .rodata        0x0000409c       0x14 ./Sources/Tasks/TaskAccelerometer.o
 .rodata        0x000040b0       0x40 c:/freescale/cw mcu v10.5/cross_tools/arm-none-eabi-gcc-4_7_3/bin/../lib/gcc/arm-none-eabi/4.7.3/armv6-m\libgcc.a(divdf3.o)
 *(.rodata*)
 .rodata.InitialCalibration
                0x000040f0        0x8 ./Generated_Code/MMA1.o
 .rodata.addr.5755
                0x000040f8        0x1 ./Generated_Code/MMA1.o
 .rodata.addr.5747
                0x000040f9        0x1 ./Generated_Code/MMA1.o
 .rodata.addr.5739
                0x000040fa        0x1 ./Generated_Code/MMA1.o
 *fill*         0x000040fb        0x1 00
 .rodata.ChannelToPin
                0x000040fc        0x8 ./Generated_Code/AdcLdd1.o
 .rodata.str1.1
                0x00004104        0x1 C:/Freescale/CW MCU v10.5/MCU/ARM_GCC_Support/ewl/lib/armv6-m\libc.a(printformat_.o)
 .rodata.CSWTCH.20
                0x00004105        0x5 C:/Freescale/CW MCU v10.5/MCU/ARM_GCC_Support/ewl/lib/armv6-m\libc.a(printformat_.o)
 .rodata.CSWTCH.21
                0x0000410a        0x5 C:/Freescale/CW MCU v10.5/MCU/ARM_GCC_Support/ewl/lib/armv6-m\libc.a(printformat_.o)
 .rodata.__aeabi_ctype_table_C
                0x0000410f      0x101 C:/Freescale/CW MCU v10.5/MCU/ARM_GCC_Support/ewl/lib/armv6-m\libc.a(ctype_aeabi.o)
                0x0000410f                __aeabi_ctype_table_C
 *(.glue_7)
 .glue_7        0x00000000        0x0 linker stubs
 *(.glue_7t)
 .glue_7t       0x00000000        0x0 linker stubs
 *(.eh_frame)
 *(.init)
 *(.fini)
                0x00004210                . = ALIGN (0x4)
                0x00004210                _etext = .

.vfp11_veneer   0x00004210        0x0
 .vfp11_veneer  0x00000000        0x0 linker stubs

.v4_bx          0x00004210        0x0
 .v4_bx         0x00000000        0x0 linker stubs

.iplt           0x00004210        0x0
 .iplt          0x00000000        0x0 ./Generated_Code/timers.o

.rel.dyn        0x00004210        0x0
 .rel.iplt      0x00000000        0x0 ./Generated_Code/timers.o

.ARM.extab
 *(.ARM.extab* .gnu.linkonce.armextab.*)

.ARM            0x00004210        0x0
                0x00004210                __exidx_start = .
 *(.ARM.exidx*)
                0x00004210                __exidx_end = .

.ctors          0x00004210        0x0
                0x00004210                __CTOR_LIST__ = .
 *crtbegin.o(.ctors)
 *(EXCLUDE_FILE(*crtend.o) .ctors)
 *(SORT(.ctors.*))
 *(.ctors)
                0x00004210                __CTOR_END__ = .

.dtors          0x00004210        0x0
                0x00004210                __DTOR_LIST__ = .
 *crtbegin.o(.dtors)
 *(EXCLUDE_FILE(*crtend.o) .dtors)
 *(SORT(.dtors.*))
 *(.dtors)
                0x00004210                __DTOR_END__ = .

.preinit_array  0x00004210        0x0
                0x00004210                PROVIDE (__preinit_array_start, .)
 *(.preinit_array*)
                0x00004210                PROVIDE (__preinit_array_end, .)

.init_array     0x00004210        0x0
                0x00004210                PROVIDE (__init_array_start, .)
 *(SORT(.init_array.*))
 *(.init_array*)
                0x00004210                PROVIDE (__init_array_end, .)

.fini_array     0x00004210        0x0
                0x00004210                PROVIDE (__fini_array_start, .)
 *(SORT(.fini_array.*))
 *(.fini_array*)
                0x00004210                PROVIDE (__fini_array_end, .)
                0x00004210                ___ROM_AT = .

.mtb            0x1ffff000        0x0
                0x1ffff000                . = ALIGN (0x8)
                0x1ffff000                _mtb_start = .
 *(.mtb_buf)
                0x1ffff000                . = ALIGN (0x8)
                0x1ffff000                _mtb_end = .

.data           0x1ffff000        0x8 load address 0x00004210
                0x1ffff000                . = ALIGN (0x4)
                0x1ffff000                _sdata = .
 *(.data)
 *(.data*)
 .data.xNextTaskUnblockTime
                0x1ffff000        0x4 ./Generated_Code/tasks.o
 .data.uxCriticalNesting
                0x1ffff004        0x4 ./Generated_Code/port.o
                0x1ffff008                . = ALIGN (0x4)
                0x1ffff008                _edata = .
                0x00000008                ___data_size = (_edata - _sdata)

.igot.plt       0x1ffff008        0x0 load address 0x00004218
 .igot.plt      0x00000000        0x0 ./Generated_Code/timers.o
                0x1ffff008                . = ALIGN (0x4)

.bss            0x1ffff008     0x1558 load address 0x00004218
                0x1ffff008                __START_BSS = .
                0x1ffff008                PROVIDE (__bss_start__, __START_BSS)
 *(.bss)
 *(.bss*)
 .bss.pxCurrentTCB
                0x1ffff008        0x4 ./Generated_Code/tasks.o
                0x1ffff008                pxCurrentTCB
 .bss.pxReadyTasksLists
                0x1ffff00c       0x64 ./Generated_Code/tasks.o
 .bss.xDelayedTaskList1
                0x1ffff070       0x14 ./Generated_Code/tasks.o
 .bss.xDelayedTaskList2
                0x1ffff084       0x14 ./Generated_Code/tasks.o
 .bss.pxDelayedTaskList
                0x1ffff098        0x4 ./Generated_Code/tasks.o
 .bss.pxOverflowDelayedTaskList
                0x1ffff09c        0x4 ./Generated_Code/tasks.o
 .bss.xPendingReadyList
                0x1ffff0a0       0x14 ./Generated_Code/tasks.o
 .bss.xTasksWaitingTermination
                0x1ffff0b4       0x14 ./Generated_Code/tasks.o
 .bss.uxTasksDeleted
                0x1ffff0c8        0x4 ./Generated_Code/tasks.o
 .bss.xSuspendedTaskList
                0x1ffff0cc       0x14 ./Generated_Code/tasks.o
 .bss.uxCurrentNumberOfTasks
                0x1ffff0e0        0x4 ./Generated_Code/tasks.o
 .bss.xTickCount
                0x1ffff0e4        0x4 ./Generated_Code/tasks.o
 .bss.uxTopReadyPriority
                0x1ffff0e8        0x4 ./Generated_Code/tasks.o
 .bss.xSchedulerRunning
                0x1ffff0ec        0x4 ./Generated_Code/tasks.o
 .bss.uxSchedulerSuspended
                0x1ffff0f0        0x4 ./Generated_Code/tasks.o
 .bss.uxPendedTicks
                0x1ffff0f4        0x4 ./Generated_Code/tasks.o
 .bss.xYieldPending
                0x1ffff0f8        0x4 ./Generated_Code/tasks.o
 .bss.xNumOfOverflows
                0x1ffff0fc        0x4 ./Generated_Code/tasks.o
 .bss.uxTaskNumber
                0x1ffff100        0x4 ./Generated_Code/tasks.o
 .bss.ucHeap    0x1ffff104     0x1388 ./Generated_Code/heap_1.o
 .bss.xNextFreeByte
                0x2000048c        0x4 ./Generated_Code/heap_1.o
 .bss.pucAlignedHeap.6854
                0x20000490        0x4 ./Generated_Code/heap_1.o
 .bss.PE_LDD_DeviceDataList
                0x20000494       0x20 ./Generated_Code/PE_LDD.o
                0x20000494                PE_LDD_DeviceDataList
 .bss.sCalValues
                0x200004b4        0x8 ./Generated_Code/MMA1.o
 .bss.DeviceDataPrv__DEFAULT_RTOS_ALLOC
                0x200004bc        0x4 ./Generated_Code/LedRed.o
 .bss.DeviceDataPrv__DEFAULT_RTOS_ALLOC
                0x200004c0        0x4 ./Generated_Code/LedGreen.o
 .bss.DeviceDataPrv__DEFAULT_RTOS_ALLOC
                0x200004c4        0x4 ./Generated_Code/LedBlue.o
 .bss.INT_I2C1__BAREBOARD_RTOS_ISRPARAM
                0x200004c8        0x4 ./Generated_Code/I2C1.o
 .bss.DeviceDataPrv__DEFAULT_RTOS_ALLOC
                0x200004cc       0x18 ./Generated_Code/I2C0.o
 .bss.INT_I2C0__BAREBOARD_RTOS_ISRPARAM
                0x200004e4        0x4 ./Generated_Code/I2C0.o
 .bss.GI2C1_deviceData
                0x200004e8        0x8 ./Generated_Code/GI2C1.o
 .bss.writeBuf.5682
                0x200004f0       0x10 ./Generated_Code/GI2C1.o
 .bss.DeviceDataPrv__DEFAULT_RTOS_ALLOC
                0x20000500        0x8 ./Generated_Code/AdcLdd1.o
 .bss.INT_ADC0__BAREBOARD_RTOS_ISRPARAM
                0x20000508        0x4 ./Generated_Code/AdcLdd1.o
 .bss.DeviceDataPrv__DEFAULT_RTOS_ALLOC
                0x2000050c       0x18 ./Generated_Code/AS1.o
 .bss.SumChan   0x20000524        0x1 ./Generated_Code/AD0.o
 .bss.ModeFlg   0x20000525        0x1 ./Generated_Code/AD0.o
 *fill*         0x20000526        0x2 00
 .bss.SampleGroup
                0x20000528        0x8 ./Generated_Code/AD0.o
 .bss.OutFlg    0x20000530        0x1 ./Generated_Code/AD0.o
 *fill*         0x20000531        0x3 00
 .bss.argv      0x20000534        0x4 ./Project_Settings/Startup_Code/__arm_start.o
 .bss.__stdio_exit
                0x20000538        0x4 C:/Freescale/CW MCU v10.5/MCU/ARM_GCC_Support/ewl/lib/armv6-m\libc.a(exit.o)
                0x20000538                __stdio_exit
 .bss.__console_exit
                0x2000053c        0x4 C:/Freescale/CW MCU v10.5/MCU/ARM_GCC_Support/ewl/lib/armv6-m\libc.a(exit.o)
                0x2000053c                __console_exit
 .bss.__S_romp  0x20000540        0xc C:/Freescale/CW MCU v10.5/MCU/ARM_GCC_Support/ewl/lib/armv6-m\librt.a(ROMCopy.o)
 .bss.__global_destructor_chain
                0x2000054c        0x4 C:/Freescale/CW MCU v10.5/MCU/ARM_GCC_Support/ewl/lib/armv6-m\librt.a(__arm_eabi_init.o)
                0x2000054c                __global_destructor_chain
 *(COMMON)
 COMMON         0x20000550       0x10 ./Generated_Code/AD0.o
                0x20000550                AD0_OutV
                0x2000055c                AdcLdd1_DeviceDataPtr
                0x20000560                . = ALIGN (0x4)
                0x20000560                __END_BSS = .
                0x20000560                PROVIDE (__bss_end__, __END_BSS)
                0x00004218                _romp_at = (___ROM_AT + SIZEOF (.data))

.romp           0x20000560       0x18 load address 0x00004218
                0x00004218                __S_romp = _romp_at
                0x20000560        0x4 LONG 0x4210 ___ROM_AT
                0x20000564        0x4 LONG 0x1ffff000 _sdata
                0x20000568        0x4 LONG 0x8 ___data_size
                0x2000056c        0x4 LONG 0x0
                0x20000570        0x4 LONG 0x0
                0x20000574        0x4 LONG 0x0

._user_heap_stack
                0x20000578       0x20 load address 0x00004230
                0x20000578                . = ALIGN (0x4)
                0x20000578                PROVIDE (end, .)
                0x20000578                PROVIDE (_end, .)
                0x20000578                __heap_addr = .
                0x20000578                . = (. + __heap_size)
                0x20000598                . = (. + __stack_size)
 *fill*         0x20000578       0x20 00
                0x20000598                . = ALIGN (0x4)

.ARM.attributes
                0x00000000       0x2f
 *(.ARM.attributes)
 .ARM.attributes
                0x00000000       0x31 ./Generated_Code/tasks.o
 .ARM.attributes
                0x00000031       0x31 ./Generated_Code/port.o
 .ARM.attributes
                0x00000062       0x31 ./Generated_Code/list.o
 .ARM.attributes
                0x00000093       0x31 ./Generated_Code/heap_1.o
 .ARM.attributes
                0x000000c4       0x31 ./Generated_Code/Vectors.o
 .ARM.attributes
                0x000000f5       0x31 ./Generated_Code/PE_LDD.o
 .ARM.attributes
                0x00000126       0x31 ./Generated_Code/MMA1.o
 .ARM.attributes
                0x00000157       0x31 ./Generated_Code/LedRed.o
 .ARM.attributes
                0x00000188       0x31 ./Generated_Code/LedGreen.o
 .ARM.attributes
                0x000001b9       0x31 ./Generated_Code/LedBlue.o
 .ARM.attributes
                0x000001ea       0x31 ./Generated_Code/I2C1.o
 .ARM.attributes
                0x0000021b       0x31 ./Generated_Code/I2C0.o
 .ARM.attributes
                0x0000024c       0x31 ./Generated_Code/GI2C1.o
 .ARM.attributes
                0x0000027d       0x31 ./Generated_Code/Cpu.o
 .ARM.attributes
                0x000002ae       0x31 ./Generated_Code/AdcLdd1.o
 .ARM.attributes
                0x000002df       0x31 ./Generated_Code/AS1.o
 .ARM.attributes
                0x00000310       0x31 ./Generated_Code/AD0.o
 .ARM.attributes
                0x00000341       0x31 ./Project_Settings/Startup_Code/__arm_start.o
 .ARM.attributes
                0x00000372       0x31 ./Project_Settings/Startup_Code/__arm_end.o
 .ARM.attributes
                0x000003a3       0x31 ./Sources/Tasks/TaskAccelerometer.o
 .ARM.attributes
                0x000003d4       0x31 ./Sources/ProcessorExpert.o
 .ARM.attributes
                0x00000405       0x31 ./Sources/Events.o
 .ARM.attributes
                0x00000436       0x31 C:/Freescale/CW MCU v10.5/MCU/ARM_GCC_Support/ewl/lib/armv6-m\libc.a(exit.o)
 .ARM.attributes
                0x00000467       0x31 C:/Freescale/CW MCU v10.5/MCU/ARM_GCC_Support/ewl/lib/armv6-m\libc.a(memcpy.o)
 .ARM.attributes
                0x00000498       0x31 C:/Freescale/CW MCU v10.5/MCU/ARM_GCC_Support/ewl/lib/armv6-m\libc.a(memset.o)
 .ARM.attributes
                0x000004c9       0x31 C:/Freescale/CW MCU v10.5/MCU/ARM_GCC_Support/ewl/lib/armv6-m\libc.a(strchr.o)
 .ARM.attributes
                0x000004fa       0x31 C:/Freescale/CW MCU v10.5/MCU/ARM_GCC_Support/ewl/lib/armv6-m\libc.a(strlen.o)
 .ARM.attributes
                0x0000052b       0x31 C:/Freescale/CW MCU v10.5/MCU/ARM_GCC_Support/ewl/lib/armv6-m\libc.a(printformat_.o)
 .ARM.attributes
                0x0000055c       0x31 C:/Freescale/CW MCU v10.5/MCU/ARM_GCC_Support/ewl/lib/armv6-m\libc.a(scanformat_.o)
 .ARM.attributes
                0x0000058d       0x31 C:/Freescale/CW MCU v10.5/MCU/ARM_GCC_Support/ewl/lib/armv6-m\libc.a(ctype_aeabi.o)
 .ARM.attributes
                0x000005be       0x31 C:/Freescale/CW MCU v10.5/MCU/ARM_GCC_Support/ewl/lib/armv6-m\libc.a(__strtoul.o)
 .ARM.attributes
                0x000005ef       0x31 C:/Freescale/CW MCU v10.5/MCU/ARM_GCC_Support/ewl/lib/armv6-m\libc.a(__filll_mem.o)
 .ARM.attributes
                0x00000620       0x31 C:/Freescale/CW MCU v10.5/MCU/ARM_GCC_Support/ewl/lib/armv6-m\libc.a(memchr.o)
 .ARM.attributes
                0x00000651       0x1e c:/freescale/cw mcu v10.5/cross_tools/arm-none-eabi-gcc-4_7_3/bin/../lib/gcc/arm-none-eabi/4.7.3/armv6-m\libgcc.a(_thumb1_case_sqi.o)
 .ARM.attributes
                0x0000066f       0x1e c:/freescale/cw mcu v10.5/cross_tools/arm-none-eabi-gcc-4_7_3/bin/../lib/gcc/arm-none-eabi/4.7.3/armv6-m\libgcc.a(_thumb1_case_uqi.o)
 .ARM.attributes
                0x0000068d       0x1e c:/freescale/cw mcu v10.5/cross_tools/arm-none-eabi-gcc-4_7_3/bin/../lib/gcc/arm-none-eabi/4.7.3/armv6-m\libgcc.a(_udivsi3.o)
 .ARM.attributes
                0x000006ab       0x1e c:/freescale/cw mcu v10.5/cross_tools/arm-none-eabi-gcc-4_7_3/bin/../lib/gcc/arm-none-eabi/4.7.3/armv6-m\libgcc.a(_dvmd_tls.o)
 .ARM.attributes
                0x000006c9       0x2c c:/freescale/cw mcu v10.5/cross_tools/arm-none-eabi-gcc-4_7_3/bin/../lib/gcc/arm-none-eabi/4.7.3/armv6-m\libgcc.a(divdf3.o)
 .ARM.attributes
                0x000006f5       0x2c c:/freescale/cw mcu v10.5/cross_tools/arm-none-eabi-gcc-4_7_3/bin/../lib/gcc/arm-none-eabi/4.7.3/armv6-m\libgcc.a(fixdfsi.o)
 .ARM.attributes
                0x00000721       0x2c c:/freescale/cw mcu v10.5/cross_tools/arm-none-eabi-gcc-4_7_3/bin/../lib/gcc/arm-none-eabi/4.7.3/armv6-m\libgcc.a(floatsidf.o)
 .ARM.attributes
                0x0000074d       0x1e c:/freescale/cw mcu v10.5/cross_tools/arm-none-eabi-gcc-4_7_3/bin/../lib/gcc/arm-none-eabi/4.7.3/armv6-m\libgcc.a(_clzsi2.o)
 .ARM.attributes
                0x0000076b       0x31 C:/Freescale/CW MCU v10.5/MCU/ARM_GCC_Support/ewl/lib/armv6-m\librt.a(gcc_ctor_dtor.o)
 .ARM.attributes
                0x0000079c       0x31 C:/Freescale/CW MCU v10.5/MCU/ARM_GCC_Support/ewl/lib/armv6-m\librt.a(ROMCopy.o)
 .ARM.attributes
                0x000007cd       0x31 C:/Freescale/CW MCU v10.5/MCU/ARM_GCC_Support/ewl/lib/armv6-m\librt.a(__arm_eabi_init.o)
OUTPUT(M0PlusFreeRTOS.elf elf32-littlearm)

.debug_info     0x00000000     0x7df2
 .debug_info    0x00000000      0xdf3 ./Generated_Code/tasks.o
 .debug_info    0x00000df3      0x26a ./Generated_Code/port.o
 .debug_info    0x0000105d      0x29d ./Generated_Code/list.o
 .debug_info    0x000012fa      0x163 ./Generated_Code/heap_1.o
 .debug_info    0x0000145d      0x10b ./Generated_Code/Vectors.o
 .debug_info    0x00001568      0x255 ./Generated_Code/PE_LDD.o
 .debug_info    0x000017bd      0x67a ./Generated_Code/MMA1.o
 .debug_info    0x00001e37      0x3f2 ./Generated_Code/LedRed.o
 .debug_info    0x00002229      0x3f2 ./Generated_Code/LedGreen.o
 .debug_info    0x0000261b      0x3f2 ./Generated_Code/LedBlue.o
 .debug_info    0x00002a0d      0x79f ./Generated_Code/I2C1.o
 .debug_info    0x000031ac      0x84a ./Generated_Code/I2C0.o
 .debug_info    0x000039f6      0x59b ./Generated_Code/GI2C1.o
 .debug_info    0x00003f91      0x8e7 ./Generated_Code/Cpu.o
 .debug_info    0x00004878      0x938 ./Generated_Code/AdcLdd1.o
 .debug_info    0x000051b0      0x7a6 ./Generated_Code/AS1.o
 .debug_info    0x00005956      0x27b ./Generated_Code/AD0.o
 .debug_info    0x00005bd1      0x12a ./Project_Settings/Startup_Code/__arm_start.o
 .debug_info    0x00005cfb       0x54 ./Project_Settings/Startup_Code/__arm_end.o
 .debug_info    0x00005d4f      0x13f ./Sources/Tasks/TaskAccelerometer.o
 .debug_info    0x00005e8e       0xb2 ./Sources/ProcessorExpert.o
 .debug_info    0x00005f40      0x29a ./Sources/Events.o
 .debug_info    0x000061da       0xe8 C:/Freescale/CW MCU v10.5/MCU/ARM_GCC_Support/ewl/lib/armv6-m\libc.a(exit.o)
 .debug_info    0x000062c2      0x10f C:/Freescale/CW MCU v10.5/MCU/ARM_GCC_Support/ewl/lib/armv6-m\libc.a(memcpy.o)
 .debug_info    0x000063d1       0xec C:/Freescale/CW MCU v10.5/MCU/ARM_GCC_Support/ewl/lib/armv6-m\libc.a(memset.o)
 .debug_info    0x000064bd      0x10b C:/Freescale/CW MCU v10.5/MCU/ARM_GCC_Support/ewl/lib/armv6-m\libc.a(strchr.o)
 .debug_info    0x000065c8       0xea C:/Freescale/CW MCU v10.5/MCU/ARM_GCC_Support/ewl/lib/armv6-m\libc.a(strlen.o)
 .debug_info    0x000066b2      0x50d C:/Freescale/CW MCU v10.5/MCU/ARM_GCC_Support/ewl/lib/armv6-m\libc.a(printformat_.o)
 .debug_info    0x00006bbf      0x568 C:/Freescale/CW MCU v10.5/MCU/ARM_GCC_Support/ewl/lib/armv6-m\libc.a(scanformat_.o)
 .debug_info    0x00007127      0x313 C:/Freescale/CW MCU v10.5/MCU/ARM_GCC_Support/ewl/lib/armv6-m\libc.a(ctype_aeabi.o)
 .debug_info    0x0000743a      0x1d6 C:/Freescale/CW MCU v10.5/MCU/ARM_GCC_Support/ewl/lib/armv6-m\libc.a(__strtoul.o)
 .debug_info    0x00007610      0x137 C:/Freescale/CW MCU v10.5/MCU/ARM_GCC_Support/ewl/lib/armv6-m\libc.a(__filll_mem.o)
 .debug_info    0x00007747      0x121 C:/Freescale/CW MCU v10.5/MCU/ARM_GCC_Support/ewl/lib/armv6-m\libc.a(memchr.o)
 .debug_info    0x00007868      0x136 C:/Freescale/CW MCU v10.5/MCU/ARM_GCC_Support/ewl/lib/armv6-m\librt.a(gcc_ctor_dtor.o)
 .debug_info    0x0000799e      0x19b C:/Freescale/CW MCU v10.5/MCU/ARM_GCC_Support/ewl/lib/armv6-m\librt.a(ROMCopy.o)
 .debug_info    0x00007b39      0x2b9 C:/Freescale/CW MCU v10.5/MCU/ARM_GCC_Support/ewl/lib/armv6-m\librt.a(__arm_eabi_init.o)

.debug_abbrev   0x00000000     0x24ad
 .debug_abbrev  0x00000000      0x18d ./Generated_Code/tasks.o
 .debug_abbrev  0x0000018d      0x107 ./Generated_Code/port.o
 .debug_abbrev  0x00000294       0xb6 ./Generated_Code/list.o
 .debug_abbrev  0x0000034a       0xe0 ./Generated_Code/heap_1.o
 .debug_abbrev  0x0000042a       0xa3 ./Generated_Code/Vectors.o
 .debug_abbrev  0x000004cd      0x102 ./Generated_Code/PE_LDD.o
 .debug_abbrev  0x000005cf      0x16d ./Generated_Code/MMA1.o
 .debug_abbrev  0x0000073c      0x151 ./Generated_Code/LedRed.o
 .debug_abbrev  0x0000088d      0x151 ./Generated_Code/LedGreen.o
 .debug_abbrev  0x000009de      0x151 ./Generated_Code/LedBlue.o
 .debug_abbrev  0x00000b2f      0x170 ./Generated_Code/I2C1.o
 .debug_abbrev  0x00000c9f      0x170 ./Generated_Code/I2C0.o
 .debug_abbrev  0x00000e0f      0x1d1 ./Generated_Code/GI2C1.o
 .debug_abbrev  0x00000fe0      0x111 ./Generated_Code/Cpu.o
 .debug_abbrev  0x000010f1      0x19d ./Generated_Code/AdcLdd1.o
 .debug_abbrev  0x0000128e      0x197 ./Generated_Code/AS1.o
 .debug_abbrev  0x00001425      0x14f ./Generated_Code/AD0.o
 .debug_abbrev  0x00001574       0x92 ./Project_Settings/Startup_Code/__arm_start.o
 .debug_abbrev  0x00001606       0x4c ./Project_Settings/Startup_Code/__arm_end.o
 .debug_abbrev  0x00001652       0xc5 ./Sources/Tasks/TaskAccelerometer.o
 .debug_abbrev  0x00001717       0x5b ./Sources/ProcessorExpert.o
 .debug_abbrev  0x00001772      0x10d ./Sources/Events.o
 .debug_abbrev  0x0000187f       0x7a C:/Freescale/CW MCU v10.5/MCU/ARM_GCC_Support/ewl/lib/armv6-m\libc.a(exit.o)
 .debug_abbrev  0x000018f9       0x95 C:/Freescale/CW MCU v10.5/MCU/ARM_GCC_Support/ewl/lib/armv6-m\libc.a(memcpy.o)
 .debug_abbrev  0x0000198e       0x62 C:/Freescale/CW MCU v10.5/MCU/ARM_GCC_Support/ewl/lib/armv6-m\libc.a(memset.o)
 .debug_abbrev  0x000019f0       0x7a C:/Freescale/CW MCU v10.5/MCU/ARM_GCC_Support/ewl/lib/armv6-m\libc.a(strchr.o)
 .debug_abbrev  0x00001a6a       0x7a C:/Freescale/CW MCU v10.5/MCU/ARM_GCC_Support/ewl/lib/armv6-m\libc.a(strlen.o)
 .debug_abbrev  0x00001ae4      0x200 C:/Freescale/CW MCU v10.5/MCU/ARM_GCC_Support/ewl/lib/armv6-m\libc.a(printformat_.o)
 .debug_abbrev  0x00001ce4      0x1f0 C:/Freescale/CW MCU v10.5/MCU/ARM_GCC_Support/ewl/lib/armv6-m\libc.a(scanformat_.o)
 .debug_abbrev  0x00001ed4       0x9e C:/Freescale/CW MCU v10.5/MCU/ARM_GCC_Support/ewl/lib/armv6-m\libc.a(ctype_aeabi.o)
 .debug_abbrev  0x00001f72       0xc2 C:/Freescale/CW MCU v10.5/MCU/ARM_GCC_Support/ewl/lib/armv6-m\libc.a(__strtoul.o)
 .debug_abbrev  0x00002034       0x78 C:/Freescale/CW MCU v10.5/MCU/ARM_GCC_Support/ewl/lib/armv6-m\libc.a(__filll_mem.o)
 .debug_abbrev  0x000020ac       0x95 C:/Freescale/CW MCU v10.5/MCU/ARM_GCC_Support/ewl/lib/armv6-m\libc.a(memchr.o)
 .debug_abbrev  0x00002141       0x99 C:/Freescale/CW MCU v10.5/MCU/ARM_GCC_Support/ewl/lib/armv6-m\librt.a(gcc_ctor_dtor.o)
 .debug_abbrev  0x000021da      0x120 C:/Freescale/CW MCU v10.5/MCU/ARM_GCC_Support/ewl/lib/armv6-m\librt.a(ROMCopy.o)
 .debug_abbrev  0x000022fa      0x1b3 C:/Freescale/CW MCU v10.5/MCU/ARM_GCC_Support/ewl/lib/armv6-m\librt.a(__arm_eabi_init.o)

.debug_loc      0x00000000     0x4c17
 .debug_loc     0x00000000      0x740 ./Generated_Code/tasks.o
 .debug_loc     0x00000740      0x228 ./Generated_Code/port.o
 .debug_loc     0x00000968      0x118 ./Generated_Code/list.o
 .debug_loc     0x00000a80       0xc8 ./Generated_Code/heap_1.o
 .debug_loc     0x00000b48       0x9c ./Generated_Code/PE_LDD.o
 .debug_loc     0x00000be4      0x518 ./Generated_Code/MMA1.o
 .debug_loc     0x000010fc      0x188 ./Generated_Code/LedRed.o
 .debug_loc     0x00001284      0x188 ./Generated_Code/LedGreen.o
 .debug_loc     0x0000140c      0x188 ./Generated_Code/LedBlue.o
 .debug_loc     0x00001594      0x118 ./Generated_Code/I2C1.o
 .debug_loc     0x000016ac      0x150 ./Generated_Code/I2C0.o
 .debug_loc     0x000017fc      0x338 ./Generated_Code/GI2C1.o
 .debug_loc     0x00001b34       0xb0 ./Generated_Code/Cpu.o
 .debug_loc     0x00001be4      0x1f8 ./Generated_Code/AdcLdd1.o
 .debug_loc     0x00001ddc      0x230 ./Generated_Code/AS1.o
 .debug_loc     0x0000200c      0x164 ./Generated_Code/AD0.o
 .debug_loc     0x00002170       0x2c ./Project_Settings/Startup_Code/__arm_start.o
 .debug_loc     0x0000219c       0x38 ./Project_Settings/Startup_Code/__arm_end.o
 .debug_loc     0x000021d4       0xd4 ./Sources/Tasks/TaskAccelerometer.o
 .debug_loc     0x000022a8       0x2c ./Sources/ProcessorExpert.o
 .debug_loc     0x000022d4      0x258 ./Sources/Events.o
 .debug_loc     0x0000252c       0x3e C:/Freescale/CW MCU v10.5/MCU/ARM_GCC_Support/ewl/lib/armv6-m\libc.a(exit.o)
 .debug_loc     0x0000256a       0x59 C:/Freescale/CW MCU v10.5/MCU/ARM_GCC_Support/ewl/lib/armv6-m\libc.a(memcpy.o)
 .debug_loc     0x000025c3       0x6f C:/Freescale/CW MCU v10.5/MCU/ARM_GCC_Support/ewl/lib/armv6-m\libc.a(memset.o)
 .debug_loc     0x00002632       0xaf C:/Freescale/CW MCU v10.5/MCU/ARM_GCC_Support/ewl/lib/armv6-m\libc.a(strchr.o)
 .debug_loc     0x000026e1       0x33 C:/Freescale/CW MCU v10.5/MCU/ARM_GCC_Support/ewl/lib/armv6-m\libc.a(strlen.o)
 .debug_loc     0x00002714     0x104b C:/Freescale/CW MCU v10.5/MCU/ARM_GCC_Support/ewl/lib/armv6-m\libc.a(printformat_.o)
 .debug_loc     0x0000375f      0x9d8 C:/Freescale/CW MCU v10.5/MCU/ARM_GCC_Support/ewl/lib/armv6-m\libc.a(scanformat_.o)
 .debug_loc     0x00004137      0x30d C:/Freescale/CW MCU v10.5/MCU/ARM_GCC_Support/ewl/lib/armv6-m\libc.a(ctype_aeabi.o)
 .debug_loc     0x00004444      0x305 C:/Freescale/CW MCU v10.5/MCU/ARM_GCC_Support/ewl/lib/armv6-m\libc.a(__strtoul.o)
 .debug_loc     0x00004749      0x14a C:/Freescale/CW MCU v10.5/MCU/ARM_GCC_Support/ewl/lib/armv6-m\libc.a(__filll_mem.o)
 .debug_loc     0x00004893       0x77 C:/Freescale/CW MCU v10.5/MCU/ARM_GCC_Support/ewl/lib/armv6-m\libc.a(memchr.o)
 .debug_loc     0x0000490a       0x9d C:/Freescale/CW MCU v10.5/MCU/ARM_GCC_Support/ewl/lib/armv6-m\librt.a(gcc_ctor_dtor.o)
 .debug_loc     0x000049a7       0xd9 C:/Freescale/CW MCU v10.5/MCU/ARM_GCC_Support/ewl/lib/armv6-m\librt.a(ROMCopy.o)
 .debug_loc     0x00004a80      0x197 C:/Freescale/CW MCU v10.5/MCU/ARM_GCC_Support/ewl/lib/armv6-m\librt.a(__arm_eabi_init.o)

.debug_aranges  0x00000000      0xa50
 .debug_aranges
                0x00000000      0x128 ./Generated_Code/tasks.o
 .debug_aranges
                0x00000128       0x88 ./Generated_Code/port.o
 .debug_aranges
                0x000001b0       0x40 ./Generated_Code/list.o
 .debug_aranges
                0x000001f0       0x38 ./Generated_Code/heap_1.o
 .debug_aranges
                0x00000228       0x18 ./Generated_Code/Vectors.o
 .debug_aranges
                0x00000240       0x30 ./Generated_Code/PE_LDD.o
 .debug_aranges
                0x00000270       0xe0 ./Generated_Code/MMA1.o
 .debug_aranges
                0x00000350       0x50 ./Generated_Code/LedRed.o
 .debug_aranges
                0x000003a0       0x50 ./Generated_Code/LedGreen.o
 .debug_aranges
                0x000003f0       0x50 ./Generated_Code/LedBlue.o
 .debug_aranges
                0x00000440       0x40 ./Generated_Code/I2C1.o
 .debug_aranges
                0x00000480       0x48 ./Generated_Code/I2C0.o
 .debug_aranges
                0x000004c8       0x98 ./Generated_Code/GI2C1.o
 .debug_aranges
                0x00000560       0x38 ./Generated_Code/Cpu.o
 .debug_aranges
                0x00000598       0x60 ./Generated_Code/AdcLdd1.o
 .debug_aranges
                0x000005f8       0x68 ./Generated_Code/AS1.o
 .debug_aranges
                0x00000660       0x50 ./Generated_Code/AD0.o
 .debug_aranges
                0x000006b0       0x30 ./Project_Settings/Startup_Code/__arm_start.o
 .debug_aranges
                0x000006e0       0x20 ./Project_Settings/Startup_Code/__arm_end.o
 .debug_aranges
                0x00000700       0x38 ./Sources/Tasks/TaskAccelerometer.o
 .debug_aranges
                0x00000738       0x20 ./Sources/ProcessorExpert.o
 .debug_aranges
                0x00000758       0x78 ./Sources/Events.o
 .debug_aranges
                0x000007d0       0x20 C:/Freescale/CW MCU v10.5/MCU/ARM_GCC_Support/ewl/lib/armv6-m\libc.a(exit.o)
 .debug_aranges
                0x000007f0       0x20 C:/Freescale/CW MCU v10.5/MCU/ARM_GCC_Support/ewl/lib/armv6-m\libc.a(memcpy.o)
 .debug_aranges
                0x00000810       0x20 C:/Freescale/CW MCU v10.5/MCU/ARM_GCC_Support/ewl/lib/armv6-m\libc.a(memset.o)
 .debug_aranges
                0x00000830       0x20 C:/Freescale/CW MCU v10.5/MCU/ARM_GCC_Support/ewl/lib/armv6-m\libc.a(strchr.o)
 .debug_aranges
                0x00000850       0x20 C:/Freescale/CW MCU v10.5/MCU/ARM_GCC_Support/ewl/lib/armv6-m\libc.a(strlen.o)
 .debug_aranges
                0x00000870       0x28 C:/Freescale/CW MCU v10.5/MCU/ARM_GCC_Support/ewl/lib/armv6-m\libc.a(printformat_.o)
 .debug_aranges
                0x00000898       0x20 C:/Freescale/CW MCU v10.5/MCU/ARM_GCC_Support/ewl/lib/armv6-m\libc.a(scanformat_.o)
 .debug_aranges
                0x000008b8       0x88 C:/Freescale/CW MCU v10.5/MCU/ARM_GCC_Support/ewl/lib/armv6-m\libc.a(ctype_aeabi.o)
 .debug_aranges
                0x00000940       0x20 C:/Freescale/CW MCU v10.5/MCU/ARM_GCC_Support/ewl/lib/armv6-m\libc.a(__strtoul.o)
 .debug_aranges
                0x00000960       0x20 C:/Freescale/CW MCU v10.5/MCU/ARM_GCC_Support/ewl/lib/armv6-m\libc.a(__filll_mem.o)
 .debug_aranges
                0x00000980       0x20 C:/Freescale/CW MCU v10.5/MCU/ARM_GCC_Support/ewl/lib/armv6-m\libc.a(memchr.o)
 .debug_aranges
                0x000009a0       0x28 C:/Freescale/CW MCU v10.5/MCU/ARM_GCC_Support/ewl/lib/armv6-m\librt.a(gcc_ctor_dtor.o)
 .debug_aranges
                0x000009c8       0x30 C:/Freescale/CW MCU v10.5/MCU/ARM_GCC_Support/ewl/lib/armv6-m\librt.a(ROMCopy.o)
 .debug_aranges
                0x000009f8       0x58 C:/Freescale/CW MCU v10.5/MCU/ARM_GCC_Support/ewl/lib/armv6-m\librt.a(__arm_eabi_init.o)

.debug_macinfo  0x00000000   0x423127
 .debug_macinfo
                0x00000000    0x3affd ./Generated_Code/tasks.o
 .debug_macinfo
                0x0003affd    0x30e26 ./Generated_Code/port.o
 .debug_macinfo
                0x0006be23     0x65f0 ./Generated_Code/list.o
 .debug_macinfo
                0x00072413    0x3a316 ./Generated_Code/heap_1.o
 .debug_macinfo
                0x000ac729    0x3a1ee ./Generated_Code/Vectors.o
 .debug_macinfo
                0x000e6917    0x3a118 ./Generated_Code/PE_LDD.o
 .debug_macinfo
                0x00120a2f    0x2e05f ./Generated_Code/MMA1.o
 .debug_macinfo
                0x0014ea8e    0x315ae ./Generated_Code/LedRed.o
 .debug_macinfo
                0x0018003c    0x315ca ./Generated_Code/LedGreen.o
 .debug_macinfo
                0x001b1606    0x315b6 ./Generated_Code/LedBlue.o
 .debug_macinfo
                0x001e2bbc    0x402d5 ./Generated_Code/I2C1.o
 .debug_macinfo
                0x00222e91    0x36ea6 ./Generated_Code/I2C0.o
 .debug_macinfo
                0x00259d37    0x2ded0 ./Generated_Code/GI2C1.o
 .debug_macinfo
                0x00287c07    0x3a1f1 ./Generated_Code/Cpu.o
 .debug_macinfo
                0x002c1df8    0x35ccb ./Generated_Code/AdcLdd1.o
 .debug_macinfo
                0x002f7ac3    0x3bc29 ./Generated_Code/AS1.o
 .debug_macinfo
                0x003336ec    0x3a200 ./Generated_Code/AD0.o
 .debug_macinfo
                0x0036d8ec     0x3e6d ./Project_Settings/Startup_Code/__arm_start.o
 .debug_macinfo
                0x00371759     0x3456 ./Project_Settings/Startup_Code/__arm_end.o
 .debug_macinfo
                0x00374baf    0x3a174 ./Sources/Tasks/TaskAccelerometer.o
 .debug_macinfo
                0x003aed23    0x3a25a ./Sources/ProcessorExpert.o
 .debug_macinfo
                0x003e8f7d    0x3a1aa ./Sources/Events.o

.debug_line     0x00000000     0x7426
 .debug_line    0x00000000      0x9c9 ./Generated_Code/tasks.o
 .debug_line    0x000009c9      0x3c3 ./Generated_Code/port.o
 .debug_line    0x00000d8c      0x2ca ./Generated_Code/list.o
 .debug_line    0x00001056      0x584 ./Generated_Code/heap_1.o
 .debug_line    0x000015da      0x5b8 ./Generated_Code/Vectors.o
 .debug_line    0x00001b92      0x41a ./Generated_Code/PE_LDD.o
 .debug_line    0x00001fac      0x3d9 ./Generated_Code/MMA1.o
 .debug_line    0x00002385      0x360 ./Generated_Code/LedRed.o
 .debug_line    0x000026e5      0x364 ./Generated_Code/LedGreen.o
 .debug_line    0x00002a49      0x362 ./Generated_Code/LedBlue.o
 .debug_line    0x00002dab      0x5e7 ./Generated_Code/I2C1.o
 .debug_line    0x00003392      0x3fc ./Generated_Code/I2C0.o
 .debug_line    0x0000378e      0x33f ./Generated_Code/GI2C1.o
 .debug_line    0x00003acd      0x623 ./Generated_Code/Cpu.o
 .debug_line    0x000040f0      0x3d4 ./Generated_Code/AdcLdd1.o
 .debug_line    0x000044c4      0x64e ./Generated_Code/AS1.o
 .debug_line    0x00004b12      0x59b ./Generated_Code/AD0.o
 .debug_line    0x000050ad      0x2ab ./Project_Settings/Startup_Code/__arm_start.o
 .debug_line    0x00005358      0x266 ./Project_Settings/Startup_Code/__arm_end.o
 .debug_line    0x000055be      0x4f2 ./Sources/Tasks/TaskAccelerometer.o
 .debug_line    0x00005ab0      0x56f ./Sources/ProcessorExpert.o
 .debug_line    0x0000601f      0x52b ./Sources/Events.o
 .debug_line    0x0000654a       0x8d C:/Freescale/CW MCU v10.5/MCU/ARM_GCC_Support/ewl/lib/armv6-m\libc.a(exit.o)
 .debug_line    0x000065d7       0x8b C:/Freescale/CW MCU v10.5/MCU/ARM_GCC_Support/ewl/lib/armv6-m\libc.a(memcpy.o)
 .debug_line    0x00006662       0x90 C:/Freescale/CW MCU v10.5/MCU/ARM_GCC_Support/ewl/lib/armv6-m\libc.a(memset.o)
 .debug_line    0x000066f2       0x7d C:/Freescale/CW MCU v10.5/MCU/ARM_GCC_Support/ewl/lib/armv6-m\libc.a(strchr.o)
 .debug_line    0x0000676f       0x85 C:/Freescale/CW MCU v10.5/MCU/ARM_GCC_Support/ewl/lib/armv6-m\libc.a(strlen.o)
 .debug_line    0x000067f4      0x2c3 C:/Freescale/CW MCU v10.5/MCU/ARM_GCC_Support/ewl/lib/armv6-m\libc.a(printformat_.o)
 .debug_line    0x00006ab7      0x2be C:/Freescale/CW MCU v10.5/MCU/ARM_GCC_Support/ewl/lib/armv6-m\libc.a(scanformat_.o)
 .debug_line    0x00006d75      0x1be C:/Freescale/CW MCU v10.5/MCU/ARM_GCC_Support/ewl/lib/armv6-m\libc.a(ctype_aeabi.o)
 .debug_line    0x00006f33      0x11e C:/Freescale/CW MCU v10.5/MCU/ARM_GCC_Support/ewl/lib/armv6-m\libc.a(__strtoul.o)
 .debug_line    0x00007051       0xf6 C:/Freescale/CW MCU v10.5/MCU/ARM_GCC_Support/ewl/lib/armv6-m\libc.a(__filll_mem.o)
 .debug_line    0x00007147       0x9f C:/Freescale/CW MCU v10.5/MCU/ARM_GCC_Support/ewl/lib/armv6-m\libc.a(memchr.o)
 .debug_line    0x000071e6       0x6c C:/Freescale/CW MCU v10.5/MCU/ARM_GCC_Support/ewl/lib/armv6-m\librt.a(gcc_ctor_dtor.o)
 .debug_line    0x00007252       0xbd C:/Freescale/CW MCU v10.5/MCU/ARM_GCC_Support/ewl/lib/armv6-m\librt.a(ROMCopy.o)
 .debug_line    0x0000730f      0x117 C:/Freescale/CW MCU v10.5/MCU/ARM_GCC_Support/ewl/lib/armv6-m\librt.a(__arm_eabi_init.o)

.debug_str      0x00000000     0x28c8
 .debug_str     0x00000000      0x89a ./Generated_Code/tasks.o
                                0x909 (size before relaxing)
 .debug_str     0x0000089a      0x14e ./Generated_Code/port.o
                                0x2ac (size before relaxing)
 .debug_str     0x000009e8       0xad ./Generated_Code/list.o
                                0x270 (size before relaxing)
 .debug_str     0x00000a95       0x96 ./Generated_Code/heap_1.o
                                0x1c8 (size before relaxing)
 .debug_str     0x00000b2b       0x5e ./Generated_Code/Vectors.o
                                0x189 (size before relaxing)
 .debug_str     0x00000b89      0x1a5 ./Generated_Code/PE_LDD.o
                                0x2ec (size before relaxing)
 .debug_str     0x00000d2e      0x1e7 ./Generated_Code/MMA1.o
                                0x32d (size before relaxing)
 .debug_str     0x00000f15      0x169 ./Generated_Code/LedRed.o
                                0x2f9 (size before relaxing)
 .debug_str     0x0000107e       0xb8 ./Generated_Code/LedGreen.o
                                0x30d (size before relaxing)
 .debug_str     0x00001136       0xae ./Generated_Code/LedBlue.o
                                0x303 (size before relaxing)
 .debug_str     0x000011e4      0x257 ./Generated_Code/I2C1.o
                                0x485 (size before relaxing)
 .debug_str     0x0000143b      0x14e ./Generated_Code/I2C0.o
                                0x52f (size before relaxing)
 .debug_str     0x00001589      0x24c ./Generated_Code/GI2C1.o
                                0x427 (size before relaxing)
 .debug_str     0x000017d5      0x18c ./Generated_Code/Cpu.o
                                0x438 (size before relaxing)
 .debug_str     0x00001961      0x23d ./Generated_Code/AdcLdd1.o
                                0x595 (size before relaxing)
 .debug_str     0x00001b9e      0x146 ./Generated_Code/AS1.o
                                0x451 (size before relaxing)
 .debug_str     0x00001ce4       0xbf ./Generated_Code/AD0.o
                                0x263 (size before relaxing)
 .debug_str     0x00001da3       0x85 ./Project_Settings/Startup_Code/__arm_start.o
                                0x1aa (size before relaxing)
 .debug_str     0x00001e28       0x41 ./Project_Settings/Startup_Code/__arm_end.o
                                 0xe1 (size before relaxing)
 .debug_str     0x00001e69       0x92 ./Sources/Tasks/TaskAccelerometer.o
                                0x1de (size before relaxing)
 .debug_str     0x00001efb       0x22 ./Sources/ProcessorExpert.o
                                0x15c (size before relaxing)
 .debug_str     0x00001f1d      0x144 ./Sources/Events.o
                                0x2df (size before relaxing)
 .debug_str     0x00002061       0x54 C:/Freescale/CW MCU v10.5/MCU/ARM_GCC_Support/ewl/lib/armv6-m\libc.a(exit.o)
                                0x157 (size before relaxing)
 .debug_str     0x000020b5       0x1c C:/Freescale/CW MCU v10.5/MCU/ARM_GCC_Support/ewl/lib/armv6-m\libc.a(memcpy.o)
                                0x138 (size before relaxing)
 .debug_str     0x000020d1       0x1c C:/Freescale/CW MCU v10.5/MCU/ARM_GCC_Support/ewl/lib/armv6-m\libc.a(memset.o)
                                0x140 (size before relaxing)
 .debug_str     0x000020ed       0x1c C:/Freescale/CW MCU v10.5/MCU/ARM_GCC_Support/ewl/lib/armv6-m\libc.a(strchr.o)
                                0x137 (size before relaxing)
 .debug_str     0x00002109       0x24 C:/Freescale/CW MCU v10.5/MCU/ARM_GCC_Support/ewl/lib/armv6-m\libc.a(strlen.o)
                                0x140 (size before relaxing)
 .debug_str     0x0000212d      0x233 C:/Freescale/CW MCU v10.5/MCU/ARM_GCC_Support/ewl/lib/armv6-m\libc.a(printformat_.o)
                                0x3b3 (size before relaxing)
 .debug_str     0x00002360      0x184 C:/Freescale/CW MCU v10.5/MCU/ARM_GCC_Support/ewl/lib/armv6-m\libc.a(scanformat_.o)
                                0x3f9 (size before relaxing)
 .debug_str     0x000024e4       0x9d C:/Freescale/CW MCU v10.5/MCU/ARM_GCC_Support/ewl/lib/armv6-m\libc.a(ctype_aeabi.o)
                                0x1bc (size before relaxing)
 .debug_str     0x00002581       0x5b C:/Freescale/CW MCU v10.5/MCU/ARM_GCC_Support/ewl/lib/armv6-m\libc.a(__strtoul.o)
                                0x1fb (size before relaxing)
 .debug_str     0x000025dc       0x25 C:/Freescale/CW MCU v10.5/MCU/ARM_GCC_Support/ewl/lib/armv6-m\libc.a(__filll_mem.o)
                                0x152 (size before relaxing)
 .debug_str     0x00002601       0x1c C:/Freescale/CW MCU v10.5/MCU/ARM_GCC_Support/ewl/lib/armv6-m\libc.a(memchr.o)
                                0x148 (size before relaxing)
 .debug_str     0x0000261d      0x126 C:/Freescale/CW MCU v10.5/MCU/ARM_GCC_Support/ewl/lib/armv6-m\librt.a(gcc_ctor_dtor.o)
                                0x181 (size before relaxing)
 .debug_str     0x00002743       0x9c C:/Freescale/CW MCU v10.5/MCU/ARM_GCC_Support/ewl/lib/armv6-m\librt.a(ROMCopy.o)
                                0x13c (size before relaxing)
 .debug_str     0x000027df       0xe9 C:/Freescale/CW MCU v10.5/MCU/ARM_GCC_Support/ewl/lib/armv6-m\librt.a(__arm_eabi_init.o)
                                0x1b5 (size before relaxing)

.comment        0x00000000       0x79
 .comment       0x00000000       0x79 ./Generated_Code/tasks.o
                                 0x7a (size before relaxing)
 .comment       0x00000000       0x7a ./Generated_Code/port.o
 .comment       0x00000000       0x7a ./Generated_Code/list.o
 .comment       0x00000000       0x7a ./Generated_Code/heap_1.o
 .comment       0x00000000       0x7a ./Generated_Code/Vectors.o
 .comment       0x00000000       0x7a ./Generated_Code/PE_LDD.o
 .comment       0x00000000       0x7a ./Generated_Code/MMA1.o
 .comment       0x00000000       0x7a ./Generated_Code/LedRed.o
 .comment       0x00000000       0x7a ./Generated_Code/LedGreen.o
 .comment       0x00000000       0x7a ./Generated_Code/LedBlue.o
 .comment       0x00000000       0x7a ./Generated_Code/I2C1.o
 .comment       0x00000000       0x7a ./Generated_Code/I2C0.o
 .comment       0x00000000       0x7a ./Generated_Code/GI2C1.o
 .comment       0x00000000       0x7a ./Generated_Code/Cpu.o
 .comment       0x00000000       0x7a ./Generated_Code/AdcLdd1.o
 .comment       0x00000000       0x7a ./Generated_Code/AS1.o
 .comment       0x00000000       0x7a ./Generated_Code/AD0.o
 .comment       0x00000000       0x7a ./Project_Settings/Startup_Code/__arm_start.o
 .comment       0x00000000       0x7a ./Project_Settings/Startup_Code/__arm_end.o
 .comment       0x00000000       0x7a ./Sources/Tasks/TaskAccelerometer.o
 .comment       0x00000000       0x7a ./Sources/ProcessorExpert.o
 .comment       0x00000000       0x7a ./Sources/Events.o
 .comment       0x00000000       0x7a C:/Freescale/CW MCU v10.5/MCU/ARM_GCC_Support/ewl/lib/armv6-m\libc.a(exit.o)
 .comment       0x00000000       0x7a C:/Freescale/CW MCU v10.5/MCU/ARM_GCC_Support/ewl/lib/armv6-m\libc.a(memcpy.o)
 .comment       0x00000000       0x7a C:/Freescale/CW MCU v10.5/MCU/ARM_GCC_Support/ewl/lib/armv6-m\libc.a(memset.o)
 .comment       0x00000000       0x7a C:/Freescale/CW MCU v10.5/MCU/ARM_GCC_Support/ewl/lib/armv6-m\libc.a(strchr.o)
 .comment       0x00000000       0x7a C:/Freescale/CW MCU v10.5/MCU/ARM_GCC_Support/ewl/lib/armv6-m\libc.a(strlen.o)
 .comment       0x00000000       0x7a C:/Freescale/CW MCU v10.5/MCU/ARM_GCC_Support/ewl/lib/armv6-m\libc.a(printformat_.o)
 .comment       0x00000000       0x7a C:/Freescale/CW MCU v10.5/MCU/ARM_GCC_Support/ewl/lib/armv6-m\libc.a(scanformat_.o)
 .comment       0x00000000       0x7a C:/Freescale/CW MCU v10.5/MCU/ARM_GCC_Support/ewl/lib/armv6-m\libc.a(ctype_aeabi.o)
 .comment       0x00000000       0x7a C:/Freescale/CW MCU v10.5/MCU/ARM_GCC_Support/ewl/lib/armv6-m\libc.a(__strtoul.o)
 .comment       0x00000000       0x7a C:/Freescale/CW MCU v10.5/MCU/ARM_GCC_Support/ewl/lib/armv6-m\libc.a(__filll_mem.o)
 .comment       0x00000000       0x7a C:/Freescale/CW MCU v10.5/MCU/ARM_GCC_Support/ewl/lib/armv6-m\libc.a(memchr.o)
 .comment       0x00000000       0x7a C:/Freescale/CW MCU v10.5/MCU/ARM_GCC_Support/ewl/lib/armv6-m\librt.a(gcc_ctor_dtor.o)
 .comment       0x00000000       0x7a C:/Freescale/CW MCU v10.5/MCU/ARM_GCC_Support/ewl/lib/armv6-m\librt.a(ROMCopy.o)
 .comment       0x00000000       0x7a C:/Freescale/CW MCU v10.5/MCU/ARM_GCC_Support/ewl/lib/armv6-m\librt.a(__arm_eabi_init.o)

.debug_frame    0x00000000     0x1c90
 .debug_frame   0x00000000      0x440 ./Generated_Code/tasks.o
 .debug_frame   0x00000440      0x188 ./Generated_Code/port.o
 .debug_frame   0x000005c8       0xb0 ./Generated_Code/list.o
 .debug_frame   0x00000678       0x88 ./Generated_Code/heap_1.o
 .debug_frame   0x00000700       0x6c ./Generated_Code/PE_LDD.o
 .debug_frame   0x0000076c      0x310 ./Generated_Code/MMA1.o
 .debug_frame   0x00000a7c       0xf0 ./Generated_Code/LedRed.o
 .debug_frame   0x00000b6c       0xf0 ./Generated_Code/LedGreen.o
 .debug_frame   0x00000c5c       0xf0 ./Generated_Code/LedBlue.o
 .debug_frame   0x00000d4c       0xb0 ./Generated_Code/I2C1.o
 .debug_frame   0x00000dfc       0xd0 ./Generated_Code/I2C0.o
 .debug_frame   0x00000ecc      0x1f8 ./Generated_Code/GI2C1.o
 .debug_frame   0x000010c4       0x80 ./Generated_Code/Cpu.o
 .debug_frame   0x00001144      0x130 ./Generated_Code/AdcLdd1.o
 .debug_frame   0x00001274      0x150 ./Generated_Code/AS1.o
 .debug_frame   0x000013c4       0xe4 ./Generated_Code/AD0.o
 .debug_frame   0x000014a8       0x4c ./Project_Settings/Startup_Code/__arm_start.o
 .debug_frame   0x000014f4       0x30 ./Project_Settings/Startup_Code/__arm_end.o
 .debug_frame   0x00001524       0x90 ./Sources/Tasks/TaskAccelerometer.o
 .debug_frame   0x000015b4       0x2c ./Sources/ProcessorExpert.o
 .debug_frame   0x000015e0      0x178 ./Sources/Events.o
 .debug_frame   0x00001758       0x2c C:/Freescale/CW MCU v10.5/MCU/ARM_GCC_Support/ewl/lib/armv6-m\libc.a(exit.o)
 .debug_frame   0x00001784       0x28 C:/Freescale/CW MCU v10.5/MCU/ARM_GCC_Support/ewl/lib/armv6-m\libc.a(memcpy.o)
 .debug_frame   0x000017ac       0x28 C:/Freescale/CW MCU v10.5/MCU/ARM_GCC_Support/ewl/lib/armv6-m\libc.a(memset.o)
 .debug_frame   0x000017d4       0x28 C:/Freescale/CW MCU v10.5/MCU/ARM_GCC_Support/ewl/lib/armv6-m\libc.a(strchr.o)
 .debug_frame   0x000017fc       0x28 C:/Freescale/CW MCU v10.5/MCU/ARM_GCC_Support/ewl/lib/armv6-m\libc.a(strlen.o)
 .debug_frame   0x00001824       0x54 C:/Freescale/CW MCU v10.5/MCU/ARM_GCC_Support/ewl/lib/armv6-m\libc.a(printformat_.o)
 .debug_frame   0x00001878       0x34 C:/Freescale/CW MCU v10.5/MCU/ARM_GCC_Support/ewl/lib/armv6-m\libc.a(scanformat_.o)
 .debug_frame   0x000018ac      0x158 C:/Freescale/CW MCU v10.5/MCU/ARM_GCC_Support/ewl/lib/armv6-m\libc.a(ctype_aeabi.o)
 .debug_frame   0x00001a04       0x30 C:/Freescale/CW MCU v10.5/MCU/ARM_GCC_Support/ewl/lib/armv6-m\libc.a(__strtoul.o)
 .debug_frame   0x00001a34       0x2c C:/Freescale/CW MCU v10.5/MCU/ARM_GCC_Support/ewl/lib/armv6-m\libc.a(__filll_mem.o)
 .debug_frame   0x00001a60       0x28 C:/Freescale/CW MCU v10.5/MCU/ARM_GCC_Support/ewl/lib/armv6-m\libc.a(memchr.o)
 .debug_frame   0x00001a88       0x20 c:/freescale/cw mcu v10.5/cross_tools/arm-none-eabi-gcc-4_7_3/bin/../lib/gcc/arm-none-eabi/4.7.3/armv6-m\libgcc.a(_udivsi3.o)
 .debug_frame   0x00001aa8       0x3c c:/freescale/cw mcu v10.5/cross_tools/arm-none-eabi-gcc-4_7_3/bin/../lib/gcc/arm-none-eabi/4.7.3/armv6-m\libgcc.a(divdf3.o)
 .debug_frame   0x00001ae4       0x2c c:/freescale/cw mcu v10.5/cross_tools/arm-none-eabi-gcc-4_7_3/bin/../lib/gcc/arm-none-eabi/4.7.3/armv6-m\libgcc.a(fixdfsi.o)
 .debug_frame   0x00001b10       0x30 c:/freescale/cw mcu v10.5/cross_tools/arm-none-eabi-gcc-4_7_3/bin/../lib/gcc/arm-none-eabi/4.7.3/armv6-m\libgcc.a(floatsidf.o)
 .debug_frame   0x00001b40       0x40 C:/Freescale/CW MCU v10.5/MCU/ARM_GCC_Support/ewl/lib/armv6-m\librt.a(gcc_ctor_dtor.o)
 .debug_frame   0x00001b80       0x54 C:/Freescale/CW MCU v10.5/MCU/ARM_GCC_Support/ewl/lib/armv6-m\librt.a(ROMCopy.o)
 .debug_frame   0x00001bd4       0xbc C:/Freescale/CW MCU v10.5/MCU/ARM_GCC_Support/ewl/lib/armv6-m\librt.a(__arm_eabi_init.o)
