Archive member included because of file (symbol)

C:/Users/Judah/Documents/GitHub/M0PlusFreeRTOS/M0PlusFreeRTOS/Sources/TSS\libTSS_KXX_M0.a(TSS_ASliderDecoder.o)
                              ./Sources/TSS/TSS_SystemSetupData.o (TSS_ASliderDecoder)
C:/Users/Judah/Documents/GitHub/M0PlusFreeRTOS/M0PlusFreeRTOS/Sources/TSS\libTSS_KXX_M0.a(TSS_Filters.o)
                              ./Sources/TSS/TSS_SystemSetupData.o (TSS_KeyDetectorInitPrevCapSample)
C:/Users/Judah/Documents/GitHub/M0PlusFreeRTOS/M0PlusFreeRTOS/Sources/TSS\libTSS_KXX_M0.a(TSS_KeyDetectorNormal.o)
                              ./Sources/TSS/TSS_SystemSetupData.o (TSS_KeyBasicStuckKeyControl)
C:/Users/Judah/Documents/GitHub/M0PlusFreeRTOS/M0PlusFreeRTOS/Sources/TSS\libTSS_KXX_M0.a(TSS_KeyDetector.o)
                              C:/Users/Judah/Documents/GitHub/M0PlusFreeRTOS/M0PlusFreeRTOS/Sources/TSS\libTSS_KXX_M0.a(TSS_KeyDetectorNormal.o) (TSS_KeyDetectorResetElectrodeDebouncing)
C:/Users/Judah/Documents/GitHub/M0PlusFreeRTOS/M0PlusFreeRTOS/Sources/TSS\libTSS_KXX_M0.a(TSS_Main.o)
                              ./Generated_Code/TSSTouch.o (TSS_Init)
C:/Freescale/CW MCU v10.6/MCU/ARM_GCC_Support/ewl/lib/armv6-m\libc.a(printf.o)
                              ./Sources/Tasks/TaskSendString.o (printf)
C:/Freescale/CW MCU v10.6/MCU/ARM_GCC_Support/ewl/lib/armv6-m\libc.a(putchar.o)
                              ./Sources/Tasks/TaskWriteString.o (putchar)
C:/Freescale/CW MCU v10.6/MCU/ARM_GCC_Support/ewl/lib/armv6-m\libc.a(puts.o)
                              ./Sources/Tasks/TaskWriteString.o (puts)
C:/Freescale/CW MCU v10.6/MCU/ARM_GCC_Support/ewl/lib/armv6-m\libc.a(sprintf.o)
                              ./Sources/Tasks/TaskSendString.o (sprintf)
C:/Freescale/CW MCU v10.6/MCU/ARM_GCC_Support/ewl/lib/armv6-m\libc.a(vsnprintf.o)
                              C:/Freescale/CW MCU v10.6/MCU/ARM_GCC_Support/ewl/lib/armv6-m\libc.a(sprintf.o) (vsnprintf)
C:/Freescale/CW MCU v10.6/MCU/ARM_GCC_Support/ewl/lib/armv6-m\libc.a(exit.o)
                              ./Project_Settings/Startup_Code/__arm_start.o (exit)
C:/Freescale/CW MCU v10.6/MCU/ARM_GCC_Support/ewl/lib/armv6-m\libc.a(memcpy.o)
                              ./Generated_Code/queue.o (memcpy)
C:/Freescale/CW MCU v10.6/MCU/ARM_GCC_Support/ewl/lib/armv6-m\libc.a(memset.o)
                              ./Generated_Code/tasks.o (memset)
C:/Freescale/CW MCU v10.6/MCU/ARM_GCC_Support/ewl/lib/armv6-m\libc.a(strchr.o)
                              ./Generated_Code/UTIL1.o (strchr)
C:/Freescale/CW MCU v10.6/MCU/ARM_GCC_Support/ewl/lib/armv6-m\libc.a(strlen.o)
                              ./Generated_Code/UTIL1.o (strlen)
C:/Freescale/CW MCU v10.6/MCU/ARM_GCC_Support/ewl/lib/armv6-m\libc.a(strncmp.o)
                              ./Generated_Code/UTIL1.o (strncmp)
C:/Freescale/CW MCU v10.6/MCU/ARM_GCC_Support/ewl/lib/armv6-m\libc.a(printformat_.o)
                              (__pformatter_)
C:/Freescale/CW MCU v10.6/MCU/ARM_GCC_Support/ewl/lib/armv6-m\libc.a(scanformat_.o)
                              (__sformatter)
C:/Freescale/CW MCU v10.6/MCU/ARM_GCC_Support/ewl/lib/armv6-m\libc.a(ctype_aeabi.o)
                              C:/Freescale/CW MCU v10.6/MCU/ARM_GCC_Support/ewl/lib/armv6-m\libc.a(scanformat_.o) (isspace)
C:/Freescale/CW MCU v10.6/MCU/ARM_GCC_Support/ewl/lib/armv6-m\libc.a(__putchar.o)
                              C:/Freescale/CW MCU v10.6/MCU/ARM_GCC_Support/ewl/lib/armv6-m\libc.a(putchar.o) (__put_char)
C:/Freescale/CW MCU v10.6/MCU/ARM_GCC_Support/ewl/lib/armv6-m\libc.a(ansi_files.o)
                              C:/Freescale/CW MCU v10.6/MCU/ARM_GCC_Support/ewl/lib/armv6-m\libc.a(printf.o) (__files)
C:/Freescale/CW MCU v10.6/MCU/ARM_GCC_Support/ewl/lib/armv6-m\libc.a(fflush.o)
                              C:/Freescale/CW MCU v10.6/MCU/ARM_GCC_Support/ewl/lib/armv6-m\libc.a(ansi_files.o) (fflush)
C:/Freescale/CW MCU v10.6/MCU/ARM_GCC_Support/ewl/lib/armv6-m\libc.a(fwrite.o)
                              C:/Freescale/CW MCU v10.6/MCU/ARM_GCC_Support/ewl/lib/armv6-m\libc.a(printf.o) (__FileWrite)
C:/Freescale/CW MCU v10.6/MCU/ARM_GCC_Support/ewl/lib/armv6-m\libc.a(__strtoul.o)
                              C:/Freescale/CW MCU v10.6/MCU/ARM_GCC_Support/ewl/lib/armv6-m\libc.a(scanformat_.o) (__strtoul)
C:/Freescale/CW MCU v10.6/MCU/ARM_GCC_Support/ewl/lib/armv6-m\libc.a(__filll_mem.o)
                              C:/Freescale/CW MCU v10.6/MCU/ARM_GCC_Support/ewl/lib/armv6-m\libc.a(memset.o) (__fill_mem)
C:/Freescale/CW MCU v10.6/MCU/ARM_GCC_Support/ewl/lib/armv6-m\libc.a(__memrchr.o)
                              C:/Freescale/CW MCU v10.6/MCU/ARM_GCC_Support/ewl/lib/armv6-m\libc.a(fwrite.o) (__memrchr)
C:/Freescale/CW MCU v10.6/MCU/ARM_GCC_Support/ewl/lib/armv6-m\libc.a(memchr.o)
                              C:/Freescale/CW MCU v10.6/MCU/ARM_GCC_Support/ewl/lib/armv6-m\libc.a(printformat_.o) (memchr)
[...]
Memory Configuration

Name             Origin             Length             Attributes
m_interrupts     0x00000000         0x000000c0         xr
m_text           0x00000410         0x0001fbf0         xr
m_data_1FFFF000  0x1ffff000         0x00001000         rw
m_data           0x20000000         0x00003000         rw
m_cfmprotrom     0x00000400         0x00000010         xr
*default*        0x00000000         0xffffffff

Linker script and memory map

LOAD ./Generated_Code/timers.o
LOAD ./Generated_Code/tasks.o
LOAD ./Generated_Code/queue.o
LOAD ./Generated_Code/portasm.o
LOAD ./Generated_Code/port.o
LOAD ./Generated_Code/list.o
LOAD ./Generated_Code/heap_4.o
LOAD ./Generated_Code/heap_3.o
LOAD ./Generated_Code/heap_2.o
LOAD ./Generated_Code/heap_1.o
LOAD ./Generated_Code/event_groups.o
LOAD ./Generated_Code/croutine.o
LOAD ./Generated_Code/WAIT0.o
LOAD ./Generated_Code/Vectors.o
LOAD ./Generated_Code/UTIL1.o
LOAD ./Generated_Code/UTIL0.o
LOAD ./Generated_Code/TU2.o
LOAD ./Generated_Code/TU1.o
LOAD ./Generated_Code/TU0.o
LOAD ./Generated_Code/TSSTouch.o
LOAD ./Generated_Code/PwmLdd4.o
LOAD ./Generated_Code/PwmLdd3.o
LOAD ./Generated_Code/PwmLdd2.o
LOAD ./Generated_Code/PwmLdd1.o
LOAD ./Generated_Code/PWMLEDRed.o
LOAD ./Generated_Code/PWMLEDGreen.o
LOAD ./Generated_Code/PWMLEDBlue.o
LOAD ./Generated_Code/PWMBuzzer.o
LOAD ./Generated_Code/PE_LDD.o
LOAD ./Generated_Code/MMA0.o
LOAD ./Generated_Code/IO1.o
LOAD ./Generated_Code/I2C1.o
LOAD ./Generated_Code/I2C0.o
LOAD ./Generated_Code/GI2C0.o
LOAD ./Generated_Code/FreeRTOS0.o
LOAD ./Generated_Code/CsIO0.o
LOAD ./Generated_Code/Cpu.o
LOAD ./Project_Settings/Startup_Code/__arm_start.o
LOAD ./Project_Settings/Startup_Code/__arm_end.o
LOAD ./Sources/TSS/TSS_SystemSetupData.o
LOAD ./Sources/TSS/TSS_SensorTSIL.o
LOAD ./Sources/TSS/TSS_SensorTSI.o
LOAD ./Sources/TSS/TSS_SensorGPIO.o
LOAD ./Sources/TSS/TSS_Sensor.o
LOAD ./Sources/TSS/TSS_Freemaster.o
LOAD ./Sources/Tasks/TaskWriteString.o
LOAD ./Sources/Tasks/TaskSonar.o
LOAD ./Sources/Tasks/TaskSendString2.o
LOAD ./Sources/Tasks/TaskSendString1.o
LOAD ./Sources/Tasks/TaskSendString.o
LOAD ./Sources/Tasks/TaskSendGlobalVariable.o
LOAD ./Sources/Tasks/TaskRotateLed.o
LOAD ./Sources/Tasks/TaskRedLed.o
LOAD ./Sources/Tasks/TaskMotorDC.o
LOAD ./Sources/Tasks/TaskGyroscope.o
LOAD ./Sources/Tasks/TaskGreenLed.o
LOAD ./Sources/Tasks/TaskBlueLed.o
LOAD ./Sources/Tasks/TaskAccelerometer.o
LOAD ./Sources/Util/Led.o
LOAD ./Sources/Util/Gyroscope.o
LOAD ./Sources/Util/GlobalVariables.o
LOAD ./Sources/Util/Accelerometer.o
LOAD ./Sources/sa_mtb.o
LOAD ./Sources/ProcessorExpert.o
LOAD ./Sources/Events.o
                0x000086c4                __pformatter = __pformatter_
                [0x00008aec]                __sformatter = __sformatter
LOAD C:/Users/Judah/Documents/GitHub/M0PlusFreeRTOS/M0PlusFreeRTOS/Sources/TSS\libTSS_KXX_M0.a
START GROUP
LOAD C:/Freescale/CW MCU v10.6/MCU/ARM_GCC_Support/ewl/lib/armv6-m\libc.a
LOAD C:/Freescale/CW MCU v10.6/MCU/ARM_GCC_Support/ewl/lib/armv6-m\libm.a
LOAD c:/freescale/cw mcu v10.6/cross_tools/arm-none-eabi-gcc-4_7_3/bin/../lib/gcc/arm-none-eabi/4.7.3/armv6-m\libgcc.a
LOAD C:/Freescale/CW MCU v10.6/MCU/ARM_GCC_Support/ewl/lib/armv6-m\librt.a
LOAD C:/Freescale/CW MCU v10.6/MCU/ARM_GCC_Support/ewl/lib/armv6-m\libuart.a
END GROUP
                0x20003000                _estack = 0x20003000
                0x20003000                __SP_INIT = _estack
                0x00000000                __heap_size = 0x0
                0x00000040                __stack_size = 0x40

.interrupts     0x00000000       0xc0
                0x00000000                __vector_table = .
                0x00000000                . = ALIGN (0x4)
 *(.vectortable)
 .vectortable   0x00000000       0xc0 ./Generated_Code/Vectors.o
                0x00000000                __vect_table
                0x000000c0                . = ALIGN (0x4)

.cfmprotect     0x00000400        0x0
                0x00000400                . = ALIGN (0x4)
 *(.cfmconfig)
                0x00000400                . = ALIGN (0x4)

.text           0x00000410     0x97b8
                0x00000410                . = ALIGN (0x4)
 *(.text)
 .text          0x00000410      0x760 C:/Users/Judah/Documents/GitHub/M0PlusFreeRTOS/M0PlusFreeRTOS/Sources/TSS\libTSS_KXX_M0.a(TSS_ASliderDecoder.o)
                0x00000410                TSS_ASliderDecoder
                0x00000848                TSS_ASliderCalculatePosIIRFilter
                0x000008ac                TSS_ASliderDelayControl
                0x00000924                TSS_ASliderTrendThreshold
                0x0000094c                TSS_ASliderTrendControl
                0x00000a3c                TSS_SetASliderConfig
                0x00000b3c                TSS_GetASliderConfig
 .text          0x00000b70      0x1c8 C:/Users/Judah/Documents/GitHub/M0PlusFreeRTOS/M0PlusFreeRTOS/Sources/TSS\libTSS_KXX_M0.a(TSS_Filters.o)
                0x00000b70                TSS_u16NoiseAmplitudeFilter
                0x00000ba4                TSS_i8NoiseAmplitudeFilter
                0x00000bda                TSS_ShieldEquation
                0x00000c3c                TSS_KeyDetectorInitPrevCapSample
                0x00000c50                TSS_KeyDetectorCalculateIIRFilter
                0x00000c70                TSS_KeyDetectorCalculateShielding
                0x00000c84                TSS_KeyDetectorSignalDivider
                0x00000ca0                TSS_KeyDetectorSignalMultiplier
                0x00000cd0                TSS_SubUInt16WithUInt16ToSInt16
                0x00000cfc                TSS_ShiftSInt16ToUInt16
                0x00000d08                TSS_CutSInt16ToSInt8
                0x00000d20                TSS_SensitivityLowLimitControl
 .text          0x00000d38      0x854 C:/Users/Judah/Documents/GitHub/M0PlusFreeRTOS/M0PlusFreeRTOS/Sources/TSS\libTSS_KXX_M0.a(TSS_KeyDetectorNormal.o)
                0x00000db0                TSS_KeyBasicStuckKeyControl
                0x00000dfc                TSS_KeyBasicDetect
                0x00000fac                TSS_KeyBasicNegativeBaselineDrop
                0x00001038                TSS_KeyBasicElectrodeEval
                0x000012a4                TSS_KeyBasicSensAutoCalibration
                0x000014e4                TSS_KeyBasicDeltaNoiseAnalysisIIRControl
                0x00001558                TSS_KeyBasicGetSystemDataContext
 .text          0x0000158c      0x6c8 C:/Users/Judah/Documents/GitHub/M0PlusFreeRTOS/M0PlusFreeRTOS/Sources/TSS\libTSS_KXX_M0.a(TSS_KeyDetector.o)
                0x000015cc                TSS_KeyDetectorResetElectrodeDebouncing
                0x000015e8                TSS_KeyDetectorResetElectrode
                0x000015fc                TSS_KeyDetectorRestartElectrode
                0x00001644                TSS_KeyDetectorRecalibrateModules
                0x00001658                TSS_KeyDetectorInit
                0x00001690                TSS_KeyDetectorResetElectrodeMeasured
                0x000016b8                TSS_KeyDetectorCalculateDelta
                0x000016d8                TSS_KeyDetectorFillDeltaLogBuffer
                0x000016f0                TSS_KeyDetectorFillSignalLogBuffer
                0x00001704                TSS_KeyDetectorResetStuckKeyCounter
                0x00001710                TSS_KeyDetectorGetDCTrackerCounter
                0x0000171c                TSS_KeyDetectorGetSlowDCTrackerCounter
                0x00001728                TSS_KeyDetectorCalibrate
                0x0000174c                TSS_KeyDetectorReleaseElectrode
                0x0000176c                TSS_KeyDetectorMainSequenced
                0x00001930                TSS_KeyDetectorMain
                0x00001ae0                TSS_KeyDetectorElectrodeStatusUpdate
                0x00001b14                TSS_KeyDetectorGetElectrodeGroupStatus
                0x00001b50                TSS_KeyDetectorGetElectrodeEnablerStatus
                0x00001c04                TSS_KeyDetectorRecalibrationRequest
                0x00001c18                TSS_KeyDetectorGetShieldElectrodeReleaseStatus
 .text          0x00001c54     0x10a0 C:/Users/Judah/Documents/GitHub/M0PlusFreeRTOS/M0PlusFreeRTOS/Sources/TSS\libTSS_KXX_M0.a(TSS_Main.o)
                0x00001cec                TSS_InitRegisterArrays
                0x00001d44                TSS_InitInternalArrays
                0x00001d94                TSS_Init
                0x00001df8                TSS_DataCorruptionCheck
                0x00001eac                TSS_FaultEvaluation
                0x00001f24                TSS_DecodersControl
                0x00001f90                TSS_TriggerControl
                0x00001fe4                TSS_Task
                0x000020bc                TSS_TaskSeq
                0x00002194                TSS_InternalControlPrivateData
                0x000021b8                TSS_SetControlPrivateData
                0x000021cc                TSS_GetControlPrivateData
                0x000021e8                TSS_GetControlStruct
                0x00002208                TSS_GetControlNumberOfElectrodes
                0x00002228                TSS_GetControlFirstElectrodeIndex
                0x0000224c                TSS_GetControlLastElectrodeIndex
                0x00002274                TSS_GetControlElectrodeIndex
                0x0000229c                TSS_SetControlElectrodesEnablers
                0x00002324                TSS_GetControlElectrodesStatus
                0x0000234c                TSS_TriggerConfig
                0x000023c0                TSS_LowPowerConfig
                0x00002464                TSS_ProximityConfig
                0x000024bc                TSS_SetSystemConfig
                0x000027f0                TSS_GetSystemConfig
                0x00002910                TSS_BrowseModules
                0x000029b8                TSS_LoadElectrodeData
                0x00002a60                TSS_StoreElectrodeData
                0x00002ae0                TSS_LoadModulesData
                0x00002b48                TSS_StoreModulesData
                0x00002b8c                TSS_LoadAllSystemData
                0x00002c38                TSS_StoreAllSystemData
 .text          0x00002cf4       0x14 c:/freescale/cw mcu v10.6/cross_tools/arm-none-eabi-gcc-4_7_3/bin/../lib/gcc/arm-none-eabi/4.7.3/armv6-m\libgcc.a(_thumb1_case_sqi.o)
                0x00002cf4                __gnu_thumb1_case_sqi
 .text          0x00002d08       0x14 c:/freescale/cw mcu v10.6/cross_tools/arm-none-eabi-gcc-4_7_3/bin/../lib/gcc/arm-none-eabi/4.7.3/armv6-m\libgcc.a(_thumb1_case_uqi.o)
                0x00002d08                __gnu_thumb1_case_uqi
 .text          0x00002d1c       0x9c c:/freescale/cw mcu v10.6/cross_tools/arm-none-eabi-gcc-4_7_3/bin/../lib/gcc/arm-none-eabi/4.7.3/armv6-m\libgcc.a(_udivsi3.o)
                0x00002d1c                __aeabi_uidiv
                0x00002d1c                __udivsi3
                0x00002da4                __aeabi_uidivmod
 .text          0x00002db8       0xc0 c:/freescale/cw mcu v10.6/cross_tools/arm-none-eabi-gcc-4_7_3/bin/../lib/gcc/arm-none-eabi/4.7.3/armv6-m\libgcc.a(_divsi3.o)
                0x00002db8                __divsi3
                0x00002db8                __aeabi_idiv
                0x00002e64                __aeabi_idivmod
 .text          0x00002e78        0x4 c:/freescale/cw mcu v10.6/cross_tools/arm-none-eabi-gcc-4_7_3/bin/../lib/gcc/arm-none-eabi/4.7.3/armv6-m\libgcc.a(_dvmd_tls.o)
                0x00002e78                __aeabi_idiv0
                0x00002e78                __aeabi_ldiv0
 *(.text*)
 .text.xTaskGenericCreate
                0x00002e7c      0x164 ./Generated_Code/tasks.o
                0x00002e7c                xTaskGenericCreate
 .text.vTaskDelay
                0x00002fe0       0x64 ./Generated_Code/tasks.o
                0x00002fe0                vTaskDelay
 .text.vTaskStartScheduler
                0x00003044       0x64 ./Generated_Code/tasks.o
                0x00003044                vTaskStartScheduler
 .text.vTaskSuspendAll
                0x000030a8       0x18 ./Generated_Code/tasks.o
                0x000030a8                vTaskSuspendAll
 .text.prvGetExpectedIdleTime
                0x000030c0       0x4c ./Generated_Code/tasks.o
 .text.xTaskResumeAll
                0x0000310c      0x108 ./Generated_Code/tasks.o
                0x0000310c                xTaskResumeAll
 .text.vTaskStepTick
                0x00003214       0x38 ./Generated_Code/tasks.o
                0x00003214                vTaskStepTick
 .text.xTaskIncrementTick
                0x0000324c      0x180 ./Generated_Code/tasks.o
                0x0000324c                xTaskIncrementTick
 .text.vTaskSwitchContext
                0x000033cc       0xc0 ./Generated_Code/tasks.o
                0x000033cc                vTaskSwitchContext
 .text.vTaskPlaceOnEventList
                0x0000348c       0x6c ./Generated_Code/tasks.o
                0x0000348c                vTaskPlaceOnEventList
 .text.xTaskRemoveFromEventList
                0x000034f8       0xb8 ./Generated_Code/tasks.o
                0x000034f8                xTaskRemoveFromEventList
 .text.vTaskSetTimeOutState
                0x000035b0       0x30 ./Generated_Code/tasks.o
                0x000035b0                vTaskSetTimeOutState
 .text.xTaskCheckForTimeOut
                0x000035e0       0x9c ./Generated_Code/tasks.o
                0x000035e0                xTaskCheckForTimeOut
 .text.vTaskMissedYield
                0x0000367c       0x14 ./Generated_Code/tasks.o
                0x0000367c                vTaskMissedYield
 .text.prvIdleTask
                0x00003690       0x6c ./Generated_Code/tasks.o
 .text.eTaskConfirmSleepModeStatus
                0x000036fc       0x64 ./Generated_Code/tasks.o
                0x000036fc                eTaskConfirmSleepModeStatus
 .text.prvInitialiseTCBVariables
                0x00003760       0x94 ./Generated_Code/tasks.o
 .text.prvInitialiseTaskLists
                0x000037f4       0x7c ./Generated_Code/tasks.o
 .text.prvCheckTasksWaitingTermination
                0x00003870        0x8 ./Generated_Code/tasks.o
 .text.prvAddCurrentTaskToDelayedList
                0x00003878       0x6c ./Generated_Code/tasks.o
 .text.prvAllocateTCBAndStack
                0x000038e4       0x70 ./Generated_Code/tasks.o
 .text.prvResetNextTaskUnblockTime
                0x00003954       0x44 ./Generated_Code/tasks.o
 .text.xTaskGetCurrentTaskHandle
                0x00003998       0x1c ./Generated_Code/tasks.o
                0x00003998                xTaskGetCurrentTaskHandle
 .text.xTaskGetSchedulerState
                0x000039b4       0x38 ./Generated_Code/tasks.o
                0x000039b4                xTaskGetSchedulerState
 .text.vTaskPriorityInherit
                0x000039ec       0xbc ./Generated_Code/tasks.o
                0x000039ec                vTaskPriorityInherit
 .text.vTaskPriorityDisinherit
                0x00003aa8       0x84 ./Generated_Code/tasks.o
                0x00003aa8                vTaskPriorityDisinherit
 .text.xQueueGenericReset
                0x00003b2c       0xac ./Generated_Code/queue.o
                0x00003b2c                xQueueGenericReset
 .text.xQueueGenericCreate
                0x00003bd8       0x80 ./Generated_Code/queue.o
                0x00003bd8                xQueueGenericCreate
 .text.xQueueCreateMutex
                0x00003c58       0x8c ./Generated_Code/queue.o
                0x00003c58                xQueueCreateMutex
 .text.xQueueGiveMutexRecursive
                0x00003ce4       0x58 ./Generated_Code/queue.o
                0x00003ce4                xQueueGiveMutexRecursive
 .text.xQueueTakeMutexRecursive
                0x00003d3c       0x64 ./Generated_Code/queue.o
                0x00003d3c                xQueueTakeMutexRecursive
 .text.xQueueGenericSend
                0x00003da0      0x180 ./Generated_Code/queue.o
                0x00003da0                xQueueGenericSend
 .text.xQueueGenericReceive
                0x00003f20      0x1bc ./Generated_Code/queue.o
                0x00003f20                xQueueGenericReceive
 .text.prvCopyDataToQueue
                0x000040dc       0xd4 ./Generated_Code/queue.o
 .text.prvCopyDataFromQueue
                0x000041b0       0x50 ./Generated_Code/queue.o
 .text.prvUnlockQueue
                0x00004200       0x98 ./Generated_Code/queue.o
 .text.prvIsQueueEmpty
                0x00004298       0x2c ./Generated_Code/queue.o
 .text.prvIsQueueFull
                0x000042c4       0x30 ./Generated_Code/queue.o
 .text.pxPortInitialiseStack
                0x000042f4       0x50 ./Generated_Code/port.o
                0x000042f4                pxPortInitialiseStack
 .text.vPortSuppressTicksAndSleep
                0x00004344      0x13c ./Generated_Code/port.o
                0x00004344                vPortSuppressTicksAndSleep
 .text.vPortInitTickTimer
                0x00004480       0x50 ./Generated_Code/port.o
                0x00004480                vPortInitTickTimer
 .text.vPortStartTickTimer
                0x000044d0       0x14 ./Generated_Code/port.o
                0x000044d0                vPortStartTickTimer
 .text.vPortStopTickTimer
                0x000044e4       0x14 ./Generated_Code/port.o
                0x000044e4                vPortStopTickTimer
 .text.xPortStartScheduler
                0x000044f8       0x34 ./Generated_Code/port.o
                0x000044f8                xPortStartScheduler
 .text.vPortEnterCritical
                0x0000452c       0x20 ./Generated_Code/port.o
                0x0000452c                vPortEnterCritical
 .text.vPortExitCritical
                0x0000454c       0x20 ./Generated_Code/port.o
                0x0000454c                vPortExitCritical
 .text.vPortYieldFromISR
                0x0000456c       0x1c ./Generated_Code/port.o
                0x0000456c                vPortYieldFromISR
 .text.vPortTickHandler
                0x00004588       0x1c ./Generated_Code/port.o
                0x00004588                vPortTickHandler
 .text.vPortStartFirstTask
                0x000045a4       0x1c ./Generated_Code/port.o
                0x000045a4                vPortStartFirstTask
 .text.vPortSVCHandler
                0x000045c0       0x28 ./Generated_Code/port.o
                0x000045c0                vPortSVCHandler
 .text.vPortPendSVHandler
                0x000045e8       0x44 ./Generated_Code/port.o
                0x000045e8                vPortPendSVHandler
 .text.vListInitialise
                0x0000462c       0x3c ./Generated_Code/list.o
                0x0000462c                vListInitialise
 .text.vListInitialiseItem
                0x00004668       0x14 ./Generated_Code/list.o
                0x00004668                vListInitialiseItem
 .text.vListInsertEnd
                0x0000467c       0x44 ./Generated_Code/list.o
                0x0000467c                vListInsertEnd
 .text.vListInsert
                0x000046c0       0x6c ./Generated_Code/list.o
                0x000046c0                vListInsert
 .text.uxListRemove
                0x0000472c       0x50 ./Generated_Code/list.o
                0x0000472c                uxListRemove
 .text.pvPortMalloc
                0x0000477c      0x12c ./Generated_Code/heap_2.o
                0x0000477c                pvPortMalloc
 .text.vPortFree
                0x000048a8       0x78 ./Generated_Code/heap_2.o
                0x000048a8                vPortFree
 .text.prvHeapInit
                0x00004920       0x4c ./Generated_Code/heap_2.o
 .text.TU2_Init
                0x0000496c      0x108 ./Generated_Code/TU2.o
                0x0000496c                TU2_Init
 .text.TU2_Enable
                0x00004a74       0x30 ./Generated_Code/TU2.o
                0x00004a74                TU2_Enable
 .text.TU2_Disable
                0x00004aa4       0x24 ./Generated_Code/TU2.o
                0x00004aa4                TU2_Disable
 .text.TU2_GetPeriodTicks
                0x00004ac8       0x3c ./Generated_Code/TU2.o
                0x00004ac8                TU2_GetPeriodTicks
 .text.TU2_ResetCounter
                0x00004b04       0x1c ./Generated_Code/TU2.o
                0x00004b04                TU2_ResetCounter
 .text.TU2_SetOffsetTicks
                0x00004b20       0x58 ./Generated_Code/TU2.o
                0x00004b20                TU2_SetOffsetTicks
 .text.TU2_Interrupt
                0x00004b78       0x7c ./Generated_Code/TU2.o
                0x00004b78                TU2_Interrupt
 .text.TU1_Init
                0x00004bf4       0xe4 ./Generated_Code/TU1.o
                0x00004bf4                TU1_Init
 .text.TU1_GetPeriodTicks
                0x00004cd8       0x3c ./Generated_Code/TU1.o
                0x00004cd8                TU1_GetPeriodTicks
 .text.TU1_SetOffsetTicks
                0x00004d14       0x58 ./Generated_Code/TU1.o
                0x00004d14                TU1_SetOffsetTicks
 .text.TU0_Init
                0x00004d6c       0xe0 ./Generated_Code/TU0.o
                0x00004d6c                TU0_Init
 .text.TU0_GetPeriodTicks
                0x00004e4c       0x3c ./Generated_Code/TU0.o
                0x00004e4c                TU0_GetPeriodTicks
 .text.TU0_SetOffsetTicks
                0x00004e88       0x58 ./Generated_Code/TU0.o
                0x00004e88                TU0_SetOffsetTicks
 .text.TSSTouch_InitDevices
                0x00004ee0       0x44 ./Generated_Code/TSSTouch.o
                0x00004ee0                TSSTouch_InitDevices
 .text.PwmLdd4_Init
                0x00004f24       0x54 ./Generated_Code/PwmLdd4.o
                0x00004f24                PwmLdd4_Init
 .text.PwmLdd4_Enable
                0x00004f78       0x30 ./Generated_Code/PwmLdd4.o
                0x00004f78                PwmLdd4_Enable
 .text.PwmLdd4_Disable
                0x00004fa8       0x38 ./Generated_Code/PwmLdd4.o
                0x00004fa8                PwmLdd4_Disable
 .text.PwmLdd4_SetRatio8
                0x00004fe0       0x34 ./Generated_Code/PwmLdd4.o
                0x00004fe0                PwmLdd4_SetRatio8
 .text.SetRatio
                0x00005014       0x68 ./Generated_Code/PwmLdd4.o
 .text.PwmLdd3_Init
                0x0000507c       0x54 ./Generated_Code/PwmLdd3.o
                0x0000507c                PwmLdd3_Init
 .text.PwmLdd3_SetRatio8
                0x000050d0       0x34 ./Generated_Code/PwmLdd3.o
                0x000050d0                PwmLdd3_SetRatio8
 .text.SetRatio
                0x00005104       0x68 ./Generated_Code/PwmLdd3.o
 .text.PwmLdd2_Init
                0x0000516c       0x54 ./Generated_Code/PwmLdd2.o
                0x0000516c                PwmLdd2_Init
 .text.PwmLdd1_Init
                0x000051c0       0x54 ./Generated_Code/PwmLdd1.o
                0x000051c0                PwmLdd1_Init
 .text.PwmLdd1_SetRatio8
                0x00005214       0x34 ./Generated_Code/PwmLdd1.o
                0x00005214                PwmLdd1_SetRatio8
 .text.SetRatio
                0x00005248       0x68 ./Generated_Code/PwmLdd1.o
 .text.MMA0_Init
                0x000052b0       0x38 ./Generated_Code/MMA0.o
                0x000052b0                MMA0_Init
 .text.MMA0_MeasureGetRawX
                0x000052e8       0x40 ./Generated_Code/MMA0.o
                0x000052e8                MMA0_MeasureGetRawX
 .text.MMA0_MeasureGetRawY
                0x00005328       0x40 ./Generated_Code/MMA0.o
                0x00005328                MMA0_MeasureGetRawY
 .text.MMA0_MeasureGetRawZ
                0x00005368       0x40 ./Generated_Code/MMA0.o
                0x00005368                MMA0_MeasureGetRawZ
 .text.MMA0_GetX
                0x000053a8       0x38 ./Generated_Code/MMA0.o
                0x000053a8                MMA0_GetX
 .text.MMA0_GetY
                0x000053e0       0x38 ./Generated_Code/MMA0.o
                0x000053e0                MMA0_GetY
 .text.MMA0_GetZ
                0x00005418       0x38 ./Generated_Code/MMA0.o
                0x00005418                MMA0_GetZ
 .text.IO1_Init
                0x00005450      0x16c ./Generated_Code/IO1.o
                0x00005450                IO1_Init
 .text.I2C1_Interrupt
                0x000055bc      0x26c ./Generated_Code/I2C1.o
                0x000055bc                I2C1_Interrupt
 .text.I2C0_Interrupt
                0x00005828      0x278 ./Generated_Code/I2C0.o
                0x00005828                I2C0_Interrupt
 .text.I2C0_Init
                0x00005aa0      0x11c ./Generated_Code/I2C0.o
                0x00005aa0                I2C0_Init
 .text.I2C0_MasterSendBlock
                0x00005bbc      0x158 ./Generated_Code/I2C0.o
                0x00005bbc                I2C0_MasterSendBlock
 .text.I2C0_MasterReceiveBlock
                0x00005d14      0x158 ./Generated_Code/I2C0.o
                0x00005d14                I2C0_MasterReceiveBlock
 .text.I2C0_SelectSlaveDevice
                0x00005e6c      0x100 ./Generated_Code/I2C0.o
                0x00005e6c                I2C0_SelectSlaveDevice
 .text.GI2C0_RequestBus
                0x00005f6c       0x1c ./Generated_Code/GI2C0.o
                0x00005f6c                GI2C0_RequestBus
 .text.GI2C0_ReleaseBus
                0x00005f88       0x18 ./Generated_Code/GI2C0.o
                0x00005f88                GI2C0_ReleaseBus
 .text.GI2C0_SelectSlave
                0x00005fa0       0x40 ./Generated_Code/GI2C0.o
                0x00005fa0                GI2C0_SelectSlave
 .text.GI2C0_UnselectSlave
                0x00005fe0       0x10 ./Generated_Code/GI2C0.o
                0x00005fe0                GI2C0_UnselectSlave
 .text.GI2C0_ReadAddress
                0x00005ff0       0xd8 ./Generated_Code/GI2C0.o
                0x00005ff0                GI2C0_ReadAddress
 .text.GI2C0_WriteAddress
                0x000060c8      0x140 ./Generated_Code/GI2C0.o
                0x000060c8                GI2C0_WriteAddress
 .text.I2C0_OnMasterBlockSent
                0x00006208       0x24 ./Generated_Code/GI2C0.o
                0x00006208                I2C0_OnMasterBlockSent
 .text.I2C0_OnMasterBlockReceived
                0x0000622c       0x24 ./Generated_Code/GI2C0.o
                0x0000622c                I2C0_OnMasterBlockReceived
 .text.GI2C0_Init
                0x00006250       0x40 ./Generated_Code/GI2C0.o
                0x00006250                GI2C0_Init
 .text.GI2C0_WriteByteAddress8
                0x00006290       0x34 ./Generated_Code/GI2C0.o
                0x00006290                GI2C0_WriteByteAddress8
 .text.__read_console
                0x000062c4       0x8c ./Generated_Code/CsIO0.o
                0x000062c4                __read_console
 .text.__write_console
                0x00006350       0x7c ./Generated_Code/CsIO0.o
                0x00006350                __write_console
 .text.__close_console
                0x000063cc       0x14 ./Generated_Code/CsIO0.o
                0x000063cc                __close_console
 .text.Cpu_INT_NMIInterrupt
                0x000063e0        0xc ./Generated_Code/Cpu.o
                0x000063e0                Cpu_INT_NMIInterrupt
 .text.Cpu_Interrupt
                0x000063ec        0xc ./Generated_Code/Cpu.o
                0x000063ec                Cpu_Interrupt
 .text.__init_hardware
                0x000063f8      0x174 ./Generated_Code/Cpu.o
                0x000063f8                __init_hardware
 .text.PE_low_level_init
                0x0000656c       0xf0 ./Generated_Code/Cpu.o
                0x0000656c                PE_low_level_init
 .text.zero_fill_bss
                0x0000665c       0x24 ./Project_Settings/Startup_Code/__arm_start.o
 .text.__thumb_startup
                0x00006680       0x30 ./Project_Settings/Startup_Code/__arm_start.o
                0x00006680                __thumb_startup
 .text._ExitProcess
                0x000066b0        0xc ./Project_Settings/Startup_Code/__arm_end.o
                0x000066b0                _ExitProcess
 .text.TSS_IIRFilterEquation
                0x000066bc       0x30 ./Sources/TSS/TSS_SystemSetupData.o
                0x000066bc                TSS_IIRFilterEquation
 .text.TSIL_InitModule
                0x000066ec       0x38 ./Sources/TSS/TSS_SensorTSIL.o
                0x000066ec                TSIL_InitModule
 .text.TSIL_SetNSamples
                0x00006724       0x68 ./Sources/TSS/TSS_SensorTSIL.o
                0x00006724                TSIL_SetNSamples
 .text.TSIL_InitLowPower
                0x0000678c       0x8c ./Sources/TSS/TSS_SensorTSIL.o
                0x0000678c                TSIL_InitLowPower
 .text.TSIL_InitPEN
                0x00006818      0x238 ./Sources/TSS/TSS_SensorTSIL.o
                0x00006818                TSIL_InitPEN
 .text.TSIL_Recalibrate
                0x00006a50      0x604 ./Sources/TSS/TSS_SensorTSIL.o
                0x00006a50                TSIL_Recalibrate
 .text.TSIL_InitThresholds
                0x00007054      0x118 ./Sources/TSS/TSS_SensorTSIL.o
                0x00007054                TSIL_InitThresholds
 .text.TSIL_InitTrigger
                0x0000716c      0x1b8 ./Sources/TSS/TSS_SensorTSIL.o
                0x0000716c                TSIL_InitTrigger
 .text.TSIL_MethodControl
                0x00007324      0x340 ./Sources/TSS/TSS_SensorTSIL.o
                0x00007324                TSIL_MethodControl
 .text.TSIL_ReadCounter
                0x00007664       0xd4 ./Sources/TSS/TSS_SensorTSIL.o
                0x00007664                TSIL_ReadCounter
 .text.TSIL_HandleMeasurement
                0x00007738       0xfc ./Sources/TSS/TSS_SensorTSIL.o
                0x00007738                TSIL_HandleMeasurement
 .text.TSIL_SampleElectrode
                0x00007834      0x284 ./Sources/TSS/TSS_SensorTSIL.o
                0x00007834                TSIL_SampleElectrode
 .text.TSS_TSI0Isr
                0x00007ab8      0x1d4 ./Sources/TSS/TSS_SensorTSIL.o
                0x00007ab8                TSS_TSI0Isr
 .text.TSS_SensorInitCallback
                0x00007c8c       0x3c ./Sources/TSS/TSS_Sensor.o
                0x00007c8c                TSS_SensorInitCallback
 .text.TSS_SensorInit
                0x00007cc8       0x2c ./Sources/TSS/TSS_Sensor.o
                0x00007cc8                TSS_SensorInit
 .text.taskWriteStringWork
                0x00007cf4       0x3c ./Sources/Tasks/TaskWriteString.o
                0x00007cf4                taskWriteStringWork
 .text.TaskWriteString
                0x00007d30       0x10 ./Sources/Tasks/TaskWriteString.o
 .text.taskWriteStringStart
                0x00007d40       0x48 ./Sources/Tasks/TaskWriteString.o
                0x00007d40                taskWriteStringStart
 .text.sonarEventEchoOverflow
                0x00007d88       0x18 ./Sources/Tasks/TaskSonar.o
                0x00007d88                sonarEventEchoOverflow
 .text.taskSendString2Work
                0x00007da0       0x2c ./Sources/Tasks/TaskSendString2.o
                0x00007da0                taskSendString2Work
 .text.TaskSendString2
                0x00007dcc       0x10 ./Sources/Tasks/TaskSendString2.o
 .text.taskSendString2Start
                0x00007ddc       0x4c ./Sources/Tasks/TaskSendString2.o
                0x00007ddc                taskSendString2Start
 .text.taskSendString1Work
                0x00007e28       0x2c ./Sources/Tasks/TaskSendString1.o
                0x00007e28                taskSendString1Work
 .text.TaskSendString1
                0x00007e54       0x10 ./Sources/Tasks/TaskSendString1.o
 .text.taskSendString1Start
                0x00007e64       0x4c ./Sources/Tasks/TaskSendString1.o
                0x00007e64                taskSendString1Start
 .text.taskSendStringWork
                0x00007eb0       0x24 ./Sources/Tasks/TaskSendString.o
                0x00007eb0                taskSendStringWork
 .text.TaskSendString
                0x00007ed4       0x18 ./Sources/Tasks/TaskSendString.o
 .text.taskSendStringStart
                0x00007eec       0x6c ./Sources/Tasks/TaskSendString.o
                0x00007eec                taskSendStringStart
 .text.taskSendGlobalVariableWork
                0x00007f58       0x24 ./Sources/Tasks/TaskSendGlobalVariable.o
                0x00007f58                taskSendGlobalVariableWork
 .text.TaskSendGlobalVariable
                0x00007f7c       0x10 ./Sources/Tasks/TaskSendGlobalVariable.o
 .text.taskSendGlobalVariableStart
                0x00007f8c       0x4c ./Sources/Tasks/TaskSendGlobalVariable.o
                0x00007f8c                taskSendGlobalVariableStart
 .text.taskAccelerometerWork
                0x00007fd8       0xb0 ./Sources/Tasks/TaskAccelerometer.o
                0x00007fd8                taskAccelerometerWork
 .text.TaskAccelerometer
                0x00008088       0x50 ./Sources/Tasks/TaskAccelerometer.o
 .text.taskAccelerometerStart
                0x000080d8       0x4c ./Sources/Tasks/TaskAccelerometer.o
                0x000080d8                taskAccelerometerStart
 .text.initGlobalVariables
                0x00008124       0x14 ./Sources/Util/GlobalVariables.o
                0x00008124                initGlobalVariables
 .text.getIdleTaskHookInteger
                0x00008138       0x14 ./Sources/Util/GlobalVariables.o
                0x00008138                getIdleTaskHookInteger
 .text.incrementIdleTaskHookInteger
                0x0000814c       0x18 ./Sources/Util/GlobalVariables.o
                0x0000814c                incrementIdleTaskHookInteger
 .text.main     0x00008164       0xa8 ./Sources/ProcessorExpert.o
                0x00008164                main
 .text.I2C1_OnMasterBlockSent
                0x0000820c       0x18 ./Sources/Events.o
                0x0000820c                I2C1_OnMasterBlockSent
 .text.I2C1_OnMasterBlockReceived
                0x00008224       0x18 ./Sources/Events.o
                0x00008224                I2C1_OnMasterBlockReceived
 .text.TSSTouch_fOnFault
                0x0000823c       0x3c ./Sources/Events.o
                0x0000823c                TSSTouch_fOnFault
 .text.TSSTouch_fOnInit
                0x00008278        0xc ./Sources/Events.o
                0x00008278                TSSTouch_fOnInit
 .text.TSSTouch_fCallBack0
                0x00008284       0x98 ./Sources/Events.o
                0x00008284                TSSTouch_fCallBack0
 .text.TU2_OnChannel0
                0x0000831c       0x18 ./Sources/Events.o
                0x0000831c                TU2_OnChannel0
 .text.Cpu_OnNMIINT0
                0x00008334        0x8 ./Sources/Events.o
                0x00008334                Cpu_OnNMIINT0
 .text.FreeRTOS0_vApplicationTickHook
                0x0000833c        0x8 ./Sources/Events.o
                0x0000833c                FreeRTOS0_vApplicationTickHook
 .text.FreeRTOS0_vApplicationIdleHook
                0x00008344        0xc ./Sources/Events.o
                0x00008344                FreeRTOS0_vApplicationIdleHook
 .text.FreeRTOS0_vApplicationMallocFailedHook
                0x00008350        0x8 ./Sources/Events.o
                0x00008350                FreeRTOS0_vApplicationMallocFailedHook
 .text.FreeRTOS0_vOnPreSleepProcessing
                0x00008358       0x10 ./Sources/Events.o
                0x00008358                FreeRTOS0_vOnPreSleepProcessing
 .text.FreeRTOS0_vApplicationStackOverflowHook
                0x00008368       0x10 ./Sources/Events.o
                0x00008368                FreeRTOS0_vApplicationStackOverflowHook
 .text.FreeRTOS0_vOnPostSleepProcessing
                0x00008378       0x10 ./Sources/Events.o
                0x00008378                FreeRTOS0_vOnPostSleepProcessing
 .text.printf   0x00008388       0x28 C:/Freescale/CW MCU v10.6/MCU/ARM_GCC_Support/ewl/lib/armv6-m\libc.a(printf.o)
                0x00008388                printf
 .text.putchar  0x000083b0       0x28 C:/Freescale/CW MCU v10.6/MCU/ARM_GCC_Support/ewl/lib/armv6-m\libc.a(putchar.o)
                0x000083b0                putchar
 .text.puts     0x000083d8       0x54 C:/Freescale/CW MCU v10.6/MCU/ARM_GCC_Support/ewl/lib/armv6-m\libc.a(puts.o)
                0x000083d8                puts
 .text.sprintf  0x0000842c       0x1a C:/Freescale/CW MCU v10.6/MCU/ARM_GCC_Support/ewl/lib/armv6-m\libc.a(sprintf.o)
                0x0000842c                sprintf
 .text.__StringWrite
                0x00008446       0x26 C:/Freescale/CW MCU v10.6/MCU/ARM_GCC_Support/ewl/lib/armv6-m\libc.a(vsnprintf.o)
                0x00008446                __StringWrite
 .text.vsnprintf
                0x0000846c       0x38 C:/Freescale/CW MCU v10.6/MCU/ARM_GCC_Support/ewl/lib/armv6-m\libc.a(vsnprintf.o)
                0x0000846c                vsnprintf
 .text.exit     0x000084a4       0x38 C:/Freescale/CW MCU v10.6/MCU/ARM_GCC_Support/ewl/lib/armv6-m\libc.a(exit.o)
                0x000084a4                exit
 .text.memcpy   0x000084dc       0x12 C:/Freescale/CW MCU v10.6/MCU/ARM_GCC_Support/ewl/lib/armv6-m\libc.a(memcpy.o)
                0x000084dc                memcpy
 .text.memset   0x000084ee        0xc C:/Freescale/CW MCU v10.6/MCU/ARM_GCC_Support/ewl/lib/armv6-m\libc.a(memset.o)
                0x000084ee                memset
 .text.strchr   0x000084fa       0x1e C:/Freescale/CW MCU v10.6/MCU/ARM_GCC_Support/ewl/lib/armv6-m\libc.a(strchr.o)
                0x000084fa                strchr
 .text.strlen   0x00008518       0x10 C:/Freescale/CW MCU v10.6/MCU/ARM_GCC_Support/ewl/lib/armv6-m\libc.a(strlen.o)
                0x00008518                strlen
 .text.long2str.isra.0
                0x00008528      0x19c C:/Freescale/CW MCU v10.6/MCU/ARM_GCC_Support/ewl/lib/armv6-m\libc.a(printformat_.o)
 .text.__pformatter_
                0x000086c4      0x428 C:/Freescale/CW MCU v10.6/MCU/ARM_GCC_Support/ewl/lib/armv6-m\libc.a(printformat_.o)
                0x000086c4                __pformatter_
 .text.__sformatter
                0x00008aec      0x698 C:/Freescale/CW MCU v10.6/MCU/ARM_GCC_Support/ewl/lib/armv6-m\libc.a(scanformat_.o)
                0x00008aec                __sformatter
 .text.isalpha  0x00009184       0x20 C:/Freescale/CW MCU v10.6/MCU/ARM_GCC_Support/ewl/lib/armv6-m\libc.a(ctype_aeabi.o)
                0x00009184                isalpha
 .text.isspace  0x000091a4       0x20 C:/Freescale/CW MCU v10.6/MCU/ARM_GCC_Support/ewl/lib/armv6-m\libc.a(ctype_aeabi.o)
                0x000091a4                isspace
 .text.toupper  0x000091c4        0xe C:/Freescale/CW MCU v10.6/MCU/ARM_GCC_Support/ewl/lib/armv6-m\libc.a(ctype_aeabi.o)
                0x000091c4                toupper
 .text.__put_char
                0x000091d2       0x90 C:/Freescale/CW MCU v10.6/MCU/ARM_GCC_Support/ewl/lib/armv6-m\libc.a(__putchar.o)
                0x000091d2                __put_char
 .text.__fwrite
                0x00009262      0x160 C:/Freescale/CW MCU v10.6/MCU/ARM_GCC_Support/ewl/lib/armv6-m\libc.a(fwrite.o)
                0x00009262                __fwrite
 .text.__FileWrite
                0x000093c2       0x1c C:/Freescale/CW MCU v10.6/MCU/ARM_GCC_Support/ewl/lib/armv6-m\libc.a(fwrite.o)
                0x000093c2                __FileWrite
 .text.__strtoul
                0x000093de      0x1ce C:/Freescale/CW MCU v10.6/MCU/ARM_GCC_Support/ewl/lib/armv6-m\libc.a(__strtoul.o)
                0x000093de                __strtoul
 .text.__fill_mem
                0x000095ac       0x7e C:/Freescale/CW MCU v10.6/MCU/ARM_GCC_Support/ewl/lib/armv6-m\libc.a(__filll_mem.o)
                0x000095ac                __fill_mem
 .text.__memrchr
                0x0000962a       0x1e C:/Freescale/CW MCU v10.6/MCU/ARM_GCC_Support/ewl/lib/armv6-m\libc.a(__memrchr.o)
                0x0000962a                __memrchr
 .text.memchr   0x00009648       0x1a C:/Freescale/CW MCU v10.6/MCU/ARM_GCC_Support/ewl/lib/armv6-m\libc.a(memchr.o)
                0x00009648                memchr
 .text.__prep_buffer
                0x00009662       0x14 C:/Freescale/CW MCU v10.6/MCU/ARM_GCC_Support/ewl/lib/armv6-m\libc.a(__buffer_io.o)
                0x00009662                __prep_buffer
 .text.__flush_buffer
                0x00009676       0x38 C:/Freescale/CW MCU v10.6/MCU/ARM_GCC_Support/ewl/lib/armv6-m\libc.a(__buffer_io.o)
                0x00009676                __flush_buffer
 *fill*         0x000096ae        0x2 00
 .text.__init_cpp
                0x000096b0       0x48 C:/Freescale/CW MCU v10.6/MCU/ARM_GCC_Support/ewl/lib/armv6-m\librt.a(gcc_ctor_dtor.o)
                0x000096b0                __init_cpp
 .text.__fini_cpp
                0x000096f8       0x34 C:/Freescale/CW MCU v10.6/MCU/ARM_GCC_Support/ewl/lib/armv6-m\librt.a(gcc_ctor_dtor.o)
                0x000096f8                __fini_cpp
 .text.__copy_rom_section
                0x0000972c       0x48 C:/Freescale/CW MCU v10.6/MCU/ARM_GCC_Support/ewl/lib/armv6-m\librt.a(ROMCopy.o)
                0x0000972c                __copy_rom_section
 .text.__copy_rom_sections_to_ram
                0x00009774       0x34 C:/Freescale/CW MCU v10.6/MCU/ARM_GCC_Support/ewl/lib/armv6-m\librt.a(ROMCopy.o)
                0x00009774                __copy_rom_sections_to_ram
 .text.__destroy_global_chain
                0x000097a8       0x1c C:/Freescale/CW MCU v10.6/MCU/ARM_GCC_Support/ewl/lib/armv6-m\librt.a(__arm_eabi_init.o)
                0x000097a8                __destroy_global_chain
 .text.__init_registers
                0x000097c4       0x1c C:/Freescale/CW MCU v10.6/MCU/ARM_GCC_Support/ewl/lib/armv6-m\librt.a(__arm_eabi_init.o)
                0x000097c4                __init_registers
 .text.__init_user
                0x000097e0        0x4 C:/Freescale/CW MCU v10.6/MCU/ARM_GCC_Support/ewl/lib/armv6-m\librt.a(__arm_eabi_init.o)
                0x000097e0                __init_user
 *(.rodata)
 .rodata        0x000097e4        0x8 ./Generated_Code/tasks.o
 .rodata        0x000097ec       0x24 ./Sources/Tasks/TaskWriteString.o
 .rodata        0x00009810       0x28 ./Sources/Tasks/TaskSendString2.o
 .rodata        0x00009838       0x28 ./Sources/Tasks/TaskSendString1.o
 .rodata        0x00009860       0x44 ./Sources/Tasks/TaskSendString.o
 .rodata        0x000098a4       0x38 ./Sources/Tasks/TaskSendGlobalVariable.o
 .rodata        0x000098dc       0x2c ./Sources/Tasks/TaskAccelerometer.o
 .rodata        0x00009908       0x14 C:/Users/Judah/Documents/GitHub/M0PlusFreeRTOS/M0PlusFreeRTOS/Sources/TSS\libTSS_KXX_M0.a(TSS_KeyDetector.o)
 .rodata        0x0000991c        0xc C:/Users/Judah/Documents/GitHub/M0PlusFreeRTOS/M0PlusFreeRTOS/Sources/TSS\libTSS_KXX_M0.a(TSS_Main.o)
 *(.rodata*)
 .rodata.heapSTRUCT_SIZE
                0x00009928        0x2 ./Generated_Code/heap_2.o
 *fill*         0x0000992a        0x2 00
 .rodata.ChannelDevice
                0x0000992c        0x4 ./Generated_Code/TU2.o
 .rodata.ChannelMode
                0x00009930        0x4 ./Generated_Code/TU2.o
 .rodata.ChannelDevice
                0x00009934        0x4 ./Generated_Code/TU1.o
 .rodata.ChannelMode
                0x00009938        0x4 ./Generated_Code/TU1.o
 .rodata.ChannelDevice
                0x0000993c        0x4 ./Generated_Code/TU0.o
 .rodata.ChannelMode
                0x00009940        0x4 ./Generated_Code/TU0.o
 .rodata.InitialCalibration
                0x00009944        0x8 ./Generated_Code/MMA0.o
 .rodata.addr.6518
                0x0000994c        0x1 ./Generated_Code/MMA0.o
 .rodata.addr.6510
                0x0000994d        0x1 ./Generated_Code/MMA0.o
 .rodata.addr.6502
                0x0000994e        0x1 ./Generated_Code/MMA0.o
 *fill*         0x0000994f        0x1 00
 .rodata.TSS_C0_INPUTS_GROUP
                0x00009950        0x4 ./Sources/TSS/TSS_SystemSetupData.o
                0x00009950                TSS_C0_INPUTS_GROUP
 .rodata.TSS_C0_STRUCTURE_ROM_CONTEXT
                0x00009954       0x1c ./Sources/TSS/TSS_SystemSetupData.o
                0x00009954                TSS_C0_STRUCTURE_ROM_CONTEXT
 .rodata.tss_faCallback
                0x00009970        0x4 ./Sources/TSS/TSS_SystemSetupData.o
                0x00009970                tss_faCallback
 .rodata.tss_acpsDecRAMContext
                0x00009974        0x4 ./Sources/TSS/TSS_SystemSetupData.o
                0x00009974                tss_acpsDecRAMContext
 .rodata.tss_acpsDecROMContext
                0x00009978        0x4 ./Sources/TSS/TSS_SystemSetupData.o
                0x00009978                tss_acpsDecROMContext
 .rodata.tss_acpsCSStructs
                0x0000997c        0x4 ./Sources/TSS/TSS_SystemSetupData.o
                0x0000997c                tss_acpsCSStructs
 .rodata.tss_faDecoders
                0x00009980        0x4 ./Sources/TSS/TSS_SystemSetupData.o
                0x00009980                tss_faDecoders
 .rodata.tss_cau8ShieldPairs
                0x00009984        0x4 ./Sources/TSS/TSS_SystemSetupData.o
                0x00009984                tss_cau8ShieldPairs
 .rodata.tss_cau8SignalDivider
                0x00009988        0x4 ./Sources/TSS/TSS_SystemSetupData.o
                0x00009988                tss_cau8SignalDivider
 .rodata.tss_cau8SignalMultiplier
                0x0000998c        0x4 ./Sources/TSS/TSS_SystemSetupData.o
                0x0000998c                tss_cau8SignalMultiplier
 .rodata.tss_fSetInternalPrivateData
                0x00009990        0x4 ./Sources/TSS/TSS_SystemSetupData.o
                0x00009990                tss_fSetInternalPrivateData
 .rodata.tss_fDecodersControl
                0x00009994        0x4 ./Sources/TSS/TSS_SystemSetupData.o
                0x00009994                tss_fDecodersControl
 .rodata.tss_cu8NumElecs
                0x00009998        0x1 ./Sources/TSS/TSS_SystemSetupData.o
                0x00009998                tss_cu8NumElecs
 .rodata.tss_cu8NumCtrls
                0x00009999        0x1 ./Sources/TSS/TSS_SystemSetupData.o
                0x00009999                tss_cu8NumCtrls
 .rodata.tss_cu8ElecBitFldLn
                0x0000999a        0x1 ./Sources/TSS/TSS_SystemSetupData.o
                0x0000999a                tss_cu8ElecBitFldLn
 *fill*         0x0000999b        0x1 00
 .rodata.tss_fCalculateIIRFilter
                0x0000999c        0x4 ./Sources/TSS/TSS_SystemSetupData.o
                0x0000999c                tss_fCalculateIIRFilter
 .rodata.tss_fCalculateShielding
                0x000099a0        0x4 ./Sources/TSS/TSS_SystemSetupData.o
                0x000099a0                tss_fCalculateShielding
 .rodata.tss_fInitPrevCapSample
                0x000099a4        0x4 ./Sources/TSS/TSS_SystemSetupData.o
                0x000099a4                tss_fInitPrevCapSample
 .rodata.tss_fFillDeltaLogBuffer
                0x000099a8        0x4 ./Sources/TSS/TSS_SystemSetupData.o
                0x000099a8                tss_fFillDeltaLogBuffer
 .rodata.tss_fFillSignalLogBuffer
                0x000099ac        0x4 ./Sources/TSS/TSS_SystemSetupData.o
                0x000099ac                tss_fFillSignalLogBuffer
 .rodata.tss_fDataCorruptionCheck
                0x000099b0        0x4 ./Sources/TSS/TSS_SystemSetupData.o
                0x000099b0                tss_fDataCorruptionCheck
 .rodata.tss_fFmstrCall
                0x000099b4        0x4 ./Sources/TSS/TSS_SystemSetupData.o
                0x000099b4                tss_fFmstrCall
 .rodata.tss_fTriggerConfig
                0x000099b8        0x4 ./Sources/TSS/TSS_SystemSetupData.o
                0x000099b8                tss_fTriggerConfig
 .rodata.tss_fTriggerControl
                0x000099bc        0x4 ./Sources/TSS/TSS_SystemSetupData.o
                0x000099bc                tss_fTriggerControl
 .rodata.tss_fLowPowerConfig
                0x000099c0        0x4 ./Sources/TSS/TSS_SystemSetupData.o
                0x000099c0                tss_fLowPowerConfig
 .rodata.tss_fOnFault
                0x000099c4        0x4 ./Sources/TSS/TSS_SystemSetupData.o
                0x000099c4                tss_fOnFault
 .rodata.tss_fOnInit
                0x000099c8        0x4 ./Sources/TSS/TSS_SystemSetupData.o
                0x000099c8                tss_fOnInit
 .rodata.tss_cu8APosFilterWeight
                0x000099cc        0x1 ./Sources/TSS/TSS_SystemSetupData.o
                0x000099cc                tss_cu8APosFilterWeight
 *fill*         0x000099cd        0x3 00
 .rodata.tss_fASliderCalculatePosIIRFilter
                0x000099d0        0x4 ./Sources/TSS/TSS_SystemSetupData.o
                0x000099d0                tss_fASliderCalculatePosIIRFilter
 .rodata.tss_cu8ASliderDelayBufferLength
                0x000099d4        0x1 ./Sources/TSS/TSS_SystemSetupData.o
                0x000099d4                tss_cu8ASliderDelayBufferLength
 *fill*         0x000099d5        0x3 00
 .rodata.tss_fASliderDelayControl
                0x000099d8        0x4 ./Sources/TSS/TSS_SystemSetupData.o
                0x000099d8                tss_fASliderDelayControl
 .rodata.tss_cu8ASliderTrendBufferLength
                0x000099dc        0x1 ./Sources/TSS/TSS_SystemSetupData.o
                0x000099dc                tss_cu8ASliderTrendBufferLength
 .rodata.tss_i8ASliderTrendThreshold
                0x000099dd        0x1 ./Sources/TSS/TSS_SystemSetupData.o
                0x000099dd                tss_i8ASliderTrendThreshold
 *fill*         0x000099de        0x2 00
 .rodata.tss_fASliderTrendThreshold
                0x000099e0        0x4 ./Sources/TSS/TSS_SystemSetupData.o
                0x000099e0                tss_fASliderTrendThreshold
 .rodata.tss_fASliderTrendControl
                0x000099e4        0x4 ./Sources/TSS/TSS_SystemSetupData.o
                0x000099e4                tss_fASliderTrendControl
 .rodata.tss_fOnProximity
                0x000099e8        0x4 ./Sources/TSS/TSS_SystemSetupData.o
                0x000099e8                tss_fOnProximity
 .rodata.tss_fProximityConfig
                0x000099ec        0x4 ./Sources/TSS/TSS_SystemSetupData.o
                0x000099ec                tss_fProximityConfig
 .rodata.tss_fStuckKeyControl
                0x000099f0        0x4 ./Sources/TSS/TSS_SystemSetupData.o
                0x000099f0                tss_fStuckKeyControl
 .rodata.tss_fResetStuckKeyCounter
                0x000099f4        0x4 ./Sources/TSS/TSS_SystemSetupData.o
                0x000099f4                tss_fResetStuckKeyCounter
 .rodata.tss_fNegativeBaselineDrop
                0x000099f8        0x4 ./Sources/TSS/TSS_SystemSetupData.o
                0x000099f8                tss_fNegativeBaselineDrop
 .rodata.tss_fKeyDetectorRecalibrationRequest
                0x000099fc        0x4 ./Sources/TSS/TSS_SystemSetupData.o
                0x000099fc                tss_fKeyDetectorRecalibrationRequest
 .rodata.tss_fSignalDivider
                0x00009a00        0x4 ./Sources/TSS/TSS_SystemSetupData.o
                0x00009a00                tss_fSignalDivider
 .rodata.tss_fSignalMultiplier
                0x00009a04        0x4 ./Sources/TSS/TSS_SystemSetupData.o
                0x00009a04                tss_fSignalMultiplier
 .rodata.tss_fAutoCalibration
                0x00009a08        0x4 ./Sources/TSS/TSS_SystemSetupData.o
                0x00009a08                tss_fAutoCalibration
 .rodata.tss_fSensitivityLowLimitControl
                0x00009a0c        0x4 ./Sources/TSS/TSS_SystemSetupData.o
                0x00009a0c                tss_fSensitivityLowLimitControl
 .rodata.tss_fDeltaNoiseAnalysisIIRControl
                0x00009a10        0x4 ./Sources/TSS/TSS_SystemSetupData.o
                0x00009a10                tss_fDeltaNoiseAnalysisIIRControl
 .rodata.tss_cu8BaselineInitLength
                0x00009a14        0x1 ./Sources/TSS/TSS_SystemSetupData.o
                0x00009a14                tss_cu8BaselineInitLength
 .rodata.tss_cu8AutoCalibInitLength
                0x00009a15        0x1 ./Sources/TSS/TSS_SystemSetupData.o
                0x00009a15                tss_cu8AutoCalibInitLength
 *fill*         0x00009a16        0x2 00
 .rodata.tss_ci8DeltaNoiseAnalysisIIRWeights
                0x00009a18        0x4 ./Sources/TSS/TSS_SystemSetupData.o
                0x00009a18                tss_ci8DeltaNoiseAnalysisIIRWeights
 .rodata.tss_csKeyBasicASCContext
                0x00009a1c        0x8 ./Sources/TSS/TSS_SystemSetupData.o
                0x00009a1c                tss_csKeyBasicASCContext
 .rodata.tss_fKeyDetectorElectrodeEval
                0x00009a24        0x4 ./Sources/TSS/TSS_SystemSetupData.o
                0x00009a24                tss_fKeyDetectorElectrodeEval
 .rodata.tss_fKeyDetectorIntegrationResetEval
                0x00009a28        0x4 ./Sources/TSS/TSS_SystemSetupData.o
                0x00009a28                tss_fKeyDetectorIntegrationResetEval
 .rodata.tss_fKeyNoiseSchedulerInit
                0x00009a2c        0x4 ./Sources/TSS/TSS_SystemSetupData.o
                0x00009a2c                tss_fKeyNoiseSchedulerInit
 .rodata.tss_fKeyNoiseSchedulerRun
                0x00009a30        0x4 ./Sources/TSS/TSS_SystemSetupData.o
                0x00009a30                tss_fKeyNoiseSchedulerRun
 .rodata.tss_fGetSystemDataContext
                0x00009a34        0x4 ./Sources/TSS/TSS_SystemSetupData.o
                0x00009a34                tss_fGetSystemDataContext
 .rodata.TSS_TSIL0_METHOD_ROMDATA_CONTEXT
                0x00009a38       0x10 ./Sources/TSS/TSS_SensorTSIL.o
                0x00009a38                TSS_TSIL0_METHOD_ROMDATA_CONTEXT
 .rodata.TSS_E0_ROMDATA_CONTEXT
                0x00009a48        0xc ./Sources/TSS/TSS_SensorTSIL.o
                0x00009a48                TSS_E0_ROMDATA_CONTEXT
 .rodata.TSS_E1_ROMDATA_CONTEXT
                0x00009a54        0xc ./Sources/TSS/TSS_SensorTSIL.o
                0x00009a54                TSS_E1_ROMDATA_CONTEXT
 .rodata.TSIL_MethodControl
                0x00009a60       0x24 ./Sources/TSS/TSS_SensorTSIL.o
 .rodata.TSIL_SampleElectrode
                0x00009a84       0x28 ./Sources/TSS/TSS_SensorTSIL.o
 .rodata.tss_faSampleElectrode
                0x00009aac        0x8 ./Sources/TSS/TSS_Sensor.o
                0x00009aac                tss_faSampleElectrode
 .rodata.tss_acp8ElectrodeROMData
                0x00009ab4        0x8 ./Sources/TSS/TSS_Sensor.o
                0x00009ab4                tss_acp8ElectrodeROMData
 .rodata.str1.1
                0x00009abc        0x1 C:/Freescale/CW MCU v10.6/MCU/ARM_GCC_Support/ewl/lib/armv6-m\libc.a(printformat_.o)
 .rodata.CSWTCH.20
                0x00009abd        0x5 C:/Freescale/CW MCU v10.6/MCU/ARM_GCC_Support/ewl/lib/armv6-m\libc.a(printformat_.o)
 .rodata.CSWTCH.21
                0x00009ac2        0x5 C:/Freescale/CW MCU v10.6/MCU/ARM_GCC_Support/ewl/lib/armv6-m\libc.a(printformat_.o)
 .rodata.__aeabi_ctype_table_C
                0x00009ac7      0x101 C:/Freescale/CW MCU v10.6/MCU/ARM_GCC_Support/ewl/lib/armv6-m\libc.a(ctype_aeabi.o)
                0x00009ac7                __aeabi_ctype_table_C
 *(.glue_7)
 .glue_7        0x00000000        0x0 linker stubs
 *(.glue_7t)
 .glue_7t       0x00000000        0x0 linker stubs
 *(.eh_frame)
 *(.init)
 *(.fini)
                0x00009bc8                . = ALIGN (0x4)
                0x00009bc8                _etext = .

.vfp11_veneer   0x00009bc8        0x0
 .vfp11_veneer  0x00000000        0x0 linker stubs

.v4_bx          0x00009bc8        0x0
 .v4_bx         0x00000000        0x0 linker stubs

.iplt           0x00009bc8        0x0
 .iplt          0x00000000        0x0 ./Generated_Code/timers.o

.rel.dyn        0x00009bc8        0x0
 .rel.iplt      0x00000000        0x0 ./Generated_Code/timers.o

.ARM.extab
 *(.ARM.extab* .gnu.linkonce.armextab.*)

.ARM            0x00009bc8        0x0
                0x00009bc8                __exidx_start = .
 *(.ARM.exidx*)
                0x00009bc8                __exidx_end = .

.ctors          0x00009bc8        0x0
                0x00009bc8                __CTOR_LIST__ = .
 *crtbegin.o(.ctors)
 *(EXCLUDE_FILE(*crtend.o) .ctors)
 *(SORT(.ctors.*))
 *(.ctors)
                0x00009bc8                __CTOR_END__ = .

.dtors          0x00009bc8        0x0
                0x00009bc8                __DTOR_LIST__ = .
 *crtbegin.o(.dtors)
 *(EXCLUDE_FILE(*crtend.o) .dtors)
 *(SORT(.dtors.*))
 *(.dtors)
                0x00009bc8                __DTOR_END__ = .

.preinit_array  0x00009bc8        0x0
                0x00009bc8                PROVIDE (__preinit_array_start, .)
 *(.preinit_array*)
                0x00009bc8                PROVIDE (__preinit_array_end, .)

.init_array     0x00009bc8        0x0
                0x00009bc8                PROVIDE (__init_array_start, .)
 *(SORT(.init_array.*))
 *(.init_array*)
                0x00009bc8                PROVIDE (__init_array_end, .)

.fini_array     0x00009bc8        0x0
                0x00009bc8                PROVIDE (__fini_array_start, .)
 *(SORT(.fini_array.*))
 *(.fini_array*)
                0x00009bc8                PROVIDE (__fini_array_end, .)
                0x00009bc8                ___ROM_AT = .

.mtb            0x20000000        0x0
                0x20000000                . = ALIGN (0x8)
                0x20000000                _mtb_start = .
 *(.mtb_buf)
                0x20000000                . = ALIGN (0x8)
                0x20000000                _mtb_end = .

.data           0x20000000       0xe4 load address 0x00009bc8
                0x20000000                . = ALIGN (0x4)
                0x20000000                _sdata = .
 *(.data)
 .data          0x20000000        0x1 C:/Users/Judah/Documents/GitHub/M0PlusFreeRTOS/M0PlusFreeRTOS/Sources/TSS\libTSS_KXX_M0.a(TSS_KeyDetector.o)
 *(.data*)
 *fill*         0x20000001        0x3 00
 .data.xNextTaskUnblockTime
                0x20000004        0x4 ./Generated_Code/tasks.o
 .data.uxCriticalNesting
                0x20000008        0x4 ./Generated_Code/port.o
 .data.xFreeBytesRemaining
                0x2000000c        0x4 ./Generated_Code/heap_2.o
 .data.TSSTouch_cKey0
                0x20000010        0x8 ./Sources/TSS/TSS_SystemSetupData.o
                0x20000010                TSSTouch_cKey0
 .data.__files  0x20000018       0xcc C:/Freescale/CW MCU v10.6/MCU/ARM_GCC_Support/ewl/lib/armv6-m\libc.a(ansi_files.o)
                0x20000018                __files
                0x200000e4                . = ALIGN (0x4)
                0x200000e4                _edata = .
                0x000000e4                ___data_size = (_edata - _sdata)
                0x00009cac                ___m_data_1FFFF000_ROMStart = (___ROM_AT + SIZEOF (.data))

.igot.plt       0x200000e4        0x0 load address 0x00009cac
 .igot.plt      0x00000000        0x0 ./Generated_Code/timers.o

.m_data_1FFFF000
                0x1ffff000        0x0 load address 0x00009cac
                0x1ffff000                . = ALIGN (0x4)
                0x1ffff000                ___m_data_1FFFF000_RAMStart = .
 *(.m_data_1FFFF000)
                0x1ffff000                ___m_data_1FFFF000_RAMEnd = .
                0x1ffff000                . = ALIGN (0x4)
                0x00000000                ___m_data_1FFFF000_ROMSize = (___m_data_1FFFF000_RAMEnd - ___m_data_1FFFF000_RAMStart)
                0x1ffff000                . = ALIGN (0x4)

.bss            0x200000e4     0x2b3c load address 0x00009cac
                0x200000e4                __START_BSS = .
                0x200000e4                PROVIDE (__bss_start__, __START_BSS)
 *(.bss)
 .bss           0x200000e4        0x5 C:/Users/Judah/Documents/GitHub/M0PlusFreeRTOS/M0PlusFreeRTOS/Sources/TSS\libTSS_KXX_M0.a(TSS_KeyDetector.o)
 *fill*         0x200000e9        0x3 00
 .bss           0x200000ec        0x8 C:/Users/Judah/Documents/GitHub/M0PlusFreeRTOS/M0PlusFreeRTOS/Sources/TSS\libTSS_KXX_M0.a(TSS_Main.o)
 *(.bss*)
 .bss.pxCurrentTCB
                0x200000f4        0x4 ./Generated_Code/tasks.o
                0x200000f4                pxCurrentTCB
 .bss.pxReadyTasksLists
                0x200000f8       0x78 ./Generated_Code/tasks.o
 .bss.xDelayedTaskList1
                0x20000170       0x14 ./Generated_Code/tasks.o
 .bss.xDelayedTaskList2
                0x20000184       0x14 ./Generated_Code/tasks.o
 .bss.pxDelayedTaskList
                0x20000198        0x4 ./Generated_Code/tasks.o
 .bss.pxOverflowDelayedTaskList
                0x2000019c        0x4 ./Generated_Code/tasks.o
 .bss.xPendingReadyList
                0x200001a0       0x14 ./Generated_Code/tasks.o
 .bss.xSuspendedTaskList
                0x200001b4       0x14 ./Generated_Code/tasks.o
 .bss.uxCurrentNumberOfTasks
                0x200001c8        0x4 ./Generated_Code/tasks.o
 .bss.xTickCount
                0x200001cc        0x4 ./Generated_Code/tasks.o
 .bss.uxTopReadyPriority
                0x200001d0        0x4 ./Generated_Code/tasks.o
 .bss.xSchedulerRunning
                0x200001d4        0x4 ./Generated_Code/tasks.o
 .bss.uxPendedTicks
                0x200001d8        0x4 ./Generated_Code/tasks.o
 .bss.xYieldPending
                0x200001dc        0x4 ./Generated_Code/tasks.o
 .bss.xNumOfOverflows
                0x200001e0        0x4 ./Generated_Code/tasks.o
 .bss.uxTaskNumber
                0x200001e4        0x4 ./Generated_Code/tasks.o
 .bss.uxSchedulerSuspended
                0x200001e8        0x4 ./Generated_Code/tasks.o
 .bss.xMaximumPossibleSuppressedTicks
                0x200001ec        0x4 ./Generated_Code/port.o
 .bss.ulStoppedTimerCompensation
                0x200001f0        0x4 ./Generated_Code/port.o
 .bss.ucHeap    0x200001f4     0x2710 ./Generated_Code/heap_2.o
 .bss.xStart    0x20002904        0x8 ./Generated_Code/heap_2.o
 .bss.xEnd      0x2000290c        0x8 ./Generated_Code/heap_2.o
 .bss.xHeapHasBeenInitialised.7991
                0x20002914        0x4 ./Generated_Code/heap_2.o
 .bss.DeviceDataPrv__DEFAULT_RTOS_ALLOC
                0x20002918       0x10 ./Generated_Code/TU2.o
 .bss.INT_TPM1__BAREBOARD_RTOS_ISRPARAM
                0x20002928        0x4 ./Generated_Code/TU2.o
 .bss.DeviceDataPrv__DEFAULT_RTOS_ALLOC
                0x2000292c        0xc ./Generated_Code/TU1.o
 .bss.DeviceDataPrv__DEFAULT_RTOS_ALLOC
                0x20002938        0xc ./Generated_Code/TU0.o
 .bss.DeviceDataPrv__DEFAULT_RTOS_ALLOC
                0x20002944        0xc ./Generated_Code/PwmLdd4.o
 .bss.DeviceDataPrv__DEFAULT_RTOS_ALLOC
                0x20002950        0xc ./Generated_Code/PwmLdd3.o
 .bss.DeviceDataPrv__DEFAULT_RTOS_ALLOC
                0x2000295c        0xc ./Generated_Code/PwmLdd2.o
 .bss.DeviceDataPrv__DEFAULT_RTOS_ALLOC
                0x20002968        0xc ./Generated_Code/PwmLdd1.o
 .bss.PE_LDD_DeviceDataList
                0x20002974       0x2c ./Generated_Code/PE_LDD.o
                0x20002974                PE_LDD_DeviceDataList
 .bss.sCalValues
                0x200029a0        0x8 ./Generated_Code/MMA0.o
 .bss.DeviceDataPrv__DEFAULT_RTOS_ALLOC
                0x200029a8       0x18 ./Generated_Code/IO1.o
 .bss.INT_I2C1__BAREBOARD_RTOS_ISRPARAM
                0x200029c0        0x4 ./Generated_Code/I2C1.o
 .bss.DeviceDataPrv__DEFAULT_RTOS_ALLOC
                0x200029c4       0x18 ./Generated_Code/I2C0.o
 .bss.INT_I2C0__BAREBOARD_RTOS_ISRPARAM
                0x200029dc        0x4 ./Generated_Code/I2C0.o
 .bss.GI2C0_deviceData
                0x200029e0        0x8 ./Generated_Code/GI2C0.o
 .bss.GI2C0_busSem
                0x200029e8        0x4 ./Generated_Code/GI2C0.o
 .bss.writeBuf.6446
                0x200029ec       0x10 ./Generated_Code/GI2C0.o
 .bss.argv      0x200029fc        0x4 ./Project_Settings/Startup_Code/__arm_start.o
 .bss.TSS_C0_STRUCTURE_RAM_CONTEXT
                0x20002a00        0x4 ./Sources/TSS/TSS_SystemSetupData.o
                0x20002a00                TSS_C0_STRUCTURE_RAM_CONTEXT
 .bss.tss_apsControlPrivateData
                0x20002a04        0x4 ./Sources/TSS/TSS_SystemSetupData.o
                0x20002a04                tss_apsControlPrivateData
 .bss.TSS_TSIL0_METHOD_RAMDATA_CONTEXT
                0x20002a08        0xc ./Sources/TSS/TSS_SensorTSIL.o
                0x20002a08                TSS_TSIL0_METHOD_RAMDATA_CONTEXT
 .bss.speedX    0x20002a14        0x4 ./Sources/Tasks/TaskAccelerometer.o
 .bss.speedY    0x20002a18        0x4 ./Sources/Tasks/TaskAccelerometer.o
 .bss.speedZ    0x20002a1c        0x4 ./Sources/Tasks/TaskAccelerometer.o
 .bss.spaceX    0x20002a20        0x4 ./Sources/Tasks/TaskAccelerometer.o
 .bss.spaceY    0x20002a24        0x4 ./Sources/Tasks/TaskAccelerometer.o
 .bss.spaceZ    0x20002a28        0x4 ./Sources/Tasks/TaskAccelerometer.o
 .bss.__stdio_exit
                0x20002a2c        0x4 C:/Freescale/CW MCU v10.6/MCU/ARM_GCC_Support/ewl/lib/armv6-m\libc.a(exit.o)
                0x20002a2c                __stdio_exit
 .bss.__console_exit
                0x20002a30        0x4 C:/Freescale/CW MCU v10.6/MCU/ARM_GCC_Support/ewl/lib/armv6-m\libc.a(exit.o)
                0x20002a30                __console_exit
 .bss.__S_romp  0x20002a34        0xc C:/Freescale/CW MCU v10.6/MCU/ARM_GCC_Support/ewl/lib/armv6-m\librt.a(ROMCopy.o)
 .bss.__global_destructor_chain
                0x20002a40        0x4 C:/Freescale/CW MCU v10.6/MCU/ARM_GCC_Support/ewl/lib/armv6-m\librt.a(__arm_eabi_init.o)
                0x20002a40                __global_destructor_chain
 *(COMMON)
 COMMON         0x20002a44       0x3c ./Generated_Code/tasks.o
                0x20002a44                taskHandles
 COMMON         0x20002a80       0xa5 ./Sources/TSS/TSS_SystemSetupData.o
                0x20002a80                tss_au8StuckCount
                0x20002a82                tss_u8ConfCheckSum
                0x20002a84                tss_au8Sensitivity
                0x20002a88                tss_ai8DeltaAmplitude
                0x20002a8c                tss_CSSys
                0x20002a98                tss_ai8MaxDeltaAmplitude
                0x20002a9c                tss_ai8SensitivityLowLimit
                0x20002aa0                tss_ai8InstantDelta
                0x20002aa4                TSS_C0_DELAY_BUFFER
                0x20002aa8                tss_au16PrevCapSample
                0x20002aac                TSS_C0_TREND_BUFFER
                0x20002acc                tss_au8ControlScheduleCount
                0x20002ad0                TSS_C0_TREND_CONTEXT
                0x20002ad4                tss_au8TouchCount
                0x20002ad8                tss_au8ElectrodeMeasured
                0x20002adc                tss_au16InstantSignal
                0x20002ae0                tss_au8DebounceCount
                0x20002ae4                tss_au8ElectrodeStatus
                0x20002ae8                tss_au8ElectrodeMarker
                0x20002aec                tss_ai8NoiseAmplitude
                0x20002af0                tss_asDeltaNoiseAnalysisIIRData
                0x20002afc                tss_asAutoCalibrationData
                0x20002b04                tss_au8ElecState
                0x20002b08                TSS_C0_DELAY_CONTEXT
                0x20002b0c                tss_au8ElectrodeEnablers
                0x20002b10                TSS_C0_POSFILTER_CONTEXT
                0x20002b14                tss_au8ElectrodeDCTrackerEnablers
                0x20002b18                tss_au16ElecBaseline
                0x20002b1c                tss_au8ReleaseCount
                0x20002b20                tss_au8ElectrodeLowThresholdEnablers
                0x20002b24                tss_ai8IntegrationDelta
 *fill*         0x20002b25        0x3 00
 COMMON         0x20002b28       0x20 ./Sources/TSS/TSS_SensorTSIL.o
                0x20002b28                TSS_TSIL0_CHANNEL_COUNTER_BUFFER
 COMMON         0x20002b48       0x10 ./Sources/TSS/TSS_Sensor.o
                0x20002b48                tss_u8SampleIntFlag
                0x20002b4c                tss_psElectrodeTimertAdr
                0x20002b50                tss_u8ElectrodeBitNum
                0x20002b54                tss_psElectrodeRGPIOAdr
 COMMON         0x20002b58        0x4 ./Sources/Util/GlobalVariables.o
                0x20002b58                idleTaskHookInteger
 COMMON         0x20002b5c        0x2 C:/Users/Judah/Documents/GitHub/M0PlusFreeRTOS/M0PlusFreeRTOS/Sources/TSS\libTSS_KXX_M0.a(TSS_KeyDetector.o)
                0x20002b5c                tss_u16CapSample
 COMMON         0x20002b5e       0xc0 C:/Freescale/CW MCU v10.6/MCU/ARM_GCC_Support/ewl/lib/armv6-m\libc.a(ansi_files.o)
                0x20002b5e                stdout_buff
                0x20002b9e                stdin_buff
                0x20002bde                stderr_buff
                0x20002c20                . = ALIGN (0x4)
 *fill*         0x20002c1e        0x2 00
                0x20002c20                __END_BSS = .
                0x20002c20                PROVIDE (__bss_end__, __END_BSS)
                0x00009cac                _romp_at = ((___ROM_AT + SIZEOF (.data)) + SIZEOF (.m_data_1FFFF000))

.romp           0x20002c20       0x24 load address 0x00009cac
                0x00009cac                __S_romp = _romp_at
                0x20002c20        0x4 LONG 0x9bc8 ___ROM_AT
                0x20002c24        0x4 LONG 0x20000000 _sdata
                0x20002c28        0x4 LONG 0xe4 ___data_size
                0x20002c2c        0x4 LONG 0x9cac ___m_data_1FFFF000_ROMStart
                0x20002c30        0x4 LONG 0x1ffff000 ___m_data_1FFFF000_RAMStart
                0x20002c34        0x4 LONG 0x0 ___m_data_1FFFF000_ROMSize
                0x20002c38        0x4 LONG 0x0
                0x20002c3c        0x4 LONG 0x0
                0x20002c40        0x4 LONG 0x0

._user_heap_stack
                0x20002c44       0x40 load address 0x00009cd0
                0x20002c44                . = ALIGN (0x4)
                0x20002c44                PROVIDE (end, .)
                0x20002c44                PROVIDE (_end, .)
                0x20002c44                __heap_addr = .
                0x20002c44                . = (. + __heap_size)
                0x20002c84                . = (. + __stack_size)
 *fill*         0x20002c44       0x40 00
                0x20002c84                . = ALIGN (0x4)

.ARM.attributes
                0x00000000       0x2f
 *(.ARM.attributes)
 .ARM.attributes
                0x00000000       0x31 ./Generated_Code/tasks.o
 .ARM.attributes
                0x00000031       0x31 ./Generated_Code/queue.o
 .ARM.attributes
                0x00000062       0x31 ./Generated_Code/port.o
 .ARM.attributes
                0x00000093       0x31 ./Generated_Code/list.o
 .ARM.attributes
                0x000000c4       0x31 ./Generated_Code/heap_2.o
 .ARM.attributes
                0x000000f5       0x31 ./Generated_Code/Vectors.o
 .ARM.attributes
                0x00000126       0x31 ./Generated_Code/TU2.o
 .ARM.attributes
                0x00000157       0x31 ./Generated_Code/TU1.o
 .ARM.attributes
                0x00000188       0x31 ./Generated_Code/TU0.o
 .ARM.attributes
                0x000001b9       0x31 ./Generated_Code/TSSTouch.o
 .ARM.attributes
                0x000001ea       0x31 ./Generated_Code/PwmLdd4.o
 .ARM.attributes
                0x0000021b       0x31 ./Generated_Code/PwmLdd3.o
 .ARM.attributes
                0x0000024c       0x31 ./Generated_Code/PwmLdd2.o
 .ARM.attributes
                0x0000027d       0x31 ./Generated_Code/PwmLdd1.o
 .ARM.attributes
                0x000002ae       0x31 ./Generated_Code/PE_LDD.o
 .ARM.attributes
                0x000002df       0x31 ./Generated_Code/MMA0.o
 .ARM.attributes
                0x00000310       0x31 ./Generated_Code/IO1.o
 .ARM.attributes
                0x00000341       0x31 ./Generated_Code/I2C1.o
 .ARM.attributes
                0x00000372       0x31 ./Generated_Code/I2C0.o
 .ARM.attributes
                0x000003a3       0x31 ./Generated_Code/GI2C0.o
 .ARM.attributes
                0x000003d4       0x31 ./Generated_Code/CsIO0.o
 .ARM.attributes
                0x00000405       0x31 ./Generated_Code/Cpu.o
 .ARM.attributes
                0x00000436       0x31 ./Project_Settings/Startup_Code/__arm_start.o
 .ARM.attributes
                0x00000467       0x31 ./Project_Settings/Startup_Code/__arm_end.o
 .ARM.attributes
                0x00000498       0x31 ./Sources/TSS/TSS_SystemSetupData.o
 .ARM.attributes
                0x000004c9       0x31 ./Sources/TSS/TSS_SensorTSIL.o
 .ARM.attributes
                0x000004fa       0x31 ./Sources/TSS/TSS_Sensor.o
 .ARM.attributes
                0x0000052b       0x31 ./Sources/Tasks/TaskWriteString.o
 .ARM.attributes
                0x0000055c       0x31 ./Sources/Tasks/TaskSonar.o
 .ARM.attributes
                0x0000058d       0x31 ./Sources/Tasks/TaskSendString2.o
 .ARM.attributes
                0x000005be       0x31 ./Sources/Tasks/TaskSendString1.o
 .ARM.attributes
                0x000005ef       0x31 ./Sources/Tasks/TaskSendString.o
 .ARM.attributes
                0x00000620       0x31 ./Sources/Tasks/TaskSendGlobalVariable.o
 .ARM.attributes
                0x00000651       0x31 ./Sources/Tasks/TaskAccelerometer.o
 .ARM.attributes
                0x00000682       0x31 ./Sources/Util/GlobalVariables.o
 .ARM.attributes
                0x000006b3       0x31 ./Sources/ProcessorExpert.o
 .ARM.attributes
                0x000006e4       0x31 ./Sources/Events.o
 .ARM.attributes
                0x00000715       0x31 C:/Users/Judah/Documents/GitHub/M0PlusFreeRTOS/M0PlusFreeRTOS/Sources/TSS\libTSS_KXX_M0.a(TSS_ASliderDecoder.o)
 .ARM.attributes
                0x00000746       0x31 C:/Users/Judah/Documents/GitHub/M0PlusFreeRTOS/M0PlusFreeRTOS/Sources/TSS\libTSS_KXX_M0.a(TSS_Filters.o)
 .ARM.attributes
                0x00000777       0x31 C:/Users/Judah/Documents/GitHub/M0PlusFreeRTOS/M0PlusFreeRTOS/Sources/TSS\libTSS_KXX_M0.a(TSS_KeyDetectorNormal.o)
 .ARM.attributes
                0x000007a8       0x31 C:/Users/Judah/Documents/GitHub/M0PlusFreeRTOS/M0PlusFreeRTOS/Sources/TSS\libTSS_KXX_M0.a(TSS_KeyDetector.o)
 .ARM.attributes
                0x000007d9       0x31 C:/Users/Judah/Documents/GitHub/M0PlusFreeRTOS/M0PlusFreeRTOS/Sources/TSS\libTSS_KXX_M0.a(TSS_Main.o)
 .ARM.attributes
                0x0000080a       0x31 C:/Freescale/CW MCU v10.6/MCU/ARM_GCC_Support/ewl/lib/armv6-m\libc.a(printf.o)
 .ARM.attributes
                0x0000083b       0x31 C:/Freescale/CW MCU v10.6/MCU/ARM_GCC_Support/ewl/lib/armv6-m\libc.a(putchar.o)
 .ARM.attributes
                0x0000086c       0x31 C:/Freescale/CW MCU v10.6/MCU/ARM_GCC_Support/ewl/lib/armv6-m\libc.a(puts.o)
 .ARM.attributes
                0x0000089d       0x31 C:/Freescale/CW MCU v10.6/MCU/ARM_GCC_Support/ewl/lib/armv6-m\libc.a(sprintf.o)
 .ARM.attributes
                0x000008ce       0x31 C:/Freescale/CW MCU v10.6/MCU/ARM_GCC_Support/ewl/lib/armv6-m\libc.a(vsnprintf.o)
 .ARM.attributes
                0x000008ff       0x31 C:/Freescale/CW MCU v10.6/MCU/ARM_GCC_Support/ewl/lib/armv6-m\libc.a(exit.o)
 .ARM.attributes
                0x00000930       0x31 C:/Freescale/CW MCU v10.6/MCU/ARM_GCC_Support/ewl/lib/armv6-m\libc.a(memcpy.o)
 .ARM.attributes
                0x00000961       0x31 C:/Freescale/CW MCU v10.6/MCU/ARM_GCC_Support/ewl/lib/armv6-m\libc.a(memset.o)
 .ARM.attributes
                0x00000992       0x31 C:/Freescale/CW MCU v10.6/MCU/ARM_GCC_Support/ewl/lib/armv6-m\libc.a(strchr.o)
 .ARM.attributes
                0x000009c3       0x31 C:/Freescale/CW MCU v10.6/MCU/ARM_GCC_Support/ewl/lib/armv6-m\libc.a(strlen.o)
 .ARM.attributes
                0x000009f4       0x31 C:/Freescale/CW MCU v10.6/MCU/ARM_GCC_Support/ewl/lib/armv6-m\libc.a(printformat_.o)
 .ARM.attributes
                0x00000a25       0x31 C:/Freescale/CW MCU v10.6/MCU/ARM_GCC_Support/ewl/lib/armv6-m\libc.a(scanformat_.o)
 .ARM.attributes
                0x00000a56       0x31 C:/Freescale/CW MCU v10.6/MCU/ARM_GCC_Support/ewl/lib/armv6-m\libc.a(ctype_aeabi.o)
 .ARM.attributes
                0x00000a87       0x31 C:/Freescale/CW MCU v10.6/MCU/ARM_GCC_Support/ewl/lib/armv6-m\libc.a(__putchar.o)
 .ARM.attributes
                0x00000ab8       0x31 C:/Freescale/CW MCU v10.6/MCU/ARM_GCC_Support/ewl/lib/armv6-m\libc.a(ansi_files.o)
 .ARM.attributes
                0x00000ae9       0x31 C:/Freescale/CW MCU v10.6/MCU/ARM_GCC_Support/ewl/lib/armv6-m\libc.a(fwrite.o)
 .ARM.attributes
                0x00000b1a       0x31 C:/Freescale/CW MCU v10.6/MCU/ARM_GCC_Support/ewl/lib/armv6-m\libc.a(__strtoul.o)
 .ARM.attributes
                0x00000b4b       0x31 C:/Freescale/CW MCU v10.6/MCU/ARM_GCC_Support/ewl/lib/armv6-m\libc.a(__filll_mem.o)
 .ARM.attributes
                0x00000b7c       0x31 C:/Freescale/CW MCU v10.6/MCU/ARM_GCC_Support/ewl/lib/armv6-m\libc.a(__memrchr.o)
 .ARM.attributes
                0x00000bad       0x31 C:/Freescale/CW MCU v10.6/MCU/ARM_GCC_Support/ewl/lib/armv6-m\libc.a(memchr.o)
 .ARM.attributes
                0x00000bde       0x31 C:/Freescale/CW MCU v10.6/MCU/ARM_GCC_Support/ewl/lib/armv6-m\libc.a(__buffer_io.o)
 .ARM.attributes
                0x00000c0f       0x1e c:/freescale/cw mcu v10.6/cross_tools/arm-none-eabi-gcc-4_7_3/bin/../lib/gcc/arm-none-eabi/4.7.3/armv6-m\libgcc.a(_thumb1_case_sqi.o)
 .ARM.attributes
                0x00000c2d       0x1e c:/freescale/cw mcu v10.6/cross_tools/arm-none-eabi-gcc-4_7_3/bin/../lib/gcc/arm-none-eabi/4.7.3/armv6-m\libgcc.a(_thumb1_case_uqi.o)
 .ARM.attributes
                0x00000c4b       0x1e c:/freescale/cw mcu v10.6/cross_tools/arm-none-eabi-gcc-4_7_3/bin/../lib/gcc/arm-none-eabi/4.7.3/armv6-m\libgcc.a(_udivsi3.o)
 .ARM.attributes
                0x00000c69       0x1e c:/freescale/cw mcu v10.6/cross_tools/arm-none-eabi-gcc-4_7_3/bin/../lib/gcc/arm-none-eabi/4.7.3/armv6-m\libgcc.a(_divsi3.o)
 .ARM.attributes
                0x00000c87       0x1e c:/freescale/cw mcu v10.6/cross_tools/arm-none-eabi-gcc-4_7_3/bin/../lib/gcc/arm-none-eabi/4.7.3/armv6-m\libgcc.a(_dvmd_tls.o)
 .ARM.attributes
                0x00000ca5       0x31 C:/Freescale/CW MCU v10.6/MCU/ARM_GCC_Support/ewl/lib/armv6-m\librt.a(gcc_ctor_dtor.o)
 .ARM.attributes
                0x00000cd6       0x31 C:/Freescale/CW MCU v10.6/MCU/ARM_GCC_Support/ewl/lib/armv6-m\librt.a(ROMCopy.o)
 .ARM.attributes
                0x00000d07       0x31 C:/Freescale/CW MCU v10.6/MCU/ARM_GCC_Support/ewl/lib/armv6-m\librt.a(__arm_eabi_init.o)
OUTPUT(M0PlusFreeRTOS.elf elf32-littlearm)

.debug_info     0x00000000    0x10cec
 .debug_info    0x00000000     0x1164 ./Generated_Code/tasks.o
 .debug_info    0x00001164      0xd0e ./Generated_Code/queue.o
 .debug_info    0x00001e72      0x306 ./Generated_Code/port.o
 .debug_info    0x00002178      0x2bf ./Generated_Code/list.o
 .debug_info    0x00002437      0x40c ./Generated_Code/heap_2.o
 .debug_info    0x00002843      0x24d ./Generated_Code/Vectors.o
 .debug_info    0x00002a90      0xa57 ./Generated_Code/TU2.o
 .debug_info    0x000034e7      0x747 ./Generated_Code/TU1.o
 .debug_info    0x00003c2e      0x744 ./Generated_Code/TU0.o
 .debug_info    0x00004372      0x794 ./Generated_Code/TSSTouch.o
 .debug_info    0x00004b06      0x3a3 ./Generated_Code/PwmLdd4.o
 .debug_info    0x00004ea9      0x369 ./Generated_Code/PwmLdd3.o
 .debug_info    0x00005212      0x369 ./Generated_Code/PwmLdd2.o
 .debug_info    0x0000557b      0x369 ./Generated_Code/PwmLdd1.o
 .debug_info    0x000058e4      0x255 ./Generated_Code/PE_LDD.o
 .debug_info    0x00005b39      0x681 ./Generated_Code/MMA0.o
 .debug_info    0x000061ba      0x5e0 ./Generated_Code/IO1.o
 .debug_info    0x0000679a      0x8cb ./Generated_Code/I2C1.o
 .debug_info    0x00007065      0x84a ./Generated_Code/I2C0.o
 .debug_info    0x000078af      0x65a ./Generated_Code/GI2C0.o
 .debug_info    0x00007f09      0x266 ./Generated_Code/CsIO0.o
 .debug_info    0x0000816f      0xa02 ./Generated_Code/Cpu.o
 .debug_info    0x00008b71      0x12a ./Project_Settings/Startup_Code/__arm_start.o
 .debug_info    0x00008c9b       0x54 ./Project_Settings/Startup_Code/__arm_end.o
 .debug_info    0x00008cef     0x1229 ./Sources/TSS/TSS_SystemSetupData.o
 .debug_info    0x00009f18      0xf99 ./Sources/TSS/TSS_SensorTSIL.o
 .debug_info    0x0000aeb1      0x4e3 ./Sources/TSS/TSS_Sensor.o
 .debug_info    0x0000b394      0x1b7 ./Sources/Tasks/TaskWriteString.o
 .debug_info    0x0000b54b      0x3bb ./Sources/Tasks/TaskSonar.o
 .debug_info    0x0000b906      0x1a4 ./Sources/Tasks/TaskSendString2.o
 .debug_info    0x0000baaa      0x1a4 ./Sources/Tasks/TaskSendString1.o
 .debug_info    0x0000bc4e      0x20c ./Sources/Tasks/TaskSendString.o
 .debug_info    0x0000be5a      0x199 ./Sources/Tasks/TaskSendGlobalVariable.o
 .debug_info    0x0000bff3      0x27b ./Sources/Tasks/TaskAccelerometer.o
 .debug_info    0x0000c26e       0x7e ./Sources/Util/GlobalVariables.o
 .debug_info    0x0000c2ec      0x203 ./Sources/ProcessorExpert.o
 .debug_info    0x0000c4ef      0xa10 ./Sources/Events.o
 .debug_info    0x0000ceff      0x399 C:/Freescale/CW MCU v10.6/MCU/ARM_GCC_Support/ewl/lib/armv6-m\libc.a(printf.o)
 .debug_info    0x0000d298      0x357 C:/Freescale/CW MCU v10.6/MCU/ARM_GCC_Support/ewl/lib/armv6-m\libc.a(putchar.o)
 .debug_info    0x0000d5ef      0x38a C:/Freescale/CW MCU v10.6/MCU/ARM_GCC_Support/ewl/lib/armv6-m\libc.a(puts.o)
 .debug_info    0x0000d979      0x11e C:/Freescale/CW MCU v10.6/MCU/ARM_GCC_Support/ewl/lib/armv6-m\libc.a(sprintf.o)
 .debug_info    0x0000da97      0x205 C:/Freescale/CW MCU v10.6/MCU/ARM_GCC_Support/ewl/lib/armv6-m\libc.a(vsnprintf.o)
 .debug_info    0x0000dc9c       0xe8 C:/Freescale/CW MCU v10.6/MCU/ARM_GCC_Support/ewl/lib/armv6-m\libc.a(exit.o)
 .debug_info    0x0000dd84      0x10f C:/Freescale/CW MCU v10.6/MCU/ARM_GCC_Support/ewl/lib/armv6-m\libc.a(memcpy.o)
 .debug_info    0x0000de93       0xec C:/Freescale/CW MCU v10.6/MCU/ARM_GCC_Support/ewl/lib/armv6-m\libc.a(memset.o)
 .debug_info    0x0000df7f      0x10b C:/Freescale/CW MCU v10.6/MCU/ARM_GCC_Support/ewl/lib/armv6-m\libc.a(strchr.o)
 .debug_info    0x0000e08a       0xea C:/Freescale/CW MCU v10.6/MCU/ARM_GCC_Support/ewl/lib/armv6-m\libc.a(strlen.o)
 .debug_info    0x0000e174      0x50d C:/Freescale/CW MCU v10.6/MCU/ARM_GCC_Support/ewl/lib/armv6-m\libc.a(printformat_.o)
 .debug_info    0x0000e681      0x568 C:/Freescale/CW MCU v10.6/MCU/ARM_GCC_Support/ewl/lib/armv6-m\libc.a(scanformat_.o)
 .debug_info    0x0000ebe9      0x313 C:/Freescale/CW MCU v10.6/MCU/ARM_GCC_Support/ewl/lib/armv6-m\libc.a(ctype_aeabi.o)
 .debug_info    0x0000eefc      0x3fa C:/Freescale/CW MCU v10.6/MCU/ARM_GCC_Support/ewl/lib/armv6-m\libc.a(__putchar.o)
 .debug_info    0x0000f2f6      0x4be C:/Freescale/CW MCU v10.6/MCU/ARM_GCC_Support/ewl/lib/armv6-m\libc.a(ansi_files.o)
 .debug_info    0x0000f7b4      0x60d C:/Freescale/CW MCU v10.6/MCU/ARM_GCC_Support/ewl/lib/armv6-m\libc.a(fwrite.o)
 .debug_info    0x0000fdc1      0x1d6 C:/Freescale/CW MCU v10.6/MCU/ARM_GCC_Support/ewl/lib/armv6-m\libc.a(__strtoul.o)
 .debug_info    0x0000ff97      0x137 C:/Freescale/CW MCU v10.6/MCU/ARM_GCC_Support/ewl/lib/armv6-m\libc.a(__filll_mem.o)
 .debug_info    0x000100ce      0x116 C:/Freescale/CW MCU v10.6/MCU/ARM_GCC_Support/ewl/lib/armv6-m\libc.a(__memrchr.o)
 .debug_info    0x000101e4      0x121 C:/Freescale/CW MCU v10.6/MCU/ARM_GCC_Support/ewl/lib/armv6-m\libc.a(memchr.o)
 .debug_info    0x00010305      0x45d C:/Freescale/CW MCU v10.6/MCU/ARM_GCC_Support/ewl/lib/armv6-m\libc.a(__buffer_io.o)
 .debug_info    0x00010762      0x136 C:/Freescale/CW MCU v10.6/MCU/ARM_GCC_Support/ewl/lib/armv6-m\librt.a(gcc_ctor_dtor.o)
 .debug_info    0x00010898      0x19b C:/Freescale/CW MCU v10.6/MCU/ARM_GCC_Support/ewl/lib/armv6-m\librt.a(ROMCopy.o)
 .debug_info    0x00010a33      0x2b9 C:/Freescale/CW MCU v10.6/MCU/ARM_GCC_Support/ewl/lib/armv6-m\librt.a(__arm_eabi_init.o)

.debug_abbrev   0x00000000     0x416f
 .debug_abbrev  0x00000000      0x1ce ./Generated_Code/tasks.o
 .debug_abbrev  0x000001ce      0x173 ./Generated_Code/queue.o
 .debug_abbrev  0x00000341      0x140 ./Generated_Code/port.o
 .debug_abbrev  0x00000481       0xb6 ./Generated_Code/list.o
 .debug_abbrev  0x00000537      0x190 ./Generated_Code/heap_2.o
 .debug_abbrev  0x000006c7       0xda ./Generated_Code/Vectors.o
 .debug_abbrev  0x000007a1      0x1c9 ./Generated_Code/TU2.o
 .debug_abbrev  0x0000096a      0x18d ./Generated_Code/TU1.o
 .debug_abbrev  0x00000af7      0x17e ./Generated_Code/TU0.o
 .debug_abbrev  0x00000c75      0x184 ./Generated_Code/TSSTouch.o
 .debug_abbrev  0x00000df9      0x114 ./Generated_Code/PwmLdd4.o
 .debug_abbrev  0x00000f0d      0x114 ./Generated_Code/PwmLdd3.o
 .debug_abbrev  0x00001021      0x114 ./Generated_Code/PwmLdd2.o
 .debug_abbrev  0x00001135      0x114 ./Generated_Code/PwmLdd1.o
 .debug_abbrev  0x00001249      0x102 ./Generated_Code/PE_LDD.o
 .debug_abbrev  0x0000134b      0x16d ./Generated_Code/MMA0.o
 .debug_abbrev  0x000014b8      0x167 ./Generated_Code/IO1.o
 .debug_abbrev  0x0000161f      0x195 ./Generated_Code/I2C1.o
 .debug_abbrev  0x000017b4      0x170 ./Generated_Code/I2C0.o
 .debug_abbrev  0x00001924      0x1d1 ./Generated_Code/GI2C0.o
 .debug_abbrev  0x00001af5       0xd6 ./Generated_Code/CsIO0.o
 .debug_abbrev  0x00001bcb      0x141 ./Generated_Code/Cpu.o
 .debug_abbrev  0x00001d0c       0x92 ./Project_Settings/Startup_Code/__arm_start.o
 .debug_abbrev  0x00001d9e       0x4c ./Project_Settings/Startup_Code/__arm_end.o
 .debug_abbrev  0x00001dea      0x12b ./Sources/TSS/TSS_SystemSetupData.o
 .debug_abbrev  0x00001f15      0x1a9 ./Sources/TSS/TSS_SensorTSIL.o
 .debug_abbrev  0x000020be      0x115 ./Sources/TSS/TSS_Sensor.o
 .debug_abbrev  0x000021d3       0xd6 ./Sources/Tasks/TaskWriteString.o
 .debug_abbrev  0x000022a9      0x18a ./Sources/Tasks/TaskSonar.o
 .debug_abbrev  0x00002433       0xc5 ./Sources/Tasks/TaskSendString2.o
 .debug_abbrev  0x000024f8       0xc5 ./Sources/Tasks/TaskSendString1.o
 .debug_abbrev  0x000025bd       0xd8 ./Sources/Tasks/TaskSendString.o
 .debug_abbrev  0x00002695       0xc5 ./Sources/Tasks/TaskSendGlobalVariable.o
 .debug_abbrev  0x0000275a      0x125 ./Sources/Tasks/TaskAccelerometer.o
 .debug_abbrev  0x0000287f       0x5a ./Sources/Util/GlobalVariables.o
 .debug_abbrev  0x000028d9       0xd4 ./Sources/ProcessorExpert.o
 .debug_abbrev  0x000029ad      0x1bb ./Sources/Events.o
 .debug_abbrev  0x00002b68      0x107 C:/Freescale/CW MCU v10.6/MCU/ARM_GCC_Support/ewl/lib/armv6-m\libc.a(printf.o)
 .debug_abbrev  0x00002c6f       0xe7 C:/Freescale/CW MCU v10.6/MCU/ARM_GCC_Support/ewl/lib/armv6-m\libc.a(putchar.o)
 .debug_abbrev  0x00002d56      0x10a C:/Freescale/CW MCU v10.6/MCU/ARM_GCC_Support/ewl/lib/armv6-m\libc.a(puts.o)
 .debug_abbrev  0x00002e60       0xb1 C:/Freescale/CW MCU v10.6/MCU/ARM_GCC_Support/ewl/lib/armv6-m\libc.a(sprintf.o)
 .debug_abbrev  0x00002f11       0xf0 C:/Freescale/CW MCU v10.6/MCU/ARM_GCC_Support/ewl/lib/armv6-m\libc.a(vsnprintf.o)
 .debug_abbrev  0x00003001       0x7a C:/Freescale/CW MCU v10.6/MCU/ARM_GCC_Support/ewl/lib/armv6-m\libc.a(exit.o)
 .debug_abbrev  0x0000307b       0x95 C:/Freescale/CW MCU v10.6/MCU/ARM_GCC_Support/ewl/lib/armv6-m\libc.a(memcpy.o)
 .debug_abbrev  0x00003110       0x62 C:/Freescale/CW MCU v10.6/MCU/ARM_GCC_Support/ewl/lib/armv6-m\libc.a(memset.o)
 .debug_abbrev  0x00003172       0x7a C:/Freescale/CW MCU v10.6/MCU/ARM_GCC_Support/ewl/lib/armv6-m\libc.a(strchr.o)
 .debug_abbrev  0x000031ec       0x7a C:/Freescale/CW MCU v10.6/MCU/ARM_GCC_Support/ewl/lib/armv6-m\libc.a(strlen.o)
 .debug_abbrev  0x00003266      0x200 C:/Freescale/CW MCU v10.6/MCU/ARM_GCC_Support/ewl/lib/armv6-m\libc.a(printformat_.o)
 .debug_abbrev  0x00003466      0x1f0 C:/Freescale/CW MCU v10.6/MCU/ARM_GCC_Support/ewl/lib/armv6-m\libc.a(scanformat_.o)
 .debug_abbrev  0x00003656       0x9e C:/Freescale/CW MCU v10.6/MCU/ARM_GCC_Support/ewl/lib/armv6-m\libc.a(ctype_aeabi.o)
 .debug_abbrev  0x000036f4       0xf8 C:/Freescale/CW MCU v10.6/MCU/ARM_GCC_Support/ewl/lib/armv6-m\libc.a(__putchar.o)
 .debug_abbrev  0x000037ec      0x107 C:/Freescale/CW MCU v10.6/MCU/ARM_GCC_Support/ewl/lib/armv6-m\libc.a(ansi_files.o)
 .debug_abbrev  0x000038f3      0x16a C:/Freescale/CW MCU v10.6/MCU/ARM_GCC_Support/ewl/lib/armv6-m\libc.a(fwrite.o)
 .debug_abbrev  0x00003a5d       0xc2 C:/Freescale/CW MCU v10.6/MCU/ARM_GCC_Support/ewl/lib/armv6-m\libc.a(__strtoul.o)
 .debug_abbrev  0x00003b1f       0x78 C:/Freescale/CW MCU v10.6/MCU/ARM_GCC_Support/ewl/lib/armv6-m\libc.a(__filll_mem.o)
 .debug_abbrev  0x00003b97       0x95 C:/Freescale/CW MCU v10.6/MCU/ARM_GCC_Support/ewl/lib/armv6-m\libc.a(__memrchr.o)
 .debug_abbrev  0x00003c2c       0x95 C:/Freescale/CW MCU v10.6/MCU/ARM_GCC_Support/ewl/lib/armv6-m\libc.a(memchr.o)
 .debug_abbrev  0x00003cc1      0x142 C:/Freescale/CW MCU v10.6/MCU/ARM_GCC_Support/ewl/lib/armv6-m\libc.a(__buffer_io.o)
 .debug_abbrev  0x00003e03       0x99 C:/Freescale/CW MCU v10.6/MCU/ARM_GCC_Support/ewl/lib/armv6-m\librt.a(gcc_ctor_dtor.o)
 .debug_abbrev  0x00003e9c      0x120 C:/Freescale/CW MCU v10.6/MCU/ARM_GCC_Support/ewl/lib/armv6-m\librt.a(ROMCopy.o)
 .debug_abbrev  0x00003fbc      0x1b3 C:/Freescale/CW MCU v10.6/MCU/ARM_GCC_Support/ewl/lib/armv6-m\librt.a(__arm_eabi_init.o)

.debug_loc      0x00000000     0x6bb4
 .debug_loc     0x00000000      0x8f4 ./Generated_Code/tasks.o
 .debug_loc     0x000008f4      0x658 ./Generated_Code/queue.o
 .debug_loc     0x00000f4c      0x234 ./Generated_Code/port.o
 .debug_loc     0x00001180      0x118 ./Generated_Code/list.o
 .debug_loc     0x00001298      0x100 ./Generated_Code/heap_2.o
 .debug_loc     0x00001398      0x268 ./Generated_Code/TU2.o
 .debug_loc     0x00001600      0x188 ./Generated_Code/TU1.o
 .debug_loc     0x00001788      0x188 ./Generated_Code/TU0.o
 .debug_loc     0x00001910       0x64 ./Generated_Code/TSSTouch.o
 .debug_loc     0x00001974      0x1c0 ./Generated_Code/PwmLdd4.o
 .debug_loc     0x00001b34      0x188 ./Generated_Code/PwmLdd3.o
 .debug_loc     0x00001cbc      0x188 ./Generated_Code/PwmLdd2.o
 .debug_loc     0x00001e44      0x188 ./Generated_Code/PwmLdd1.o
 .debug_loc     0x00001fcc       0x9c ./Generated_Code/PE_LDD.o
 .debug_loc     0x00002068      0x518 ./Generated_Code/MMA0.o
 .debug_loc     0x00002580       0xe0 ./Generated_Code/IO1.o
 .debug_loc     0x00002660      0x118 ./Generated_Code/I2C1.o
 .debug_loc     0x00002778      0x150 ./Generated_Code/I2C0.o
 .debug_loc     0x000028c8      0x370 ./Generated_Code/GI2C0.o
 .debug_loc     0x00002c38       0xa8 ./Generated_Code/CsIO0.o
 .debug_loc     0x00002ce0       0xb0 ./Generated_Code/Cpu.o
 .debug_loc     0x00002d90       0x2c ./Project_Settings/Startup_Code/__arm_start.o
 .debug_loc     0x00002dbc       0x38 ./Project_Settings/Startup_Code/__arm_end.o
 .debug_loc     0x00002df4       0x38 ./Sources/TSS/TSS_SystemSetupData.o
 .debug_loc     0x00002e2c      0x2a2 ./Sources/TSS/TSS_SensorTSIL.o
 .debug_loc     0x000030ce       0xe0 ./Sources/TSS/TSS_Sensor.o
 .debug_loc     0x000031ae       0xd4 ./Sources/Tasks/TaskWriteString.o
 .debug_loc     0x00003282      0x20c ./Sources/Tasks/TaskSonar.o
 .debug_loc     0x0000348e       0xc8 ./Sources/Tasks/TaskSendString2.o
 .debug_loc     0x00003556       0xc8 ./Sources/Tasks/TaskSendString1.o
 .debug_loc     0x0000361e       0xe1 ./Sources/Tasks/TaskSendString.o
 .debug_loc     0x000036ff       0xc8 ./Sources/Tasks/TaskSendGlobalVariable.o
 .debug_loc     0x000037c7       0xd4 ./Sources/Tasks/TaskAccelerometer.o
 .debug_loc     0x0000389b       0x84 ./Sources/Util/GlobalVariables.o
 .debug_loc     0x0000391f       0x38 ./Sources/ProcessorExpert.o
 .debug_loc     0x00003957      0x3e0 ./Sources/Events.o
 .debug_loc     0x00003d37       0x2c C:/Freescale/CW MCU v10.6/MCU/ARM_GCC_Support/ewl/lib/armv6-m\libc.a(printf.o)
 .debug_loc     0x00003d63       0x3e C:/Freescale/CW MCU v10.6/MCU/ARM_GCC_Support/ewl/lib/armv6-m\libc.a(putchar.o)
 .debug_loc     0x00003da1       0x72 C:/Freescale/CW MCU v10.6/MCU/ARM_GCC_Support/ewl/lib/armv6-m\libc.a(puts.o)
 .debug_loc     0x00003e13       0x3f C:/Freescale/CW MCU v10.6/MCU/ARM_GCC_Support/ewl/lib/armv6-m\libc.a(sprintf.o)
 .debug_loc     0x00003e52      0x105 C:/Freescale/CW MCU v10.6/MCU/ARM_GCC_Support/ewl/lib/armv6-m\libc.a(vsnprintf.o)
 .debug_loc     0x00003f57       0x3e C:/Freescale/CW MCU v10.6/MCU/ARM_GCC_Support/ewl/lib/armv6-m\libc.a(exit.o)
 .debug_loc     0x00003f95       0x59 C:/Freescale/CW MCU v10.6/MCU/ARM_GCC_Support/ewl/lib/armv6-m\libc.a(memcpy.o)
 .debug_loc     0x00003fee       0x6f C:/Freescale/CW MCU v10.6/MCU/ARM_GCC_Support/ewl/lib/armv6-m\libc.a(memset.o)
 .debug_loc     0x0000405d       0xaf C:/Freescale/CW MCU v10.6/MCU/ARM_GCC_Support/ewl/lib/armv6-m\libc.a(strchr.o)
 .debug_loc     0x0000410c       0x33 C:/Freescale/CW MCU v10.6/MCU/ARM_GCC_Support/ewl/lib/armv6-m\libc.a(strlen.o)
 .debug_loc     0x0000413f     0x104b C:/Freescale/CW MCU v10.6/MCU/ARM_GCC_Support/ewl/lib/armv6-m\libc.a(printformat_.o)
 .debug_loc     0x0000518a      0x9d8 C:/Freescale/CW MCU v10.6/MCU/ARM_GCC_Support/ewl/lib/armv6-m\libc.a(scanformat_.o)
 .debug_loc     0x00005b62      0x30d C:/Freescale/CW MCU v10.6/MCU/ARM_GCC_Support/ewl/lib/armv6-m\libc.a(ctype_aeabi.o)
 .debug_loc     0x00005e6f       0x87 C:/Freescale/CW MCU v10.6/MCU/ARM_GCC_Support/ewl/lib/armv6-m\libc.a(__putchar.o)
 .debug_loc     0x00005ef6       0x8c C:/Freescale/CW MCU v10.6/MCU/ARM_GCC_Support/ewl/lib/armv6-m\libc.a(ansi_files.o)
 .debug_loc     0x00005f82      0x2c2 C:/Freescale/CW MCU v10.6/MCU/ARM_GCC_Support/ewl/lib/armv6-m\libc.a(fwrite.o)
 .debug_loc     0x00006244      0x305 C:/Freescale/CW MCU v10.6/MCU/ARM_GCC_Support/ewl/lib/armv6-m\libc.a(__strtoul.o)
 .debug_loc     0x00006549      0x14a C:/Freescale/CW MCU v10.6/MCU/ARM_GCC_Support/ewl/lib/armv6-m\libc.a(__filll_mem.o)
 .debug_loc     0x00006693       0x77 C:/Freescale/CW MCU v10.6/MCU/ARM_GCC_Support/ewl/lib/armv6-m\libc.a(__memrchr.o)
 .debug_loc     0x0000670a       0x77 C:/Freescale/CW MCU v10.6/MCU/ARM_GCC_Support/ewl/lib/armv6-m\libc.a(memchr.o)
 .debug_loc     0x00006781      0x126 C:/Freescale/CW MCU v10.6/MCU/ARM_GCC_Support/ewl/lib/armv6-m\libc.a(__buffer_io.o)
 .debug_loc     0x000068a7       0x9d C:/Freescale/CW MCU v10.6/MCU/ARM_GCC_Support/ewl/lib/armv6-m\librt.a(gcc_ctor_dtor.o)
 .debug_loc     0x00006944       0xd9 C:/Freescale/CW MCU v10.6/MCU/ARM_GCC_Support/ewl/lib/armv6-m\librt.a(ROMCopy.o)
 .debug_loc     0x00006a1d      0x197 C:/Freescale/CW MCU v10.6/MCU/ARM_GCC_Support/ewl/lib/armv6-m\librt.a(__arm_eabi_init.o)

.debug_aranges  0x00000000     0x10a8
 .debug_aranges
                0x00000000      0x168 ./Generated_Code/tasks.o
 .debug_aranges