Archive member included because of file (symbol)

C:/Freescale/CW MCU v10.5/MCU/ARM_GCC_Support/ewl/lib/armv6-m\libc.a(exit.o)
                              ./Project_Settings/Startup_Code/__arm_start.o (exit)
C:/Freescale/CW MCU v10.5/MCU/ARM_GCC_Support/ewl/lib/armv6-m\libc.a(memcpy.o)
                              ./Generated_Code/queue.o (memcpy)
C:/Freescale/CW MCU v10.5/MCU/ARM_GCC_Support/ewl/lib/armv6-m\libc.a(memset.o)
                              ./Generated_Code/tasks.o (memset)
C:/Freescale/CW MCU v10.5/MCU/ARM_GCC_Support/ewl/lib/armv6-m\libc.a(strchr.o)
                              ./Generated_Code/UTIL2.o (strchr)
C:/Freescale/CW MCU v10.5/MCU/ARM_GCC_Support/ewl/lib/armv6-m\libc.a(strlen.o)
                              ./Generated_Code/UTIL2.o (strlen)
C:/Freescale/CW MCU v10.5/MCU/ARM_GCC_Support/ewl/lib/armv6-m\libc.a(strncmp.o)
                              ./Generated_Code/UTIL2.o (strncmp)
C:/Freescale/CW MCU v10.5/MCU/ARM_GCC_Support/ewl/lib/armv6-m\libc.a(printformat_.o)
                              (__pformatter_)
C:/Freescale/CW MCU v10.5/MCU/ARM_GCC_Support/ewl/lib/armv6-m\libc.a(scanformat_.o)
                              (__sformatter)
C:/Freescale/CW MCU v10.5/MCU/ARM_GCC_Support/ewl/lib/armv6-m\libc.a(ctype_aeabi.o)
                              C:/Freescale/CW MCU v10.5/MCU/ARM_GCC_Support/ewl/lib/armv6-m\libc.a(scanformat_.o) (isspace)
C:/Freescale/CW MCU v10.5/MCU/ARM_GCC_Support/ewl/lib/armv6-m\libc.a(__strtoul.o)
                              C:/Freescale/CW MCU v10.5/MCU/ARM_GCC_Support/ewl/lib/armv6-m\libc.a(scanformat_.o) (__strtoul)
C:/Freescale/CW MCU v10.5/MCU/ARM_GCC_Support/ewl/lib/armv6-m\libc.a(__filll_mem.o)
                              C:/Freescale/CW MCU v10.5/MCU/ARM_GCC_Support/ewl/lib/armv6-m\libc.a(memset.o) (__fill_mem)
C:/Freescale/CW MCU v10.5/MCU/ARM_GCC_Support/ewl/lib/armv6-m\libc.a(memchr.o)
                              C:/Freescale/CW MCU v10.5/MCU/ARM_GCC_Support/ewl/lib/armv6-m\libc.a(printformat_.o) (memchr)
c:/freescale/cw mcu v10.5/cross_tools/arm-none-eabi-gcc-4_7_3/bin/../lib/gcc/arm-none-eabi/4.7.3/armv6-m\libgcc.a(_thumb1_case_sqi.o)
                              C:/Freescale/CW MCU v10.5/MCU/ARM_GCC_Support/ewl/lib/armv6-m\libc.a(__strtoul.o) (__gnu_thumb1_case_sqi)
c:/freescale/cw mcu v10.5/cross_tools/arm-none-eabi-gcc-4_7_3/bin/../lib/gcc/arm-none-eabi/4.7.3/armv6-m\libgcc.a(_thumb1_case_uqi.o)
                              C:/Freescale/CW MCU v10.5/MCU/ARM_GCC_Support/ewl/lib/armv6-m\libc.a(scanformat_.o) (__gnu_thumb1_case_uqi)
c:/freescale/cw mcu v10.5/cross_tools/arm-none-eabi-gcc-4_7_3/bin/../lib/gcc/arm-none-eabi/4.7.3/armv6-m\libgcc.a(_udivsi3.o)
                              ./Generated_Code/UTIL2.o (__aeabi_uidiv)
c:/freescale/cw mcu v10.5/cross_tools/arm-none-eabi-gcc-4_7_3/bin/../lib/gcc/arm-none-eabi/4.7.3/armv6-m\libgcc.a(_divsi3.o)
                              ./Generated_Code/UTIL2.o (__aeabi_idiv)
c:/freescale/cw mcu v10.5/cross_tools/arm-none-eabi-gcc-4_7_3/bin/../lib/gcc/arm-none-eabi/4.7.3/armv6-m\libgcc.a(_dvmd_tls.o)
                              c:/freescale/cw mcu v10.5/cross_tools/arm-none-eabi-gcc-4_7_3/bin/../lib/gcc/arm-none-eabi/4.7.3/armv6-m\libgcc.a(_udivsi3.o) (__aeabi_idiv0)
C:/Freescale/CW MCU v10.5/MCU/ARM_GCC_Support/ewl/lib/armv6-m\librt.a(gcc_ctor_dtor.o)
                              ./Project_Settings/Startup_Code/__arm_start.o (__init_cpp)
C:/Freescale/CW MCU v10.5/MCU/ARM_GCC_Support/ewl/lib/armv6-m\librt.a(ROMCopy.o)
                              ./Project_Settings/Startup_Code/__arm_start.o (__copy_rom_sections_to_ram)
C:/Freescale/CW MCU v10.5/MCU/ARM_GCC_Support/ewl/lib/armv6-m\librt.a(__arm_eabi_init.o)
                              C:/Freescale/CW MCU v10.5/MCU/ARM_GCC_Support/ewl/lib/armv6-m\libc.a(exit.o) (__destroy_global_chain)
C:/Freescale/CW MCU v10.5/MCU/ARM_GCC_Support/ewl/lib/armv6-m\librt.a(setjmp.o)
                              ./Generated_Code/port.o (longjmp)

Allocating common symbols
Common symbol       size              file

SR_reg              0x1               ./Generated_Code/Cpu.o

Discarded input sections

 .text          0x00000000        0x0 ./Generated_Code/timers.o
 .data          0x00000000        0x0 ./Generated_Code/timers.o
 .bss           0x00000000        0x0 ./Generated_Code/timers.o
 .debug_info    0x00000000       0x76 ./Generated_Code/timers.o
 .debug_abbrev  0x00000000       0x28 ./Generated_Code/timers.o
 .debug_aranges
                0x00000000       0x18 ./Generated_Code/timers.o
 .debug_macinfo
                0x00000000     0x76bc ./Generated_Code/timers.o
 .debug_line    0x00000000      0x267 ./Generated_Code/timers.o
 .debug_str     0x00000000      0x140 ./Generated_Code/timers.o
 .comment       0x00000000       0x7a ./Generated_Code/timers.o
 .ARM.attributes
                0x00000000       0x31 ./Generated_Code/timers.o
 .text          0x00000000        0x0 ./Generated_Code/tasks.o
[...]
Memory Configuration

Name             Origin             Length             Attributes
m_interrupts     0x00000000         0x000000c0         xr
m_text           0x00000410         0x0001fbf0         xr
m_data           0x1ffff000         0x00004000         rw
m_cfmprotrom     0x00000400         0x00000010         xr
*default*        0x00000000         0xffffffff

Linker script and memory map

LOAD ./Generated_Code/timers.o
LOAD ./Generated_Code/tasks.o
LOAD ./Generated_Code/queue.o
LOAD ./Generated_Code/portasm.o
LOAD ./Generated_Code/port.o
LOAD ./Generated_Code/list.o
LOAD ./Generated_Code/heap_4.o
LOAD ./Generated_Code/heap_3.o
LOAD ./Generated_Code/heap_2.o
LOAD ./Generated_Code/heap_1.o
LOAD ./Generated_Code/croutine.o
LOAD ./Generated_Code/WAIT1.o
LOAD ./Generated_Code/Vectors.o
LOAD ./Generated_Code/UTIL2.o
LOAD ./Generated_Code/UTIL1.o
LOAD ./Generated_Code/TU1.o
LOAD ./Generated_Code/PE_LDD.o
LOAD ./Generated_Code/LedRed.o
LOAD ./Generated_Code/LedGreen.o
LOAD ./Generated_Code/LedBlue.o
LOAD ./Generated_Code/I2C0.o
LOAD ./Generated_Code/FRTOS1.o
LOAD ./Generated_Code/Cpu.o
LOAD ./Generated_Code/AS1.o
LOAD ./Project_Settings/Startup_Code/__arm_start.o
LOAD ./Project_Settings/Startup_Code/__arm_end.o
LOAD ./Sources/Tasks/TaskRotateLed.o
LOAD ./Sources/Tasks/TaskRedLed.o
LOAD ./Sources/Tasks/TaskGreenLed.o
LOAD ./Sources/Tasks/TaskBlueLed.o
LOAD ./Sources/Tasks/TaskAccelerometer.o
LOAD ./Sources/Util/Led.o
LOAD ./Sources/Util/Accelerometer.o
LOAD ./Sources/sa_mtb.o
LOAD ./Sources/ProcessorExpert.o
LOAD ./Sources/Events.o
                0x00001790                __pformatter = __pformatter_
                [0x00001bb8]                __sformatter = __sformatter
START GROUP
LOAD C:/Freescale/CW MCU v10.5/MCU/ARM_GCC_Support/ewl/lib/armv6-m\libc.a
LOAD C:/Freescale/CW MCU v10.5/MCU/ARM_GCC_Support/ewl/lib/armv6-m\libm.a
LOAD c:/freescale/cw mcu v10.5/cross_tools/arm-none-eabi-gcc-4_7_3/bin/../lib/gcc/arm-none-eabi/4.7.3/armv6-m\libgcc.a
LOAD C:/Freescale/CW MCU v10.5/MCU/ARM_GCC_Support/ewl/lib/armv6-m\librt.a
LOAD C:/Freescale/CW MCU v10.5/MCU/ARM_GCC_Support/ewl/lib/armv6-m\libuart.a
END GROUP
                0x20003000                _estack = 0x20003000
                0x20003000                __SP_INIT = _estack
                0x00001000                __heap_size = 0x1000
                0x00001000                __stack_size = 0x1000

.interrupts     0x00000000       0xc0
                0x00000000                __vector_table = .
                0x00000000                . = ALIGN (0x4)
 *(.vectortable)
 .vectortable   0x00000000       0xc0 ./Generated_Code/Vectors.o
                0x00000000                __vect_table
                0x000000c0                . = ALIGN (0x4)

.cfmprotect     0x00000400       0x10
                0x00000400                . = ALIGN (0x4)
 *(.cfmconfig)
 .cfmconfig     0x00000400       0x10 ./Generated_Code/Cpu.o
                0x00000400                _cfm
                0x00000410                . = ALIGN (0x4)

.text           0x00000410     0x2334
                0x00000410                . = ALIGN (0x4)
 *(.text)
 .text          0x00000410       0x14 c:/freescale/cw mcu v10.5/cross_tools/arm-none-eabi-gcc-4_7_3/bin/../lib/gcc/arm-none-eabi/4.7.3/armv6-m\libgcc.a(_thumb1_case_sqi.o)
                0x00000410                __gnu_thumb1_case_sqi
 .text          0x00000424       0x14 c:/freescale/cw mcu v10.5/cross_tools/arm-none-eabi-gcc-4_7_3/bin/../lib/gcc/arm-none-eabi/4.7.3/armv6-m\libgcc.a(_thumb1_case_uqi.o)
                0x00000424                __gnu_thumb1_case_uqi
 .text          0x00000438       0x9c c:/freescale/cw mcu v10.5/cross_tools/arm-none-eabi-gcc-4_7_3/bin/../lib/gcc/arm-none-eabi/4.7.3/armv6-m\libgcc.a(_udivsi3.o)
                0x00000438                __aeabi_uidiv
                0x00000438                __udivsi3
                0x000004c0                __aeabi_uidivmod
 .text          0x000004d4        0x4 c:/freescale/cw mcu v10.5/cross_tools/arm-none-eabi-gcc-4_7_3/bin/../lib/gcc/arm-none-eabi/4.7.3/armv6-m\libgcc.a(_dvmd_tls.o)
                0x000004d4                __aeabi_idiv0
                0x000004d4                __aeabi_ldiv0
 *(.text*)
 .text.xTaskIncrementTick
                0x000004d8      0x19c ./Generated_Code/tasks.o
                0x000004d8                xTaskIncrementTick
 .text.vTaskSwitchContext
                0x00000674       0xbc ./Generated_Code/tasks.o
                0x00000674                vTaskSwitchContext
 .text.vPortStopTickTimer
                0x00000730       0x14 ./Generated_Code/port.o
                0x00000730                vPortStopTickTimer
 .text.vPortEnterCritical
                0x00000744       0x20 ./Generated_Code/port.o
                0x00000744                vPortEnterCritical
 .text.vPortExitCritical
                0x00000764       0x20 ./Generated_Code/port.o
                0x00000764                vPortExitCritical
 .text.vPortYieldFromISR
                0x00000784       0x1c ./Generated_Code/port.o
                0x00000784                vPortYieldFromISR
 .text.vPortTickHandler
                0x000007a0       0x1c ./Generated_Code/port.o
                0x000007a0                vPortTickHandler
 .text.vPortSVCHandler
                0x000007bc       0x28 ./Generated_Code/port.o
                0x000007bc                vPortSVCHandler
 .text.vPortPendSVHandler
                0x000007e4       0x44 ./Generated_Code/port.o
                0x000007e4                vPortPendSVHandler
 .text.vListInsertEnd
                0x00000828       0x44 ./Generated_Code/list.o
                0x00000828                vListInsertEnd
 .text.uxListRemove
                0x0000086c       0x50 ./Generated_Code/list.o
                0x0000086c                uxListRemove
 .text.LedRed_Init
                0x000008bc       0x64 ./Generated_Code/LedRed.o
                0x000008bc                LedRed_Init
 .text.LedRed_PutVal
                0x00000920       0x34 ./Generated_Code/LedRed.o
                0x00000920                LedRed_PutVal
 .text.LedGreen_Init
                0x00000954       0x64 ./Generated_Code/LedGreen.o
                0x00000954                LedGreen_Init
 .text.LedGreen_PutVal
                0x000009b8       0x34 ./Generated_Code/LedGreen.o
                0x000009b8                LedGreen_PutVal
 .text.LedBlue_Init
                0x000009ec       0x60 ./Generated_Code/LedBlue.o
                0x000009ec                LedBlue_Init
 .text.LedBlue_PutVal
                0x00000a4c       0x30 ./Generated_Code/LedBlue.o
                0x00000a4c                LedBlue_PutVal
 .text.I2C0_Interrupt
                0x00000a7c      0x208 ./Generated_Code/I2C0.o
                0x00000a7c                I2C0_Interrupt
 .text.I2C0_Init
                0x00000c84      0x110 ./Generated_Code/I2C0.o
                0x00000c84                I2C0_Init
 .text.I2C0_MasterSendBlock
                0x00000d94       0xf4 ./Generated_Code/I2C0.o
                0x00000d94                I2C0_MasterSendBlock
 .text.I2C0_MasterReceiveBlock
                0x00000e88      0x100 ./Generated_Code/I2C0.o
                0x00000e88                I2C0_MasterReceiveBlock
 .text.Cpu_INT_NMIInterrupt
                0x00000f88        0xc ./Generated_Code/Cpu.o
                0x00000f88                Cpu_INT_NMIInterrupt
 .text.Cpu_Interrupt
                0x00000f94        0xc ./Generated_Code/Cpu.o
                0x00000f94                Cpu_Interrupt
 .text.__init_hardware
                0x00000fa0      0x110 ./Generated_Code/Cpu.o
                0x00000fa0                __init_hardware
 .text.PE_low_level_init
                0x000010b0       0xe4 ./Generated_Code/Cpu.o
                0x000010b0                PE_low_level_init
 .text.AS1_Init
                0x00001194      0x160 ./Generated_Code/AS1.o
                0x00001194                AS1_Init
 .text.zero_fill_bss
                0x000012f4       0x24 ./Project_Settings/Startup_Code/__arm_start.o
 .text.__thumb_startup
                0x00001318       0x30 ./Project_Settings/Startup_Code/__arm_start.o
                0x00001318                __thumb_startup
 .text._ExitProcess
                0x00001348        0xc ./Project_Settings/Startup_Code/__arm_end.o
                0x00001348                _ExitProcess
 .text.MMA8451_ReadReg
                0x00001354       0x9c ./Sources/Util/Accelerometer.o
                0x00001354                MMA8451_ReadReg
 .text.MMA8451_WriteReg
                0x000013f0       0x74 ./Sources/Util/Accelerometer.o
                0x000013f0                MMA8451_WriteReg
 .text.accelerometerInit
                0x00001464       0x28 ./Sources/Util/Accelerometer.o
                0x00001464                accelerometerInit
 .text.accelerometerTestRun
                0x0000148c       0x74 ./Sources/Util/Accelerometer.o
                0x0000148c                accelerometerTestRun
 .text.main     0x00001500       0x20 ./Sources/ProcessorExpert.o
                0x00001500                main
 .text.Cpu_OnNMIINT
                0x00001520        0x8 ./Sources/Events.o
                0x00001520                Cpu_OnNMIINT
 .text.FRTOS1_vApplicationStackOverflowHook
                0x00001528       0x10 ./Sources/Events.o
                0x00001528                FRTOS1_vApplicationStackOverflowHook
 .text.FRTOS1_vApplicationTickHook
                0x00001538        0x8 ./Sources/Events.o
                0x00001538                FRTOS1_vApplicationTickHook
 .text.I2C0_OnMasterBlockSent
                0x00001540       0x18 ./Sources/Events.o
                0x00001540                I2C0_OnMasterBlockSent
 .text.I2C0_OnMasterBlockReceived
                0x00001558       0x18 ./Sources/Events.o
                0x00001558                I2C0_OnMasterBlockReceived
 .text.exit     0x00001570       0x38 C:/Freescale/CW MCU v10.5/MCU/ARM_GCC_Support/ewl/lib/armv6-m\libc.a(exit.o)
                0x00001570                exit
 .text.memcpy   0x000015a8       0x12 C:/Freescale/CW MCU v10.5/MCU/ARM_GCC_Support/ewl/lib/armv6-m\libc.a(memcpy.o)
                0x000015a8                memcpy
 .text.memset   0x000015ba        0xc C:/Freescale/CW MCU v10.5/MCU/ARM_GCC_Support/ewl/lib/armv6-m\libc.a(memset.o)
                0x000015ba                memset
 .text.strchr   0x000015c6       0x1e C:/Freescale/CW MCU v10.5/MCU/ARM_GCC_Support/ewl/lib/armv6-m\libc.a(strchr.o)
                0x000015c6                strchr
 .text.strlen   0x000015e4       0x10 C:/Freescale/CW MCU v10.5/MCU/ARM_GCC_Support/ewl/lib/armv6-m\libc.a(strlen.o)
                0x000015e4                strlen
 .text.long2str.isra.0
                0x000015f4      0x19c C:/Freescale/CW MCU v10.5/MCU/ARM_GCC_Support/ewl/lib/armv6-m\libc.a(printformat_.o)
 .text.__pformatter_
                0x00001790      0x428 C:/Freescale/CW MCU v10.5/MCU/ARM_GCC_Support/ewl/lib/armv6-m\libc.a(printformat_.o)
                0x00001790                __pformatter_
 .text.__sformatter
                0x00001bb8      0x698 C:/Freescale/CW MCU v10.5/MCU/ARM_GCC_Support/ewl/lib/armv6-m\libc.a(scanformat_.o)
                0x00001bb8                __sformatter
 .text.isalpha  0x00002250       0x20 C:/Freescale/CW MCU v10.5/MCU/ARM_GCC_Support/ewl/lib/armv6-m\libc.a(ctype_aeabi.o)
                0x00002250                isalpha
 .text.isspace  0x00002270       0x20 C:/Freescale/CW MCU v10.5/MCU/ARM_GCC_Support/ewl/lib/armv6-m\libc.a(ctype_aeabi.o)
                0x00002270                isspace
 .text.toupper  0x00002290        0xe C:/Freescale/CW MCU v10.5/MCU/ARM_GCC_Support/ewl/lib/armv6-m\libc.a(ctype_aeabi.o)
                0x00002290                toupper
 .text.__strtoul
                0x0000229e      0x1ce C:/Freescale/CW MCU v10.5/MCU/ARM_GCC_Support/ewl/lib/armv6-m\libc.a(__strtoul.o)
                0x0000229e                __strtoul
 .text.__fill_mem
                0x0000246c       0x7e C:/Freescale/CW MCU v10.5/MCU/ARM_GCC_Support/ewl/lib/armv6-m\libc.a(__filll_mem.o)
                0x0000246c                __fill_mem
 .text.memchr   0x000024ea       0x1a C:/Freescale/CW MCU v10.5/MCU/ARM_GCC_Support/ewl/lib/armv6-m\libc.a(memchr.o)
                0x000024ea                memchr
 .text.__init_cpp
                0x00002504       0x48 C:/Freescale/CW MCU v10.5/MCU/ARM_GCC_Support/ewl/lib/armv6-m\librt.a(gcc_ctor_dtor.o)
                0x00002504                __init_cpp
 .text.__fini_cpp
                0x0000254c       0x34 C:/Freescale/CW MCU v10.5/MCU/ARM_GCC_Support/ewl/lib/armv6-m\librt.a(gcc_ctor_dtor.o)
                0x0000254c                __fini_cpp
 .text.__copy_rom_section
                0x00002580       0x48 C:/Freescale/CW MCU v10.5/MCU/ARM_GCC_Support/ewl/lib/armv6-m\librt.a(ROMCopy.o)
                0x00002580                __copy_rom_section
 .text.__copy_rom_sections_to_ram
                0x000025c8       0x34 C:/Freescale/CW MCU v10.5/MCU/ARM_GCC_Support/ewl/lib/armv6-m\librt.a(ROMCopy.o)
                0x000025c8                __copy_rom_sections_to_ram
 .text.__destroy_global_chain
                0x000025fc       0x1c C:/Freescale/CW MCU v10.5/MCU/ARM_GCC_Support/ewl/lib/armv6-m\librt.a(__arm_eabi_init.o)
                0x000025fc                __destroy_global_chain
 .text.__init_registers
                0x00002618       0x1c C:/Freescale/CW MCU v10.5/MCU/ARM_GCC_Support/ewl/lib/armv6-m\librt.a(__arm_eabi_init.o)
                0x00002618                __init_registers
 .text.__init_user
                0x00002634        0x4 C:/Freescale/CW MCU v10.5/MCU/ARM_GCC_Support/ewl/lib/armv6-m\librt.a(__arm_eabi_init.o)
                0x00002634                __init_user
 *(.rodata)
 *(.rodata*)
 .rodata.str1.1
                0x00002638        0x1 C:/Freescale/CW MCU v10.5/MCU/ARM_GCC_Support/ewl/lib/armv6-m\libc.a(printformat_.o)
 .rodata.CSWTCH.20
                0x00002639        0x5 C:/Freescale/CW MCU v10.5/MCU/ARM_GCC_Support/ewl/lib/armv6-m\libc.a(printformat_.o)
 .rodata.CSWTCH.21
                0x0000263e        0x5 C:/Freescale/CW MCU v10.5/MCU/ARM_GCC_Support/ewl/lib/armv6-m\libc.a(printformat_.o)
 .rodata.__aeabi_ctype_table_C
                0x00002643      0x101 C:/Freescale/CW MCU v10.5/MCU/ARM_GCC_Support/ewl/lib/armv6-m\libc.a(ctype_aeabi.o)
                0x00002643                __aeabi_ctype_table_C
 *(.glue_7)
 .glue_7        0x00000000        0x0 linker stubs
 *(.glue_7t)
 .glue_7t       0x00000000        0x0 linker stubs
 *(.eh_frame)
 *(.init)
 *(.fini)
                0x00002744                . = ALIGN (0x4)
                0x00002744                _etext = .

.vfp11_veneer   0x00002744        0x0
 .vfp11_veneer  0x00000000        0x0 linker stubs

.v4_bx          0x00002744        0x0
 .v4_bx         0x00000000        0x0 linker stubs

.iplt           0x00002744        0x0
 .iplt          0x00000000        0x0 ./Generated_Code/timers.o

.rel.dyn        0x00002744        0x0
 .rel.iplt      0x00000000        0x0 ./Generated_Code/timers.o

.ARM.extab
 *(.ARM.extab* .gnu.linkonce.armextab.*)

.ARM            0x00002744        0x0
                0x00002744                __exidx_start = .
 *(.ARM.exidx*)
                0x00002744                __exidx_end = .

.ctors          0x00002744        0x0
                0x00002744                __CTOR_LIST__ = .
 *crtbegin.o(.ctors)
 *(EXCLUDE_FILE(*crtend.o) .ctors)
 *(SORT(.ctors.*))
 *(.ctors)
                0x00002744                __CTOR_END__ = .

.dtors          0x00002744        0x0
                0x00002744                __DTOR_LIST__ = .
 *crtbegin.o(.dtors)
 *(EXCLUDE_FILE(*crtend.o) .dtors)
 *(SORT(.dtors.*))
 *(.dtors)
                0x00002744                __DTOR_END__ = .

.preinit_array  0x00002744        0x0
                0x00002744                PROVIDE (__preinit_array_start, .)
 *(.preinit_array*)
                0x00002744                PROVIDE (__preinit_array_end, .)

.init_array     0x00002744        0x0
                0x00002744                PROVIDE (__init_array_start, .)
 *(SORT(.init_array.*))
 *(.init_array*)
                0x00002744                PROVIDE (__init_array_end, .)

.fini_array     0x00002744        0x0
                0x00002744                PROVIDE (__fini_array_start, .)
 *(SORT(.fini_array.*))
 *(.fini_array*)
                0x00002744                PROVIDE (__fini_array_end, .)
                0x00002744                ___ROM_AT = .

.mtb            0x1ffff000        0x0
                0x1ffff000                . = ALIGN (0x8)
                0x1ffff000                _mtb_start = .
 *(.mtb_buf)
                0x1ffff000                . = ALIGN (0x8)
                0x1ffff000                _mtb_end = .

.data           0x1ffff000        0x8 load address 0x00002744
                0x1ffff000                . = ALIGN (0x4)
                0x1ffff000                _sdata = .
 *(.data)
 *(.data*)
 .data.xNextTaskUnblockTime
                0x1ffff000        0x4 ./Generated_Code/tasks.o
 .data.uxCriticalNesting
                0x1ffff004        0x4 ./Generated_Code/port.o
                0x1ffff008                . = ALIGN (0x4)
                0x1ffff008                _edata = .
                0x00000008                ___data_size = (_edata - _sdata)

.igot.plt       0x1ffff008        0x0 load address 0x0000274c
 .igot.plt      0x00000000        0x0 ./Generated_Code/timers.o
                0x1ffff008                . = ALIGN (0x4)

.bss            0x1ffff008      0x104 load address 0x0000274c
                0x1ffff008                __START_BSS = .
                0x1ffff008                PROVIDE (__bss_start__, __START_BSS)
 *(.bss)
 *(.bss*)
 .bss.pxCurrentTCB
                0x1ffff008        0x4 ./Generated_Code/tasks.o
                0x1ffff008                pxCurrentTCB
 .bss.pxReadyTasksLists
                0x1ffff00c       0x64 ./Generated_Code/tasks.o
 .bss.pxDelayedTaskList
                0x1ffff070        0x4 ./Generated_Code/tasks.o
 .bss.pxOverflowDelayedTaskList
                0x1ffff074        0x4 ./Generated_Code/tasks.o
 .bss.xTickCount
                0x1ffff078        0x4 ./Generated_Code/tasks.o
 .bss.uxTopReadyPriority
                0x1ffff07c        0x4 ./Generated_Code/tasks.o
 .bss.uxSchedulerSuspended
                0x1ffff080        0x4 ./Generated_Code/tasks.o
 .bss.uxPendedTicks
                0x1ffff084        0x4 ./Generated_Code/tasks.o
 .bss.xYieldPending
                0x1ffff088        0x4 ./Generated_Code/tasks.o
 .bss.xNumOfOverflows
                0x1ffff08c        0x4 ./Generated_Code/tasks.o
 .bss.PE_LDD_DeviceDataList
                0x1ffff090       0x18 ./Generated_Code/PE_LDD.o
                0x1ffff090                PE_LDD_DeviceDataList
 .bss.DeviceDataPrv__DEFAULT_RTOS_ALLOC
                0x1ffff0a8        0x4 ./Generated_Code/LedRed.o
 .bss.DeviceDataPrv__DEFAULT_RTOS_ALLOC
                0x1ffff0ac        0x4 ./Generated_Code/LedGreen.o
 .bss.DeviceDataPrv__DEFAULT_RTOS_ALLOC
                0x1ffff0b0        0x4 ./Generated_Code/LedBlue.o
 .bss.DeviceDataPrv__DEFAULT_RTOS_ALLOC
                0x1ffff0b4       0x14 ./Generated_Code/I2C0.o
 .bss.INT_I2C0__BAREBOARD_RTOS_ISRPARAM
                0x1ffff0c8        0x4 ./Generated_Code/I2C0.o
 .bss.DeviceDataPrv__DEFAULT_RTOS_ALLOC
                0x1ffff0cc       0x18 ./Generated_Code/AS1.o
 .bss.argv      0x1ffff0e4        0x4 ./Project_Settings/Startup_Code/__arm_start.o
 .bss.deviceData
                0x1ffff0e8        0x8 ./Sources/Util/Accelerometer.o
 .bss.xyz       0x1ffff0f0        0x4 ./Sources/Util/Accelerometer.o
 .bss.__stdio_exit
                0x1ffff0f4        0x4 C:/Freescale/CW MCU v10.5/MCU/ARM_GCC_Support/ewl/lib/armv6-m\libc.a(exit.o)
                0x1ffff0f4                __stdio_exit
 .bss.__console_exit
                0x1ffff0f8        0x4 C:/Freescale/CW MCU v10.5/MCU/ARM_GCC_Support/ewl/lib/armv6-m\libc.a(exit.o)
                0x1ffff0f8                __console_exit
 .bss.__S_romp  0x1ffff0fc        0xc C:/Freescale/CW MCU v10.5/MCU/ARM_GCC_Support/ewl/lib/armv6-m\librt.a(ROMCopy.o)
 .bss.__global_destructor_chain
                0x1ffff108        0x4 C:/Freescale/CW MCU v10.5/MCU/ARM_GCC_Support/ewl/lib/armv6-m\librt.a(__arm_eabi_init.o)
                0x1ffff108                __global_destructor_chain
 *(COMMON)
                0x1ffff10c                . = ALIGN (0x4)
                0x1ffff10c                __END_BSS = .
                0x1ffff10c                PROVIDE (__bss_end__, __END_BSS)
                0x0000274c                _romp_at = (___ROM_AT + SIZEOF (.data))

.romp           0x1ffff10c       0x18 load address 0x0000274c
                0x0000274c                __S_romp = _romp_at
                0x1ffff10c        0x4 LONG 0x2744 ___ROM_AT
                0x1ffff110        0x4 LONG 0x1ffff000 _sdata
                0x1ffff114        0x4 LONG 0x8 ___data_size
                0x1ffff118        0x4 LONG 0x0
                0x1ffff11c        0x4 LONG 0x0
                0x1ffff120        0x4 LONG 0x0

._user_heap_stack
                0x1ffff124     0x2000 load address 0x00002764
                0x1ffff124                . = ALIGN (0x4)
                0x1ffff124                PROVIDE (end, .)
                0x1ffff124                PROVIDE (_end, .)
                0x1ffff124                __heap_addr = .
                0x20000124                . = (. + __heap_size)
 *fill*         0x1ffff124     0x1000 00
                0x20001124                . = (. + __stack_size)
 *fill*         0x20000124     0x1000 00
                0x20001124                . = ALIGN (0x4)

.ARM.attributes
                0x00000000       0x2f
 *(.ARM.attributes)
 .ARM.attributes
                0x00000000       0x31 ./Generated_Code/tasks.o
 .ARM.attributes
                0x00000031       0x31 ./Generated_Code/port.o
 .ARM.attributes
                0x00000062       0x31 ./Generated_Code/list.o
 .ARM.attributes
                0x00000093       0x31 ./Generated_Code/Vectors.o
 .ARM.attributes
                0x000000c4       0x31 ./Generated_Code/PE_LDD.o
 .ARM.attributes
                0x000000f5       0x31 ./Generated_Code/LedRed.o
 .ARM.attributes
                0x00000126       0x31 ./Generated_Code/LedGreen.o
 .ARM.attributes
                0x00000157       0x31 ./Generated_Code/LedBlue.o
 .ARM.attributes
                0x00000188       0x31 ./Generated_Code/I2C0.o
 .ARM.attributes
                0x000001b9       0x31 ./Generated_Code/Cpu.o
 .ARM.attributes
                0x000001ea       0x31 ./Generated_Code/AS1.o
 .ARM.attributes
                0x0000021b       0x31 ./Project_Settings/Startup_Code/__arm_start.o
 .ARM.attributes
                0x0000024c       0x31 ./Project_Settings/Startup_Code/__arm_end.o
 .ARM.attributes
                0x0000027d       0x31 ./Sources/Util/Accelerometer.o
 .ARM.attributes
                0x000002ae       0x31 ./Sources/ProcessorExpert.o
 .ARM.attributes
                0x000002df       0x31 ./Sources/Events.o
 .ARM.attributes
                0x00000310       0x31 C:/Freescale/CW MCU v10.5/MCU/ARM_GCC_Support/ewl/lib/armv6-m\libc.a(exit.o)
 .ARM.attributes
                0x00000341       0x31 C:/Freescale/CW MCU v10.5/MCU/ARM_GCC_Support/ewl/lib/armv6-m\libc.a(memcpy.o)
 .ARM.attributes
                0x00000372       0x31 C:/Freescale/CW MCU v10.5/MCU/ARM_GCC_Support/ewl/lib/armv6-m\libc.a(memset.o)
 .ARM.attributes
                0x000003a3       0x31 C:/Freescale/CW MCU v10.5/MCU/ARM_GCC_Support/ewl/lib/armv6-m\libc.a(strchr.o)
 .ARM.attributes
                0x000003d4       0x31 C:/Freescale/CW MCU v10.5/MCU/ARM_GCC_Support/ewl/lib/armv6-m\libc.a(strlen.o)
 .ARM.attributes
                0x00000405       0x31 C:/Freescale/CW MCU v10.5/MCU/ARM_GCC_Support/ewl/lib/armv6-m\libc.a(printformat_.o)
 .ARM.attributes
                0x00000436       0x31 C:/Freescale/CW MCU v10.5/MCU/ARM_GCC_Support/ewl/lib/armv6-m\libc.a(scanformat_.o)
 .ARM.attributes
                0x00000467       0x31 C:/Freescale/CW MCU v10.5/MCU/ARM_GCC_Support/ewl/lib/armv6-m\libc.a(ctype_aeabi.o)
 .ARM.attributes
                0x00000498       0x31 C:/Freescale/CW MCU v10.5/MCU/ARM_GCC_Support/ewl/lib/armv6-m\libc.a(__strtoul.o)
 .ARM.attributes
                0x000004c9       0x31 C:/Freescale/CW MCU v10.5/MCU/ARM_GCC_Support/ewl/lib/armv6-m\libc.a(__filll_mem.o)
 .ARM.attributes
                0x000004fa       0x31 C:/Freescale/CW MCU v10.5/MCU/ARM_GCC_Support/ewl/lib/armv6-m\libc.a(memchr.o)
 .ARM.attributes
                0x0000052b       0x1e c:/freescale/cw mcu v10.5/cross_tools/arm-none-eabi-gcc-4_7_3/bin/../lib/gcc/arm-none-eabi/4.7.3/armv6-m\libgcc.a(_thumb1_case_sqi.o)
 .ARM.attributes
                0x00000549       0x1e c:/freescale/cw mcu v10.5/cross_tools/arm-none-eabi-gcc-4_7_3/bin/../lib/gcc/arm-none-eabi/4.7.3/armv6-m\libgcc.a(_thumb1_case_uqi.o)
 .ARM.attributes
                0x00000567       0x1e c:/freescale/cw mcu v10.5/cross_tools/arm-none-eabi-gcc-4_7_3/bin/../lib/gcc/arm-none-eabi/4.7.3/armv6-m\libgcc.a(_udivsi3.o)
 .ARM.attributes
                0x00000585       0x1e c:/freescale/cw mcu v10.5/cross_tools/arm-none-eabi-gcc-4_7_3/bin/../lib/gcc/arm-none-eabi/4.7.3/armv6-m\libgcc.a(_dvmd_tls.o)
 .ARM.attributes
                0x000005a3       0x31 C:/Freescale/CW MCU v10.5/MCU/ARM_GCC_Support/ewl/lib/armv6-m\librt.a(gcc_ctor_dtor.o)
 .ARM.attributes
                0x000005d4       0x31 C:/Freescale/CW MCU v10.5/MCU/ARM_GCC_Support/ewl/lib/armv6-m\librt.a(ROMCopy.o)
 .ARM.attributes
                0x00000605       0x31 C:/Freescale/CW MCU v10.5/MCU/ARM_GCC_Support/ewl/lib/armv6-m\librt.a(__arm_eabi_init.o)
OUTPUT(M0PlusFreeRTOS.elf elf32-littlearm)

.debug_info     0x00000000     0x5d58
 .debug_info    0x00000000      0xdf3 ./Generated_Code/tasks.o
 .debug_info    0x00000df3      0x26a ./Generated_Code/port.o
 .debug_info    0x0000105d      0x29d ./Generated_Code/list.o
 .debug_info    0x000012fa      0x10b ./Generated_Code/Vectors.o
 .debug_info    0x00001405      0x255 ./Generated_Code/PE_LDD.o
 .debug_info    0x0000165a      0x3f2 ./Generated_Code/LedRed.o
 .debug_info    0x00001a4c      0x3f2 ./Generated_Code/LedGreen.o
 .debug_info    0x00001e3e      0x3f2 ./Generated_Code/LedBlue.o
 .debug_info    0x00002230      0x79f ./Generated_Code/I2C0.o
 .debug_info    0x000029cf      0x8e7 ./Generated_Code/Cpu.o
 .debug_info    0x000032b6      0x7a6 ./Generated_Code/AS1.o
 .debug_info    0x00003a5c      0x12a ./Project_Settings/Startup_Code/__arm_start.o
 .debug_info    0x00003b86       0x54 ./Project_Settings/Startup_Code/__arm_end.o
 .debug_info    0x00003bda      0x24e ./Sources/Util/Accelerometer.o
 .debug_info    0x00003e28       0xb0 ./Sources/ProcessorExpert.o
 .debug_info    0x00003ed8      0x268 ./Sources/Events.o
 .debug_info    0x00004140       0xe8 C:/Freescale/CW MCU v10.5/MCU/ARM_GCC_Support/ewl/lib/armv6-m\libc.a(exit.o)
 .debug_info    0x00004228      0x10f C:/Freescale/CW MCU v10.5/MCU/ARM_GCC_Support/ewl/lib/armv6-m\libc.a(memcpy.o)
 .debug_info    0x00004337       0xec C:/Freescale/CW MCU v10.5/MCU/ARM_GCC_Support/ewl/lib/armv6-m\libc.a(memset.o)
 .debug_info    0x00004423      0x10b C:/Freescale/CW MCU v10.5/MCU/ARM_GCC_Support/ewl/lib/armv6-m\libc.a(strchr.o)
 .debug_info    0x0000452e       0xea C:/Freescale/CW MCU v10.5/MCU/ARM_GCC_Support/ewl/lib/armv6-m\libc.a(strlen.o)
 .debug_info    0x00004618      0x50d C:/Freescale/CW MCU v10.5/MCU/ARM_GCC_Support/ewl/lib/armv6-m\libc.a(printformat_.o)
 .debug_info    0x00004b25      0x568 C:/Freescale/CW MCU v10.5/MCU/ARM_GCC_Support/ewl/lib/armv6-m\libc.a(scanformat_.o)
 .debug_info    0x0000508d      0x313 C:/Freescale/CW MCU v10.5/MCU/ARM_GCC_Support/ewl/lib/armv6-m\libc.a(ctype_aeabi.o)
 .debug_info    0x000053a0      0x1d6 C:/Freescale/CW MCU v10.5/MCU/ARM_GCC_Support/ewl/lib/armv6-m\libc.a(__strtoul.o)
 .debug_info    0x00005576      0x137 C:/Freescale/CW MCU v10.5/MCU/ARM_GCC_Support/ewl/lib/armv6-m\libc.a(__filll_mem.o)
 .debug_info    0x000056ad      0x121 C:/Freescale/CW MCU v10.5/MCU/ARM_GCC_Support/ewl/lib/armv6-m\libc.a(memchr.o)
 .debug_info    0x000057ce      0x136 C:/Freescale/CW MCU v10.5/MCU/ARM_GCC_Support/ewl/lib/armv6-m\librt.a(gcc_ctor_dtor.o)
 .debug_info    0x00005904      0x19b C:/Freescale/CW MCU v10.5/MCU/ARM_GCC_Support/ewl/lib/armv6-m\librt.a(ROMCopy.o)
 .debug_info    0x00005a9f      0x2b9 C:/Freescale/CW MCU v10.5/MCU/ARM_GCC_Support/ewl/lib/armv6-m\librt.a(__arm_eabi_init.o)

.debug_abbrev   0x00000000     0x1c5f
 .debug_abbrev  0x00000000      0x18d ./Generated_Code/tasks.o
 .debug_abbrev  0x0000018d      0x107 ./Generated_Code/port.o
 .debug_abbrev  0x00000294       0xb6 ./Generated_Code/list.o
 .debug_abbrev  0x0000034a       0xa3 ./Generated_Code/Vectors.o
 .debug_abbrev  0x000003ed      0x102 ./Generated_Code/PE_LDD.o
 .debug_abbrev  0x000004ef      0x151 ./Generated_Code/LedRed.o
 .debug_abbrev  0x00000640      0x151 ./Generated_Code/LedGreen.o
 .debug_abbrev  0x00000791      0x151 ./Generated_Code/LedBlue.o
 .debug_abbrev  0x000008e2      0x170 ./Generated_Code/I2C0.o
 .debug_abbrev  0x00000a52      0x111 ./Generated_Code/Cpu.o
 .debug_abbrev  0x00000b63      0x197 ./Generated_Code/AS1.o
 .debug_abbrev  0x00000cfa       0x92 ./Project_Settings/Startup_Code/__arm_start.o
 .debug_abbrev  0x00000d8c       0x4c ./Project_Settings/Startup_Code/__arm_end.o
 .debug_abbrev  0x00000dd8      0x12c ./Sources/Util/Accelerometer.o
 .debug_abbrev  0x00000f04       0x5b ./Sources/ProcessorExpert.o
 .debug_abbrev  0x00000f5f       0xd2 ./Sources/Events.o
 .debug_abbrev  0x00001031       0x7a C:/Freescale/CW MCU v10.5/MCU/ARM_GCC_Support/ewl/lib/armv6-m\libc.a(exit.o)
 .debug_abbrev  0x000010ab       0x95 C:/Freescale/CW MCU v10.5/MCU/ARM_GCC_Support/ewl/lib/armv6-m\libc.a(memcpy.o)
 .debug_abbrev  0x00001140       0x62 C:/Freescale/CW MCU v10.5/MCU/ARM_GCC_Support/ewl/lib/armv6-m\libc.a(memset.o)
 .debug_abbrev  0x000011a2       0x7a C:/Freescale/CW MCU v10.5/MCU/ARM_GCC_Support/ewl/lib/armv6-m\libc.a(strchr.o)
 .debug_abbrev  0x0000121c       0x7a C:/Freescale/CW MCU v10.5/MCU/ARM_GCC_Support/ewl/lib/armv6-m\libc.a(strlen.o)
 .debug_abbrev  0x00001296      0x200 C:/Freescale/CW MCU v10.5/MCU/ARM_GCC_Support/ewl/lib/armv6-m\libc.a(printformat_.o)
 .debug_abbrev  0x00001496      0x1f0 C:/Freescale/CW MCU v10.5/MCU/ARM_GCC_Support/ewl/lib/armv6-m\libc.a(scanformat_.o)
 .debug_abbrev  0x00001686       0x9e C:/Freescale/CW MCU v10.5/MCU/ARM_GCC_Support/ewl/lib/armv6-m\libc.a(ctype_aeabi.o)
 .debug_abbrev  0x00001724       0xc2 C:/Freescale/CW MCU v10.5/MCU/ARM_GCC_Support/ewl/lib/armv6-m\libc.a(__strtoul.o)
 .debug_abbrev  0x000017e6       0x78 C:/Freescale/CW MCU v10.5/MCU/ARM_GCC_Support/ewl/lib/armv6-m\libc.a(__filll_mem.o)
 .debug_abbrev  0x0000185e       0x95 C:/Freescale/CW MCU v10.5/MCU/ARM_GCC_Support/ewl/lib/armv6-m\libc.a(memchr.o)
 .debug_abbrev  0x000018f3       0x99 C:/Freescale/CW MCU v10.5/MCU/ARM_GCC_Support/ewl/lib/armv6-m\librt.a(gcc_ctor_dtor.o)
 .debug_abbrev  0x0000198c      0x120 C:/Freescale/CW MCU v10.5/MCU/ARM_GCC_Support/ewl/lib/armv6-m\librt.a(ROMCopy.o)
 .debug_abbrev  0x00001aac      0x1b3 C:/Freescale/CW MCU v10.5/MCU/ARM_GCC_Support/ewl/lib/armv6-m\librt.a(__arm_eabi_init.o)

.debug_loc      0x00000000     0x3e33
 .debug_loc     0x00000000      0x740 ./Generated_Code/tasks.o
 .debug_loc     0x00000740      0x228 ./Generated_Code/port.o
 .debug_loc     0x00000968      0x118 ./Generated_Code/list.o
 .debug_loc     0x00000a80       0x9c ./Generated_Code/PE_LDD.o
 .debug_loc     0x00000b1c      0x188 ./Generated_Code/LedRed.o
 .debug_loc     0x00000ca4      0x188 ./Generated_Code/LedGreen.o
 .debug_loc     0x00000e2c      0x188 ./Generated_Code/LedBlue.o
 .debug_loc     0x00000fb4      0x118 ./Generated_Code/I2C0.o
 .debug_loc     0x000010cc       0xb0 ./Generated_Code/Cpu.o
 .debug_loc     0x0000117c      0x230 ./Generated_Code/AS1.o
 .debug_loc     0x000013ac       0x2c ./Project_Settings/Startup_Code/__arm_start.o
 .debug_loc     0x000013d8       0x38 ./Project_Settings/Startup_Code/__arm_end.o
 .debug_loc     0x00001410      0x100 ./Sources/Util/Accelerometer.o
 .debug_loc     0x00001510       0x38 ./Sources/ProcessorExpert.o
 .debug_loc     0x00001548      0x200 ./Sources/Events.o
 .debug_loc     0x00001748       0x3e C:/Freescale/CW MCU v10.5/MCU/ARM_GCC_Support/ewl/lib/armv6-m\libc.a(exit.o)
 .debug_loc     0x00001786       0x59 C:/Freescale/CW MCU v10.5/MCU/ARM_GCC_Support/ewl/lib/armv6-m\libc.a(memcpy.o)
 .debug_loc     0x000017df       0x6f C:/Freescale/CW MCU v10.5/MCU/ARM_GCC_Support/ewl/lib/armv6-m\libc.a(memset.o)
 .debug_loc     0x0000184e       0xaf C:/Freescale/CW MCU v10.5/MCU/ARM_GCC_Support/ewl/lib/armv6-m\libc.a(strchr.o)
 .debug_loc     0x000018fd       0x33 C:/Freescale/CW MCU v10.5/MCU/ARM_GCC_Support/ewl/lib/armv6-m\libc.a(strlen.o)
 .debug_loc     0x00001930     0x104b C:/Freescale/CW MCU v10.5/MCU/ARM_GCC_Support/ewl/lib/armv6-m\libc.a(printformat_.o)
 .debug_loc     0x0000297b      0x9d8 C:/Freescale/CW MCU v10.5/MCU/ARM_GCC_Support/ewl/lib/armv6-m\libc.a(scanformat_.o)
 .debug_loc     0x00003353      0x30d C:/Freescale/CW MCU v10.5/MCU/ARM_GCC_Support/ewl/lib/armv6-m\libc.a(ctype_aeabi.o)
 .debug_loc     0x00003660      0x305 C:/Freescale/CW MCU v10.5/MCU/ARM_GCC_Support/ewl/lib/armv6-m\libc.a(__strtoul.o)
 .debug_loc     0x00003965      0x14a C:/Freescale/CW MCU v10.5/MCU/ARM_GCC_Support/ewl/lib/armv6-m\libc.a(__filll_mem.o)
 .debug_loc     0x00003aaf       0x77 C:/Freescale/CW MCU v10.5/MCU/ARM_GCC_Support/ewl/lib/armv6-m\libc.a(memchr.o)
 .debug_loc     0x00003b26       0x9d C:/Freescale/CW MCU v10.5/MCU/ARM_GCC_Support/ewl/lib/armv6-m\librt.a(gcc_ctor_dtor.o)
 .debug_loc     0x00003bc3       0xd9 C:/Freescale/CW MCU v10.5/MCU/ARM_GCC_Support/ewl/lib/armv6-m\librt.a(ROMCopy.o)
 .debug_loc     0x00003c9c      0x197 C:/Freescale/CW MCU v10.5/MCU/ARM_GCC_Support/ewl/lib/armv6-m\librt.a(__arm_eabi_init.o)

.debug_aranges  0x00000000      0x7a0
 .debug_aranges
                0x00000000      0x128 ./Generated_Code/tasks.o
 .debug_aranges
                0x00000128       0x88 ./Generated_Code/port.o
 .debug_aranges
                0x000001b0       0x40 ./Generated_Code/list.o
 .debug_aranges
                0x000001f0       0x18 ./Generated_Code/Vectors.o
 .debug_aranges
                0x00000208       0x30 ./Generated_Code/PE_LDD.o
 .debug_aranges
                0x00000238       0x50 ./Generated_Code/LedRed.o
 .debug_aranges
                0x00000288       0x50 ./Generated_Code/LedGreen.o
 .debug_aranges
                0x000002d8       0x50 ./Generated_Code/LedBlue.o
 .debug_aranges
                0x00000328       0x40 ./Generated_Code/I2C0.o
 .debug_aranges
                0x00000368       0x38 ./Generated_Code/Cpu.o
 .debug_aranges
                0x000003a0       0x68 ./Generated_Code/AS1.o
 .debug_aranges
                0x00000408       0x30 ./Project_Settings/Startup_Code/__arm_start.o
 .debug_aranges
                0x00000438       0x20 ./Project_Settings/Startup_Code/__arm_end.o
 .debug_aranges
                0x00000458       0x40 ./Sources/Util/Accelerometer.o
 .debug_aranges
                0x00000498       0x20 ./Sources/ProcessorExpert.o
 .debug_aranges
                0x000004b8       0x68 ./Sources/Events.o
 .debug_aranges
                0x00000520       0x20 C:/Freescale/CW MCU v10.5/MCU/ARM_GCC_Support/ewl/lib/armv6-m\libc.a(exit.o)
 .debug_aranges
                0x00000540       0x20 C:/Freescale/CW MCU v10.5/MCU/ARM_GCC_Support/ewl/lib/armv6-m\libc.a(memcpy.o)
 .debug_aranges
                0x00000560       0x20 C:/Freescale/CW MCU v10.5/MCU/ARM_GCC_Support/ewl/lib/armv6-m\libc.a(memset.o)
 .debug_aranges
                0x00000580       0x20 C:/Freescale/CW MCU v10.5/MCU/ARM_GCC_Support/ewl/lib/armv6-m\libc.a(strchr.o)
 .debug_aranges
                0x000005a0       0x20 C:/Freescale/CW MCU v10.5/MCU/ARM_GCC_Support/ewl/lib/armv6-m\libc.a(strlen.o)
 .debug_aranges
                0x000005c0       0x28 C:/Freescale/CW MCU v10.5/MCU/ARM_GCC_Support/ewl/lib/armv6-m\libc.a(printformat_.o)
 .debug_aranges
                0x000005e8       0x20 C:/Freescale/CW MCU v10.5/MCU/ARM_GCC_Support/ewl/lib/armv6-m\libc.a(scanformat_.o)
 .debug_aranges
                0x00000608       0x88 C:/Freescale/CW MCU v10.5/MCU/ARM_GCC_Support/ewl/lib/armv6-m\libc.a(ctype_aeabi.o)
 .debug_aranges
                0x00000690       0x20 C:/Freescale/CW MCU v10.5/MCU/ARM_GCC_Support/ewl/lib/armv6-m\libc.a(__strtoul.o)
 .debug_aranges
                0x000006b0       0x20 C:/Freescale/CW MCU v10.5/MCU/ARM_GCC_Support/ewl/lib/armv6-m\libc.a(__filll_mem.o)
 .debug_aranges
                0x000006d0       0x20 C:/Freescale/CW MCU v10.5/MCU/ARM_GCC_Support/ewl/lib/armv6-m\libc.a(memchr.o)
 .debug_aranges
                0x000006f0       0x28 C:/Freescale/CW MCU v10.5/MCU/ARM_GCC_Support/ewl/lib/armv6-m\librt.a(gcc_ctor_dtor.o)
 .debug_aranges
                0x00000718       0x30 C:/Freescale/CW MCU v10.5/MCU/ARM_GCC_Support/ewl/lib/armv6-m\librt.a(ROMCopy.o)
 .debug_aranges
                0x00000748       0x58 C:/Freescale/CW MCU v10.5/MCU/ARM_GCC_Support/ewl/lib/armv6-m\librt.a(__arm_eabi_init.o)

.debug_macinfo  0x00000000   0x2b7c68
 .debug_macinfo
                0x00000000    0x35db3 ./Generated_Code/tasks.o
 .debug_macinfo
                0x00035db3    0x30dde ./Generated_Code/port.o
 .debug_macinfo
                0x00066b91     0x65ef ./Generated_Code/list.o
 .debug_macinfo
                0x0006d180    0x34f90 ./Generated_Code/Vectors.o
 .debug_macinfo
                0x000a2110    0x34ef6 ./Generated_Code/PE_LDD.o
 .debug_macinfo
                0x000d7006    0x31566 ./Generated_Code/LedRed.o
 .debug_macinfo
                0x0010856c    0x31582 ./Generated_Code/LedGreen.o
 .debug_macinfo
                0x00139aee    0x3156e ./Generated_Code/LedBlue.o
 .debug_macinfo
                0x0016b05c    0x3b08b ./Generated_Code/I2C0.o
 .debug_macinfo
                0x001a60e7    0x34f93 ./Generated_Code/Cpu.o
 .debug_macinfo
                0x001db07a    0x369df ./Generated_Code/AS1.o
 .debug_macinfo
                0x00211a59     0x3e6d ./Project_Settings/Startup_Code/__arm_start.o
 .debug_macinfo
                0x002158c6     0x3456 ./Project_Settings/Startup_Code/__arm_end.o
 .debug_macinfo
                0x00218d1c    0x35014 ./Sources/Util/Accelerometer.o
 .debug_macinfo
                0x0024dd30    0x34fd8 ./Sources/ProcessorExpert.o
 .debug_macinfo
                0x00282d08    0x34f60 ./Sources/Events.o

.debug_line     0x00000000     0x565f
 .debug_line    0x00000000      0x978 ./Generated_Code/tasks.o
 .debug_line    0x00000978      0x3c3 ./Generated_Code/port.o
 .debug_line    0x00000d3b      0x2ca ./Generated_Code/list.o
 .debug_line    0x00001005      0x532 ./Generated_Code/Vectors.o
 .debug_line    0x00001537      0x3d8 ./Generated_Code/PE_LDD.o
 .debug_line    0x0000190f      0x360 ./Generated_Code/LedRed.o
 .debug_line    0x00001c6f      0x364 ./Generated_Code/LedGreen.o
 .debug_line    0x00001fd3      0x362 ./Generated_Code/LedBlue.o
 .debug_line    0x00002335      0x596 ./Generated_Code/I2C0.o
 .debug_line    0x000028cb      0x59b ./Generated_Code/Cpu.o
 .debug_line    0x00002e66      0x5fd ./Generated_Code/AS1.o
 .debug_line    0x00003463      0x2ab ./Project_Settings/Startup_Code/__arm_start.o
 .debug_line    0x0000370e      0x266 ./Project_Settings/Startup_Code/__arm_end.o
 .debug_line    0x00003974      0x471 ./Sources/Util/Accelerometer.o
 .debug_line    0x00003de5      0x4e6 ./Sources/ProcessorExpert.o
 .debug_line    0x000042cb      0x4b8 ./Sources/Events.o
 .debug_line    0x00004783       0x8d C:/Freescale/CW MCU v10.5/MCU/ARM_GCC_Support/ewl/lib/armv6-m\libc.a(exit.o)
 .debug_line    0x00004810       0x8b C:/Freescale/CW MCU v10.5/MCU/ARM_GCC_Support/ewl/lib/armv6-m\libc.a(memcpy.o)
 .debug_line    0x0000489b       0x90 C:/Freescale/CW MCU v10.5/MCU/ARM_GCC_Support/ewl/lib/armv6-m\libc.a(memset.o)
 .debug_line    0x0000492b       0x7d C:/Freescale/CW MCU v10.5/MCU/ARM_GCC_Support/ewl/lib/armv6-m\libc.a(strchr.o)
 .debug_line    0x000049a8       0x85 C:/Freescale/CW MCU v10.5/MCU/ARM_GCC_Support/ewl/lib/armv6-m\libc.a(strlen.o)
 .debug_line    0x00004a2d      0x2c3 C:/Freescale/CW MCU v10.5/MCU/ARM_GCC_Support/ewl/lib/armv6-m\libc.a(printformat_.o)
 .debug_line    0x00004cf0      0x2be C:/Freescale/CW MCU v10.5/MCU/ARM_GCC_Support/ewl/lib/armv6-m\libc.a(scanformat_.o)
 .debug_line    0x00004fae      0x1be C:/Freescale/CW MCU v10.5/MCU/ARM_GCC_Support/ewl/lib/armv6-m\libc.a(ctype_aeabi.o)
 .debug_line    0x0000516c      0x11e C:/Freescale/CW MCU v10.5/MCU/ARM_GCC_Support/ewl/lib/armv6-m\libc.a(__strtoul.o)
 .debug_line    0x0000528a       0xf6 C:/Freescale/CW MCU v10.5/MCU/ARM_GCC_Support/ewl/lib/armv6-m\libc.a(__filll_mem.o)
 .debug_line    0x00005380       0x9f C:/Freescale/CW MCU v10.5/MCU/ARM_GCC_Support/ewl/lib/armv6-m\libc.a(memchr.o)
 .debug_line    0x0000541f       0x6c C:/Freescale/CW MCU v10.5/MCU/ARM_GCC_Support/ewl/lib/armv6-m\librt.a(gcc_ctor_dtor.o)
 .debug_line    0x0000548b       0xbd C:/Freescale/CW MCU v10.5/MCU/ARM_GCC_Support/ewl/lib/armv6-m\librt.a(ROMCopy.o)
 .debug_line    0x00005548      0x117 C:/Freescale/CW MCU v10.5/MCU/ARM_GCC_Support/ewl/lib/armv6-m\librt.a(__arm_eabi_init.o)

.debug_str      0x00000000     0x1fff
 .debug_str     0x00000000      0x89a ./Generated_Code/tasks.o
                                0x909 (size before relaxing)
 .debug_str     0x0000089a      0x14e ./Generated_Code/port.o
                                0x2ac (size before relaxing)
 .debug_str     0x000009e8       0xad ./Generated_Code/list.o
                                0x270 (size before relaxing)
 .debug_str     0x00000a95       0x5e ./Generated_Code/Vectors.o
                                0x189 (size before relaxing)
 .debug_str     0x00000af3      0x1a5 ./Generated_Code/PE_LDD.o
                                0x2ec (size before relaxing)
 .debug_str     0x00000c98      0x169 ./Generated_Code/LedRed.o
                                0x2f9 (size before relaxing)
 .debug_str     0x00000e01       0xb8 ./Generated_Code/LedGreen.o
                                0x30d (size before relaxing)
 .debug_str     0x00000eb9       0xae ./Generated_Code/LedBlue.o
                                0x303 (size before relaxing)
 .debug_str     0x00000f67      0x276 ./Generated_Code/I2C0.o
                                0x485 (size before relaxing)
 .debug_str     0x000011dd      0x18c ./Generated_Code/Cpu.o
                                0x438 (size before relaxing)
 .debug_str     0x00001369      0x146 ./Generated_Code/AS1.o
                                0x451 (size before relaxing)
 .debug_str     0x000014af       0x85 ./Project_Settings/Startup_Code/__arm_start.o
                                0x1aa (size before relaxing)
 .debug_str     0x00001534       0x41 ./Project_Settings/Startup_Code/__arm_end.o
                                 0xe1 (size before relaxing)
 .debug_str     0x00001575       0xd5 ./Sources/Util/Accelerometer.o
                                0x252 (size before relaxing)
 .debug_str     0x0000164a       0x37 ./Sources/ProcessorExpert.o
                                0x16a (size before relaxing)
 .debug_str     0x00001681      0x111 ./Sources/Events.o
                                0x2c4 (size before relaxing)
 .debug_str     0x00001792       0x54 C:/Freescale/CW MCU v10.5/MCU/ARM_GCC_Support/ewl/lib/armv6-m\libc.a(exit.o)
                                0x157 (size before relaxing)
 .debug_str     0x000017e6       0x1c C:/Freescale/CW MCU v10.5/MCU/ARM_GCC_Support/ewl/lib/armv6-m\libc.a(memcpy.o)
                                0x138 (size before relaxing)
 .debug_str     0x00001802       0x1c C:/Freescale/CW MCU v10.5/MCU/ARM_GCC_Support/ewl/lib/armv6-m\libc.a(memset.o)
                                0x140 (size before relaxing)
 .debug_str     0x0000181e       0x1c C:/Freescale/CW MCU v10.5/MCU/ARM_GCC_Support/ewl/lib/armv6-m\libc.a(strchr.o)
                                0x137 (size before relaxing)
 .debug_str     0x0000183a       0x24 C:/Freescale/CW MCU v10.5/MCU/ARM_GCC_Support/ewl/lib/armv6-m\libc.a(strlen.o)
                                0x140 (size before relaxing)
 .debug_str     0x0000185e      0x233 C:/Freescale/CW MCU v10.5/MCU/ARM_GCC_Support/ewl/lib/armv6-m\libc.a(printformat_.o)
                                0x3b3 (size before relaxing)
 .debug_str     0x00001a91      0x184 C:/Freescale/CW MCU v10.5/MCU/ARM_GCC_Support/ewl/lib/armv6-m\libc.a(scanformat_.o)
                                0x3f9 (size before relaxing)
 .debug_str     0x00001c15       0x9d C:/Freescale/CW MCU v10.5/MCU/ARM_GCC_Support/ewl/lib/armv6-m\libc.a(ctype_aeabi.o)
                                0x1bc (size before relaxing)
 .debug_str     0x00001cb2       0x61 C:/Freescale/CW MCU v10.5/MCU/ARM_GCC_Support/ewl/lib/armv6-m\libc.a(__strtoul.o)
                                0x1fb (size before relaxing)
 .debug_str     0x00001d13       0x25 C:/Freescale/CW MCU v10.5/MCU/ARM_GCC_Support/ewl/lib/armv6-m\libc.a(__filll_mem.o)
                                0x152 (size before relaxing)
 .debug_str     0x00001d38       0x1c C:/Freescale/CW MCU v10.5/MCU/ARM_GCC_Support/ewl/lib/armv6-m\libc.a(memchr.o)
                                0x148 (size before relaxing)
 .debug_str     0x00001d54      0x126 C:/Freescale/CW MCU v10.5/MCU/ARM_GCC_Support/ewl/lib/armv6-m\librt.a(gcc_ctor_dtor.o)
                                0x181 (size before relaxing)
 .debug_str     0x00001e7a       0x9c C:/Freescale/CW MCU v10.5/MCU/ARM_GCC_Support/ewl/lib/armv6-m\librt.a(ROMCopy.o)
                                0x13c (size before relaxing)
 .debug_str     0x00001f16       0xe9 C:/Freescale/CW MCU v10.5/MCU/ARM_GCC_Support/ewl/lib/armv6-m\librt.a(__arm_eabi_init.o)
                                0x1b5 (size before relaxing)

.comment        0x00000000       0x79
 .comment       0x00000000       0x79 ./Generated_Code/tasks.o
                                 0x7a (size before relaxing)
 .comment       0x00000000       0x7a ./Generated_Code/port.o
 .comment       0x00000000       0x7a ./Generated_Code/list.o
 .comment       0x00000000       0x7a ./Generated_Code/Vectors.o
 .comment       0x00000000       0x7a ./Generated_Code/PE_LDD.o
 .comment       0x00000000       0x7a ./Generated_Code/LedRed.o
 .comment       0x00000000       0x7a ./Generated_Code/LedGreen.o
 .comment       0x00000000       0x7a ./Generated_Code/LedBlue.o
 .comment       0x00000000       0x7a ./Generated_Code/I2C0.o
 .comment       0x00000000       0x7a ./Generated_Code/Cpu.o
 .comment       0x00000000       0x7a ./Generated_Code/AS1.o
 .comment       0x00000000       0x7a ./Project_Settings/Startup_Code/__arm_start.o
 .comment       0x00000000       0x7a ./Project_Settings/Startup_Code/__arm_end.o
 .comment       0x00000000       0x7a ./Sources/Util/Accelerometer.o
 .comment       0x00000000       0x7a ./Sources/ProcessorExpert.o
 .comment       0x00000000       0x7a ./Sources/Events.o
 .comment       0x00000000       0x7a C:/Freescale/CW MCU v10.5/MCU/ARM_GCC_Support/ewl/lib/armv6-m\libc.a(exit.o)
 .comment       0x00000000       0x7a C:/Freescale/CW MCU v10.5/MCU/ARM_GCC_Support/ewl/lib/armv6-m\libc.a(memcpy.o)
 .comment       0x00000000       0x7a C:/Freescale/CW MCU v10.5/MCU/ARM_GCC_Support/ewl/lib/armv6-m\libc.a(memset.o)
 .comment       0x00000000       0x7a C:/Freescale/CW MCU v10.5/MCU/ARM_GCC_Support/ewl/lib/armv6-m\libc.a(strchr.o)
 .comment       0x00000000       0x7a C:/Freescale/CW MCU v10.5/MCU/ARM_GCC_Support/ewl/lib/armv6-m\libc.a(strlen.o)
 .comment       0x00000000       0x7a C:/Freescale/CW MCU v10.5/MCU/ARM_GCC_Support/ewl/lib/armv6-m\libc.a(printformat_.o)
 .comment       0x00000000       0x7a C:/Freescale/CW MCU v10.5/MCU/ARM_GCC_Support/ewl/lib/armv6-m\libc.a(scanformat_.o)
 .comment       0x00000000       0x7a C:/Freescale/CW MCU v10.5/MCU/ARM_GCC_Support/ewl/lib/armv6-m\libc.a(ctype_aeabi.o)
 .comment       0x00000000       0x7a C:/Freescale/CW MCU v10.5/MCU/ARM_GCC_Support/ewl/lib/armv6-m\libc.a(__strtoul.o)
 .comment       0x00000000       0x7a C:/Freescale/CW MCU v10.5/MCU/ARM_GCC_Support/ewl/lib/armv6-m\libc.a(__filll_mem.o)
 .comment       0x00000000       0x7a C:/Freescale/CW MCU v10.5/MCU/ARM_GCC_Support/ewl/lib/armv6-m\libc.a(memchr.o)
 .comment       0x00000000       0x7a C:/Freescale/CW MCU v10.5/MCU/ARM_GCC_Support/ewl/lib/armv6-m\librt.a(gcc_ctor_dtor.o)
 .comment       0x00000000       0x7a C:/Freescale/CW MCU v10.5/MCU/ARM_GCC_Support/ewl/lib/armv6-m\librt.a(ROMCopy.o)
 .comment       0x00000000       0x7a C:/Freescale/CW MCU v10.5/MCU/ARM_GCC_Support/ewl/lib/armv6-m\librt.a(__arm_eabi_init.o)

.debug_frame    0x00000000     0x1368
 .debug_frame   0x00000000      0x440 ./Generated_Code/tasks.o
 .debug_frame   0x00000440      0x188 ./Generated_Code/port.o
 .debug_frame   0x000005c8       0xb0 ./Generated_Code/list.o
 .debug_frame   0x00000678       0x6c ./Generated_Code/PE_LDD.o
 .debug_frame   0x000006e4       0xf0 ./Generated_Code/LedRed.o
 .debug_frame   0x000007d4       0xf0 ./Generated_Code/LedGreen.o
 .debug_frame   0x000008c4       0xf0 ./Generated_Code/LedBlue.o
 .debug_frame   0x000009b4       0xb0 ./Generated_Code/I2C0.o
 .debug_frame   0x00000a64       0x80 ./Generated_Code/Cpu.o
 .debug_frame   0x00000ae4      0x150 ./Generated_Code/AS1.o
 .debug_frame   0x00000c34       0x4c ./Project_Settings/Startup_Code/__arm_start.o
 .debug_frame   0x00000c80       0x30 ./Project_Settings/Startup_Code/__arm_end.o
 .debug_frame   0x00000cb0       0xa8 ./Sources/Util/Accelerometer.o
 .debug_frame   0x00000d58       0x30 ./Sources/ProcessorExpert.o
 .debug_frame   0x00000d88      0x140 ./Sources/Events.o
 .debug_frame   0x00000ec8       0x2c C:/Freescale/CW MCU v10.5/MCU/ARM_GCC_Support/ewl/lib/armv6-m\libc.a(exit.o)
 .debug_frame   0x00000ef4       0x28 C:/Freescale/CW MCU v10.5/MCU/ARM_GCC_Support/ewl/lib/armv6-m\libc.a(memcpy.o)
 .debug_frame   0x00000f1c       0x28 C:/Freescale/CW MCU v10.5/MCU/ARM_GCC_Support/ewl/lib/armv6-m\libc.a(memset.o)
 .debug_frame   0x00000f44       0x28 C:/Freescale/CW MCU v10.5/MCU/ARM_GCC_Support/ewl/lib/armv6-m\libc.a(strchr.o)
 .debug_frame   0x00000f6c       0x28 C:/Freescale/CW MCU v10.5/MCU/ARM_GCC_Support/ewl/lib/armv6-m\libc.a(strlen.o)
 .debug_frame   0x00000f94       0x54 C:/Freescale/CW MCU v10.5/MCU/ARM_GCC_Support/ewl/lib/armv6-m\libc.a(printformat_.o)
 .debug_frame   0x00000fe8       0x34 C:/Freescale/CW MCU v10.5/MCU/ARM_GCC_Support/ewl/lib/armv6-m\libc.a(scanformat_.o)
 .debug_frame   0x0000101c      0x158 C:/Freescale/CW MCU v10.5/MCU/ARM_GCC_Support/ewl/lib/armv6-m\libc.a(ctype_aeabi.o)
 .debug_frame   0x00001174       0x30 C:/Freescale/CW MCU v10.5/MCU/ARM_GCC_Support/ewl/lib/armv6-m\libc.a(__strtoul.o)
 .debug_frame   0x000011a4       0x2c C:/Freescale/CW MCU v10.5/MCU/ARM_GCC_Support/ewl/lib/armv6-m\libc.a(__filll_mem.o)
 .debug_frame   0x000011d0       0x28 C:/Freescale/CW MCU v10.5/MCU/ARM_GCC_Support/ewl/lib/armv6-m\libc.a(memchr.o)
 .debug_frame   0x000011f8       0x20 c:/freescale/cw mcu v10.5/cross_tools/arm-none-eabi-gcc-4_7_3/bin/../lib/gcc/arm-none-eabi/4.7.3/armv6-m\libgcc.a(_udivsi3.o)
 .debug_frame   0x00001218       0x40 C:/Freescale/CW MCU v10.5/MCU/ARM_GCC_Support/ewl/lib/armv6-m\librt.a(gcc_ctor_dtor.o)
 .debug_frame   0x00001258       0x54 C:/Freescale/CW MCU v10.5/MCU/ARM_GCC_Support/ewl/lib/armv6-m\librt.a(ROMCopy.o)
 .debug_frame   0x000012ac       0xbc C:/Freescale/CW MCU v10.5/MCU/ARM_GCC_Support/ewl/lib/armv6-m\librt.a(__arm_eabi_init.o)
