Archive member included because of file (symbol)

C:/Users/JH/Documents/GitHub/M0PlusFreeRTOS/M0PlusFreeRTOS/Sources/TSS\libTSS_KXX_M0.a(TSS_ASliderDecoder.o)
                              ./Sources/TSS/TSS_SystemSetupData.o (TSS_ASliderDecoder)
C:/Users/JH/Documents/GitHub/M0PlusFreeRTOS/M0PlusFreeRTOS/Sources/TSS\libTSS_KXX_M0.a(TSS_Filters.o)
                              ./Sources/TSS/TSS_SystemSetupData.o (TSS_KeyDetectorInitPrevCapSample)
C:/Users/JH/Documents/GitHub/M0PlusFreeRTOS/M0PlusFreeRTOS/Sources/TSS\libTSS_KXX_M0.a(TSS_KeyDetectorNormal.o)
                              ./Sources/TSS/TSS_SystemSetupData.o (TSS_KeyBasicStuckKeyControl)
C:/Users/JH/Documents/GitHub/M0PlusFreeRTOS/M0PlusFreeRTOS/Sources/TSS\libTSS_KXX_M0.a(TSS_KeyDetector.o)
                              C:/Users/JH/Documents/GitHub/M0PlusFreeRTOS/M0PlusFreeRTOS/Sources/TSS\libTSS_KXX_M0.a(TSS_KeyDetectorNormal.o) (TSS_KeyDetectorResetElectrodeDebouncing)
C:/Users/JH/Documents/GitHub/M0PlusFreeRTOS/M0PlusFreeRTOS/Sources/TSS\libTSS_KXX_M0.a(TSS_Main.o)
                              ./Generated_Code/TSSTouch.o (TSS_Init)
C:/Freescale/CW MCU v10.5/MCU/ARM_GCC_Support/ewl/lib/armv6-m\libc.a(printf.o)
                              ./Sources/Tasks/TaskSendString.o (printf)
C:/Freescale/CW MCU v10.5/MCU/ARM_GCC_Support/ewl/lib/armv6-m\libc.a(puts.o)
                              ./Sources/Tasks/TaskSendString2.o (puts)
C:/Freescale/CW MCU v10.5/MCU/ARM_GCC_Support/ewl/lib/armv6-m\libc.a(exit.o)
                              ./Project_Settings/Startup_Code/__arm_start.o (exit)
C:/Freescale/CW MCU v10.5/MCU/ARM_GCC_Support/ewl/lib/armv6-m\libc.a(memcpy.o)
                              ./Generated_Code/queue.o (memcpy)
C:/Freescale/CW MCU v10.5/MCU/ARM_GCC_Support/ewl/lib/armv6-m\libc.a(memset.o)
                              ./Generated_Code/tasks.o (memset)
C:/Freescale/CW MCU v10.5/MCU/ARM_GCC_Support/ewl/lib/armv6-m\libc.a(strchr.o)
                              ./Generated_Code/UTIL2.o (strchr)
C:/Freescale/CW MCU v10.5/MCU/ARM_GCC_Support/ewl/lib/armv6-m\libc.a(strlen.o)
                              ./Generated_Code/UTIL2.o (strlen)
C:/Freescale/CW MCU v10.5/MCU/ARM_GCC_Support/ewl/lib/armv6-m\libc.a(strncmp.o)
                              ./Generated_Code/UTIL2.o (strncmp)
C:/Freescale/CW MCU v10.5/MCU/ARM_GCC_Support/ewl/lib/armv6-m\libc.a(printformat_.o)
                              (__pformatter_)
C:/Freescale/CW MCU v10.5/MCU/ARM_GCC_Support/ewl/lib/armv6-m\libc.a(scanformat_.o)
                              (__sformatter)
C:/Freescale/CW MCU v10.5/MCU/ARM_GCC_Support/ewl/lib/armv6-m\libc.a(ctype_aeabi.o)
                              C:/Freescale/CW MCU v10.5/MCU/ARM_GCC_Support/ewl/lib/armv6-m\libc.a(scanformat_.o) (isspace)
C:/Freescale/CW MCU v10.5/MCU/ARM_GCC_Support/ewl/lib/armv6-m\libc.a(__putchar.o)
                              C:/Freescale/CW MCU v10.5/MCU/ARM_GCC_Support/ewl/lib/armv6-m\libc.a(puts.o) (__put_char)
C:/Freescale/CW MCU v10.5/MCU/ARM_GCC_Support/ewl/lib/armv6-m\libc.a(ansi_files.o)
                              C:/Freescale/CW MCU v10.5/MCU/ARM_GCC_Support/ewl/lib/armv6-m\libc.a(printf.o) (__files)
C:/Freescale/CW MCU v10.5/MCU/ARM_GCC_Support/ewl/lib/armv6-m\libc.a(fflush.o)
                              C:/Freescale/CW MCU v10.5/MCU/ARM_GCC_Support/ewl/lib/armv6-m\libc.a(ansi_files.o) (fflush)
C:/Freescale/CW MCU v10.5/MCU/ARM_GCC_Support/ewl/lib/armv6-m\libc.a(fwrite.o)
                              C:/Freescale/CW MCU v10.5/MCU/ARM_GCC_Support/ewl/lib/armv6-m\libc.a(printf.o) (__FileWrite)
C:/Freescale/CW MCU v10.5/MCU/ARM_GCC_Support/ewl/lib/armv6-m\libc.a(__strtoul.o)
                              C:/Freescale/CW MCU v10.5/MCU/ARM_GCC_Support/ewl/lib/armv6-m\libc.a(scanformat_.o) (__strtoul)
C:/Freescale/CW MCU v10.5/MCU/ARM_GCC_Support/ewl/lib/armv6-m\libc.a(__filll_mem.o)
                              C:/Freescale/CW MCU v10.5/MCU/ARM_GCC_Support/ewl/lib/armv6-m\libc.a(memset.o) (__fill_mem)
C:/Freescale/CW MCU v10.5/MCU/ARM_GCC_Support/ewl/lib/armv6-m\libc.a(__memrchr.o)
                              C:/Freescale/CW MCU v10.5/MCU/ARM_GCC_Support/ewl/lib/armv6-m\libc.a(fwrite.o) (__memrchr)
C:/Freescale/CW MCU v10.5/MCU/ARM_GCC_Support/ewl/lib/armv6-m\libc.a(memchr.o)
                              C:/Freescale/CW MCU v10.5/MCU/ARM_GCC_Support/ewl/lib/armv6-m\libc.a(printformat_.o) (memchr)
C:/Freescale/CW MCU v10.5/MCU/ARM_GCC_Support/ewl/lib/armv6-m\libc.a(__buffer_io.o)
                              C:/Freescale/CW MCU v10.5/MCU/ARM_GCC_Support/ewl/lib/armv6-m\libc.a(__putchar.o) (__prep_buffer)
c:/freescale/cw mcu v10.5/cross_tools/arm-none-eabi-gcc-4_7_3/bin/../lib/gcc/arm-none-eabi/4.7.3/armv6-m\libgcc.a(_thumb1_case_sqi.o)
                              C:/Freescale/CW MCU v10.5/MCU/ARM_GCC_Support/ewl/lib/armv6-m\libc.a(__strtoul.o) (__gnu_thumb1_case_sqi)
[...]
Memory Configuration

Name             Origin             Length             Attributes
m_interrupts     0x00000000         0x000000c0         xr
m_text           0x00000410         0x0001fbf0         xr
m_data           0x1ffff000         0x00004000         rw
m_cfmprotrom     0x00000400         0x00000010         xr
*default*        0x00000000         0xffffffff

Linker script and memory map

LOAD ./Generated_Code/timers.o
LOAD ./Generated_Code/tasks.o
LOAD ./Generated_Code/queue.o
LOAD ./Generated_Code/portasm.o
LOAD ./Generated_Code/port.o
LOAD ./Generated_Code/list.o
LOAD ./Generated_Code/heap_4.o
LOAD ./Generated_Code/heap_3.o
LOAD ./Generated_Code/heap_2.o
LOAD ./Generated_Code/heap_1.o
LOAD ./Generated_Code/croutine.o
LOAD ./Generated_Code/WAIT1.o
LOAD ./Generated_Code/Vectors.o
LOAD ./Generated_Code/UTIL2.o
LOAD ./Generated_Code/UTIL1.o
LOAD ./Generated_Code/TU1.o
LOAD ./Generated_Code/TU0.o
LOAD ./Generated_Code/TSSTouch.o
LOAD ./Generated_Code/PwmLdd3.o
LOAD ./Generated_Code/PwmLdd2.o
LOAD ./Generated_Code/PwmLdd1.o
LOAD ./Generated_Code/PWMLEDRed.o
LOAD ./Generated_Code/PWMLEDGreen.o
LOAD ./Generated_Code/PWMLEDBlue.o
LOAD ./Generated_Code/PE_LDD.o
LOAD ./Generated_Code/MMA1.o
LOAD ./Generated_Code/IO1.o
LOAD ./Generated_Code/I2C1.o
LOAD ./Generated_Code/I2C0.o
LOAD ./Generated_Code/GI2C1.o
LOAD ./Generated_Code/FRTOS1.o
LOAD ./Generated_Code/CsIO1.o
LOAD ./Generated_Code/Cpu.o
LOAD ./Generated_Code/AdcLdd1.o
LOAD ./Generated_Code/AD0.o
LOAD ./Project_Settings/Startup_Code/__arm_start.o
LOAD ./Project_Settings/Startup_Code/__arm_end.o
LOAD ./Sources/TSS/TSS_SystemSetupData.o
LOAD ./Sources/TSS/TSS_SensorTSIL.o
LOAD ./Sources/TSS/TSS_SensorTSI.o
LOAD ./Sources/TSS/TSS_SensorGPIO.o
LOAD ./Sources/TSS/TSS_Sensor.o
LOAD ./Sources/TSS/TSS_Freemaster.o
LOAD ./Sources/Tasks/TaskWriteString.o
LOAD ./Sources/Tasks/TaskSendString2.o
LOAD ./Sources/Tasks/TaskSendString1.o
LOAD ./Sources/Tasks/TaskSendString.o
LOAD ./Sources/Tasks/TaskRotateLed.o
LOAD ./Sources/Tasks/TaskRedLed.o
LOAD ./Sources/Tasks/TaskGyroscope.o
LOAD ./Sources/Tasks/TaskGreenLed.o
LOAD ./Sources/Tasks/TaskBlueLed.o
LOAD ./Sources/Tasks/TaskAccelerometer.o
LOAD ./Sources/Util/UART.o
LOAD ./Sources/Util/Led.o
LOAD ./Sources/Util/Gyroscope.o
LOAD ./Sources/Util/Accelerometer.o
LOAD ./Sources/sa_mtb.o
LOAD ./Sources/ProcessorExpert.o
LOAD ./Sources/Events.o
                0x00005cc0                __pformatter = __pformatter_
                [0x000060e8]                __sformatter = __sformatter
LOAD C:/Users/JH/Documents/GitHub/M0PlusFreeRTOS/M0PlusFreeRTOS/Sources/TSS\libTSS_KXX_M0.a
START GROUP
LOAD C:/Freescale/CW MCU v10.5/MCU/ARM_GCC_Support/ewl/lib/armv6-m\libc.a
LOAD C:/Freescale/CW MCU v10.5/MCU/ARM_GCC_Support/ewl/lib/armv6-m\libm.a
LOAD c:/freescale/cw mcu v10.5/cross_tools/arm-none-eabi-gcc-4_7_3/bin/../lib/gcc/arm-none-eabi/4.7.3/armv6-m\libgcc.a
LOAD C:/Freescale/CW MCU v10.5/MCU/ARM_GCC_Support/ewl/lib/armv6-m\librt.a
LOAD C:/Freescale/CW MCU v10.5/MCU/ARM_GCC_Support/ewl/lib/armv6-m\libuart.a
END GROUP
                0x20003000                _estack = 0x20003000
                0x20003000                __SP_INIT = _estack
                0x00000000                __heap_size = 0x0
                0x00000020                __stack_size = 0x20

.interrupts     0x00000000       0xc0
                0x00000000                __vector_table = .
                0x00000000                . = ALIGN (0x4)
 *(.vectortable)
 .vectortable   0x00000000       0xc0 ./Generated_Code/Vectors.o
                0x00000000                __vect_table
                0x000000c0                . = ALIGN (0x4)

.cfmprotect     0x00000400       0x10
                0x00000400                . = ALIGN (0x4)
 *(.cfmconfig)
 .cfmconfig     0x00000400       0x10 ./Generated_Code/Cpu.o
                0x00000400                _cfm
                0x00000410                . = ALIGN (0x4)

.text           0x00000410     0x69f8
                0x00000410                . = ALIGN (0x4)
 *(.text)
 .text          0x00000410      0x760 C:/Users/JH/Documents/GitHub/M0PlusFreeRTOS/M0PlusFreeRTOS/Sources/TSS\libTSS_KXX_M0.a(TSS_ASliderDecoder.o)
                0x00000410                TSS_ASliderDecoder
                0x00000848                TSS_ASliderCalculatePosIIRFilter
                0x000008ac                TSS_ASliderDelayControl
                0x00000924                TSS_ASliderTrendThreshold
                0x0000094c                TSS_ASliderTrendControl
                0x00000a3c                TSS_SetASliderConfig
                0x00000b3c                TSS_GetASliderConfig
 .text          0x00000b70      0x1c8 C:/Users/JH/Documents/GitHub/M0PlusFreeRTOS/M0PlusFreeRTOS/Sources/TSS\libTSS_KXX_M0.a(TSS_Filters.o)
                0x00000b70                TSS_u16NoiseAmplitudeFilter
                0x00000ba4                TSS_i8NoiseAmplitudeFilter
                0x00000bda                TSS_ShieldEquation
                0x00000c3c                TSS_KeyDetectorInitPrevCapSample
                0x00000c50                TSS_KeyDetectorCalculateIIRFilter
                0x00000c70                TSS_KeyDetectorCalculateShielding
                0x00000c84                TSS_KeyDetectorSignalDivider
                0x00000ca0                TSS_KeyDetectorSignalMultiplier
                0x00000cd0                TSS_SubUInt16WithUInt16ToSInt16
                0x00000cfc                TSS_ShiftSInt16ToUInt16
                0x00000d08                TSS_CutSInt16ToSInt8
                0x00000d20                TSS_SensitivityLowLimitControl
 .text          0x00000d38      0x854 C:/Users/JH/Documents/GitHub/M0PlusFreeRTOS/M0PlusFreeRTOS/Sources/TSS\libTSS_KXX_M0.a(TSS_KeyDetectorNormal.o)
                0x00000db0                TSS_KeyBasicStuckKeyControl
                0x00000dfc                TSS_KeyBasicDetect
                0x00000fac                TSS_KeyBasicNegativeBaselineDrop
                0x00001038                TSS_KeyBasicElectrodeEval
                0x000012a4                TSS_KeyBasicSensAutoCalibration
                0x000014e4                TSS_KeyBasicDeltaNoiseAnalysisIIRControl
                0x00001558                TSS_KeyBasicGetSystemDataContext
 .text          0x0000158c      0x6c8 C:/Users/JH/Documents/GitHub/M0PlusFreeRTOS/M0PlusFreeRTOS/Sources/TSS\libTSS_KXX_M0.a(TSS_KeyDetector.o)
                0x000015cc                TSS_KeyDetectorResetElectrodeDebouncing
                0x000015e8                TSS_KeyDetectorResetElectrode
                0x000015fc                TSS_KeyDetectorRestartElectrode
                0x00001644                TSS_KeyDetectorRecalibrateModules
                0x00001658                TSS_KeyDetectorInit
                0x00001690                TSS_KeyDetectorResetElectrodeMeasured
                0x000016b8                TSS_KeyDetectorCalculateDelta
                0x000016d8                TSS_KeyDetectorFillDeltaLogBuffer
                0x000016f0                TSS_KeyDetectorFillSignalLogBuffer
                0x00001704                TSS_KeyDetectorResetStuckKeyCounter
                0x00001710                TSS_KeyDetectorGetDCTrackerCounter
                0x0000171c                TSS_KeyDetectorGetSlowDCTrackerCounter
                0x00001728                TSS_KeyDetectorCalibrate
                0x0000174c                TSS_KeyDetectorReleaseElectrode
                0x0000176c                TSS_KeyDetectorMainSequenced
                0x00001930                TSS_KeyDetectorMain
                0x00001ae0                TSS_KeyDetectorElectrodeStatusUpdate
                0x00001b14                TSS_KeyDetectorGetElectrodeGroupStatus
                0x00001b50                TSS_KeyDetectorGetElectrodeEnablerStatus
                0x00001c04                TSS_KeyDetectorRecalibrationRequest
                0x00001c18                TSS_KeyDetectorGetShieldElectrodeReleaseStatus
 .text          0x00001c54     0x10a0 C:/Users/JH/Documents/GitHub/M0PlusFreeRTOS/M0PlusFreeRTOS/Sources/TSS\libTSS_KXX_M0.a(TSS_Main.o)
                0x00001cec                TSS_InitRegisterArrays
                0x00001d44                TSS_InitInternalArrays
                0x00001d94                TSS_Init
                0x00001df8                TSS_DataCorruptionCheck
                0x00001eac                TSS_FaultEvaluation
                0x00001f24                TSS_DecodersControl
                0x00001f90                TSS_TriggerControl
                0x00001fe4                TSS_Task
                0x000020bc                TSS_TaskSeq
                0x00002194                TSS_InternalControlPrivateData
                0x000021b8                TSS_SetControlPrivateData
                0x000021cc                TSS_GetControlPrivateData
                0x000021e8                TSS_GetControlStruct
                0x00002208                TSS_GetControlNumberOfElectrodes
                0x00002228                TSS_GetControlFirstElectrodeIndex
                0x0000224c                TSS_GetControlLastElectrodeIndex
                0x00002274                TSS_GetControlElectrodeIndex
                0x0000229c                TSS_SetControlElectrodesEnablers
                0x00002324                TSS_GetControlElectrodesStatus
                0x0000234c                TSS_TriggerConfig
                0x000023c0                TSS_LowPowerConfig
                0x00002464                TSS_ProximityConfig
                0x000024bc                TSS_SetSystemConfig
                0x000027f0                TSS_GetSystemConfig
                0x00002910                TSS_BrowseModules
                0x000029b8                TSS_LoadElectrodeData
                0x00002a60                TSS_StoreElectrodeData
                0x00002ae0                TSS_LoadModulesData
                0x00002b48                TSS_StoreModulesData
                0x00002b8c                TSS_LoadAllSystemData
                0x00002c38                TSS_StoreAllSystemData
 .text          0x00002cf4       0x14 c:/freescale/cw mcu v10.5/cross_tools/arm-none-eabi-gcc-4_7_3/bin/../lib/gcc/arm-none-eabi/4.7.3/armv6-m\libgcc.a(_thumb1_case_sqi.o)
                0x00002cf4                __gnu_thumb1_case_sqi
 .text          0x00002d08       0x14 c:/freescale/cw mcu v10.5/cross_tools/arm-none-eabi-gcc-4_7_3/bin/../lib/gcc/arm-none-eabi/4.7.3/armv6-m\libgcc.a(_thumb1_case_uqi.o)
                0x00002d08                __gnu_thumb1_case_uqi
 .text          0x00002d1c       0x9c c:/freescale/cw mcu v10.5/cross_tools/arm-none-eabi-gcc-4_7_3/bin/../lib/gcc/arm-none-eabi/4.7.3/armv6-m\libgcc.a(_udivsi3.o)
                0x00002d1c                __aeabi_uidiv
                0x00002d1c                __udivsi3
                0x00002da4                __aeabi_uidivmod
 .text          0x00002db8       0xc0 c:/freescale/cw mcu v10.5/cross_tools/arm-none-eabi-gcc-4_7_3/bin/../lib/gcc/arm-none-eabi/4.7.3/armv6-m\libgcc.a(_divsi3.o)
                0x00002db8                __divsi3
                0x00002db8                __aeabi_idiv
                0x00002e64                __aeabi_idivmod
 .text          0x00002e78        0x4 c:/freescale/cw mcu v10.5/cross_tools/arm-none-eabi-gcc-4_7_3/bin/../lib/gcc/arm-none-eabi/4.7.3/armv6-m\libgcc.a(_dvmd_tls.o)
                0x00002e78                __aeabi_idiv0
                0x00002e78                __aeabi_ldiv0
 *(.text*)
 .text.xTaskIncrementTick
                0x00002e7c      0x19c ./Generated_Code/tasks.o
                0x00002e7c                xTaskIncrementTick
 .text.vTaskSwitchContext
                0x00003018       0xbc ./Generated_Code/tasks.o
                0x00003018                vTaskSwitchContext
 .text.vPortStopTickTimer
                0x000030d4       0x14 ./Generated_Code/port.o
                0x000030d4                vPortStopTickTimer
 .text.vPortYieldFromISR
                0x000030e8       0x1c ./Generated_Code/port.o
                0x000030e8                vPortYieldFromISR
 .text.vPortTickHandler
                0x00003104       0x1c ./Generated_Code/port.o
                0x00003104                vPortTickHandler
 .text.vPortSVCHandler
                0x00003120       0x28 ./Generated_Code/port.o
                0x00003120                vPortSVCHandler
 .text.vPortPendSVHandler
                0x00003148       0x44 ./Generated_Code/port.o
                0x00003148                vPortPendSVHandler
 .text.vListInsertEnd
                0x0000318c       0x44 ./Generated_Code/list.o
                0x0000318c                vListInsertEnd
 .text.uxListRemove
                0x000031d0       0x50 ./Generated_Code/list.o
                0x000031d0                uxListRemove
 .text.TU1_Init
                0x00003220       0xe4 ./Generated_Code/TU1.o
                0x00003220                TU1_Init
 .text.TU1_GetPeriodTicks
                0x00003304       0x3c ./Generated_Code/TU1.o
                0x00003304                TU1_GetPeriodTicks
 .text.TU1_SetOffsetTicks
                0x00003340       0x58 ./Generated_Code/TU1.o
                0x00003340                TU1_SetOffsetTicks
 .text.TU0_Init
                0x00003398       0xe0 ./Generated_Code/TU0.o
                0x00003398                TU0_Init
 .text.TSSTouch_InitDevices
                0x00003478       0x44 ./Generated_Code/TSSTouch.o
                0x00003478                TSSTouch_InitDevices
 .text.TSSTouch_Configure
                0x000034bc      0x19c ./Generated_Code/TSSTouch.o
                0x000034bc                TSSTouch_Configure
 .text.PwmLdd3_Init
                0x00003658       0x54 ./Generated_Code/PwmLdd3.o
                0x00003658                PwmLdd3_Init
 .text.PwmLdd3_SetRatio8
                0x000036ac       0x34 ./Generated_Code/PwmLdd3.o
                0x000036ac                PwmLdd3_SetRatio8
 .text.SetRatio
                0x000036e0       0x68 ./Generated_Code/PwmLdd3.o
 .text.PwmLdd2_Init
                0x00003748       0x54 ./Generated_Code/PwmLdd2.o
                0x00003748                PwmLdd2_Init
 .text.PwmLdd1_Init
                0x0000379c       0x54 ./Generated_Code/PwmLdd1.o
                0x0000379c                PwmLdd1_Init
 .text.IO1_Init
                0x000037f0      0x160 ./Generated_Code/IO1.o
                0x000037f0                IO1_Init
 .text.I2C1_Interrupt
                0x00003950      0x26c ./Generated_Code/I2C1.o
                0x00003950                I2C1_Interrupt
 .text.I2C0_Interrupt
                0x00003bbc      0x278 ./Generated_Code/I2C0.o
                0x00003bbc                I2C0_Interrupt
 .text.I2C0_Init
                0x00003e34      0x11c ./Generated_Code/I2C0.o
                0x00003e34                I2C0_Init
 .text.I2C0_OnMasterBlockSent
                0x00003f50       0x24 ./Generated_Code/GI2C1.o
                0x00003f50                I2C0_OnMasterBlockSent
 .text.I2C0_OnMasterBlockReceived
                0x00003f74       0x24 ./Generated_Code/GI2C1.o
                0x00003f74                I2C0_OnMasterBlockReceived
 .text.GI2C1_Init
                0x00003f98       0x24 ./Generated_Code/GI2C1.o
                0x00003f98                GI2C1_Init
 .text.Cpu_INT_NMIInterrupt
                0x00003fbc        0xc ./Generated_Code/Cpu.o
                0x00003fbc                Cpu_INT_NMIInterrupt
 .text.Cpu_Interrupt
                0x00003fc8        0xc ./Generated_Code/Cpu.o
                0x00003fc8                Cpu_Interrupt
 .text.__init_hardware
                0x00003fd4      0x110 ./Generated_Code/Cpu.o
                0x00003fd4                __init_hardware
 .text.PE_low_level_init
                0x000040e4       0xec ./Generated_Code/Cpu.o
                0x000040e4                PE_low_level_init
 .text.AdcLdd1_Init
                0x000041d0       0xc0 ./Generated_Code/AdcLdd1.o
                0x000041d0                AdcLdd1_Init
 .text.AD0_Init
                0x00004290       0x2c ./Generated_Code/AD0.o
                0x00004290                AD0_Init
 .text.zero_fill_bss
                0x000042bc       0x24 ./Project_Settings/Startup_Code/__arm_start.o
 .text.__thumb_startup
                0x000042e0       0x30 ./Project_Settings/Startup_Code/__arm_start.o
                0x000042e0                __thumb_startup
 .text._ExitProcess
                0x00004310        0xc ./Project_Settings/Startup_Code/__arm_end.o
                0x00004310                _ExitProcess
 .text.TSS_IIRFilterEquation
                0x0000431c       0x30 ./Sources/TSS/TSS_SystemSetupData.o
                0x0000431c                TSS_IIRFilterEquation
 .text.TSIL_InitModule
                0x0000434c       0x38 ./Sources/TSS/TSS_SensorTSIL.o
                0x0000434c                TSIL_InitModule
 .text.TSIL_SetNSamples
                0x00004384       0x68 ./Sources/TSS/TSS_SensorTSIL.o
                0x00004384                TSIL_SetNSamples
 .text.TSIL_InitLowPower
                0x000043ec       0x8c ./Sources/TSS/TSS_SensorTSIL.o
                0x000043ec                TSIL_InitLowPower
 .text.TSIL_InitPEN
                0x00004478      0x238 ./Sources/TSS/TSS_SensorTSIL.o
                0x00004478                TSIL_InitPEN
 .text.TSIL_Recalibrate
                0x000046b0      0x604 ./Sources/TSS/TSS_SensorTSIL.o
                0x000046b0                TSIL_Recalibrate
 .text.TSIL_InitThresholds
                0x00004cb4      0x118 ./Sources/TSS/TSS_SensorTSIL.o
                0x00004cb4                TSIL_InitThresholds
 .text.TSIL_InitTrigger
                0x00004dcc      0x1b8 ./Sources/TSS/TSS_SensorTSIL.o
                0x00004dcc                TSIL_InitTrigger
 .text.TSIL_MethodControl
                0x00004f84      0x340 ./Sources/TSS/TSS_SensorTSIL.o
                0x00004f84                TSIL_MethodControl
 .text.TSIL_ReadCounter
                0x000052c4       0xd4 ./Sources/TSS/TSS_SensorTSIL.o
                0x000052c4                TSIL_ReadCounter
 .text.TSIL_HandleMeasurement
                0x00005398       0xfc ./Sources/TSS/TSS_SensorTSIL.o
                0x00005398                TSIL_HandleMeasurement
 .text.TSIL_SampleElectrode
                0x00005494      0x284 ./Sources/TSS/TSS_SensorTSIL.o
                0x00005494                TSIL_SampleElectrode
 .text.TSS_TSI0Isr
                0x00005718      0x1d4 ./Sources/TSS/TSS_SensorTSIL.o
                0x00005718                TSS_TSI0Isr
 .text.TSS_SensorInitCallback
                0x000058ec       0x3c ./Sources/TSS/TSS_Sensor.o
                0x000058ec                TSS_SensorInitCallback
 .text.TSS_SensorInit
                0x00005928       0x2c ./Sources/TSS/TSS_Sensor.o
                0x00005928                TSS_SensorInit
 .text.main     0x00005954       0x1c ./Sources/ProcessorExpert.o
                0x00005954                main
 .text.Cpu_OnNMIINT
                0x00005970        0x8 ./Sources/Events.o
                0x00005970                Cpu_OnNMIINT
 .text.FRTOS1_vApplicationStackOverflowHook
                0x00005978       0x10 ./Sources/Events.o
                0x00005978                FRTOS1_vApplicationStackOverflowHook
 .text.FRTOS1_vApplicationTickHook
                0x00005988        0x8 ./Sources/Events.o
                0x00005988                FRTOS1_vApplicationTickHook
 .text.I2C1_OnMasterBlockSent
                0x00005990       0x18 ./Sources/Events.o
                0x00005990                I2C1_OnMasterBlockSent
 .text.I2C1_OnMasterBlockReceived
                0x000059a8       0x18 ./Sources/Events.o
                0x000059a8                I2C1_OnMasterBlockReceived
 .text.TSSTouch_fOnFault
                0x000059c0       0x3c ./Sources/Events.o
                0x000059c0                TSSTouch_fOnFault
 .text.TSSTouch_fOnInit
                0x000059fc        0xc ./Sources/Events.o
                0x000059fc                TSSTouch_fOnInit
 .text.TSSTouch_fCallBack0
                0x00005a08       0x98 ./Sources/Events.o
                0x00005a08                TSSTouch_fCallBack0
 .text.exit     0x00005aa0       0x38 C:/Freescale/CW MCU v10.5/MCU/ARM_GCC_Support/ewl/lib/armv6-m\libc.a(exit.o)
                0x00005aa0                exit
 .text.memcpy   0x00005ad8       0x12 C:/Freescale/CW MCU v10.5/MCU/ARM_GCC_Support/ewl/lib/armv6-m\libc.a(memcpy.o)
                0x00005ad8                memcpy
 .text.memset   0x00005aea        0xc C:/Freescale/CW MCU v10.5/MCU/ARM_GCC_Support/ewl/lib/armv6-m\libc.a(memset.o)
                0x00005aea                memset
 .text.strchr   0x00005af6       0x1e C:/Freescale/CW MCU v10.5/MCU/ARM_GCC_Support/ewl/lib/armv6-m\libc.a(strchr.o)
                0x00005af6                strchr
 .text.strlen   0x00005b14       0x10 C:/Freescale/CW MCU v10.5/MCU/ARM_GCC_Support/ewl/lib/armv6-m\libc.a(strlen.o)
                0x00005b14                strlen
 .text.long2str.isra.0
                0x00005b24      0x19c C:/Freescale/CW MCU v10.5/MCU/ARM_GCC_Support/ewl/lib/armv6-m\libc.a(printformat_.o)
 .text.__pformatter_
                0x00005cc0      0x428 C:/Freescale/CW MCU v10.5/MCU/ARM_GCC_Support/ewl/lib/armv6-m\libc.a(printformat_.o)
                0x00005cc0                __pformatter_
 .text.__sformatter
                0x000060e8      0x698 C:/Freescale/CW MCU v10.5/MCU/ARM_GCC_Support/ewl/lib/armv6-m\libc.a(scanformat_.o)
                0x000060e8                __sformatter
 .text.isalpha  0x00006780       0x20 C:/Freescale/CW MCU v10.5/MCU/ARM_GCC_Support/ewl/lib/armv6-m\libc.a(ctype_aeabi.o)
                0x00006780                isalpha
 .text.isspace  0x000067a0       0x20 C:/Freescale/CW MCU v10.5/MCU/ARM_GCC_Support/ewl/lib/armv6-m\libc.a(ctype_aeabi.o)
                0x000067a0                isspace
 .text.toupper  0x000067c0        0xe C:/Freescale/CW MCU v10.5/MCU/ARM_GCC_Support/ewl/lib/armv6-m\libc.a(ctype_aeabi.o)
                0x000067c0                toupper
 .text.__strtoul
                0x000067ce      0x1ce C:/Freescale/CW MCU v10.5/MCU/ARM_GCC_Support/ewl/lib/armv6-m\libc.a(__strtoul.o)
                0x000067ce                __strtoul
 .text.__fill_mem
                0x0000699c       0x7e C:/Freescale/CW MCU v10.5/MCU/ARM_GCC_Support/ewl/lib/armv6-m\libc.a(__filll_mem.o)
                0x0000699c                __fill_mem
 .text.memchr   0x00006a1a       0x1a C:/Freescale/CW MCU v10.5/MCU/ARM_GCC_Support/ewl/lib/armv6-m\libc.a(memchr.o)
                0x00006a1a                memchr
 .text.__init_cpp
                0x00006a34       0x48 C:/Freescale/CW MCU v10.5/MCU/ARM_GCC_Support/ewl/lib/armv6-m\librt.a(gcc_ctor_dtor.o)
                0x00006a34                __init_cpp
 .text.__fini_cpp
                0x00006a7c       0x34 C:/Freescale/CW MCU v10.5/MCU/ARM_GCC_Support/ewl/lib/armv6-m\librt.a(gcc_ctor_dtor.o)
                0x00006a7c                __fini_cpp
 .text.__copy_rom_section
                0x00006ab0       0x48 C:/Freescale/CW MCU v10.5/MCU/ARM_GCC_Support/ewl/lib/armv6-m\librt.a(ROMCopy.o)
                0x00006ab0                __copy_rom_section
 .text.__copy_rom_sections_to_ram
                0x00006af8       0x34 C:/Freescale/CW MCU v10.5/MCU/ARM_GCC_Support/ewl/lib/armv6-m\librt.a(ROMCopy.o)
                0x00006af8                __copy_rom_sections_to_ram
 .text.__destroy_global_chain
                0x00006b2c       0x1c C:/Freescale/CW MCU v10.5/MCU/ARM_GCC_Support/ewl/lib/armv6-m\librt.a(__arm_eabi_init.o)
                0x00006b2c                __destroy_global_chain
 .text.__init_registers
                0x00006b48       0x1c C:/Freescale/CW MCU v10.5/MCU/ARM_GCC_Support/ewl/lib/armv6-m\librt.a(__arm_eabi_init.o)
                0x00006b48                __init_registers
 .text.__init_user
                0x00006b64        0x4 C:/Freescale/CW MCU v10.5/MCU/ARM_GCC_Support/ewl/lib/armv6-m\librt.a(__arm_eabi_init.o)
                0x00006b64                __init_user
 *(.rodata)
 .rodata        0x00006b68       0x14 C:/Users/JH/Documents/GitHub/M0PlusFreeRTOS/M0PlusFreeRTOS/Sources/TSS\libTSS_KXX_M0.a(TSS_KeyDetector.o)
 .rodata        0x00006b7c        0xc C:/Users/JH/Documents/GitHub/M0PlusFreeRTOS/M0PlusFreeRTOS/Sources/TSS\libTSS_KXX_M0.a(TSS_Main.o)
 *(.rodata*)
 .rodata.ChannelDevice
                0x00006b88        0x4 ./Generated_Code/TU1.o
 .rodata.ChannelMode
                0x00006b8c        0x4 ./Generated_Code/TU1.o
 .rodata.TSS_C0_INPUTS_GROUP
                0x00006b90        0x4 ./Sources/TSS/TSS_SystemSetupData.o
                0x00006b90                TSS_C0_INPUTS_GROUP
 .rodata.TSS_C0_STRUCTURE_ROM_CONTEXT
                0x00006b94       0x1c ./Sources/TSS/TSS_SystemSetupData.o
                0x00006b94                TSS_C0_STRUCTURE_ROM_CONTEXT
 .rodata.tss_faCallback
                0x00006bb0        0x4 ./Sources/TSS/TSS_SystemSetupData.o
                0x00006bb0                tss_faCallback
 .rodata.tss_acpsDecRAMContext
                0x00006bb4        0x4 ./Sources/TSS/TSS_SystemSetupData.o
                0x00006bb4                tss_acpsDecRAMContext
 .rodata.tss_acpsDecROMContext
                0x00006bb8        0x4 ./Sources/TSS/TSS_SystemSetupData.o
                0x00006bb8                tss_acpsDecROMContext
 .rodata.tss_acpsCSStructs
                0x00006bbc        0x4 ./Sources/TSS/TSS_SystemSetupData.o
                0x00006bbc                tss_acpsCSStructs
 .rodata.tss_faDecoders
                0x00006bc0        0x4 ./Sources/TSS/TSS_SystemSetupData.o
                0x00006bc0                tss_faDecoders
 .rodata.tss_cau8ShieldPairs
                0x00006bc4        0x4 ./Sources/TSS/TSS_SystemSetupData.o
                0x00006bc4                tss_cau8ShieldPairs
 .rodata.tss_cau8SignalDivider
                0x00006bc8        0x4 ./Sources/TSS/TSS_SystemSetupData.o
                0x00006bc8                tss_cau8SignalDivider
 .rodata.tss_cau8SignalMultiplier
                0x00006bcc        0x4 ./Sources/TSS/TSS_SystemSetupData.o
                0x00006bcc                tss_cau8SignalMultiplier
 .rodata.tss_fSetInternalPrivateData
                0x00006bd0        0x4 ./Sources/TSS/TSS_SystemSetupData.o
                0x00006bd0                tss_fSetInternalPrivateData
 .rodata.tss_fDecodersControl
                0x00006bd4        0x4 ./Sources/TSS/TSS_SystemSetupData.o
                0x00006bd4                tss_fDecodersControl
 .rodata.tss_cu8NumElecs
                0x00006bd8        0x1 ./Sources/TSS/TSS_SystemSetupData.o
                0x00006bd8                tss_cu8NumElecs
 .rodata.tss_cu8NumCtrls
                0x00006bd9        0x1 ./Sources/TSS/TSS_SystemSetupData.o
                0x00006bd9                tss_cu8NumCtrls
 .rodata.tss_cu8ElecBitFldLn
                0x00006bda        0x1 ./Sources/TSS/TSS_SystemSetupData.o
                0x00006bda                tss_cu8ElecBitFldLn
 *fill*         0x00006bdb        0x1 00
 .rodata.tss_fCalculateIIRFilter
                0x00006bdc        0x4 ./Sources/TSS/TSS_SystemSetupData.o
                0x00006bdc                tss_fCalculateIIRFilter
 .rodata.tss_fCalculateShielding
                0x00006be0        0x4 ./Sources/TSS/TSS_SystemSetupData.o
                0x00006be0                tss_fCalculateShielding
 .rodata.tss_fInitPrevCapSample
                0x00006be4        0x4 ./Sources/TSS/TSS_SystemSetupData.o
                0x00006be4                tss_fInitPrevCapSample
 .rodata.tss_fFillDeltaLogBuffer
                0x00006be8        0x4 ./Sources/TSS/TSS_SystemSetupData.o
                0x00006be8                tss_fFillDeltaLogBuffer
 .rodata.tss_fFillSignalLogBuffer
                0x00006bec        0x4 ./Sources/TSS/TSS_SystemSetupData.o
                0x00006bec                tss_fFillSignalLogBuffer
 .rodata.tss_fDataCorruptionCheck
                0x00006bf0        0x4 ./Sources/TSS/TSS_SystemSetupData.o
                0x00006bf0                tss_fDataCorruptionCheck
 .rodata.tss_fFmstrCall
                0x00006bf4        0x4 ./Sources/TSS/TSS_SystemSetupData.o
                0x00006bf4                tss_fFmstrCall
 .rodata.tss_fTriggerConfig
                0x00006bf8        0x4 ./Sources/TSS/TSS_SystemSetupData.o
                0x00006bf8                tss_fTriggerConfig
 .rodata.tss_fTriggerControl
                0x00006bfc        0x4 ./Sources/TSS/TSS_SystemSetupData.o
                0x00006bfc                tss_fTriggerControl
 .rodata.tss_fLowPowerConfig
                0x00006c00        0x4 ./Sources/TSS/TSS_SystemSetupData.o
                0x00006c00                tss_fLowPowerConfig
 .rodata.tss_fOnFault
                0x00006c04        0x4 ./Sources/TSS/TSS_SystemSetupData.o
                0x00006c04                tss_fOnFault
 .rodata.tss_fOnInit
                0x00006c08        0x4 ./Sources/TSS/TSS_SystemSetupData.o
                0x00006c08                tss_fOnInit
 .rodata.tss_cu8APosFilterWeight
                0x00006c0c        0x1 ./Sources/TSS/TSS_SystemSetupData.o
                0x00006c0c                tss_cu8APosFilterWeight
 *fill*         0x00006c0d        0x3 00
 .rodata.tss_fASliderCalculatePosIIRFilter
                0x00006c10        0x4 ./Sources/TSS/TSS_SystemSetupData.o
                0x00006c10                tss_fASliderCalculatePosIIRFilter
 .rodata.tss_cu8ASliderDelayBufferLength
                0x00006c14        0x1 ./Sources/TSS/TSS_SystemSetupData.o
                0x00006c14                tss_cu8ASliderDelayBufferLength
 *fill*         0x00006c15        0x3 00
 .rodata.tss_fASliderDelayControl
                0x00006c18        0x4 ./Sources/TSS/TSS_SystemSetupData.o
                0x00006c18                tss_fASliderDelayControl
 .rodata.tss_cu8ASliderTrendBufferLength
                0x00006c1c        0x1 ./Sources/TSS/TSS_SystemSetupData.o
                0x00006c1c                tss_cu8ASliderTrendBufferLength
 .rodata.tss_i8ASliderTrendThreshold
                0x00006c1d        0x1 ./Sources/TSS/TSS_SystemSetupData.o
                0x00006c1d                tss_i8ASliderTrendThreshold
 *fill*         0x00006c1e        0x2 00
 .rodata.tss_fASliderTrendThreshold
                0x00006c20        0x4 ./Sources/TSS/TSS_SystemSetupData.o
                0x00006c20                tss_fASliderTrendThreshold
 .rodata.tss_fASliderTrendControl
                0x00006c24        0x4 ./Sources/TSS/TSS_SystemSetupData.o
                0x00006c24                tss_fASliderTrendControl
 .rodata.tss_fOnProximity
                0x00006c28        0x4 ./Sources/TSS/TSS_SystemSetupData.o
                0x00006c28                tss_fOnProximity
 .rodata.tss_fProximityConfig
                0x00006c2c        0x4 ./Sources/TSS/TSS_SystemSetupData.o
                0x00006c2c                tss_fProximityConfig
 .rodata.tss_fStuckKeyControl
                0x00006c30        0x4 ./Sources/TSS/TSS_SystemSetupData.o
                0x00006c30                tss_fStuckKeyControl
 .rodata.tss_fResetStuckKeyCounter
                0x00006c34        0x4 ./Sources/TSS/TSS_SystemSetupData.o
                0x00006c34                tss_fResetStuckKeyCounter
 .rodata.tss_fNegativeBaselineDrop
                0x00006c38        0x4 ./Sources/TSS/TSS_SystemSetupData.o
                0x00006c38                tss_fNegativeBaselineDrop
 .rodata.tss_fKeyDetectorRecalibrationRequest
                0x00006c3c        0x4 ./Sources/TSS/TSS_SystemSetupData.o
                0x00006c3c                tss_fKeyDetectorRecalibrationRequest
 .rodata.tss_fSignalDivider
                0x00006c40        0x4 ./Sources/TSS/TSS_SystemSetupData.o
                0x00006c40                tss_fSignalDivider
 .rodata.tss_fSignalMultiplier
                0x00006c44        0x4 ./Sources/TSS/TSS_SystemSetupData.o
                0x00006c44                tss_fSignalMultiplier
 .rodata.tss_fAutoCalibration
                0x00006c48        0x4 ./Sources/TSS/TSS_SystemSetupData.o
                0x00006c48                tss_fAutoCalibration
 .rodata.tss_fSensitivityLowLimitControl
                0x00006c4c        0x4 ./Sources/TSS/TSS_SystemSetupData.o
                0x00006c4c                tss_fSensitivityLowLimitControl
 .rodata.tss_fDeltaNoiseAnalysisIIRControl
                0x00006c50        0x4 ./Sources/TSS/TSS_SystemSetupData.o
                0x00006c50                tss_fDeltaNoiseAnalysisIIRControl
 .rodata.tss_cu8BaselineInitLength
                0x00006c54        0x1 ./Sources/TSS/TSS_SystemSetupData.o
                0x00006c54                tss_cu8BaselineInitLength
 .rodata.tss_cu8AutoCalibInitLength
                0x00006c55        0x1 ./Sources/TSS/TSS_SystemSetupData.o
                0x00006c55                tss_cu8AutoCalibInitLength
 *fill*         0x00006c56        0x2 00
 .rodata.tss_ci8DeltaNoiseAnalysisIIRWeights
                0x00006c58        0x4 ./Sources/TSS/TSS_SystemSetupData.o
                0x00006c58                tss_ci8DeltaNoiseAnalysisIIRWeights
 .rodata.tss_csKeyBasicASCContext
                0x00006c5c        0x8 ./Sources/TSS/TSS_SystemSetupData.o
                0x00006c5c                tss_csKeyBasicASCContext
 .rodata.tss_fKeyDetectorElectrodeEval
                0x00006c64        0x4 ./Sources/TSS/TSS_SystemSetupData.o
                0x00006c64                tss_fKeyDetectorElectrodeEval
 .rodata.tss_fKeyDetectorIntegrationResetEval
                0x00006c68        0x4 ./Sources/TSS/TSS_SystemSetupData.o
                0x00006c68                tss_fKeyDetectorIntegrationResetEval
 .rodata.tss_fKeyNoiseSchedulerInit
                0x00006c6c        0x4 ./Sources/TSS/TSS_SystemSetupData.o
                0x00006c6c                tss_fKeyNoiseSchedulerInit
 .rodata.tss_fKeyNoiseSchedulerRun
                0x00006c70        0x4 ./Sources/TSS/TSS_SystemSetupData.o
                0x00006c70                tss_fKeyNoiseSchedulerRun
 .rodata.tss_fGetSystemDataContext
                0x00006c74        0x4 ./Sources/TSS/TSS_SystemSetupData.o
                0x00006c74                tss_fGetSystemDataContext
 .rodata.TSS_TSIL0_METHOD_ROMDATA_CONTEXT
                0x00006c78       0x10 ./Sources/TSS/TSS_SensorTSIL.o
                0x00006c78                TSS_TSIL0_METHOD_ROMDATA_CONTEXT
 .rodata.TSS_E0_ROMDATA_CONTEXT
                0x00006c88        0xc ./Sources/TSS/TSS_SensorTSIL.o
                0x00006c88                TSS_E0_ROMDATA_CONTEXT
 .rodata.TSS_E1_ROMDATA_CONTEXT
                0x00006c94        0xc ./Sources/TSS/TSS_SensorTSIL.o
                0x00006c94                TSS_E1_ROMDATA_CONTEXT
 .rodata.TSIL_MethodControl
                0x00006ca0       0x24 ./Sources/TSS/TSS_SensorTSIL.o
 .rodata.TSIL_SampleElectrode
                0x00006cc4       0x28 ./Sources/TSS/TSS_SensorTSIL.o
 .rodata.tss_faSampleElectrode
                0x00006cec        0x8 ./Sources/TSS/TSS_Sensor.o
                0x00006cec                tss_faSampleElectrode
 .rodata.tss_acp8ElectrodeROMData
                0x00006cf4        0x8 ./Sources/TSS/TSS_Sensor.o
                0x00006cf4                tss_acp8ElectrodeROMData
 .rodata.str1.1
                0x00006cfc        0x1 C:/Freescale/CW MCU v10.5/MCU/ARM_GCC_Support/ewl/lib/armv6-m\libc.a(printformat_.o)
 .rodata.CSWTCH.20
                0x00006cfd        0x5 C:/Freescale/CW MCU v10.5/MCU/ARM_GCC_Support/ewl/lib/armv6-m\libc.a(printformat_.o)
 .rodata.CSWTCH.21
                0x00006d02        0x5 C:/Freescale/CW MCU v10.5/MCU/ARM_GCC_Support/ewl/lib/armv6-m\libc.a(printformat_.o)
 .rodata.__aeabi_ctype_table_C
                0x00006d07      0x101 C:/Freescale/CW MCU v10.5/MCU/ARM_GCC_Support/ewl/lib/armv6-m\libc.a(ctype_aeabi.o)
                0x00006d07                __aeabi_ctype_table_C
 *(.glue_7)
 .glue_7        0x00000000        0x0 linker stubs
 *(.glue_7t)
 .glue_7t       0x00000000        0x0 linker stubs
 *(.eh_frame)
 *(.init)
 *(.fini)
                0x00006e08                . = ALIGN (0x4)
                0x00006e08                _etext = .

.vfp11_veneer   0x00006e08        0x0
 .vfp11_veneer  0x00000000        0x0 linker stubs

.v4_bx          0x00006e08        0x0
 .v4_bx         0x00000000        0x0 linker stubs

.iplt           0x00006e08        0x0
 .iplt          0x00000000        0x0 ./Generated_Code/timers.o

.rel.dyn        0x00006e08        0x0
 .rel.iplt      0x00000000        0x0 ./Generated_Code/timers.o

.ARM.extab
 *(.ARM.extab* .gnu.linkonce.armextab.*)

.ARM            0x00006e08        0x0
                0x00006e08                __exidx_start = .
 *(.ARM.exidx*)
                0x00006e08                __exidx_end = .

.ctors          0x00006e08        0x0
                0x00006e08                __CTOR_LIST__ = .
 *crtbegin.o(.ctors)
 *(EXCLUDE_FILE(*crtend.o) .ctors)
 *(SORT(.ctors.*))
 *(.ctors)
                0x00006e08                __CTOR_END__ = .

.dtors          0x00006e08        0x0
                0x00006e08                __DTOR_LIST__ = .
 *crtbegin.o(.dtors)
 *(EXCLUDE_FILE(*crtend.o) .dtors)
 *(SORT(.dtors.*))
 *(.dtors)
                0x00006e08                __DTOR_END__ = .

.preinit_array  0x00006e08        0x0
                0x00006e08                PROVIDE (__preinit_array_start, .)
 *(.preinit_array*)
                0x00006e08                PROVIDE (__preinit_array_end, .)

.init_array     0x00006e08        0x0
                0x00006e08                PROVIDE (__init_array_start, .)
 *(SORT(.init_array.*))
 *(.init_array*)
                0x00006e08                PROVIDE (__init_array_end, .)

.fini_array     0x00006e08        0x0
                0x00006e08                PROVIDE (__fini_array_start, .)
 *(SORT(.fini_array.*))
 *(.fini_array*)
                0x00006e08                PROVIDE (__fini_array_end, .)
                0x00006e08                ___ROM_AT = .

.mtb            0x1ffff000        0x0
                0x1ffff000                . = ALIGN (0x8)
                0x1ffff000                _mtb_start = .
 *(.mtb_buf)
                0x1ffff000                . = ALIGN (0x8)
                0x1ffff000                _mtb_end = .

.data           0x1ffff000       0x10 load address 0x00006e08
                0x1ffff000                . = ALIGN (0x4)
                0x1ffff000                _sdata = .
 *(.data)
 .data          0x1ffff000        0x1 C:/Users/JH/Documents/GitHub/M0PlusFreeRTOS/M0PlusFreeRTOS/Sources/TSS\libTSS_KXX_M0.a(TSS_KeyDetector.o)
 *(.data*)
 *fill*         0x1ffff001        0x3 00
 .data.xNextTaskUnblockTime
                0x1ffff004        0x4 ./Generated_Code/tasks.o
 .data.TSSTouch_cKey0
                0x1ffff008        0x8 ./Sources/TSS/TSS_SystemSetupData.o
                0x1ffff008                TSSTouch_cKey0
                0x1ffff010                . = ALIGN (0x4)
                0x1ffff010                _edata = .
                0x00000010                ___data_size = (_edata - _sdata)

.igot.plt       0x1ffff010        0x0 load address 0x00006e18
 .igot.plt      0x00000000        0x0 ./Generated_Code/timers.o
                0x1ffff010                . = ALIGN (0x4)

.bss            0x1ffff010      0x264 load address 0x00006e18
                0x1ffff010                __START_BSS = .
                0x1ffff010                PROVIDE (__bss_start__, __START_BSS)
 *(.bss)
 .bss           0x1ffff010        0x5 C:/Users/JH/Documents/GitHub/M0PlusFreeRTOS/M0PlusFreeRTOS/Sources/TSS\libTSS_KXX_M0.a(TSS_KeyDetector.o)
 *fill*         0x1ffff015        0x3 00
 .bss           0x1ffff018        0x8 C:/Users/JH/Documents/GitHub/M0PlusFreeRTOS/M0PlusFreeRTOS/Sources/TSS\libTSS_KXX_M0.a(TSS_Main.o)
 *(.bss*)
 .bss.pxCurrentTCB
                0x1ffff020        0x4 ./Generated_Code/tasks.o
                0x1ffff020                pxCurrentTCB
 .bss.pxReadyTasksLists
                0x1ffff024       0x64 ./Generated_Code/tasks.o
 .bss.pxDelayedTaskList
                0x1ffff088        0x4 ./Generated_Code/tasks.o
 .bss.pxOverflowDelayedTaskList
                0x1ffff08c        0x4 ./Generated_Code/tasks.o
 .bss.xTickCount
                0x1ffff090        0x4 ./Generated_Code/tasks.o
 .bss.uxTopReadyPriority
                0x1ffff094        0x4 ./Generated_Code/tasks.o
 .bss.uxSchedulerSuspended
                0x1ffff098        0x4 ./Generated_Code/tasks.o
 .bss.uxPendedTicks
                0x1ffff09c        0x4 ./Generated_Code/tasks.o
 .bss.xYieldPending
                0x1ffff0a0        0x4 ./Generated_Code/tasks.o
 .bss.xNumOfOverflows
                0x1ffff0a4        0x4 ./Generated_Code/tasks.o
 .bss.DeviceDataPrv__DEFAULT_RTOS_ALLOC
                0x1ffff0a8        0xc ./Generated_Code/TU1.o
 .bss.DeviceDataPrv__DEFAULT_RTOS_ALLOC
                0x1ffff0b4        0xc ./Generated_Code/TU0.o
 .bss.DeviceDataPrv__DEFAULT_RTOS_ALLOC
                0x1ffff0c0        0xc ./Generated_Code/PwmLdd3.o
 .bss.DeviceDataPrv__DEFAULT_RTOS_ALLOC
                0x1ffff0cc        0xc ./Generated_Code/PwmLdd2.o
 .bss.DeviceDataPrv__DEFAULT_RTOS_ALLOC
                0x1ffff0d8        0xc ./Generated_Code/PwmLdd1.o
 .bss.PE_LDD_DeviceDataList
                0x1ffff0e4       0x28 ./Generated_Code/PE_LDD.o
                0x1ffff0e4                PE_LDD_DeviceDataList
 .bss.DeviceDataPrv__DEFAULT_RTOS_ALLOC
                0x1ffff10c       0x18 ./Generated_Code/IO1.o
 .bss.INT_I2C1__BAREBOARD_RTOS_ISRPARAM
                0x1ffff124        0x4 ./Generated_Code/I2C1.o
 .bss.DeviceDataPrv__DEFAULT_RTOS_ALLOC
                0x1ffff128       0x18 ./Generated_Code/I2C0.o
 .bss.INT_I2C0__BAREBOARD_RTOS_ISRPARAM
                0x1ffff140        0x4 ./Generated_Code/I2C0.o
 .bss.GI2C1_deviceData
                0x1ffff144        0x8 ./Generated_Code/GI2C1.o
 .bss.DeviceDataPrv__DEFAULT_RTOS_ALLOC
                0x1ffff14c        0x8 ./Generated_Code/AdcLdd1.o
 .bss.ModeFlg   0x1ffff154        0x1 ./Generated_Code/AD0.o
 .bss.OutFlg    0x1ffff155        0x1 ./Generated_Code/AD0.o
 *fill*         0x1ffff156        0x2 00
 .bss.argv      0x1ffff158        0x4 ./Project_Settings/Startup_Code/__arm_start.o
 .bss.TSS_C0_STRUCTURE_RAM_CONTEXT
                0x1ffff15c        0x4 ./Sources/TSS/TSS_SystemSetupData.o
                0x1ffff15c                TSS_C0_STRUCTURE_RAM_CONTEXT
 .bss.tss_apsControlPrivateData
                0x1ffff160        0x4 ./Sources/TSS/TSS_SystemSetupData.o
                0x1ffff160                tss_apsControlPrivateData
 .bss.TSS_TSIL0_METHOD_RAMDATA_CONTEXT
                0x1ffff164        0xc ./Sources/TSS/TSS_SensorTSIL.o
                0x1ffff164                TSS_TSIL0_METHOD_RAMDATA_CONTEXT
 .bss.__stdio_exit
                0x1ffff170        0x4 C:/Freescale/CW MCU v10.5/MCU/ARM_GCC_Support/ewl/lib/armv6-m\libc.a(exit.o)
                0x1ffff170                __stdio_exit
 .bss.__console_exit
                0x1ffff174        0x4 C:/Freescale/CW MCU v10.5/MCU/ARM_GCC_Support/ewl/lib/armv6-m\libc.a(exit.o)
                0x1ffff174                __console_exit
 .bss.__S_romp  0x1ffff178        0xc C:/Freescale/CW MCU v10.5/MCU/ARM_GCC_Support/ewl/lib/armv6-m\librt.a(ROMCopy.o)
 .bss.__global_destructor_chain
                0x1ffff184        0x4 C:/Freescale/CW MCU v10.5/MCU/ARM_GCC_Support/ewl/lib/armv6-m\librt.a(__arm_eabi_init.o)
                0x1ffff184                __global_destructor_chain
 *(COMMON)
 COMMON         0x1ffff188       0x10 ./Generated_Code/AD0.o
                0x1ffff188                AD0_OutV
                0x1ffff194                AdcLdd1_DeviceDataPtr
 COMMON         0x1ffff198       0xa5 ./Sources/TSS/TSS_SystemSetupData.o
                0x1ffff198                tss_au8StuckCount
                0x1ffff19a                tss_u8ConfCheckSum
                0x1ffff19c                tss_au8Sensitivity
                0x1ffff1a0                tss_ai8DeltaAmplitude
                0x1ffff1a4                tss_CSSys
                0x1ffff1b0                tss_ai8MaxDeltaAmplitude
                0x1ffff1b4                tss_ai8SensitivityLowLimit
                0x1ffff1b8                tss_ai8InstantDelta
                0x1ffff1bc                TSS_C0_DELAY_BUFFER
                0x1ffff1c0                tss_au16PrevCapSample
                0x1ffff1c4                TSS_C0_TREND_BUFFER
                0x1ffff1e4                tss_au8ControlScheduleCount
                0x1ffff1e8                TSS_C0_TREND_CONTEXT
                0x1ffff1ec                tss_au8TouchCount
                0x1ffff1f0                tss_au8ElectrodeMeasured
                0x1ffff1f4                tss_au16InstantSignal
                0x1ffff1f8                tss_au8DebounceCount
                0x1ffff1fc                tss_au8ElectrodeStatus
                0x1ffff200                tss_au8ElectrodeMarker
                0x1ffff204                tss_ai8NoiseAmplitude
                0x1ffff208                tss_asDeltaNoiseAnalysisIIRData
                0x1ffff214                tss_asAutoCalibrationData
                0x1ffff21c                tss_au8ElecState
                0x1ffff220                TSS_C0_DELAY_CONTEXT
                0x1ffff224                tss_au8ElectrodeEnablers
                0x1ffff228                TSS_C0_POSFILTER_CONTEXT
                0x1ffff22c                tss_au8ElectrodeDCTrackerEnablers
                0x1ffff230                tss_au16ElecBaseline
                0x1ffff234                tss_au8ReleaseCount
                0x1ffff238                tss_au8ElectrodeLowThresholdEnablers
                0x1ffff23c                tss_ai8IntegrationDelta
 *fill*         0x1ffff23d        0x3 00
 COMMON         0x1ffff240       0x20 ./Sources/TSS/TSS_SensorTSIL.o
                0x1ffff240                TSS_TSIL0_CHANNEL_COUNTER_BUFFER
 COMMON         0x1ffff260       0x10 ./Sources/TSS/TSS_Sensor.o
                0x1ffff260                tss_u8SampleIntFlag
                0x1ffff264                tss_psElectrodeTimertAdr
                0x1ffff268                tss_u8ElectrodeBitNum
                0x1ffff26c                tss_psElectrodeRGPIOAdr
 COMMON         0x1ffff270        0x2 C:/Users/JH/Documents/GitHub/M0PlusFreeRTOS/M0PlusFreeRTOS/Sources/TSS\libTSS_KXX_M0.a(TSS_KeyDetector.o)
                0x1ffff270                tss_u16CapSample
                0x1ffff274                . = ALIGN (0x4)
 *fill*         0x1ffff272        0x2 00
                0x1ffff274                __END_BSS = .
                0x1ffff274                PROVIDE (__bss_end__, __END_BSS)
                0x00006e18                _romp_at = (___ROM_AT + SIZEOF (.data))

.romp           0x1ffff274       0x18 load address 0x00006e18
                0x00006e18                __S_romp = _romp_at
                0x1ffff274        0x4 LONG 0x6e08 ___ROM_AT
                0x1ffff278        0x4 LONG 0x1ffff000 _sdata
                0x1ffff27c        0x4 LONG 0x10 ___data_size
                0x1ffff280        0x4 LONG 0x0
                0x1ffff284        0x4 LONG 0x0
                0x1ffff288        0x4 LONG 0x0

._user_heap_stack
                0x1ffff28c       0x20 load address 0x00006e30
                0x1ffff28c                . = ALIGN (0x4)
                0x1ffff28c                PROVIDE (end, .)
                0x1ffff28c                PROVIDE (_end, .)
                0x1ffff28c                __heap_addr = .
                0x1ffff28c                . = (. + __heap_size)
                0x1ffff2ac                . = (. + __stack_size)
 *fill*         0x1ffff28c       0x20 00
                0x1ffff2ac                . = ALIGN (0x4)

.ARM.attributes
                0x00000000       0x2f
 *(.ARM.attributes)
 .ARM.attributes
                0x00000000       0x31 ./Generated_Code/tasks.o
 .ARM.attributes
                0x00000031       0x31 ./Generated_Code/port.o
 .ARM.attributes
                0x00000062       0x31 ./Generated_Code/list.o
 .ARM.attributes
                0x00000093       0x31 ./Generated_Code/Vectors.o
 .ARM.attributes
                0x000000c4       0x31 ./Generated_Code/TU1.o
 .ARM.attributes
                0x000000f5       0x31 ./Generated_Code/TU0.o
 .ARM.attributes
                0x00000126       0x31 ./Generated_Code/TSSTouch.o
 .ARM.attributes
                0x00000157       0x31 ./Generated_Code/PwmLdd3.o
 .ARM.attributes
                0x00000188       0x31 ./Generated_Code/PwmLdd2.o
 .ARM.attributes
                0x000001b9       0x31 ./Generated_Code/PwmLdd1.o
 .ARM.attributes
                0x000001ea       0x31 ./Generated_Code/PE_LDD.o
 .ARM.attributes
                0x0000021b       0x31 ./Generated_Code/IO1.o
 .ARM.attributes
                0x0000024c       0x31 ./Generated_Code/I2C1.o
 .ARM.attributes
                0x0000027d       0x31 ./Generated_Code/I2C0.o
 .ARM.attributes
                0x000002ae       0x31 ./Generated_Code/GI2C1.o
 .ARM.attributes
                0x000002df       0x31 ./Generated_Code/Cpu.o
 .ARM.attributes
                0x00000310       0x31 ./Generated_Code/AdcLdd1.o
 .ARM.attributes
                0x00000341       0x31 ./Generated_Code/AD0.o
 .ARM.attributes
                0x00000372       0x31 ./Project_Settings/Startup_Code/__arm_start.o
 .ARM.attributes
                0x000003a3       0x31 ./Project_Settings/Startup_Code/__arm_end.o
 .ARM.attributes
                0x000003d4       0x31 ./Sources/TSS/TSS_SystemSetupData.o
 .ARM.attributes
                0x00000405       0x31 ./Sources/TSS/TSS_SensorTSIL.o
 .ARM.attributes
                0x00000436       0x31 ./Sources/TSS/TSS_Sensor.o
 .ARM.attributes
                0x00000467       0x31 ./Sources/ProcessorExpert.o
 .ARM.attributes
                0x00000498       0x31 ./Sources/Events.o
 .ARM.attributes
                0x000004c9       0x31 C:/Users/JH/Documents/GitHub/M0PlusFreeRTOS/M0PlusFreeRTOS/Sources/TSS\libTSS_KXX_M0.a(TSS_ASliderDecoder.o)
 .ARM.attributes
                0x000004fa       0x31 C:/Users/JH/Documents/GitHub/M0PlusFreeRTOS/M0PlusFreeRTOS/Sources/TSS\libTSS_KXX_M0.a(TSS_Filters.o)
 .ARM.attributes
                0x0000052b       0x31 C:/Users/JH/Documents/GitHub/M0PlusFreeRTOS/M0PlusFreeRTOS/Sources/TSS\libTSS_KXX_M0.a(TSS_KeyDetectorNormal.o)
 .ARM.attributes
                0x0000055c       0x31 C:/Users/JH/Documents/GitHub/M0PlusFreeRTOS/M0PlusFreeRTOS/Sources/TSS\libTSS_KXX_M0.a(TSS_KeyDetector.o)
 .ARM.attributes
                0x0000058d       0x31 C:/Users/JH/Documents/GitHub/M0PlusFreeRTOS/M0PlusFreeRTOS/Sources/TSS\libTSS_KXX_M0.a(TSS_Main.o)
 .ARM.attributes
                0x000005be       0x31 C:/Freescale/CW MCU v10.5/MCU/ARM_GCC_Support/ewl/lib/armv6-m\libc.a(exit.o)
 .ARM.attributes
                0x000005ef       0x31 C:/Freescale/CW MCU v10.5/MCU/ARM_GCC_Support/ewl/lib/armv6-m\libc.a(memcpy.o)
 .ARM.attributes
                0x00000620       0x31 C:/Freescale/CW MCU v10.5/MCU/ARM_GCC_Support/ewl/lib/armv6-m\libc.a(memset.o)
 .ARM.attributes
                0x00000651       0x31 C:/Freescale/CW MCU v10.5/MCU/ARM_GCC_Support/ewl/lib/armv6-m\libc.a(strchr.o)
 .ARM.attributes
                0x00000682       0x31 C:/Freescale/CW MCU v10.5/MCU/ARM_GCC_Support/ewl/lib/armv6-m\libc.a(strlen.o)
 .ARM.attributes
                0x000006b3       0x31 C:/Freescale/CW MCU v10.5/MCU/ARM_GCC_Support/ewl/lib/armv6-m\libc.a(printformat_.o)
 .ARM.attributes
                0x000006e4       0x31 C:/Freescale/CW MCU v10.5/MCU/ARM_GCC_Support/ewl/lib/armv6-m\libc.a(scanformat_.o)
 .ARM.attributes
                0x00000715       0x31 C:/Freescale/CW MCU v10.5/MCU/ARM_GCC_Support/ewl/lib/armv6-m\libc.a(ctype_aeabi.o)
 .ARM.attributes
                0x00000746       0x31 C:/Freescale/CW MCU v10.5/MCU/ARM_GCC_Support/ewl/lib/armv6-m\libc.a(__strtoul.o)
 .ARM.attributes
                0x00000777       0x31 C:/Freescale/CW MCU v10.5/MCU/ARM_GCC_Support/ewl/lib/armv6-m\libc.a(__filll_mem.o)
 .ARM.attributes
                0x000007a8       0x31 C:/Freescale/CW MCU v10.5/MCU/ARM_GCC_Support/ewl/lib/armv6-m\libc.a(memchr.o)
 .ARM.attributes
                0x000007d9       0x1e c:/freescale/cw mcu v10.5/cross_tools/arm-none-eabi-gcc-4_7_3/bin/../lib/gcc/arm-none-eabi/4.7.3/armv6-m\libgcc.a(_thumb1_case_sqi.o)
 .ARM.attributes
                0x000007f7       0x1e c:/freescale/cw mcu v10.5/cross_tools/arm-none-eabi-gcc-4_7_3/bin/../lib/gcc/arm-none-eabi/4.7.3/armv6-m\libgcc.a(_thumb1_case_uqi.o)
 .ARM.attributes
                0x00000815       0x1e c:/freescale/cw mcu v10.5/cross_tools/arm-none-eabi-gcc-4_7_3/bin/../lib/gcc/arm-none-eabi/4.7.3/armv6-m\libgcc.a(_udivsi3.o)
 .ARM.attributes
                0x00000833       0x1e c:/freescale/cw mcu v10.5/cross_tools/arm-none-eabi-gcc-4_7_3/bin/../lib/gcc/arm-none-eabi/4.7.3/armv6-m\libgcc.a(_divsi3.o)
 .ARM.attributes
                0x00000851       0x1e c:/freescale/cw mcu v10.5/cross_tools/arm-none-eabi-gcc-4_7_3/bin/../lib/gcc/arm-none-eabi/4.7.3/armv6-m\libgcc.a(_dvmd_tls.o)
 .ARM.attributes
                0x0000086f       0x31 C:/Freescale/CW MCU v10.5/MCU/ARM_GCC_Support/ewl/lib/armv6-m\librt.a(gcc_ctor_dtor.o)
 .ARM.attributes
                0x000008a0       0x31 C:/Freescale/CW MCU v10.5/MCU/ARM_GCC_Support/ewl/lib/armv6-m\librt.a(ROMCopy.o)
 .ARM.attributes
                0x000008d1       0x31 C:/Freescale/CW MCU v10.5/MCU/ARM_GCC_Support/ewl/lib/armv6-m\librt.a(__arm_eabi_init.o)
OUTPUT(M0PlusFreeRTOS.elf elf32-littlearm)

.debug_info     0x00000000     0xb2f0
 .debug_info    0x00000000      0xed5 ./Generated_Code/tasks.o
 .debug_info    0x00000ed5      0x329 ./Generated_Code/port.o
 .debug_info    0x000011fe      0x29d ./Generated_Code/list.o
 .debug_info    0x0000149b      0x10b ./Generated_Code/Vectors.o
 .debug_info    0x000015a6      0x744 ./Generated_Code/TU1.o
 .debug_info    0x00001cea      0x740 ./Generated_Code/TU0.o
 .debug_info    0x0000242a      0x65b ./Generated_Code/TSSTouch.o
 .debug_info    0x00002a85      0x365 ./Generated_Code/PwmLdd3.o
 .debug_info    0x00002dea      0x365 ./Generated_Code/PwmLdd2.o
 .debug_info    0x0000314f      0x365 ./Generated_Code/PwmLdd1.o
 .debug_info    0x000034b4      0x255 ./Generated_Code/PE_LDD.o
 .debug_info    0x00003709      0x5dc ./Generated_Code/IO1.o
 .debug_info    0x00003ce5      0x79f ./Generated_Code/I2C1.o
 .debug_info    0x00004484      0x84a ./Generated_Code/I2C0.o
 .debug_info    0x00004cce      0x59b ./Generated_Code/GI2C1.o
 .debug_info    0x00005269      0x8e8 ./Generated_Code/Cpu.o
 .debug_info    0x00005b51      0x7ce ./Generated_Code/AdcLdd1.o
 .debug_info    0x0000631f      0x235 ./Generated_Code/AD0.o
 .debug_info    0x00006554      0x12a ./Project_Settings/Startup_Code/__arm_start.o
 .debug_info    0x0000667e       0x54 ./Project_Settings/Startup_Code/__arm_end.o
 .debug_info    0x000066d2     0x1229 ./Sources/TSS/TSS_SystemSetupData.o
 .debug_info    0x000078fb      0xf99 ./Sources/TSS/TSS_SensorTSIL.o
 .debug_info    0x00008894      0x4e3 ./Sources/TSS/TSS_Sensor.o
 .debug_info    0x00008d77       0xe9 ./Sources/ProcessorExpert.o
 .debug_info    0x00008e60      0x878 ./Sources/Events.o
 .debug_info    0x000096d8       0xe8 C:/Freescale/CW MCU v10.5/MCU/ARM_GCC_Support/ewl/lib/armv6-m\libc.a(exit.o)
 .debug_info    0x000097c0      0x10f C:/Freescale/CW MCU v10.5/MCU/ARM_GCC_Support/ewl/lib/armv6-m\libc.a(memcpy.o)
 .debug_info    0x000098cf       0xec C:/Freescale/CW MCU v10.5/MCU/ARM_GCC_Support/ewl/lib/armv6-m\libc.a(memset.o)
 .debug_info    0x000099bb      0x10b C:/Freescale/CW MCU v10.5/MCU/ARM_GCC_Support/ewl/lib/armv6-m\libc.a(strchr.o)
 .debug_info    0x00009ac6       0xea C:/Freescale/CW MCU v10.5/MCU/ARM_GCC_Support/ewl/lib/armv6-m\libc.a(strlen.o)
 .debug_info    0x00009bb0      0x50d C:/Freescale/CW MCU v10.5/MCU/ARM_GCC_Support/ewl/lib/armv6-m\libc.a(printformat_.o)
 .debug_info    0x0000a0bd      0x568 C:/Freescale/CW MCU v10.5/MCU/ARM_GCC_Support/ewl/lib/armv6-m\libc.a(scanformat_.o)
 .debug_info    0x0000a625      0x313 C:/Freescale/CW MCU v10.5/MCU/ARM_GCC_Support/ewl/lib/armv6-m\libc.a(ctype_aeabi.o)
 .debug_info    0x0000a938      0x1d6 C:/Freescale/CW MCU v10.5/MCU/ARM_GCC_Support/ewl/lib/armv6-m\libc.a(__strtoul.o)
 .debug_info    0x0000ab0e      0x137 C:/Freescale/CW MCU v10.5/MCU/ARM_GCC_Support/ewl/lib/armv6-m\libc.a(__filll_mem.o)
 .debug_info    0x0000ac45      0x121 C:/Freescale/CW MCU v10.5/MCU/ARM_GCC_Support/ewl/lib/armv6-m\libc.a(memchr.o)
 .debug_info    0x0000ad66      0x136 C:/Freescale/CW MCU v10.5/MCU/ARM_GCC_Support/ewl/lib/armv6-m\librt.a(gcc_ctor_dtor.o)
 .debug_info    0x0000ae9c      0x19b C:/Freescale/CW MCU v10.5/MCU/ARM_GCC_Support/ewl/lib/armv6-m\librt.a(ROMCopy.o)
 .debug_info    0x0000b037      0x2b9 C:/Freescale/CW MCU v10.5/MCU/ARM_GCC_Support/ewl/lib/armv6-m\librt.a(__arm_eabi_init.o)

.debug_abbrev   0x00000000     0x29c3
 .debug_abbrev  0x00000000      0x1a3 ./Generated_Code/tasks.o
 .debug_abbrev  0x000001a3      0x152 ./Generated_Code/port.o
 .debug_abbrev  0x000002f5       0xb6 ./Generated_Code/list.o
 .debug_abbrev  0x000003ab       0xa3 ./Generated_Code/Vectors.o
 .debug_abbrev  0x0000044e      0x17e ./Generated_Code/TU1.o
 .debug_abbrev  0x000005cc      0x17e ./Generated_Code/TU0.o
 .debug_abbrev  0x0000074a      0x145 ./Generated_Code/TSSTouch.o
 .debug_abbrev  0x0000088f      0x114 ./Generated_Code/PwmLdd3.o
 .debug_abbrev  0x000009a3      0x114 ./Generated_Code/PwmLdd2.o
 .debug_abbrev  0x00000ab7      0x114 ./Generated_Code/PwmLdd1.o
 .debug_abbrev  0x00000bcb      0x102 ./Generated_Code/PE_LDD.o
 .debug_abbrev  0x00000ccd      0x149 ./Generated_Code/IO1.o
 .debug_abbrev  0x00000e16      0x170 ./Generated_Code/I2C1.o
 .debug_abbrev  0x00000f86      0x170 ./Generated_Code/I2C0.o
 .debug_abbrev  0x000010f6      0x1d1 ./Generated_Code/GI2C1.o
 .debug_abbrev  0x000012c7      0x122 ./Generated_Code/Cpu.o
 .debug_abbrev  0x000013e9      0x186 ./Generated_Code/AdcLdd1.o
 .debug_abbrev  0x0000156f      0x12b ./Generated_Code/AD0.o
 .debug_abbrev  0x0000169a       0x92 ./Project_Settings/Startup_Code/__arm_start.o
 .debug_abbrev  0x0000172c       0x4c ./Project_Settings/Startup_Code/__arm_end.o
 .debug_abbrev  0x00001778      0x12b ./Sources/TSS/TSS_SystemSetupData.o
 .debug_abbrev  0x000018a3      0x1a9 ./Sources/TSS/TSS_SensorTSIL.o
 .debug_abbrev  0x00001a4c      0x115 ./Sources/TSS/TSS_Sensor.o
 .debug_abbrev  0x00001b61       0x78 ./Sources/ProcessorExpert.o
 .debug_abbrev  0x00001bd9      0x1bc ./Sources/Events.o
 .debug_abbrev  0x00001d95       0x7a C:/Freescale/CW MCU v10.5/MCU/ARM_GCC_Support/ewl/lib/armv6-m\libc.a(exit.o)
 .debug_abbrev  0x00001e0f       0x95 C:/Freescale/CW MCU v10.5/MCU/ARM_GCC_Support/ewl/lib/armv6-m\libc.a(memcpy.o)
 .debug_abbrev  0x00001ea4       0x62 C:/Freescale/CW MCU v10.5/MCU/ARM_GCC_Support/ewl/lib/armv6-m\libc.a(memset.o)
 .debug_abbrev  0x00001f06       0x7a C:/Freescale/CW MCU v10.5/MCU/ARM_GCC_Support/ewl/lib/armv6-m\libc.a(strchr.o)
 .debug_abbrev  0x00001f80       0x7a C:/Freescale/CW MCU v10.5/MCU/ARM_GCC_Support/ewl/lib/armv6-m\libc.a(strlen.o)
 .debug_abbrev  0x00001ffa      0x200 C:/Freescale/CW MCU v10.5/MCU/ARM_GCC_Support/ewl/lib/armv6-m\libc.a(printformat_.o)
 .debug_abbrev  0x000021fa      0x1f0 C:/Freescale/CW MCU v10.5/MCU/ARM_GCC_Support/ewl/lib/armv6-m\libc.a(scanformat_.o)
 .debug_abbrev  0x000023ea       0x9e C:/Freescale/CW MCU v10.5/MCU/ARM_GCC_Support/ewl/lib/armv6-m\libc.a(ctype_aeabi.o)
 .debug_abbrev  0x00002488       0xc2 C:/Freescale/CW MCU v10.5/MCU/ARM_GCC_Support/ewl/lib/armv6-m\libc.a(__strtoul.o)
 .debug_abbrev  0x0000254a       0x78 C:/Freescale/CW MCU v10.5/MCU/ARM_GCC_Support/ewl/lib/armv6-m\libc.a(__filll_mem.o)
 .debug_abbrev  0x000025c2       0x95 C:/Freescale/CW MCU v10.5/MCU/ARM_GCC_Support/ewl/lib/armv6-m\libc.a(memchr.o)
 .debug_abbrev  0x00002657       0x99 C:/Freescale/CW MCU v10.5/MCU/ARM_GCC_Support/ewl/lib/armv6-m\librt.a(gcc_ctor_dtor.o)
 .debug_abbrev  0x000026f0      0x120 C:/Freescale/CW MCU v10.5/MCU/ARM_GCC_Support/ewl/lib/armv6-m\librt.a(ROMCopy.o)
 .debug_abbrev  0x00002810      0x1b3 C:/Freescale/CW MCU v10.5/MCU/ARM_GCC_Support/ewl/lib/armv6-m\librt.a(__arm_eabi_init.o)

.debug_loc      0x00000000     0x4bc9
 .debug_loc     0x00000000      0x7e8 ./Generated_Code/tasks.o
 .debug_loc     0x000007e8      0x260 ./Generated_Code/port.o
 .debug_loc     0x00000a48      0x118 ./Generated_Code/list.o
 .debug_loc     0x00000b60      0x188 ./Generated_Code/TU1.o
 .debug_loc     0x00000ce8      0x188 ./Generated_Code/TU0.o
 .debug_loc     0x00000e70       0x64 ./Generated_Code/TSSTouch.o
 .debug_loc     0x00000ed4      0x188 ./Generated_Code/PwmLdd3.o
 .debug_loc     0x0000105c      0x188 ./Generated_Code/PwmLdd2.o
 .debug_loc     0x000011e4      0x188 ./Generated_Code/PwmLdd1.o
 .debug_loc     0x0000136c       0x9c ./Generated_Code/PE_LDD.o
 .debug_loc     0x00001408       0xe0 ./Generated_Code/IO1.o
 .debug_loc     0x000014e8      0x118 ./Generated_Code/I2C1.o
 .debug_loc     0x00001600      0x150 ./Generated_Code/I2C0.o
 .debug_loc     0x00001750      0x338 ./Generated_Code/GI2C1.o
 .debug_loc     0x00001a88       0xb0 ./Generated_Code/Cpu.o
 .debug_loc     0x00001b38      0x188 ./Generated_Code/AdcLdd1.o
 .debug_loc     0x00001cc0      0x12c ./Generated_Code/AD0.o
 .debug_loc     0x00001dec       0x2c ./Project_Settings/Startup_Code/__arm_start.o
 .debug_loc     0x00001e18       0x38 ./Project_Settings/Startup_Code/__arm_end.o
 .debug_loc     0x00001e50       0x38 ./Sources/TSS/TSS_SystemSetupData.o
 .debug_loc     0x00001e88      0x2a2 ./Sources/TSS/TSS_SensorTSIL.o
 .debug_loc     0x0000212a       0xe0 ./Sources/TSS/TSS_Sensor.o
 .debug_loc     0x0000220a       0x38 ./Sources/ProcessorExpert.o
 .debug_loc     0x00002242      0x29c ./Sources/Events.o
 .debug_loc     0x000024de       0x3e C:/Freescale/CW MCU v10.5/MCU/ARM_GCC_Support/ewl/lib/armv6-m\libc.a(exit.o)
 .debug_loc     0x0000251c       0x59 C:/Freescale/CW MCU v10.5/MCU/ARM_GCC_Support/ewl/lib/armv6-m\libc.a(memcpy.o)
 .debug_loc     0x00002575       0x6f C:/Freescale/CW MCU v10.5/MCU/ARM_GCC_Support/ewl/lib/armv6-m\libc.a(memset.o)
 .debug_loc     0x000025e4       0xaf C:/Freescale/CW MCU v10.5/MCU/ARM_GCC_Support/ewl/lib/armv6-m\libc.a(strchr.o)
 .debug_loc     0x00002693       0x33 C:/Freescale/CW MCU v10.5/MCU/ARM_GCC_Support/ewl/lib/armv6-m\libc.a(strlen.o)
 .debug_loc     0x000026c6     0x104b C:/Freescale/CW MCU v10.5/MCU/ARM_GCC_Support/ewl/lib/armv6-m\libc.a(printformat_.o)
 .debug_loc     0x00003711      0x9d8 C:/Freescale/CW MCU v10.5/MCU/ARM_GCC_Support/ewl/lib/armv6-m\libc.a(scanformat_.o)
 .debug_loc     0x000040e9      0x30d C:/Freescale/CW MCU v10.5/MCU/ARM_GCC_Support/ewl/lib/armv6-m\libc.a(ctype_aeabi.o)
 .debug_loc     0x000043f6      0x305 C:/Freescale/CW MCU v10.5/MCU/ARM_GCC_Support/ewl/lib/armv6-m\libc.a(__strtoul.o)
 .debug_loc     0x000046fb      0x14a C:/Freescale/CW MCU v10.5/MCU/ARM_GCC_Support/ewl/lib/armv6-m\libc.a(__filll_mem.o)
 .debug_loc     0x00004845       0x77 C:/Freescale/CW MCU v10.5/MCU/ARM_GCC_Support/ewl/lib/armv6-m\libc.a(memchr.o)
 .debug_loc     0x000048bc       0x9d C:/Freescale/CW MCU v10.5/MCU/ARM_GCC_Support/ewl/lib/armv6-m\librt.a(gcc_ctor_dtor.o)
 .debug_loc     0x00004959       0xd9 C:/Freescale/CW MCU v10.5/MCU/ARM_GCC_Support/ewl/lib/armv6-m\librt.a(ROMCopy.o)
 .debug_loc     0x00004a32      0x197 C:/Freescale/CW MCU v10.5/MCU/ARM_GCC_Support/ewl/lib/armv6-m\librt.a(__arm_eabi_init.o)

.debug_aranges  0x00000000      0xa78
 .debug_aranges
                0x00000000      0x140 ./Generated_Code/tasks.o
 .debug_aranges
                0x00000140       0x90 ./Generated_Code/port.o
 .debug_aranges
                0x000001d0       0x40 ./Generated_Code/list.o
 .debug_aranges
                0x00000210       0x18 ./Generated_Code/Vectors.o
 .debug_aranges
                0x00000228       0x50 ./Generated_Code/TU1.o
 .debug_aranges
                0x00000278       0x50 ./Generated_Code/TU0.o
 .debug_aranges
                0x000002c8       0x28 ./Generated_Code/TSSTouch.o
 .debug_aranges
                0x000002f0       0x50 ./Generated_Code/PwmLdd3.o
 .debug_aranges
                0x00000340       0x50 ./Generated_Code/PwmLdd2.o
 .debug_aranges
                0x00000390       0x50 ./Generated_Code/PwmLdd1.o
 .debug_aranges
                0x000003e0       0x30 ./Generated_Code/PE_LDD.o
 .debug_aranges
                0x00000410       0x38 ./Generated_Code/IO1.o
 .debug_aranges
                0x00000448       0x40 ./Generated_Code/I2C1.o
 .debug_aranges
                0x00000488       0x48 ./Generated_Code/I2C0.o
 .debug_aranges
                0x000004d0       0x98 ./Generated_Code/GI2C1.o
 .debug_aranges
                0x00000568       0x38 ./Generated_Code/Cpu.o
 .debug_aranges
                0x000005a0       0x50 ./Generated_Code/AdcLdd1.o
 .debug_aranges
                0x000005f0       0x48 ./Generated_Code/AD0.o
 .debug_aranges
                0x00000638       0x30 ./Project_Settings/Startup_Code/__arm_start.o
 .debug_aranges
                0x00000668       0x20 ./Project_Settings/Startup_Code/__arm_end.o
 .debug_aranges
                0x00000688       0x20 ./Sources/TSS/TSS_SystemSetupData.o
 .debug_aranges
                0x000006a8       0x78 ./Sources/TSS/TSS_SensorTSIL.o
 .debug_aranges
                0x00000720       0x38 ./Sources/TSS/TSS_Sensor.o
 .debug_aranges
                0x00000758       0x20 ./Sources/ProcessorExpert.o
 .debug_aranges
                0x00000778       0x80 ./Sources/Events.o
 .debug_aranges
                0x000007f8       0x20 C:/Freescale/CW MCU v10.5/MCU/ARM_GCC_Support/ewl/lib/armv6-m\libc.a(exit.o)
 .debug_aranges
                0x00000818       0x20 C:/Freescale/CW MCU v10.5/MCU/ARM_GCC_Support/ewl/lib/armv6-m\libc.a(memcpy.o)
 .debug_aranges
                0x00000838       0x20 C:/Freescale/CW MCU v10.5/MCU/ARM_GCC_Support/ewl/lib/armv6-m\libc.a(memset.o)
 .debug_aranges
                0x00000858       0x20 C:/Freescale/CW MCU v10.5/MCU/ARM_GCC_Support/ewl/lib/armv6-m\libc.a(strchr.o)
 .debug_aranges
                0x00000878       0x20 C:/Freescale/CW MCU v10.5/MCU/ARM_GCC_Support/ewl/lib/armv6-m\libc.a(strlen.o)
 .debug_aranges
                0x00000898       0x28 C:/Freescale/CW MCU v10.5/MCU/ARM_GCC_Support/ewl/lib/armv6-m\libc.a(printformat_.o)
 .debug_aranges
                0x000008c0       0x20 C:/Freescale/CW MCU v10.5/MCU/ARM_GCC_Support/ewl/lib/armv6-m\libc.a(scanformat_.o)
 .debug_aranges
                0x000008e0       0x88 C:/Freescale/CW MCU v10.5/MCU/ARM_GCC_Support/ewl/lib/armv6-m\libc.a(ctype_aeabi.o)
 .debug_aranges
                0x00000968       0x20 C:/Freescale/CW MCU v10.5/MCU/ARM_GCC_Support/ewl/lib/armv6-m\libc.a(__strtoul.o)
 .debug_aranges
                0x00000988       0x20 C:/Freescale/CW MCU v10.5/MCU/ARM_GCC_Support/ewl/lib/armv6-m\libc.a(__filll_mem.o)
 .debug_aranges
                0x000009a8       0x20 C:/Freescale/CW MCU v10.5/MCU/ARM_GCC_Support/ewl/lib/armv6-m\libc.a(memchr.o)
 .debug_aranges
                0x000009c8       0x28 C:/Freescale/CW MCU v10.5/MCU/ARM_GCC_Support/ewl/lib/armv6-m\librt.a(gcc_ctor_dtor.o)
 .debug_aranges
                0x000009f0       0x30 C:/Freescale/CW MCU v10.5/MCU/ARM_GCC_Support/ewl/lib/armv6-m\librt.a(ROMCopy.o)
 .debug_aranges
                0x00000a20       0x58 C:/Freescale/CW MCU v10.5/MCU/ARM_GCC_Support/ewl/lib/armv6-m\librt.a(__arm_eabi_init.o)

.debug_macinfo  0x00000000   0x54351d
 .debug_macinfo
                0x00000000    0x489dc ./Generated_Code/tasks.o
 .debug_macinfo
                0x000489dc    0x30fa3 ./Generated_Code/port.o
 .debug_macinfo
                0x0007997f     0x65f0 ./Generated_Code/list.o
 .debug_macinfo
                0x0007ff6f    0x47be5 ./Generated_Code/Vectors.o
 .debug_macinfo
                0x000c7b54    0x3249b ./Generated_Code/TU1.o
 .debug_macinfo
                0x000f9fef    0x32463 ./Generated_Code/TU0.o
 .debug_macinfo
                0x0012c452    0x47b8c ./Generated_Code/TSSTouch.o
 .debug_macinfo
                0x00173fde    0x325f6 ./Generated_Code/PwmLdd3.o
 .debug_macinfo
                0x001a65d4    0x325f6 ./Generated_Code/PwmLdd2.o
 .debug_macinfo
                0x001d8bca    0x325d2 ./Generated_Code/PwmLdd1.o
 .debug_macinfo
                0x0020b19c    0x47ad0 ./Generated_Code/PE_LDD.o
 .debug_macinfo
                0x00252c6c    0x326fd ./Generated_Code/IO1.o
 .debug_macinfo
                0x00285369    0x4dd1d ./Generated_Code/I2C1.o
 .debug_macinfo
                0x002d3086    0x36eed ./Generated_Code/I2C0.o
 .debug_macinfo
                0x00309f73    0x2df17 ./Generated_Code/GI2C1.o
 .debug_macinfo
                0x00337e8a    0x47be8 ./Generated_Code/Cpu.o
 .debug_macinfo
                0x0037fa72    0x35c58 ./Generated_Code/AdcLdd1.o
 .debug_macinfo
                0x003b56ca    0x332fd ./Generated_Code/AD0.o
 .debug_macinfo
                0x003e89c7     0x3e6d ./Project_Settings/Startup_Code/__arm_start.o
 .debug_macinfo
                0x003ec834     0x3456 ./Project_Settings/Startup_Code/__arm_end.o
 .debug_macinfo
                0x003efc8a    0x3a9f3 ./Sources/TSS/TSS_SystemSetupData.o
 .debug_macinfo
                0x0042a67d    0x43306 ./Sources/TSS/TSS_SensorTSIL.o
 .debug_macinfo
                0x0046d983    0x4638f ./Sources/TSS/TSS_Sensor.o
 .debug_macinfo
                0x004b3d12    0x47c86 ./Sources/ProcessorExpert.o
 .debug_macinfo
                0x004fb998    0x47b85 ./Sources/Events.o

.debug_line     0x00000000     0x862f
 .debug_line    0x00000000      0xb90 ./Generated_Code/tasks.o
 .debug_line    0x00000b90      0x3f6 ./Generated_Code/port.o
 .debug_line    0x00000f86      0x2ca ./Generated_Code/list.o
 .debug_line    0x00001250      0x77f ./Generated_Code/Vectors.o
 .debug_line    0x000019cf      0x39f ./Generated_Code/TU1.o
 .debug_line    0x00001d6e      0x3a0 ./Generated_Code/TU0.o
 .debug_line    0x0000210e      0x68f ./Generated_Code/TSSTouch.o
 .debug_line    0x0000279d      0x388 ./Generated_Code/PwmLdd3.o
 .debug_line    0x00002b25      0x388 ./Generated_Code/PwmLdd2.o
 .debug_line    0x00002ead      0x388 ./Generated_Code/PwmLdd1.o
 .debug_line    0x00003235      0x612 ./Generated_Code/PE_LDD.o
 .debug_line    0x00003847      0x348 ./Generated_Code/IO1.o
 .debug_line    0x00003b8f      0x75d ./Generated_Code/I2C1.o
 .debug_line    0x000042ec      0x3fc ./Generated_Code/I2C0.o
 .debug_line    0x000046e8      0x33f ./Generated_Code/GI2C1.o
 .debug_line    0x00004a27      0x7ea ./Generated_Code/Cpu.o
 .debug_line    0x00005211      0x399 ./Generated_Code/AdcLdd1.o
 .debug_line    0x000055aa      0x2bd ./Generated_Code/AD0.o
 .debug_line    0x00005867      0x2ab ./Project_Settings/Startup_Code/__arm_start.o
 .debug_line    0x00005b12      0x266 ./Project_Settings/Startup_Code/__arm_end.o
 .debug_line    0x00005d78      0x2da ./Sources/TSS/TSS_SystemSetupData.o
 .debug_line    0x00006052      0x56c ./Sources/TSS/TSS_SensorTSIL.o
 .debug_line    0x000065be      0x32c ./Sources/TSS/TSS_Sensor.o
 .debug_line    0x000068ea      0x765 ./Sources/ProcessorExpert.o
 .debug_line    0x0000704f      0x704 ./Sources/Events.o
 .debug_line    0x00007753       0x8d C:/Freescale/CW MCU v10.5/MCU/ARM_GCC_Support/ewl/lib/armv6-m\libc.a(exit.o)
 .debug_line    0x000077e0       0x8b C:/Freescale/CW MCU v10.5/MCU/ARM_GCC_Support/ewl/lib/armv6-m\libc.a(memcpy.o)
 .debug_line    0x0000786b       0x90 C:/Freescale/CW MCU v10.5/MCU/ARM_GCC_Support/ewl/lib/armv6-m\libc.a(memset.o)
 .debug_line    0x000078fb       0x7d C:/Freescale/CW MCU v10.5/MCU/ARM_GCC_Support/ewl/lib/armv6-m\libc.a(strchr.o)
 .debug_line    0x00007978       0x85 C:/Freescale/CW MCU v10.5/MCU/ARM_GCC_Support/ewl/lib/armv6-m\libc.a(strlen.o)
 .debug_line    0x000079fd      0x2c3 C:/Freescale/CW MCU v10.5/MCU/ARM_GCC_Support/ewl/lib/armv6-m\libc.a(printformat_.o)
 .debug_line    0x00007cc0      0x2be C:/Freescale/CW MCU v10.5/MCU/ARM_GCC_Support/ewl/lib/armv6-m\libc.a(scanformat_.o)
 .debug_line    0x00007f7e      0x1be C:/Freescale/CW MCU v10.5/MCU/ARM_GCC_Support/ewl/lib/armv6-m\libc.a(ctype_aeabi.o)
 .debug_line    0x0000813c      0x11e C:/Freescale/CW MCU v10.5/MCU/ARM_GCC_Support/ewl/lib/armv6-m\libc.a(__strtoul.o)
 .debug_line    0x0000825a       0xf6 C:/Freescale/CW MCU v10.5/MCU/ARM_GCC_Support/ewl/lib/armv6-m\libc.a(__filll_mem.o)
 .debug_line    0x00008350       0x9f C:/Freescale/CW MCU v10.5/MCU/ARM_GCC_Support/ewl/lib/armv6-m\libc.a(memchr.o)
 .debug_line    0x000083ef       0x6c C:/Freescale/CW MCU v10.5/MCU/ARM_GCC_Support/ewl/lib/armv6-m\librt.a(gcc_ctor_dtor.o)
 .debug_line    0x0000845b       0xbd C:/Freescale/CW MCU v10.5/MCU/ARM_GCC_Support/ewl/lib/armv6-m\librt.a(ROMCopy.o)
 .debug_line    0x00008518      0x117 C:/Freescale/CW MCU v10.5/MCU/ARM_GCC_Support/ewl/lib/armv6-m\librt.a(__arm_eabi_init.o)

.debug_str      0x00000000     0x4663
 .debug_str     0x00000000      0x955 ./Generated_Code/tasks.o
                                0x9ca (size before relaxing)
 .debug_str     0x00000955      0x20b ./Generated_Code/port.o
                                0x3ad (size before relaxing)
 .debug_str     0x00000b60       0xad ./Generated_Code/list.o
                                0x270 (size before relaxing)
 .debug_str     0x00000c0d       0x5e ./Generated_Code/Vectors.o
                                0x189 (size before relaxing)
 .debug_str     0x00000c6b      0x32c ./Generated_Code/TU1.o
                                0x480 (size before relaxing)
 .debug_str     0x00000f97       0xc2 ./Generated_Code/TU0.o
                                0x480 (size before relaxing)
 .debug_str     0x00001059      0x4ed ./Generated_Code/TSSTouch.o
                                0x763 (size before relaxing)
 .debug_str     0x00001546       0xe9 ./Generated_Code/PwmLdd3.o
                                0x2c9 (size before relaxing)
 .debug_str     0x0000162f       0x95 ./Generated_Code/PwmLdd2.o
                                0x2c9 (size before relaxing)
 .debug_str     0x000016c4       0x95 ./Generated_Code/PwmLdd1.o
                                0x2c9 (size before relaxing)
 .debug_str     0x00001759      0x16b ./Generated_Code/PE_LDD.o
                                0x2ec (size before relaxing)
 .debug_str     0x000018c4       0xe2 ./Generated_Code/IO1.o
                                0x3bc (size before relaxing)
 .debug_str     0x000019a6      0x169 ./Generated_Code/I2C1.o
                                0x485 (size before relaxing)
 .debug_str     0x00001b0f      0x14e ./Generated_Code/I2C0.o
                                0x52f (size before relaxing)
 .debug_str     0x00001c5d      0x251 ./Generated_Code/GI2C1.o
                                0x427 (size before relaxing)
 .debug_str     0x00001eae      0x18c ./Generated_Code/Cpu.o
                                0x438 (size before relaxing)
 .debug_str     0x0000203a      0x1d1 ./Generated_Code/AdcLdd1.o
                                0x4f6 (size before relaxing)
 .debug_str     0x0000220b       0xa4 ./Generated_Code/AD0.o
                                0x221 (size before relaxing)
 .debug_str     0x000022af       0x85 ./Project_Settings/Startup_Code/__arm_start.o
                                0x1aa (size before relaxing)
 .debug_str     0x00002334       0x41 ./Project_Settings/Startup_Code/__arm_end.o
                                 0xe1 (size before relaxing)
 .debug_str     0x00002375      0xdbf ./Sources/TSS/TSS_SystemSetupData.o
                               0x1091 (size before relaxing)
 .debug_str     0x00003134      0x99b ./Sources/TSS/TSS_SensorTSIL.o
                                0xf96 (size before relaxing)
 .debug_str     0x00003acf      0x12b ./Sources/TSS/TSS_Sensor.o
                                0x5e4 (size before relaxing)
 .debug_str     0x00003bfa       0x37 ./Sources/ProcessorExpert.o
                                0x16b (size before relaxing)
 .debug_str     0x00003c31      0x1cd ./Sources/Events.o
                                0x92b (size before relaxing)
 .debug_str     0x00003dfe       0x54 C:/Freescale/CW MCU v10.5/MCU/ARM_GCC_Support/ewl/lib/armv6-m\libc.a(exit.o)
                                0x157 (size before relaxing)
 .debug_str     0x00003e52       0x1c C:/Freescale/CW MCU v10.5/MCU/ARM_GCC_Support/ewl/lib/armv6-m\libc.a(memcpy.o)
                                0x138 (size before relaxing)
 .debug_str     0x00003e6e       0x1c C:/Freescale/CW MCU v10.5/MCU/ARM_GCC_Support/ewl/lib/armv6-m\libc.a(memset.o)
                                0x140 (size before relaxing)
 .debug_str     0x00003e8a       0x1c C:/Freescale/CW MCU v10.5/MCU/ARM_GCC_Support/ewl/lib/armv6-m\libc.a(strchr.o)
                                0x137 (size before relaxing)
 .debug_str     0x00003ea6       0x24 C:/Freescale/CW MCU v10.5/MCU/ARM_GCC_Support/ewl/lib/armv6-m\libc.a(strlen.o)
                                0x140 (size before relaxing)
 .debug_str     0x00003eca      0x233 C:/Freescale/CW MCU v10.5/MCU/ARM_GCC_Support/ewl/lib/armv6-m\libc.a(printformat_.o)
                                0x3b3 (size before relaxing)
 .debug_str     0x000040fd      0x184 C:/Freescale/CW MCU v10.5/MCU/ARM_GCC_Support/ewl/lib/armv6-m\libc.a(scanformat_.o)
                                0x3f9 (size before relaxing)
 .debug_str     0x00004281       0x9d C:/Freescale/CW MCU v10.5/MCU/ARM_GCC_Support/ewl/lib/armv6-m\libc.a(ctype_aeabi.o)
                                0x1bc (size before relaxing)
 .debug_str     0x0000431e       0x61 C:/Freescale/CW MCU v10.5/MCU/ARM_GCC_Support/ewl/lib/armv6-m\libc.a(__strtoul.o)
                                0x1fb (size before relaxing)
 .debug_str     0x0000437f       0x25 C:/Freescale/CW MCU v10.5/MCU/ARM_GCC_Support/ewl/lib/armv6-m\libc.a(__filll_mem.o)
                                0x152 (size before relaxing)
 .debug_str     0x000043a4       0x1c C:/Freescale/CW MCU v10.5/MCU/ARM_GCC_Support/ewl/lib/armv6-m\libc.a(memchr.o)
                                0x148 (size before relaxing)
 .debug_str     0x000043c0      0x126 C:/Freescale/CW MCU v10.5/MCU/ARM_GCC_Support/ewl/lib/armv6-m\librt.a(gcc_ctor_dtor.o)
                                0x181 (size before relaxing)
 .debug_str     0x000044e6       0x8f C:/Freescale/CW MCU v10.5/MCU/ARM_GCC_Support/ewl/lib/armv6-m\librt.a(ROMCopy.o)
                                0x13c (size before relaxing)
 .debug_str     0x00004575       0xee C:/Freescale/CW MCU v10.5/MCU/ARM_GCC_Support/ewl/lib/armv6-m\librt.a(__arm_eabi_init.o)
                                0x1b5 (size before relaxing)

.comment        0x00000000       0x79
 .comment       0x00000000       0x79 ./Generated_Code/tasks.o
                                 0x7a (size before relaxing)
 .comment       0x00000000       0x7a ./Generated_Code/port.o
 .comment       0x00000000       0x7a ./Generated_Code/list.o
 .comment       0x00000000       0x7a ./Generated_Code/Vectors.o
 .comment       0x00000000       0x7a ./Generated_Code/TU1.o
 .comment       0x00000000       0x7a ./Generated_Code/TU0.o
 .comment       0x00000000       0x7a ./Generated_Code/TSSTouch.o
 .comment       0x00000000       0x7a ./Generated_Code/PwmLdd3.o
 .comment       0x00000000       0x7a ./Generated_Code/PwmLdd2.o
 .comment       0x00000000       0x7a ./Generated_Code/PwmLdd1.o
 .comment       0x00000000       0x7a ./Generated_Code/PE_LDD.o
 .comment       0x00000000       0x7a ./Generated_Code/IO1.o
 .comment       0x00000000       0x7a ./Generated_Code/I2C1.o
 .comment       0x00000000       0x7a ./Generated_Code/I2C0.o
 .comment       0x00000000       0x7a ./Generated_Code/GI2C1.o
 .comment       0x00000000       0x7a ./Generated_Code/Cpu.o
 .comment       0x00000000       0x7a ./Generated_Code/AdcLdd1.o
 .comment       0x00000000       0x7a ./Generated_Code/AD0.o
 .comment       0x00000000       0x7a ./Project_Settings/Startup_Code/__arm_start.o
 .comment       0x00000000       0x7a ./Project_Settings/Startup_Code/__arm_end.o
 .comment       0x00000000       0x7a ./Sources/TSS/TSS_SystemSetupData.o
 .comment       0x00000000       0x7a ./Sources/TSS/TSS_SensorTSIL.o
 .comment       0x00000000       0x7a ./Sources/TSS/TSS_Sensor.o
 .comment       0x00000000       0x7a ./Sources/ProcessorExpert.o
 .comment       0x00000000       0x7a ./Sources/Events.o
 .comment       0x00000000       0x7a C:/Users/JH/Documents/GitHub/M0PlusFreeRTOS/M0PlusFreeRTOS/Sources/TSS\libTSS_KXX_M0.a(TSS_ASliderDecoder.o)
 .comment       0x00000000       0x7a C:/Users/JH/Documents/GitHub/M0PlusFreeRTOS/M0PlusFreeRTOS/Sources/TSS\libTSS_KXX_M0.a(TSS_Filters.o)
 .comment       0x00000000       0x7a C:/Users/JH/Documents/GitHub/M0PlusFreeRTOS/M0PlusFreeRTOS/Sources/TSS\libTSS_KXX_M0.a(TSS_KeyDetectorNormal.o)
 .comment       0x00000000       0x7a C:/Users/JH/Documents/GitHub/M0PlusFreeRTOS/M0PlusFreeRTOS/Sources/TSS\libTSS_KXX_M0.a(TSS_KeyDetector.o)
 .comment       0x00000000       0x7a C:/Users/JH/Documents/GitHub/M0PlusFreeRTOS/M0PlusFreeRTOS/Sources/TSS\libTSS_KXX_M0.a(TSS_Main.o)
 .comment       0x00000000       0x7a C:/Freescale/CW MCU v10.5/MCU/ARM_GCC_Support/ewl/lib/armv6-m\libc.a(exit.o)
 .comment       0x00000000       0x7a C:/Freescale/CW MCU v10.5/MCU/ARM_GCC_Support/ewl/lib/armv6-m\libc.a(memcpy.o)
 .comment       0x00000000       0x7a C:/Freescale/CW MCU v10.5/MCU/ARM_GCC_Support/ewl/lib/armv6-m\libc.a(memset.o)
 .comment       0x00000000       0x7a C:/Freescale/CW MCU v10.5/MCU/ARM_GCC_Support/ewl/lib/armv6-m\libc.a(strchr.o)
 .comment       0x00000000       0x7a C:/Freescale/CW MCU v10.5/MCU/ARM_GCC_Support/ewl/lib/armv6-m\libc.a(strlen.o)
 .comment       0x00000000       0x7a C:/Freescale/CW MCU v10.5/MCU/ARM_GCC_Support/ewl/lib/armv6-m\libc.a(printformat_.o)
 .comment       0x00000000       0x7a C:/Freescale/CW MCU v10.5/MCU/ARM_GCC_Support/ewl/lib/armv6-m\libc.a(scanformat_.o)
 .comment       0x00000000       0x7a C:/Freescale/CW MCU v10.5/MCU/ARM_GCC_Support/ewl/lib/armv6-m\libc.a(ctype_aeabi.o)
 .comment       0x00000000       0x7a C:/Freescale/CW MCU v10.5/MCU/ARM_GCC_Support/ewl/lib/armv6-m\libc.a(__strtoul.o)
 .comment       0x00000000       0x7a C:/Freescale/CW MCU v10.5/MCU/ARM_GCC_Support/ewl/lib/armv6-m\libc.a(__filll_mem.o)
 .comment       0x00000000       0x7a C:/Freescale/CW MCU v10.5/MCU/ARM_GCC_Support/ewl/lib/armv6-m\libc.a(memchr.o)
 .comment       0x00000000       0x7a C:/Freescale/CW MCU v10.5/MCU/ARM_GCC_Support/ewl/lib/armv6-m\librt.a(gcc_ctor_dtor.o)
 .comment       0x00000000       0x7a C:/Freescale/CW MCU v10.5/MCU/ARM_GCC_Support/ewl/lib/armv6-m\librt.a(ROMCopy.o)
 .comment       0x00000000       0x7a C:/Freescale/CW MCU v10.5/MCU/ARM_GCC_Support/ewl/lib/armv6-m\librt.a(__arm_eabi_init.o)

.debug_frame    0x00000000     0x1bf4
 .debug_frame   0x00000000      0x4a0 ./Generated_Code/tasks.o
 .debug_frame   0x000004a0      0x1a8 ./Generated_Code/port.o
 .debug_frame   0x00000648       0xb0 ./Generated_Code/list.o
 .debug_frame   0x000006f8       0xf0 ./Generated_Code/TU1.o
 .debug_frame   0x000007e8       0xf0 ./Generated_Code/TU0.o
 .debug_frame   0x000008d8       0x4c ./Generated_Code/TSSTouch.o
 .debug_frame   0x00000924       0xf0 ./Generated_Code/PwmLdd3.o
 .debug_frame   0x00000a14       0xf0 ./Generated_Code/PwmLdd2.o
 .debug_frame   0x00000b04       0xf0 ./Generated_Code/PwmLdd1.o
 .debug_frame   0x00000bf4       0x6c ./Generated_Code/PE_LDD.o
 .debug_frame   0x00000c60       0x90 ./Generated_Code/IO1.o
 .debug_frame   0x00000cf0       0xb0 ./Generated_Code/I2C1.o
 .debug_frame   0x00000da0       0xd0 ./Generated_Code/I2C0.o
 .debug_frame   0x00000e70      0x1f8 ./Generated_Code/GI2C1.o
 .debug_frame   0x00001068       0x80 ./Generated_Code/Cpu.o
 .debug_frame   0x000010e8       0xf0 ./Generated_Code/AdcLdd1.o
 .debug_frame   0x000011d8       0xc4 ./Generated_Code/AD0.o
 .debug_frame   0x0000129c       0x4c ./Project_Settings/Startup_Code/__arm_start.o
 .debug_frame   0x000012e8       0x30 ./Project_Settings/Startup_Code/__arm_end.o
 .debug_frame   0x00001318       0x30 ./Sources/TSS/TSS_SystemSetupData.o
 .debug_frame   0x00001348      0x190 ./Sources/TSS/TSS_SensorTSIL.o
 .debug_frame   0x000014d8       0x90 ./Sources/TSS/TSS_Sensor.o
 .debug_frame   0x00001568       0x30 ./Sources/ProcessorExpert.o
 .debug_frame   0x00001598      0x19c ./Sources/Events.o
 .debug_frame   0x00001734       0x2c C:/Freescale/CW MCU v10.5/MCU/ARM_GCC_Support/ewl/lib/armv6-m\libc.a(exit.o)
 .debug_frame   0x00001760       0x28 C:/Freescale/CW MCU v10.5/MCU/ARM_GCC_Support/ewl/lib/armv6-m\libc.a(memcpy.o)
 .debug_frame   0x00001788       0x28 C:/Freescale/CW MCU v10.5/MCU/ARM_GCC_Support/ewl/lib/armv6-m\libc.a(memset.o)
 .debug_frame   0x000017b0       0x28 C:/Freescale/CW MCU v10.5/MCU/ARM_GCC_Support/ewl/lib/armv6-m\libc.a(strchr.o)
 .debug_frame   0x000017d8       0x28 C:/Freescale/CW MCU v10.5/MCU/ARM_GCC_Support/ewl/lib/armv6-m\libc.a(strlen.o)
 .debug_frame   0x00001800       0x54 C:/Freescale/CW MCU v10.5/MCU/ARM_GCC_Support/ewl/lib/armv6-m\libc.a(printformat_.o)
 .debug_frame   0x00001854       0x34 C:/Freescale/CW MCU v10.5/MCU/ARM_GCC_Support/ewl/lib/armv6-m\libc.a(scanformat_.o)
 .debug_frame   0x00001888      0x158 C:/Freescale/CW MCU v10.5/MCU/ARM_GCC_Support/ewl/lib/armv6-m\libc.a(ctype_aeabi.o)
 .debug_frame   0x000019e0       0x30 C:/Freescale/CW MCU v10.5/MCU/ARM_GCC_Support/ewl/lib/armv6-m\libc.a(__strtoul.o)
 .debug_frame   0x00001a10       0x2c C:/Freescale/CW MCU v10.5/MCU/ARM_GCC_Support/ewl/lib/armv6-m\libc.a(__filll_mem.o)
 .debug_frame   0x00001a3c       0x28 C:/Freescale/CW MCU v10.5/MCU/ARM_GCC_Support/ewl/lib/armv6-m\libc.a(memchr.o)
 .debug_frame   0x00001a64       0x20 c:/freescale/cw mcu v10.5/cross_tools/arm-none-eabi-gcc-4_7_3/bin/../lib/gcc/arm-none-eabi/4.7.3/armv6-m\libgcc.a(_udivsi3.o)
 .debug_frame   0x00001a84       0x20 c:/freescale/cw mcu v10.5/cross_tools/arm-none-eabi-gcc-4_7_3/bin/../lib/gcc/arm-none-eabi/4.7.3/armv6-m\libgcc.a(_divsi3.o)
 .debug_frame   0x00001aa4       0x40 C:/Freescale/CW MCU v10.5/MCU/ARM_GCC_Support/ewl/lib/armv6-m\librt.a(gcc_ctor_dtor.o)
 .debug_frame   0x00001ae4       0x54 C:/Freescale/CW MCU v10.5/MCU/ARM_GCC_Support/ewl/lib/armv6-m\librt.a(ROMCopy.o)
 .debug_frame   0x00001b38       0xbc C:/Freescale/CW MCU v10.5/MCU/ARM_GCC_Support/ewl/lib/armv6-m\librt.a(__arm_eabi_init.o)
