Archive member included because of file (symbol)

C:/Users/JH/Documents/GitHub/M0PlusFreeRTOS/M0PlusFreeRTOS/Sources/TSS\libTSS_KXX_M0.a(TSS_ASliderDecoder.o)
                              ./Sources/TSS/TSS_SystemSetupData.o (TSS_ASliderDecoder)
C:/Users/JH/Documents/GitHub/M0PlusFreeRTOS/M0PlusFreeRTOS/Sources/TSS\libTSS_KXX_M0.a(TSS_Filters.o)
                              ./Sources/TSS/TSS_SystemSetupData.o (TSS_KeyDetectorInitPrevCapSample)
C:/Users/JH/Documents/GitHub/M0PlusFreeRTOS/M0PlusFreeRTOS/Sources/TSS\libTSS_KXX_M0.a(TSS_KeyDetectorNormal.o)
                              ./Sources/TSS/TSS_SystemSetupData.o (TSS_KeyBasicStuckKeyControl)
C:/Users/JH/Documents/GitHub/M0PlusFreeRTOS/M0PlusFreeRTOS/Sources/TSS\libTSS_KXX_M0.a(TSS_KeyDetector.o)
                              C:/Users/JH/Documents/GitHub/M0PlusFreeRTOS/M0PlusFreeRTOS/Sources/TSS\libTSS_KXX_M0.a(TSS_KeyDetectorNormal.o) (TSS_KeyDetectorResetElectrodeDebouncing)
C:/Users/JH/Documents/GitHub/M0PlusFreeRTOS/M0PlusFreeRTOS/Sources/TSS\libTSS_KXX_M0.a(TSS_Main.o)
                              ./Generated_Code/TSSTouch.o (TSS_Init)
C:/Freescale/CW MCU v10.5/MCU/ARM_GCC_Support/ewl/lib/armv6-m\libc.a(printf.o)
                              ./Sources/Tasks/TaskSendString.o (printf)
C:/Freescale/CW MCU v10.5/MCU/ARM_GCC_Support/ewl/lib/armv6-m\libc.a(puts.o)
                              ./Sources/Tasks/TaskSendString2.o (puts)
C:/Freescale/CW MCU v10.5/MCU/ARM_GCC_Support/ewl/lib/armv6-m\libc.a(exit.o)
                              ./Project_Settings/Startup_Code/__arm_start.o (exit)
C:/Freescale/CW MCU v10.5/MCU/ARM_GCC_Support/ewl/lib/armv6-m\libc.a(memcpy.o)
                              ./Generated_Code/queue.o (memcpy)
C:/Freescale/CW MCU v10.5/MCU/ARM_GCC_Support/ewl/lib/armv6-m\libc.a(memset.o)
                              ./Generated_Code/tasks.o (memset)
C:/Freescale/CW MCU v10.5/MCU/ARM_GCC_Support/ewl/lib/armv6-m\libc.a(strchr.o)
                              ./Generated_Code/UTIL2.o (strchr)
C:/Freescale/CW MCU v10.5/MCU/ARM_GCC_Support/ewl/lib/armv6-m\libc.a(strlen.o)
                              ./Generated_Code/UTIL2.o (strlen)
C:/Freescale/CW MCU v10.5/MCU/ARM_GCC_Support/ewl/lib/armv6-m\libc.a(strncmp.o)
                              ./Generated_Code/UTIL2.o (strncmp)
C:/Freescale/CW MCU v10.5/MCU/ARM_GCC_Support/ewl/lib/armv6-m\libc.a(printformat_.o)
                              (__pformatter_)
C:/Freescale/CW MCU v10.5/MCU/ARM_GCC_Support/ewl/lib/armv6-m\libc.a(scanformat_.o)
                              (__sformatter)
C:/Freescale/CW MCU v10.5/MCU/ARM_GCC_Support/ewl/lib/armv6-m\libc.a(ctype_aeabi.o)
                              C:/Freescale/CW MCU v10.5/MCU/ARM_GCC_Support/ewl/lib/armv6-m\libc.a(scanformat_.o) (isspace)
C:/Freescale/CW MCU v10.5/MCU/ARM_GCC_Support/ewl/lib/armv6-m\libc.a(__putchar.o)
                              C:/Freescale/CW MCU v10.5/MCU/ARM_GCC_Support/ewl/lib/armv6-m\libc.a(puts.o) (__put_char)
C:/Freescale/CW MCU v10.5/MCU/ARM_GCC_Support/ewl/lib/armv6-m\libc.a(ansi_files.o)
                              C:/Freescale/CW MCU v10.5/MCU/ARM_GCC_Support/ewl/lib/armv6-m\libc.a(printf.o) (__files)
C:/Freescale/CW MCU v10.5/MCU/ARM_GCC_Support/ewl/lib/armv6-m\libc.a(fflush.o)
                              C:/Freescale/CW MCU v10.5/MCU/ARM_GCC_Support/ewl/lib/armv6-m\libc.a(ansi_files.o) (fflush)
C:/Freescale/CW MCU v10.5/MCU/ARM_GCC_Support/ewl/lib/armv6-m\libc.a(fwrite.o)
                              C:/Freescale/CW MCU v10.5/MCU/ARM_GCC_Support/ewl/lib/armv6-m\libc.a(printf.o) (__FileWrite)
C:/Freescale/CW MCU v10.5/MCU/ARM_GCC_Support/ewl/lib/armv6-m\libc.a(__strtoul.o)
                              C:/Freescale/CW MCU v10.5/MCU/ARM_GCC_Support/ewl/lib/armv6-m\libc.a(scanformat_.o) (__strtoul)
C:/Freescale/CW MCU v10.5/MCU/ARM_GCC_Support/ewl/lib/armv6-m\libc.a(__filll_mem.o)
                              C:/Freescale/CW MCU v10.5/MCU/ARM_GCC_Support/ewl/lib/armv6-m\libc.a(memset.o) (__fill_mem)
C:/Freescale/CW MCU v10.5/MCU/ARM_GCC_Support/ewl/lib/armv6-m\libc.a(__memrchr.o)
                              C:/Freescale/CW MCU v10.5/MCU/ARM_GCC_Support/ewl/lib/armv6-m\libc.a(fwrite.o) (__memrchr)
C:/Freescale/CW MCU v10.5/MCU/ARM_GCC_Support/ewl/lib/armv6-m\libc.a(memchr.o)
                              C:/Freescale/CW MCU v10.5/MCU/ARM_GCC_Support/ewl/lib/armv6-m\libc.a(printformat_.o) (memchr)
C:/Freescale/CW MCU v10.5/MCU/ARM_GCC_Support/ewl/lib/armv6-m\libc.a(__buffer_io.o)
                              C:/Freescale/CW MCU v10.5/MCU/ARM_GCC_Support/ewl/lib/armv6-m\libc.a(__putchar.o) (__prep_buffer)
c:/freescale/cw mcu v10.5/cross_tools/arm-none-eabi-gcc-4_7_3/bin/../lib/gcc/arm-none-eabi/4.7.3/armv6-m\libgcc.a(_thumb1_case_sqi.o)
                              C:/Freescale/CW MCU v10.5/MCU/ARM_GCC_Support/ewl/lib/armv6-m\libc.a(__strtoul.o) (__gnu_thumb1_case_sqi)
[...]
Memory Configuration

Name             Origin             Length             Attributes
m_interrupts     0x00000000         0x000000c0         xr
m_text           0x00000410         0x0001fbf0         xr
m_data           0x1ffff000         0x00004000         rw
m_cfmprotrom     0x00000400         0x00000010         xr
*default*        0x00000000         0xffffffff

Linker script and memory map

LOAD ./Generated_Code/timers.o
LOAD ./Generated_Code/tasks.o
LOAD ./Generated_Code/queue.o
LOAD ./Generated_Code/portasm.o
LOAD ./Generated_Code/port.o
LOAD ./Generated_Code/list.o
LOAD ./Generated_Code/heap_4.o
LOAD ./Generated_Code/heap_3.o
LOAD ./Generated_Code/heap_2.o
LOAD ./Generated_Code/heap_1.o
LOAD ./Generated_Code/croutine.o
LOAD ./Generated_Code/WAIT0.o
LOAD ./Generated_Code/Vectors.o
LOAD ./Generated_Code/UTIL2.o
LOAD ./Generated_Code/UTIL1.o
LOAD ./Generated_Code/TU1.o
LOAD ./Generated_Code/TU0.o
LOAD ./Generated_Code/TSSTouch.o
LOAD ./Generated_Code/SonarTrigger.o
LOAD ./Generated_Code/SonarEcho1.o
LOAD ./Generated_Code/SonarEcho0.o
LOAD ./Generated_Code/PwmLdd3.o
LOAD ./Generated_Code/PwmLdd2.o
LOAD ./Generated_Code/PwmLdd1.o
LOAD ./Generated_Code/PWMLEDRed.o
LOAD ./Generated_Code/PWMLEDGreen.o
LOAD ./Generated_Code/PWMLEDBlue.o
LOAD ./Generated_Code/PE_LDD.o
LOAD ./Generated_Code/MotorB.o
LOAD ./Generated_Code/MotorA.o
LOAD ./Generated_Code/MMA0.o
LOAD ./Generated_Code/IO1.o
LOAD ./Generated_Code/I2C1.o
LOAD ./Generated_Code/I2C0.o
LOAD ./Generated_Code/GI2C0.o
LOAD ./Generated_Code/FRTOS1.o
LOAD ./Generated_Code/CsIO1.o
LOAD ./Generated_Code/Cpu.o
LOAD ./Generated_Code/Break.o
LOAD ./Generated_Code/AdcLdd1.o
LOAD ./Generated_Code/AS1.o
LOAD ./Generated_Code/AD0.o
LOAD ./Project_Settings/Startup_Code/__arm_start.o
LOAD ./Project_Settings/Startup_Code/__arm_end.o
LOAD ./Sources/TSS/TSS_SystemSetupData.o
LOAD ./Sources/TSS/TSS_SensorTSIL.o
LOAD ./Sources/TSS/TSS_SensorTSI.o
LOAD ./Sources/TSS/TSS_SensorGPIO.o
LOAD ./Sources/TSS/TSS_Sensor.o
LOAD ./Sources/TSS/TSS_Freemaster.o
LOAD ./Sources/Tasks/TaskWriteString.o
LOAD ./Sources/Tasks/TaskSonar.o
LOAD ./Sources/Tasks/TaskSendString2.o
LOAD ./Sources/Tasks/TaskSendString1.o
LOAD ./Sources/Tasks/TaskSendString.o
LOAD ./Sources/Tasks/TaskRotateLed.o
LOAD ./Sources/Tasks/TaskRedLed.o
LOAD ./Sources/Tasks/TaskMotorDC.o
LOAD ./Sources/Tasks/TaskGyroscope.o
LOAD ./Sources/Tasks/TaskGreenLed.o
LOAD ./Sources/Tasks/TaskBlueLed.o
LOAD ./Sources/Tasks/TaskAccelerometer.o
LOAD ./Sources/Util/UART.o
LOAD ./Sources/Util/Led.o
LOAD ./Sources/Util/Gyroscope.o
LOAD ./Sources/Util/Accelerometer.o
LOAD ./Sources/sa_mtb.o
LOAD ./Sources/ProcessorExpert.o
LOAD ./Sources/Events.o
                0x000086c0                __pformatter = __pformatter_
                [0x00008ae8]                __sformatter = __sformatter
LOAD C:/Users/JH/Documents/GitHub/M0PlusFreeRTOS/M0PlusFreeRTOS/Sources/TSS\libTSS_KXX_M0.a
START GROUP
LOAD C:/Freescale/CW MCU v10.5/MCU/ARM_GCC_Support/ewl/lib/armv6-m\libc.a
LOAD C:/Freescale/CW MCU v10.5/MCU/ARM_GCC_Support/ewl/lib/armv6-m\libm.a
LOAD c:/freescale/cw mcu v10.5/cross_tools/arm-none-eabi-gcc-4_7_3/bin/../lib/gcc/arm-none-eabi/4.7.3/armv6-m\libgcc.a
LOAD C:/Freescale/CW MCU v10.5/MCU/ARM_GCC_Support/ewl/lib/armv6-m\librt.a
LOAD C:/Freescale/CW MCU v10.5/MCU/ARM_GCC_Support/ewl/lib/armv6-m\libuart.a
END GROUP
                0x20003000                _estack = 0x20003000
                0x20003000                __SP_INIT = _estack
                0x00000000                __heap_size = 0x0
                0x00000020                __stack_size = 0x20

.interrupts     0x00000000       0xc0
                0x00000000                __vector_table = .
                0x00000000                . = ALIGN (0x4)
 *(.vectortable)
 .vectortable   0x00000000       0xc0 ./Generated_Code/Vectors.o
                0x00000000                __vect_table
                0x000000c0                . = ALIGN (0x4)

.cfmprotect     0x00000400       0x10
                0x00000400                . = ALIGN (0x4)
 *(.cfmconfig)
 .cfmconfig     0x00000400       0x10 ./Generated_Code/Cpu.o
                0x00000400                _cfm
                0x00000410                . = ALIGN (0x4)

.text           0x00000410     0x9488
                0x00000410                . = ALIGN (0x4)
 *(.text)
 .text          0x00000410      0x760 C:/Users/JH/Documents/GitHub/M0PlusFreeRTOS/M0PlusFreeRTOS/Sources/TSS\libTSS_KXX_M0.a(TSS_ASliderDecoder.o)
                0x00000410                TSS_ASliderDecoder
                0x00000848                TSS_ASliderCalculatePosIIRFilter
                0x000008ac                TSS_ASliderDelayControl
                0x00000924                TSS_ASliderTrendThreshold
                0x0000094c                TSS_ASliderTrendControl
                0x00000a3c                TSS_SetASliderConfig
                0x00000b3c                TSS_GetASliderConfig
 .text          0x00000b70      0x1c8 C:/Users/JH/Documents/GitHub/M0PlusFreeRTOS/M0PlusFreeRTOS/Sources/TSS\libTSS_KXX_M0.a(TSS_Filters.o)
                0x00000b70                TSS_u16NoiseAmplitudeFilter
                0x00000ba4                TSS_i8NoiseAmplitudeFilter
                0x00000bda                TSS_ShieldEquation
                0x00000c3c                TSS_KeyDetectorInitPrevCapSample
                0x00000c50                TSS_KeyDetectorCalculateIIRFilter
                0x00000c70                TSS_KeyDetectorCalculateShielding
                0x00000c84                TSS_KeyDetectorSignalDivider
                0x00000ca0                TSS_KeyDetectorSignalMultiplier
                0x00000cd0                TSS_SubUInt16WithUInt16ToSInt16
                0x00000cfc                TSS_ShiftSInt16ToUInt16
                0x00000d08                TSS_CutSInt16ToSInt8
                0x00000d20                TSS_SensitivityLowLimitControl
 .text          0x00000d38      0x854 C:/Users/JH/Documents/GitHub/M0PlusFreeRTOS/M0PlusFreeRTOS/Sources/TSS\libTSS_KXX_M0.a(TSS_KeyDetectorNormal.o)
                0x00000db0                TSS_KeyBasicStuckKeyControl
                0x00000dfc                TSS_KeyBasicDetect
                0x00000fac                TSS_KeyBasicNegativeBaselineDrop
                0x00001038                TSS_KeyBasicElectrodeEval
                0x000012a4                TSS_KeyBasicSensAutoCalibration
                0x000014e4                TSS_KeyBasicDeltaNoiseAnalysisIIRControl
                0x00001558                TSS_KeyBasicGetSystemDataContext
 .text          0x0000158c      0x6c8 C:/Users/JH/Documents/GitHub/M0PlusFreeRTOS/M0PlusFreeRTOS/Sources/TSS\libTSS_KXX_M0.a(TSS_KeyDetector.o)
                0x000015cc                TSS_KeyDetectorResetElectrodeDebouncing
                0x000015e8                TSS_KeyDetectorResetElectrode
                0x000015fc                TSS_KeyDetectorRestartElectrode
                0x00001644                TSS_KeyDetectorRecalibrateModules
                0x00001658                TSS_KeyDetectorInit
                0x00001690                TSS_KeyDetectorResetElectrodeMeasured
                0x000016b8                TSS_KeyDetectorCalculateDelta
                0x000016d8                TSS_KeyDetectorFillDeltaLogBuffer
                0x000016f0                TSS_KeyDetectorFillSignalLogBuffer
                0x00001704                TSS_KeyDetectorResetStuckKeyCounter
                0x00001710                TSS_KeyDetectorGetDCTrackerCounter
                0x0000171c                TSS_KeyDetectorGetSlowDCTrackerCounter
                0x00001728                TSS_KeyDetectorCalibrate
                0x0000174c                TSS_KeyDetectorReleaseElectrode
                0x0000176c                TSS_KeyDetectorMainSequenced
                0x00001930                TSS_KeyDetectorMain
                0x00001ae0                TSS_KeyDetectorElectrodeStatusUpdate
                0x00001b14                TSS_KeyDetectorGetElectrodeGroupStatus
                0x00001b50                TSS_KeyDetectorGetElectrodeEnablerStatus
                0x00001c04                TSS_KeyDetectorRecalibrationRequest
                0x00001c18                TSS_KeyDetectorGetShieldElectrodeReleaseStatus
 .text          0x00001c54     0x10a0 C:/Users/JH/Documents/GitHub/M0PlusFreeRTOS/M0PlusFreeRTOS/Sources/TSS\libTSS_KXX_M0.a(TSS_Main.o)
                0x00001cec                TSS_InitRegisterArrays
                0x00001d44                TSS_InitInternalArrays
                0x00001d94                TSS_Init
                0x00001df8                TSS_DataCorruptionCheck
                0x00001eac                TSS_FaultEvaluation
                0x00001f24                TSS_DecodersControl
                0x00001f90                TSS_TriggerControl
                0x00001fe4                TSS_Task
                0x000020bc                TSS_TaskSeq
                0x00002194                TSS_InternalControlPrivateData
                0x000021b8                TSS_SetControlPrivateData
                0x000021cc                TSS_GetControlPrivateData
                0x000021e8                TSS_GetControlStruct
                0x00002208                TSS_GetControlNumberOfElectrodes
                0x00002228                TSS_GetControlFirstElectrodeIndex
                0x0000224c                TSS_GetControlLastElectrodeIndex
                0x00002274                TSS_GetControlElectrodeIndex
                0x0000229c                TSS_SetControlElectrodesEnablers
                0x00002324                TSS_GetControlElectrodesStatus
                0x0000234c                TSS_TriggerConfig
                0x000023c0                TSS_LowPowerConfig
                0x00002464                TSS_ProximityConfig
                0x000024bc                TSS_SetSystemConfig
                0x000027f0                TSS_GetSystemConfig
                0x00002910                TSS_BrowseModules
                0x000029b8                TSS_LoadElectrodeData
                0x00002a60                TSS_StoreElectrodeData
                0x00002ae0                TSS_LoadModulesData
                0x00002b48                TSS_StoreModulesData
                0x00002b8c                TSS_LoadAllSystemData
                0x00002c38                TSS_StoreAllSystemData
 .text          0x00002cf4       0x14 c:/freescale/cw mcu v10.5/cross_tools/arm-none-eabi-gcc-4_7_3/bin/../lib/gcc/arm-none-eabi/4.7.3/armv6-m\libgcc.a(_thumb1_case_sqi.o)
                0x00002cf4                __gnu_thumb1_case_sqi
 .text          0x00002d08       0x14 c:/freescale/cw mcu v10.5/cross_tools/arm-none-eabi-gcc-4_7_3/bin/../lib/gcc/arm-none-eabi/4.7.3/armv6-m\libgcc.a(_thumb1_case_uqi.o)
                0x00002d08                __gnu_thumb1_case_uqi
 .text          0x00002d1c       0x9c c:/freescale/cw mcu v10.5/cross_tools/arm-none-eabi-gcc-4_7_3/bin/../lib/gcc/arm-none-eabi/4.7.3/armv6-m\libgcc.a(_udivsi3.o)
                0x00002d1c                __aeabi_uidiv
                0x00002d1c                __udivsi3
                0x00002da4                __aeabi_uidivmod
 .text          0x00002db8       0xc0 c:/freescale/cw mcu v10.5/cross_tools/arm-none-eabi-gcc-4_7_3/bin/../lib/gcc/arm-none-eabi/4.7.3/armv6-m\libgcc.a(_divsi3.o)
                0x00002db8                __divsi3
                0x00002db8                __aeabi_idiv
                0x00002e64                __aeabi_idivmod
 .text          0x00002e78        0x4 c:/freescale/cw mcu v10.5/cross_tools/arm-none-eabi-gcc-4_7_3/bin/../lib/gcc/arm-none-eabi/4.7.3/armv6-m\libgcc.a(_dvmd_tls.o)
                0x00002e78                __aeabi_idiv0
                0x00002e78                __aeabi_ldiv0
 .text          0x00002e7c      0x5b8 c:/freescale/cw mcu v10.5/cross_tools/arm-none-eabi-gcc-4_7_3/bin/../lib/gcc/arm-none-eabi/4.7.3/armv6-m\libgcc.a(divdf3.o)
                0x00002e7c                __aeabi_ddiv
 .text          0x00003434       0x68 c:/freescale/cw mcu v10.5/cross_tools/arm-none-eabi-gcc-4_7_3/bin/../lib/gcc/arm-none-eabi/4.7.3/armv6-m\libgcc.a(fixdfsi.o)
                0x00003434                __aeabi_d2iz
 .text          0x0000349c       0x74 c:/freescale/cw mcu v10.5/cross_tools/arm-none-eabi-gcc-4_7_3/bin/../lib/gcc/arm-none-eabi/4.7.3/armv6-m\libgcc.a(floatsidf.o)
                0x0000349c                __aeabi_i2d
 .text          0x00003510       0x3c c:/freescale/cw mcu v10.5/cross_tools/arm-none-eabi-gcc-4_7_3/bin/../lib/gcc/arm-none-eabi/4.7.3/armv6-m\libgcc.a(_clzsi2.o)
                0x00003510                __clzsi2
 *(.text*)
 .text.xTaskGenericCreate
                0x0000354c      0x164 ./Generated_Code/tasks.o
                0x0000354c                xTaskGenericCreate
 .text.vTaskDelay
                0x000036b0       0x54 ./Generated_Code/tasks.o
                0x000036b0                vTaskDelay
 .text.vTaskStartScheduler
                0x00003704       0x64 ./Generated_Code/tasks.o
                0x00003704                vTaskStartScheduler
 .text.vTaskSuspendAll
                0x00003768       0x18 ./Generated_Code/tasks.o
                0x00003768                vTaskSuspendAll
 .text.xTaskResumeAll
                0x00003780      0x114 ./Generated_Code/tasks.o
                0x00003780                xTaskResumeAll
 .text.xTaskIncrementTick
                0x00003894      0x19c ./Generated_Code/tasks.o
                0x00003894                xTaskIncrementTick
 .text.vTaskSwitchContext
                0x00003a30       0xbc ./Generated_Code/tasks.o
                0x00003a30                vTaskSwitchContext
 .text.vTaskPlaceOnEventList
                0x00003aec       0x6c ./Generated_Code/tasks.o
                0x00003aec                vTaskPlaceOnEventList
 .text.xTaskRemoveFromEventList
                0x00003b58       0xac ./Generated_Code/tasks.o
                0x00003b58                xTaskRemoveFromEventList
 .text.vTaskSetTimeOutState
                0x00003c04       0x30 ./Generated_Code/tasks.o
                0x00003c04                vTaskSetTimeOutState
 .text.xTaskCheckForTimeOut
                0x00003c34       0x9c ./Generated_Code/tasks.o
                0x00003c34                xTaskCheckForTimeOut
 .text.vTaskMissedYield
                0x00003cd0       0x14 ./Generated_Code/tasks.o
                0x00003cd0                vTaskMissedYield
 .text.prvIdleTask
                0x00003ce4       0x24 ./Generated_Code/tasks.o
 .text.prvInitialiseTCBVariables
                0x00003d08       0x94 ./Generated_Code/tasks.o
 .text.prvInitialiseTaskLists
                0x00003d9c       0x88 ./Generated_Code/tasks.o
 .text.prvCheckTasksWaitingTermination
                0x00003e24       0x74 ./Generated_Code/tasks.o
 .text.prvAddCurrentTaskToDelayedList
                0x00003e98       0x6c ./Generated_Code/tasks.o
 .text.prvAllocateTCBAndStack
                0x00003f04       0x70 ./Generated_Code/tasks.o
 .text.prvDeleteTCB
                0x00003f74       0x20 ./Generated_Code/tasks.o
 .text.xTaskGetCurrentTaskHandle
                0x00003f94       0x1c ./Generated_Code/tasks.o
                0x00003f94                xTaskGetCurrentTaskHandle
 .text.vTaskPriorityInherit
                0x00003fb0       0xb4 ./Generated_Code/tasks.o
                0x00003fb0                vTaskPriorityInherit
 .text.vTaskPriorityDisinherit
                0x00004064       0x7c ./Generated_Code/tasks.o
                0x00004064                vTaskPriorityDisinherit
 .text.xQueueCreateMutex
                0x000040e0       0x8c ./Generated_Code/queue.o
                0x000040e0                xQueueCreateMutex
 .text.xQueueGiveMutexRecursive
                0x0000416c       0x58 ./Generated_Code/queue.o
                0x0000416c                xQueueGiveMutexRecursive
 .text.xQueueTakeMutexRecursive
                0x000041c4       0x64 ./Generated_Code/queue.o
                0x000041c4                xQueueTakeMutexRecursive
 .text.xQueueGenericSend
                0x00004228      0x160 ./Generated_Code/queue.o
                0x00004228                xQueueGenericSend
 .text.xQueueGenericReceive
                0x00004388      0x1a0 ./Generated_Code/queue.o
                0x00004388                xQueueGenericReceive
 .text.prvCopyDataToQueue
                0x00004528       0xd4 ./Generated_Code/queue.o
 .text.prvCopyDataFromQueue
                0x000045fc       0x50 ./Generated_Code/queue.o
 .text.prvUnlockQueue
                0x0000464c       0x98 ./Generated_Code/queue.o
 .text.prvIsQueueEmpty
                0x000046e4       0x2c ./Generated_Code/queue.o
 .text.prvIsQueueFull
                0x00004710       0x30 ./Generated_Code/queue.o
 .text.pxPortInitialiseStack
                0x00004740       0x50 ./Generated_Code/port.o
                0x00004740                pxPortInitialiseStack
 .text.vPortInitTickTimer
                0x00004790       0x3c ./Generated_Code/port.o
                0x00004790                vPortInitTickTimer
 .text.vPortStartTickTimer
                0x000047cc       0x14 ./Generated_Code/port.o
                0x000047cc                vPortStartTickTimer
 .text.vPortStopTickTimer
                0x000047e0       0x14 ./Generated_Code/port.o
                0x000047e0                vPortStopTickTimer
 .text.xPortStartScheduler
                0x000047f4       0x34 ./Generated_Code/port.o
                0x000047f4                xPortStartScheduler
 .text.vPortEnterCritical
                0x00004828       0x20 ./Generated_Code/port.o
                0x00004828                vPortEnterCritical
 .text.vPortExitCritical
                0x00004848       0x20 ./Generated_Code/port.o
                0x00004848                vPortExitCritical
 .text.vPortYieldFromISR
                0x00004868       0x1c ./Generated_Code/port.o
                0x00004868                vPortYieldFromISR
 .text.vPortTickHandler
                0x00004884       0x1c ./Generated_Code/port.o
                0x00004884                vPortTickHandler
 .text.vPortStartFirstTask
                0x000048a0       0x1c ./Generated_Code/port.o
                0x000048a0                vPortStartFirstTask
 .text.vPortSVCHandler
                0x000048bc       0x28 ./Generated_Code/port.o
                0x000048bc                vPortSVCHandler
 .text.vPortPendSVHandler
                0x000048e4       0x44 ./Generated_Code/port.o
                0x000048e4                vPortPendSVHandler
 .text.vListInitialise
                0x00004928       0x3c ./Generated_Code/list.o
                0x00004928                vListInitialise
 .text.vListInitialiseItem
                0x00004964       0x14 ./Generated_Code/list.o
                0x00004964                vListInitialiseItem
 .text.vListInsertEnd
                0x00004978       0x44 ./Generated_Code/list.o
                0x00004978                vListInsertEnd
 .text.vListInsert
                0x000049bc       0x6c ./Generated_Code/list.o
                0x000049bc                vListInsert
 .text.uxListRemove
                0x00004a28       0x50 ./Generated_Code/list.o
                0x00004a28                uxListRemove
 .text.pvPortMalloc
                0x00004a78      0x12c ./Generated_Code/heap_2.o
                0x00004a78                pvPortMalloc
 .text.vPortFree
                0x00004ba4       0x78 ./Generated_Code/heap_2.o
                0x00004ba4                vPortFree
 .text.prvHeapInit
                0x00004c1c       0x4c ./Generated_Code/heap_2.o
 .text.TU1_Init
                0x00004c68       0xe4 ./Generated_Code/TU1.o
                0x00004c68                TU1_Init
 .text.TU1_GetPeriodTicks
                0x00004d4c       0x3c ./Generated_Code/TU1.o
                0x00004d4c                TU1_GetPeriodTicks
 .text.TU1_SetOffsetTicks
                0x00004d88       0x58 ./Generated_Code/TU1.o
                0x00004d88                TU1_SetOffsetTicks
 .text.TU0_Init
                0x00004de0       0xe0 ./Generated_Code/TU0.o
                0x00004de0                TU0_Init
 .text.TU0_GetPeriodTicks
                0x00004ec0       0x3c ./Generated_Code/TU0.o
                0x00004ec0                TU0_GetPeriodTicks
 .text.TU0_SetOffsetTicks
                0x00004efc       0x58 ./Generated_Code/TU0.o
                0x00004efc                TU0_SetOffsetTicks
 .text.TSSTouch_InitDevices
                0x00004f54       0x44 ./Generated_Code/TSSTouch.o
                0x00004f54                TSSTouch_InitDevices
 .text.SonarTrigger_Init
                0x00004f98       0x9c ./Generated_Code/SonarTrigger.o
                0x00004f98                SonarTrigger_Init
 .text.SonarEcho1_Init
                0x00005034       0x6c ./Generated_Code/SonarEcho1.o
                0x00005034                SonarEcho1_Init
 .text.SonarEcho0_Init
                0x000050a0       0x6c ./Generated_Code/SonarEcho0.o
                0x000050a0                SonarEcho0_Init
 .text.PwmLdd3_Init
                0x0000510c       0x54 ./Generated_Code/PwmLdd3.o
                0x0000510c                PwmLdd3_Init
 .text.PwmLdd3_SetRatio8
                0x00005160       0x34 ./Generated_Code/PwmLdd3.o
                0x00005160                PwmLdd3_SetRatio8
 .text.SetRatio
                0x00005194       0x68 ./Generated_Code/PwmLdd3.o
 .text.PwmLdd2_Init
                0x000051fc       0x54 ./Generated_Code/PwmLdd2.o
                0x000051fc                PwmLdd2_Init
 .text.PwmLdd2_SetRatio8
                0x00005250       0x34 ./Generated_Code/PwmLdd2.o
                0x00005250                PwmLdd2_SetRatio8
 .text.SetRatio
                0x00005284       0x68 ./Generated_Code/PwmLdd2.o
 .text.PwmLdd1_Init
                0x000052ec       0x54 ./Generated_Code/PwmLdd1.o
                0x000052ec                PwmLdd1_Init
 .text.PwmLdd1_SetRatio8
                0x00005340       0x34 ./Generated_Code/PwmLdd1.o
                0x00005340                PwmLdd1_SetRatio8
 .text.SetRatio
                0x00005374       0x68 ./Generated_Code/PwmLdd1.o
 .text.MotorB_Init
                0x000053dc       0x78 ./Generated_Code/MotorB.o
                0x000053dc                MotorB_Init
 .text.MotorB_PutBit
                0x00005454       0x54 ./Generated_Code/MotorB.o
                0x00005454                MotorB_PutBit
 .text.MotorA_Init
                0x000054a8       0x78 ./Generated_Code/MotorA.o
                0x000054a8                MotorA_Init
 .text.MotorA_PutBit
                0x00005520       0x54 ./Generated_Code/MotorA.o
                0x00005520                MotorA_PutBit
 .text.MMA0_Init
                0x00005574       0x38 ./Generated_Code/MMA0.o
                0x00005574                MMA0_Init
 .text.MMA0_MeasureGetRawX
                0x000055ac       0x40 ./Generated_Code/MMA0.o
                0x000055ac                MMA0_MeasureGetRawX
 .text.MMA0_MeasureGetRawY
                0x000055ec       0x40 ./Generated_Code/MMA0.o
                0x000055ec                MMA0_MeasureGetRawY
 .text.MMA0_MeasureGetRawZ
                0x0000562c       0x40 ./Generated_Code/MMA0.o
                0x0000562c                MMA0_MeasureGetRawZ
 .text.MMA0_GetX
                0x0000566c       0x38 ./Generated_Code/MMA0.o
                0x0000566c                MMA0_GetX
 .text.MMA0_GetY
                0x000056a4       0x38 ./Generated_Code/MMA0.o
                0x000056a4                MMA0_GetY
 .text.MMA0_GetZ
                0x000056dc       0x38 ./Generated_Code/MMA0.o
                0x000056dc                MMA0_GetZ
 .text.IO1_Init
                0x00005714      0x160 ./Generated_Code/IO1.o
                0x00005714                IO1_Init
 .text.I2C1_Interrupt
                0x00005874      0x26c ./Generated_Code/I2C1.o
                0x00005874                I2C1_Interrupt
 .text.I2C0_Interrupt
                0x00005ae0      0x278 ./Generated_Code/I2C0.o
                0x00005ae0                I2C0_Interrupt
 .text.I2C0_Init
                0x00005d58      0x11c ./Generated_Code/I2C0.o
                0x00005d58                I2C0_Init
 .text.I2C0_MasterSendBlock
                0x00005e74      0x158 ./Generated_Code/I2C0.o
                0x00005e74                I2C0_MasterSendBlock
 .text.I2C0_MasterReceiveBlock
                0x00005fcc      0x158 ./Generated_Code/I2C0.o
                0x00005fcc                I2C0_MasterReceiveBlock
 .text.I2C0_SelectSlaveDevice
                0x00006124      0x100 ./Generated_Code/I2C0.o
                0x00006124                I2C0_SelectSlaveDevice
 .text.GI2C0_RequestBus
                0x00006224       0x1c ./Generated_Code/GI2C0.o
                0x00006224                GI2C0_RequestBus
 .text.GI2C0_ReleaseBus
                0x00006240       0x18 ./Generated_Code/GI2C0.o
                0x00006240                GI2C0_ReleaseBus
 .text.GI2C0_SelectSlave
                0x00006258       0x40 ./Generated_Code/GI2C0.o
                0x00006258                GI2C0_SelectSlave
 .text.GI2C0_UnselectSlave
                0x00006298       0x10 ./Generated_Code/GI2C0.o
                0x00006298                GI2C0_UnselectSlave
 .text.GI2C0_ReadAddress
                0x000062a8       0xd8 ./Generated_Code/GI2C0.o
                0x000062a8                GI2C0_ReadAddress
 .text.GI2C0_WriteAddress
                0x00006380      0x140 ./Generated_Code/GI2C0.o
                0x00006380                GI2C0_WriteAddress
 .text.I2C0_OnMasterBlockSent
                0x000064c0       0x24 ./Generated_Code/GI2C0.o
                0x000064c0                I2C0_OnMasterBlockSent
 .text.I2C0_OnMasterBlockReceived
                0x000064e4       0x24 ./Generated_Code/GI2C0.o
                0x000064e4                I2C0_OnMasterBlockReceived
 .text.GI2C0_Init
                0x00006508       0x40 ./Generated_Code/GI2C0.o
                0x00006508                GI2C0_Init
 .text.GI2C0_WriteByteAddress8
                0x00006548       0x34 ./Generated_Code/GI2C0.o
                0x00006548                GI2C0_WriteByteAddress8
 .text.Cpu_INT_NMIInterrupt
                0x0000657c        0xc ./Generated_Code/Cpu.o
                0x0000657c                Cpu_INT_NMIInterrupt
 .text.Cpu_Interrupt
                0x00006588        0xc ./Generated_Code/Cpu.o
                0x00006588                Cpu_Interrupt
 .text.__init_hardware
                0x00006594      0x110 ./Generated_Code/Cpu.o
                0x00006594                __init_hardware
 .text.PE_low_level_init
                0x000066a4      0x118 ./Generated_Code/Cpu.o
                0x000066a4                PE_low_level_init
 .text.Break_Init
                0x000067bc       0x78 ./Generated_Code/Break.o
                0x000067bc                Break_Init
 .text.AdcLdd1_Init
                0x00006834       0xc0 ./Generated_Code/AdcLdd1.o
                0x00006834                AdcLdd1_Init
 .text.AS1_Init
                0x000068f4      0x110 ./Generated_Code/AS1.o
                0x000068f4                AS1_Init
 .text.AD0_Init
                0x00006a04       0x2c ./Generated_Code/AD0.o
                0x00006a04                AD0_Init
 .text.zero_fill_bss
                0x00006a30       0x24 ./Project_Settings/Startup_Code/__arm_start.o
 .text.__thumb_startup
                0x00006a54       0x30 ./Project_Settings/Startup_Code/__arm_start.o
                0x00006a54                __thumb_startup
 .text._ExitProcess
                0x00006a84        0xc ./Project_Settings/Startup_Code/__arm_end.o
                0x00006a84                _ExitProcess
 .text.TSS_IIRFilterEquation
                0x00006a90       0x30 ./Sources/TSS/TSS_SystemSetupData.o
                0x00006a90                TSS_IIRFilterEquation
 .text.TSIL_InitModule
                0x00006ac0       0x38 ./Sources/TSS/TSS_SensorTSIL.o
                0x00006ac0                TSIL_InitModule
 .text.TSIL_SetNSamples
                0x00006af8       0x68 ./Sources/TSS/TSS_SensorTSIL.o
                0x00006af8                TSIL_SetNSamples
 .text.TSIL_InitLowPower
                0x00006b60       0x8c ./Sources/TSS/TSS_SensorTSIL.o
                0x00006b60                TSIL_InitLowPower
 .text.TSIL_InitPEN
                0x00006bec      0x238 ./Sources/TSS/TSS_SensorTSIL.o
                0x00006bec                TSIL_InitPEN
 .text.TSIL_Recalibrate
                0x00006e24      0x604 ./Sources/TSS/TSS_SensorTSIL.o
                0x00006e24                TSIL_Recalibrate
 .text.TSIL_InitThresholds
                0x00007428      0x118 ./Sources/TSS/TSS_SensorTSIL.o
                0x00007428                TSIL_InitThresholds
 .text.TSIL_InitTrigger
                0x00007540      0x1b8 ./Sources/TSS/TSS_SensorTSIL.o
                0x00007540                TSIL_InitTrigger
 .text.TSIL_MethodControl
                0x000076f8      0x340 ./Sources/TSS/TSS_SensorTSIL.o
                0x000076f8                TSIL_MethodControl
 .text.TSIL_ReadCounter
                0x00007a38       0xd4 ./Sources/TSS/TSS_SensorTSIL.o
                0x00007a38                TSIL_ReadCounter
 .text.TSIL_HandleMeasurement
                0x00007b0c       0xfc ./Sources/TSS/TSS_SensorTSIL.o
                0x00007b0c                TSIL_HandleMeasurement
 .text.TSIL_SampleElectrode
                0x00007c08      0x284 ./Sources/TSS/TSS_SensorTSIL.o
                0x00007c08                TSIL_SampleElectrode
 .text.TSS_TSI0Isr
                0x00007e8c      0x1d4 ./Sources/TSS/TSS_SensorTSIL.o
                0x00007e8c                TSS_TSI0Isr
 .text.TSS_SensorInitCallback
                0x00008060       0x3c ./Sources/TSS/TSS_Sensor.o
                0x00008060                TSS_SensorInitCallback
 .text.TSS_SensorInit
                0x0000809c       0x2c ./Sources/TSS/TSS_Sensor.o
                0x0000809c                TSS_SensorInit
 .text.taskMotorDCWork
                0x000080c8       0xc0 ./Sources/Tasks/TaskMotorDC.o
                0x000080c8                taskMotorDCWork
 .text.taskMotorDC
                0x00008188       0x10 ./Sources/Tasks/TaskMotorDC.o
 .text.taskMotorDCStart
                0x00008198       0x3c ./Sources/Tasks/TaskMotorDC.o
                0x00008198                taskMotorDCStart
 *fill*         0x000081d4        0x4 00
 .text.taskAccelerometerWork
                0x000081d8      0x110 ./Sources/Tasks/TaskAccelerometer.o
                0x000081d8                taskAccelerometerWork
 .text.TaskAccelerometer
                0x000082e8       0x14 ./Sources/Tasks/TaskAccelerometer.o
 .text.taskAccelerometerStart
                0x000082fc       0x3c ./Sources/Tasks/TaskAccelerometer.o
                0x000082fc                taskAccelerometerStart
 .text.main     0x00008338       0x28 ./Sources/ProcessorExpert.o
                0x00008338                main
 .text.Cpu_OnNMIINT
                0x00008360        0x8 ./Sources/Events.o
                0x00008360                Cpu_OnNMIINT
 .text.FRTOS1_vApplicationStackOverflowHook
                0x00008368       0x10 ./Sources/Events.o
                0x00008368                FRTOS1_vApplicationStackOverflowHook
 .text.FRTOS1_vApplicationTickHook
                0x00008378        0x8 ./Sources/Events.o
                0x00008378                FRTOS1_vApplicationTickHook
 .text.FRTOS1_vApplicationIdleHook
                0x00008380        0x8 ./Sources/Events.o
                0x00008380                FRTOS1_vApplicationIdleHook
 .text.FRTOS1_vApplicationMallocFailedHook
                0x00008388        0x8 ./Sources/Events.o
                0x00008388                FRTOS1_vApplicationMallocFailedHook
 .text.I2C1_OnMasterBlockSent
                0x00008390       0x18 ./Sources/Events.o
                0x00008390                I2C1_OnMasterBlockSent
 .text.I2C1_OnMasterBlockReceived
                0x000083a8       0x18 ./Sources/Events.o
                0x000083a8                I2C1_OnMasterBlockReceived
 .text.TSSTouch_fOnFault
                0x000083c0       0x3c ./Sources/Events.o
                0x000083c0                TSSTouch_fOnFault
 .text.TSSTouch_fOnInit
                0x000083fc        0xc ./Sources/Events.o
                0x000083fc                TSSTouch_fOnInit
 .text.TSSTouch_fCallBack0
                0x00008408       0x98 ./Sources/Events.o
                0x00008408                TSSTouch_fCallBack0
 .text.exit     0x000084a0       0x38 C:/Freescale/CW MCU v10.5/MCU/ARM_GCC_Support/ewl/lib/armv6-m\libc.a(exit.o)
                0x000084a0                exit
 .text.memcpy   0x000084d8       0x12 C:/Freescale/CW MCU v10.5/MCU/ARM_GCC_Support/ewl/lib/armv6-m\libc.a(memcpy.o)
                0x000084d8                memcpy
 .text.memset   0x000084ea        0xc C:/Freescale/CW MCU v10.5/MCU/ARM_GCC_Support/ewl/lib/armv6-m\libc.a(memset.o)
                0x000084ea                memset
 .text.strchr   0x000084f6       0x1e C:/Freescale/CW MCU v10.5/MCU/ARM_GCC_Support/ewl/lib/armv6-m\libc.a(strchr.o)
                0x000084f6                strchr
 .text.strlen   0x00008514       0x10 C:/Freescale/CW MCU v10.5/MCU/ARM_GCC_Support/ewl/lib/armv6-m\libc.a(strlen.o)
                0x00008514                strlen
 .text.long2str.isra.0
                0x00008524      0x19c C:/Freescale/CW MCU v10.5/MCU/ARM_GCC_Support/ewl/lib/armv6-m\libc.a(printformat_.o)
 .text.__pformatter_
                0x000086c0      0x428 C:/Freescale/CW MCU v10.5/MCU/ARM_GCC_Support/ewl/lib/armv6-m\libc.a(printformat_.o)
                0x000086c0                __pformatter_
 .text.__sformatter
                0x00008ae8      0x698 C:/Freescale/CW MCU v10.5/MCU/ARM_GCC_Support/ewl/lib/armv6-m\libc.a(scanformat_.o)
                0x00008ae8                __sformatter
 .text.isalpha  0x00009180       0x20 C:/Freescale/CW MCU v10.5/MCU/ARM_GCC_Support/ewl/lib/armv6-m\libc.a(ctype_aeabi.o)
                0x00009180                isalpha
 .text.isspace  0x000091a0       0x20 C:/Freescale/CW MCU v10.5/MCU/ARM_GCC_Support/ewl/lib/armv6-m\libc.a(ctype_aeabi.o)
                0x000091a0                isspace
 .text.toupper  0x000091c0        0xe C:/Freescale/CW MCU v10.5/MCU/ARM_GCC_Support/ewl/lib/armv6-m\libc.a(ctype_aeabi.o)
                0x000091c0                toupper
 .text.__strtoul
                0x000091ce      0x1ce C:/Freescale/CW MCU v10.5/MCU/ARM_GCC_Support/ewl/lib/armv6-m\libc.a(__strtoul.o)
                0x000091ce                __strtoul
 .text.__fill_mem
                0x0000939c       0x7e C:/Freescale/CW MCU v10.5/MCU/ARM_GCC_Support/ewl/lib/armv6-m\libc.a(__filll_mem.o)
                0x0000939c                __fill_mem
 .text.memchr   0x0000941a       0x1a C:/Freescale/CW MCU v10.5/MCU/ARM_GCC_Support/ewl/lib/armv6-m\libc.a(memchr.o)
                0x0000941a                memchr
 .text.__init_cpp
                0x00009434       0x48 C:/Freescale/CW MCU v10.5/MCU/ARM_GCC_Support/ewl/lib/armv6-m\librt.a(gcc_ctor_dtor.o)
                0x00009434                __init_cpp
 .text.__fini_cpp
                0x0000947c       0x34 C:/Freescale/CW MCU v10.5/MCU/ARM_GCC_Support/ewl/lib/armv6-m\librt.a(gcc_ctor_dtor.o)
                0x0000947c                __fini_cpp
 .text.__copy_rom_section
                0x000094b0       0x48 C:/Freescale/CW MCU v10.5/MCU/ARM_GCC_Support/ewl/lib/armv6-m\librt.a(ROMCopy.o)
                0x000094b0                __copy_rom_section
 .text.__copy_rom_sections_to_ram
                0x000094f8       0x34 C:/Freescale/CW MCU v10.5/MCU/ARM_GCC_Support/ewl/lib/armv6-m\librt.a(ROMCopy.o)
                0x000094f8                __copy_rom_sections_to_ram
 .text.__destroy_global_chain
                0x0000952c       0x1c C:/Freescale/CW MCU v10.5/MCU/ARM_GCC_Support/ewl/lib/armv6-m\librt.a(__arm_eabi_init.o)
                0x0000952c                __destroy_global_chain
 .text.__init_registers
                0x00009548       0x1c C:/Freescale/CW MCU v10.5/MCU/ARM_GCC_Support/ewl/lib/armv6-m\librt.a(__arm_eabi_init.o)
                0x00009548                __init_registers
 .text.__init_user
                0x00009564        0x4 C:/Freescale/CW MCU v10.5/MCU/ARM_GCC_Support/ewl/lib/armv6-m\librt.a(__arm_eabi_init.o)
                0x00009564                __init_user
 *(.rodata)
 .rodata        0x00009568        0x8 ./Generated_Code/tasks.o
 .rodata        0x00009570        0xc ./Sources/Tasks/TaskMotorDC.o
 .rodata        0x0000957c       0x14 ./Sources/Tasks/TaskAccelerometer.o
 .rodata        0x00009590       0x14 C:/Users/JH/Documents/GitHub/M0PlusFreeRTOS/M0PlusFreeRTOS/Sources/TSS\libTSS_KXX_M0.a(TSS_KeyDetector.o)
 .rodata        0x000095a4        0xc C:/Users/JH/Documents/GitHub/M0PlusFreeRTOS/M0PlusFreeRTOS/Sources/TSS\libTSS_KXX_M0.a(TSS_Main.o)
 .rodata        0x000095b0       0x40 c:/freescale/cw mcu v10.5/cross_tools/arm-none-eabi-gcc-4_7_3/bin/../lib/gcc/arm-none-eabi/4.7.3/armv6-m\libgcc.a(divdf3.o)
 *(.rodata*)
 .rodata.heapSTRUCT_SIZE
                0x000095f0        0x2 ./Generated_Code/heap_2.o
 *fill*         0x000095f2        0x2 00
 .rodata.ChannelDevice
                0x000095f4        0x4 ./Generated_Code/TU1.o
 .rodata.ChannelMode
                0x000095f8        0x4 ./Generated_Code/TU1.o
 .rodata.ChannelDevice
                0x000095fc        0x4 ./Generated_Code/TU0.o
 .rodata.ChannelMode
                0x00009600        0x4 ./Generated_Code/TU0.o
 .rodata.MotorB_PIN_MASK_MAP
                0x00009604        0x8 ./Generated_Code/MotorB.o
 .rodata.MotorA_PIN_MASK_MAP
                0x0000960c        0x8 ./Generated_Code/MotorA.o
 .rodata.InitialCalibration
                0x00009614        0x8 ./Generated_Code/MMA0.o
 .rodata.addr.6408
                0x0000961c        0x1 ./Generated_Code/MMA0.o
 .rodata.addr.6400
                0x0000961d        0x1 ./Generated_Code/MMA0.o
 .rodata.addr.6392
                0x0000961e        0x1 ./Generated_Code/MMA0.o
 *fill*         0x0000961f        0x1 00
 .rodata.TSS_C0_INPUTS_GROUP
                0x00009620        0x4 ./Sources/TSS/TSS_SystemSetupData.o
                0x00009620                TSS_C0_INPUTS_GROUP
 .rodata.TSS_C0_STRUCTURE_ROM_CONTEXT
                0x00009624       0x1c ./Sources/TSS/TSS_SystemSetupData.o
                0x00009624                TSS_C0_STRUCTURE_ROM_CONTEXT
 .rodata.tss_faCallback
                0x00009640        0x4 ./Sources/TSS/TSS_SystemSetupData.o
                0x00009640                tss_faCallback
 .rodata.tss_acpsDecRAMContext
                0x00009644        0x4 ./Sources/TSS/TSS_SystemSetupData.o
                0x00009644                tss_acpsDecRAMContext
 .rodata.tss_acpsDecROMContext
                0x00009648        0x4 ./Sources/TSS/TSS_SystemSetupData.o
                0x00009648                tss_acpsDecROMContext
 .rodata.tss_acpsCSStructs
                0x0000964c        0x4 ./Sources/TSS/TSS_SystemSetupData.o
                0x0000964c                tss_acpsCSStructs
 .rodata.tss_faDecoders
                0x00009650        0x4 ./Sources/TSS/TSS_SystemSetupData.o
                0x00009650                tss_faDecoders
 .rodata.tss_cau8ShieldPairs
                0x00009654        0x4 ./Sources/TSS/TSS_SystemSetupData.o
                0x00009654                tss_cau8ShieldPairs
 .rodata.tss_cau8SignalDivider
                0x00009658        0x4 ./Sources/TSS/TSS_SystemSetupData.o
                0x00009658                tss_cau8SignalDivider
 .rodata.tss_cau8SignalMultiplier
                0x0000965c        0x4 ./Sources/TSS/TSS_SystemSetupData.o
                0x0000965c                tss_cau8SignalMultiplier
 .rodata.tss_fSetInternalPrivateData
                0x00009660        0x4 ./Sources/TSS/TSS_SystemSetupData.o
                0x00009660                tss_fSetInternalPrivateData
 .rodata.tss_fDecodersControl
                0x00009664        0x4 ./Sources/TSS/TSS_SystemSetupData.o
                0x00009664                tss_fDecodersControl
 .rodata.tss_cu8NumElecs
                0x00009668        0x1 ./Sources/TSS/TSS_SystemSetupData.o
                0x00009668                tss_cu8NumElecs
 .rodata.tss_cu8NumCtrls
                0x00009669        0x1 ./Sources/TSS/TSS_SystemSetupData.o
                0x00009669                tss_cu8NumCtrls
 .rodata.tss_cu8ElecBitFldLn
                0x0000966a        0x1 ./Sources/TSS/TSS_SystemSetupData.o
                0x0000966a                tss_cu8ElecBitFldLn
 *fill*         0x0000966b        0x1 00
 .rodata.tss_fCalculateIIRFilter
                0x0000966c        0x4 ./Sources/TSS/TSS_SystemSetupData.o
                0x0000966c                tss_fCalculateIIRFilter
 .rodata.tss_fCalculateShielding
                0x00009670        0x4 ./Sources/TSS/TSS_SystemSetupData.o
                0x00009670                tss_fCalculateShielding
 .rodata.tss_fInitPrevCapSample
                0x00009674        0x4 ./Sources/TSS/TSS_SystemSetupData.o
                0x00009674                tss_fInitPrevCapSample
 .rodata.tss_fFillDeltaLogBuffer
                0x00009678        0x4 ./Sources/TSS/TSS_SystemSetupData.o
                0x00009678                tss_fFillDeltaLogBuffer
 .rodata.tss_fFillSignalLogBuffer
                0x0000967c        0x4 ./Sources/TSS/TSS_SystemSetupData.o
                0x0000967c                tss_fFillSignalLogBuffer
 .rodata.tss_fDataCorruptionCheck
                0x00009680        0x4 ./Sources/TSS/TSS_SystemSetupData.o
                0x00009680                tss_fDataCorruptionCheck
 .rodata.tss_fFmstrCall
                0x00009684        0x4 ./Sources/TSS/TSS_SystemSetupData.o
                0x00009684                tss_fFmstrCall
 .rodata.tss_fTriggerConfig
                0x00009688        0x4 ./Sources/TSS/TSS_SystemSetupData.o
                0x00009688                tss_fTriggerConfig
 .rodata.tss_fTriggerControl
                0x0000968c        0x4 ./Sources/TSS/TSS_SystemSetupData.o
                0x0000968c                tss_fTriggerControl
 .rodata.tss_fLowPowerConfig
                0x00009690        0x4 ./Sources/TSS/TSS_SystemSetupData.o
                0x00009690                tss_fLowPowerConfig
 .rodata.tss_fOnFault
                0x00009694        0x4 ./Sources/TSS/TSS_SystemSetupData.o
                0x00009694                tss_fOnFault
 .rodata.tss_fOnInit
                0x00009698        0x4 ./Sources/TSS/TSS_SystemSetupData.o
                0x00009698                tss_fOnInit
 .rodata.tss_cu8APosFilterWeight
                0x0000969c        0x1 ./Sources/TSS/TSS_SystemSetupData.o
                0x0000969c                tss_cu8APosFilterWeight
 *fill*         0x0000969d        0x3 00
 .rodata.tss_fASliderCalculatePosIIRFilter
                0x000096a0        0x4 ./Sources/TSS/TSS_SystemSetupData.o
                0x000096a0                tss_fASliderCalculatePosIIRFilter
 .rodata.tss_cu8ASliderDelayBufferLength
                0x000096a4        0x1 ./Sources/TSS/TSS_SystemSetupData.o
                0x000096a4                tss_cu8ASliderDelayBufferLength
 *fill*         0x000096a5        0x3 00
 .rodata.tss_fASliderDelayControl
                0x000096a8        0x4 ./Sources/TSS/TSS_SystemSetupData.o
                0x000096a8                tss_fASliderDelayControl
 .rodata.tss_cu8ASliderTrendBufferLength
                0x000096ac        0x1 ./Sources/TSS/TSS_SystemSetupData.o
                0x000096ac                tss_cu8ASliderTrendBufferLength
 .rodata.tss_i8ASliderTrendThreshold
                0x000096ad        0x1 ./Sources/TSS/TSS_SystemSetupData.o
                0x000096ad                tss_i8ASliderTrendThreshold
 *fill*         0x000096ae        0x2 00
 .rodata.tss_fASliderTrendThreshold
                0x000096b0        0x4 ./Sources/TSS/TSS_SystemSetupData.o
                0x000096b0                tss_fASliderTrendThreshold
 .rodata.tss_fASliderTrendControl
                0x000096b4        0x4 ./Sources/TSS/TSS_SystemSetupData.o
                0x000096b4                tss_fASliderTrendControl
 .rodata.tss_fOnProximity
                0x000096b8        0x4 ./Sources/TSS/TSS_SystemSetupData.o
                0x000096b8                tss_fOnProximity
 .rodata.tss_fProximityConfig
                0x000096bc        0x4 ./Sources/TSS/TSS_SystemSetupData.o
                0x000096bc                tss_fProximityConfig
 .rodata.tss_fStuckKeyControl
                0x000096c0        0x4 ./Sources/TSS/TSS_SystemSetupData.o
                0x000096c0                tss_fStuckKeyControl
 .rodata.tss_fResetStuckKeyCounter
                0x000096c4        0x4 ./Sources/TSS/TSS_SystemSetupData.o
                0x000096c4                tss_fResetStuckKeyCounter
 .rodata.tss_fNegativeBaselineDrop
                0x000096c8        0x4 ./Sources/TSS/TSS_SystemSetupData.o
                0x000096c8                tss_fNegativeBaselineDrop
 .rodata.tss_fKeyDetectorRecalibrationRequest
                0x000096cc        0x4 ./Sources/TSS/TSS_SystemSetupData.o
                0x000096cc                tss_fKeyDetectorRecalibrationRequest
 .rodata.tss_fSignalDivider
                0x000096d0        0x4 ./Sources/TSS/TSS_SystemSetupData.o
                0x000096d0                tss_fSignalDivider
 .rodata.tss_fSignalMultiplier
                0x000096d4        0x4 ./Sources/TSS/TSS_SystemSetupData.o
                0x000096d4                tss_fSignalMultiplier
 .rodata.tss_fAutoCalibration
                0x000096d8        0x4 ./Sources/TSS/TSS_SystemSetupData.o
                0x000096d8                tss_fAutoCalibration
 .rodata.tss_fSensitivityLowLimitControl
                0x000096dc        0x4 ./Sources/TSS/TSS_SystemSetupData.o
                0x000096dc                tss_fSensitivityLowLimitControl
 .rodata.tss_fDeltaNoiseAnalysisIIRControl
                0x000096e0        0x4 ./Sources/TSS/TSS_SystemSetupData.o
                0x000096e0                tss_fDeltaNoiseAnalysisIIRControl
 .rodata.tss_cu8BaselineInitLength
                0x000096e4        0x1 ./Sources/TSS/TSS_SystemSetupData.o
                0x000096e4                tss_cu8BaselineInitLength
 .rodata.tss_cu8AutoCalibInitLength
                0x000096e5        0x1 ./Sources/TSS/TSS_SystemSetupData.o
                0x000096e5                tss_cu8AutoCalibInitLength
 *fill*         0x000096e6        0x2 00
 .rodata.tss_ci8DeltaNoiseAnalysisIIRWeights
                0x000096e8        0x4 ./Sources/TSS/TSS_SystemSetupData.o
                0x000096e8                tss_ci8DeltaNoiseAnalysisIIRWeights
 .rodata.tss_csKeyBasicASCContext
                0x000096ec        0x8 ./Sources/TSS/TSS_SystemSetupData.o
                0x000096ec                tss_csKeyBasicASCContext
 .rodata.tss_fKeyDetectorElectrodeEval
                0x000096f4        0x4 ./Sources/TSS/TSS_SystemSetupData.o
                0x000096f4                tss_fKeyDetectorElectrodeEval
 .rodata.tss_fKeyDetectorIntegrationResetEval
                0x000096f8        0x4 ./Sources/TSS/TSS_SystemSetupData.o
                0x000096f8                tss_fKeyDetectorIntegrationResetEval
 .rodata.tss_fKeyNoiseSchedulerInit
                0x000096fc        0x4 ./Sources/TSS/TSS_SystemSetupData.o
                0x000096fc                tss_fKeyNoiseSchedulerInit
 .rodata.tss_fKeyNoiseSchedulerRun
                0x00009700        0x4 ./Sources/TSS/TSS_SystemSetupData.o
                0x00009700                tss_fKeyNoiseSchedulerRun
 .rodata.tss_fGetSystemDataContext
                0x00009704        0x4 ./Sources/TSS/TSS_SystemSetupData.o
                0x00009704                tss_fGetSystemDataContext
 .rodata.TSS_TSIL0_METHOD_ROMDATA_CONTEXT
                0x00009708       0x10 ./Sources/TSS/TSS_SensorTSIL.o
                0x00009708                TSS_TSIL0_METHOD_ROMDATA_CONTEXT
 .rodata.TSS_E0_ROMDATA_CONTEXT
                0x00009718        0xc ./Sources/TSS/TSS_SensorTSIL.o
                0x00009718                TSS_E0_ROMDATA_CONTEXT
 .rodata.TSS_E1_ROMDATA_CONTEXT
                0x00009724        0xc ./Sources/TSS/TSS_SensorTSIL.o
                0x00009724                TSS_E1_ROMDATA_CONTEXT
 .rodata.TSIL_MethodControl
                0x00009730       0x24 ./Sources/TSS/TSS_SensorTSIL.o
 .rodata.TSIL_SampleElectrode
                0x00009754       0x28 ./Sources/TSS/TSS_SensorTSIL.o
 .rodata.tss_faSampleElectrode
                0x0000977c        0x8 ./Sources/TSS/TSS_Sensor.o
                0x0000977c                tss_faSampleElectrode
 .rodata.tss_acp8ElectrodeROMData
                0x00009784        0x8 ./Sources/TSS/TSS_Sensor.o
                0x00009784                tss_acp8ElectrodeROMData
 .rodata.str1.1
                0x0000978c        0x1 C:/Freescale/CW MCU v10.5/MCU/ARM_GCC_Support/ewl/lib/armv6-m\libc.a(printformat_.o)
 .rodata.CSWTCH.20
                0x0000978d        0x5 C:/Freescale/CW MCU v10.5/MCU/ARM_GCC_Support/ewl/lib/armv6-m\libc.a(printformat_.o)
 .rodata.CSWTCH.21
                0x00009792        0x5 C:/Freescale/CW MCU v10.5/MCU/ARM_GCC_Support/ewl/lib/armv6-m\libc.a(printformat_.o)
 .rodata.__aeabi_ctype_table_C
                0x00009797      0x101 C:/Freescale/CW MCU v10.5/MCU/ARM_GCC_Support/ewl/lib/armv6-m\libc.a(ctype_aeabi.o)
                0x00009797                __aeabi_ctype_table_C
 *(.glue_7)
 .glue_7        0x00000000        0x0 linker stubs
 *(.glue_7t)
 .glue_7t       0x00000000        0x0 linker stubs
 *(.eh_frame)
 *(.init)
 *(.fini)
                0x00009898                . = ALIGN (0x4)
                0x00009898                _etext = .

.vfp11_veneer   0x00009898        0x0
 .vfp11_veneer  0x00000000        0x0 linker stubs

.v4_bx          0x00009898        0x0
 .v4_bx         0x00000000        0x0 linker stubs

.iplt           0x00009898        0x0
 .iplt          0x00000000        0x0 ./Generated_Code/timers.o

.rel.dyn        0x00009898        0x0
 .rel.iplt      0x00000000        0x0 ./Generated_Code/timers.o

.ARM.extab
 *(.ARM.extab* .gnu.linkonce.armextab.*)

.ARM            0x00009898        0x0
                0x00009898                __exidx_start = .
 *(.ARM.exidx*)
                0x00009898                __exidx_end = .

.ctors          0x00009898        0x0
                0x00009898                __CTOR_LIST__ = .
 *crtbegin.o(.ctors)
 *(EXCLUDE_FILE(*crtend.o) .ctors)
 *(SORT(.ctors.*))
 *(.ctors)
                0x00009898                __CTOR_END__ = .

.dtors          0x00009898        0x0
                0x00009898                __DTOR_LIST__ = .
 *crtbegin.o(.dtors)
 *(EXCLUDE_FILE(*crtend.o) .dtors)
 *(SORT(.dtors.*))
 *(.dtors)
                0x00009898                __DTOR_END__ = .

.preinit_array  0x00009898        0x0
                0x00009898                PROVIDE (__preinit_array_start, .)
 *(.preinit_array*)
                0x00009898                PROVIDE (__preinit_array_end, .)

.init_array     0x00009898        0x0
                0x00009898                PROVIDE (__init_array_start, .)
 *(SORT(.init_array.*))
 *(.init_array*)
                0x00009898                PROVIDE (__init_array_end, .)

.fini_array     0x00009898        0x0
                0x00009898                PROVIDE (__fini_array_start, .)
 *(SORT(.fini_array.*))
 *(.fini_array*)
                0x00009898                PROVIDE (__fini_array_end, .)
                0x00009898                ___ROM_AT = .

.mtb            0x1ffff000        0x0
                0x1ffff000                . = ALIGN (0x8)
                0x1ffff000                _mtb_start = .
 *(.mtb_buf)
                0x1ffff000                . = ALIGN (0x8)
                0x1ffff000                _mtb_end = .

.data           0x1ffff000       0x18 load address 0x00009898
                0x1ffff000                . = ALIGN (0x4)
                0x1ffff000                _sdata = .
 *(.data)
 .data          0x1ffff000        0x1 C:/Users/JH/Documents/GitHub/M0PlusFreeRTOS/M0PlusFreeRTOS/Sources/TSS\libTSS_KXX_M0.a(TSS_KeyDetector.o)
 *(.data*)
 *fill*         0x1ffff001        0x3 00
 .data.xNextTaskUnblockTime
                0x1ffff004        0x4 ./Generated_Code/tasks.o
 .data.uxCriticalNesting
                0x1ffff008        0x4 ./Generated_Code/port.o
 .data.xFreeBytesRemaining
                0x1ffff00c        0x4 ./Generated_Code/heap_2.o
 .data.TSSTouch_cKey0
                0x1ffff010        0x8 ./Sources/TSS/TSS_SystemSetupData.o
                0x1ffff010                TSSTouch_cKey0
                0x1ffff018                . = ALIGN (0x4)
                0x1ffff018                _edata = .
                0x00000018                ___data_size = (_edata - _sdata)

.igot.plt       0x1ffff018        0x0 load address 0x000098b0
 .igot.plt      0x00000000        0x0 ./Generated_Code/timers.o
                0x1ffff018                . = ALIGN (0x4)

.bss            0x1ffff018     0x170c load address 0x000098b0
                0x1ffff018                __START_BSS = .
                0x1ffff018                PROVIDE (__bss_start__, __START_BSS)
 *(.bss)
 .bss           0x1ffff018        0x5 C:/Users/JH/Documents/GitHub/M0PlusFreeRTOS/M0PlusFreeRTOS/Sources/TSS\libTSS_KXX_M0.a(TSS_KeyDetector.o)
 *fill*         0x1ffff01d        0x3 00
 .bss           0x1ffff020        0x8 C:/Users/JH/Documents/GitHub/M0PlusFreeRTOS/M0PlusFreeRTOS/Sources/TSS\libTSS_KXX_M0.a(TSS_Main.o)
 *(.bss*)
 .bss.pxCurrentTCB
                0x1ffff028        0x4 ./Generated_Code/tasks.o
                0x1ffff028                pxCurrentTCB
 .bss.pxReadyTasksLists
                0x1ffff02c       0x64 ./Generated_Code/tasks.o
 .bss.xDelayedTaskList1
                0x1ffff090       0x14 ./Generated_Code/tasks.o
 .bss.xDelayedTaskList2
                0x1ffff0a4       0x14 ./Generated_Code/tasks.o
 .bss.pxDelayedTaskList
                0x1ffff0b8        0x4 ./Generated_Code/tasks.o
 .bss.pxOverflowDelayedTaskList
                0x1ffff0bc        0x4 ./Generated_Code/tasks.o
 .bss.xPendingReadyList
                0x1ffff0c0       0x14 ./Generated_Code/tasks.o
 .bss.xTasksWaitingTermination
                0x1ffff0d4       0x14 ./Generated_Code/tasks.o
 .bss.uxTasksDeleted
                0x1ffff0e8        0x4 ./Generated_Code/tasks.o
 .bss.xSuspendedTaskList
                0x1ffff0ec       0x14 ./Generated_Code/tasks.o
 .bss.uxCurrentNumberOfTasks
                0x1ffff100        0x4 ./Generated_Code/tasks.o
 .bss.xTickCount
                0x1ffff104        0x4 ./Generated_Code/tasks.o
 .bss.uxTopReadyPriority
                0x1ffff108        0x4 ./Generated_Code/tasks.o
 .bss.xSchedulerRunning
                0x1ffff10c        0x4 ./Generated_Code/tasks.o
 .bss.uxSchedulerSuspended
                0x1ffff110        0x4 ./Generated_Code/tasks.o
 .bss.uxPendedTicks
                0x1ffff114        0x4 ./Generated_Code/tasks.o
 .bss.xYieldPending
                0x1ffff118        0x4 ./Generated_Code/tasks.o
 .bss.xNumOfOverflows
                0x1ffff11c        0x4 ./Generated_Code/tasks.o
 .bss.uxTaskNumber
                0x1ffff120        0x4 ./Generated_Code/tasks.o
 .bss.ucHeap    0x1ffff124     0x1388 ./Generated_Code/heap_2.o
 .bss.xStart    0x200004ac        0x8 ./Generated_Code/heap_2.o
 .bss.xEnd      0x200004b4        0x8 ./Generated_Code/heap_2.o
 .bss.xHeapHasBeenInitialised.7952
                0x200004bc        0x4 ./Generated_Code/heap_2.o
 .bss.DeviceDataPrv__DEFAULT_RTOS_ALLOC
                0x200004c0        0xc ./Generated_Code/TU1.o
 .bss.DeviceDataPrv__DEFAULT_RTOS_ALLOC
                0x200004cc        0xc ./Generated_Code/TU0.o
 .bss.DeviceDataPrv__DEFAULT_RTOS_ALLOC
                0x200004d8        0x4 ./Generated_Code/SonarTrigger.o
 .bss.DeviceDataPrv__DEFAULT_RTOS_ALLOC
                0x200004dc        0x4 ./Generated_Code/SonarEcho1.o
 .bss.DeviceDataPrv__DEFAULT_RTOS_ALLOC
                0x200004e0        0x4 ./Generated_Code/SonarEcho0.o
 .bss.DeviceDataPrv__DEFAULT_RTOS_ALLOC
                0x200004e4        0xc ./Generated_Code/PwmLdd3.o
 .bss.DeviceDataPrv__DEFAULT_RTOS_ALLOC
                0x200004f0        0xc ./Generated_Code/PwmLdd2.o
 .bss.DeviceDataPrv__DEFAULT_RTOS_ALLOC
                0x200004fc        0xc ./Generated_Code/PwmLdd1.o
 .bss.PE_LDD_DeviceDataList
                0x20000508       0x44 ./Generated_Code/PE_LDD.o
                0x20000508                PE_LDD_DeviceDataList
 .bss.DeviceDataPrv__DEFAULT_RTOS_ALLOC
                0x2000054c        0x4 ./Generated_Code/MotorB.o
 .bss.DeviceDataPrv__DEFAULT_RTOS_ALLOC
                0x20000550        0x4 ./Generated_Code/MotorA.o
 .bss.sCalValues
                0x20000554        0x8 ./Generated_Code/MMA0.o
 .bss.DeviceDataPrv__DEFAULT_RTOS_ALLOC
                0x2000055c       0x18 ./Generated_Code/IO1.o
 .bss.INT_I2C1__BAREBOARD_RTOS_ISRPARAM
                0x20000574        0x4 ./Generated_Code/I2C1.o
 .bss.DeviceDataPrv__DEFAULT_RTOS_ALLOC
                0x20000578       0x18 ./Generated_Code/I2C0.o
 .bss.INT_I2C0__BAREBOARD_RTOS_ISRPARAM
                0x20000590        0x4 ./Generated_Code/I2C0.o
 .bss.GI2C0_deviceData
                0x20000594        0x8 ./Generated_Code/GI2C0.o
 .bss.GI2C0_busSem
                0x2000059c        0x4 ./Generated_Code/GI2C0.o
 .bss.writeBuf.6336
                0x200005a0       0x10 ./Generated_Code/GI2C0.o
 .bss.DeviceDataPrv__DEFAULT_RTOS_ALLOC
                0x200005b0        0x4 ./Generated_Code/Break.o
 .bss.DeviceDataPrv__DEFAULT_RTOS_ALLOC
                0x200005b4        0x8 ./Generated_Code/AdcLdd1.o
 .bss.DeviceDataPrv__DEFAULT_RTOS_ALLOC
                0x200005bc       0x18 ./Generated_Code/AS1.o
 .bss.ModeFlg   0x200005d4        0x1 ./Generated_Code/AD0.o
 .bss.OutFlg    0x200005d5        0x1 ./Generated_Code/AD0.o
 *fill*         0x200005d6        0x2 00
 .bss.argv      0x200005d8        0x4 ./Project_Settings/Startup_Code/__arm_start.o
 .bss.TSS_C0_STRUCTURE_RAM_CONTEXT
                0x200005dc        0x4 ./Sources/TSS/TSS_SystemSetupData.o
                0x200005dc                TSS_C0_STRUCTURE_RAM_CONTEXT
 .bss.tss_apsControlPrivateData
                0x200005e0        0x4 ./Sources/TSS/TSS_SystemSetupData.o
                0x200005e0                tss_apsControlPrivateData
 .bss.TSS_TSIL0_METHOD_RAMDATA_CONTEXT
                0x200005e4        0xc ./Sources/TSS/TSS_SensorTSIL.o
                0x200005e4                TSS_TSIL0_METHOD_RAMDATA_CONTEXT
 .bss.__stdio_exit
                0x200005f0        0x4 C:/Freescale/CW MCU v10.5/MCU/ARM_GCC_Support/ewl/lib/armv6-m\libc.a(exit.o)
                0x200005f0                __stdio_exit
 .bss.__console_exit
                0x200005f4        0x4 C:/Freescale/CW MCU v10.5/MCU/ARM_GCC_Support/ewl/lib/armv6-m\libc.a(exit.o)
                0x200005f4                __console_exit
 .bss.__S_romp  0x200005f8        0xc C:/Freescale/CW MCU v10.5/MCU/ARM_GCC_Support/ewl/lib/armv6-m\librt.a(ROMCopy.o)
 .bss.__global_destructor_chain
                0x20000604        0x4 C:/Freescale/CW MCU v10.5/MCU/ARM_GCC_Support/ewl/lib/armv6-m\librt.a(__arm_eabi_init.o)
                0x20000604                __global_destructor_chain
 *(COMMON)
 COMMON         0x20000608       0x10 ./Generated_Code/AD0.o
                0x20000608                AD0_OutV
                0x20000614                AdcLdd1_DeviceDataPtr
 COMMON         0x20000618       0xa5 ./Sources/TSS/TSS_SystemSetupData.o
                0x20000618                tss_au8StuckCount
                0x2000061a                tss_u8ConfCheckSum
                0x2000061c                tss_au8Sensitivity
                0x20000620                tss_ai8DeltaAmplitude
                0x20000624                tss_CSSys
                0x20000630                tss_ai8MaxDeltaAmplitude
                0x20000634                tss_ai8SensitivityLowLimit
                0x20000638                tss_ai8InstantDelta
                0x2000063c                TSS_C0_DELAY_BUFFER
                0x20000640                tss_au16PrevCapSample
                0x20000644                TSS_C0_TREND_BUFFER
                0x20000664                tss_au8ControlScheduleCount
                0x20000668                TSS_C0_TREND_CONTEXT
                0x2000066c                tss_au8TouchCount
                0x20000670                tss_au8ElectrodeMeasured
                0x20000674                tss_au16InstantSignal
                0x20000678                tss_au8DebounceCount
                0x2000067c                tss_au8ElectrodeStatus
                0x20000680                tss_au8ElectrodeMarker
                0x20000684                tss_ai8NoiseAmplitude
                0x20000688                tss_asDeltaNoiseAnalysisIIRData
                0x20000694                tss_asAutoCalibrationData
                0x2000069c                tss_au8ElecState
                0x200006a0                TSS_C0_DELAY_CONTEXT
                0x200006a4                tss_au8ElectrodeEnablers
                0x200006a8                TSS_C0_POSFILTER_CONTEXT
                0x200006ac                tss_au8ElectrodeDCTrackerEnablers
                0x200006b0                tss_au16ElecBaseline
                0x200006b4                tss_au8ReleaseCount
                0x200006b8                tss_au8ElectrodeLowThresholdEnablers
                0x200006bc                tss_ai8IntegrationDelta
 *fill*         0x200006bd        0x3 00
 COMMON         0x200006c0       0x20 ./Sources/TSS/TSS_SensorTSIL.o
                0x200006c0                TSS_TSIL0_CHANNEL_COUNTER_BUFFER
 COMMON         0x200006e0       0x10 ./Sources/TSS/TSS_Sensor.o
                0x200006e0                tss_u8SampleIntFlag
                0x200006e4                tss_psElectrodeTimertAdr
                0x200006e8                tss_u8ElectrodeBitNum
                0x200006ec                tss_psElectrodeRGPIOAdr
 COMMON         0x200006f0       0x30 ./Sources/Tasks/TaskWriteString.o
                0x200006f0                taskHandles
 COMMON         0x20000720        0x2 C:/Users/JH/Documents/GitHub/M0PlusFreeRTOS/M0PlusFreeRTOS/Sources/TSS\libTSS_KXX_M0.a(TSS_KeyDetector.o)
                0x20000720                tss_u16CapSample
                0x20000724                . = ALIGN (0x4)
 *fill*         0x20000722        0x2 00
                0x20000724                __END_BSS = .
                0x20000724                PROVIDE (__bss_end__, __END_BSS)
                0x000098b0                _romp_at = (___ROM_AT + SIZEOF (.data))

.romp           0x20000724       0x18 load address 0x000098b0
                0x000098b0                __S_romp = _romp_at
                0x20000724        0x4 LONG 0x9898 ___ROM_AT
                0x20000728        0x4 LONG 0x1ffff000 _sdata
                0x2000072c        0x4 LONG 0x18 ___data_size
                0x20000730        0x4 LONG 0x0
                0x20000734        0x4 LONG 0x0
                0x20000738        0x4 LONG 0x0

._user_heap_stack
                0x2000073c       0x20 load address 0x000098c8
                0x2000073c                . = ALIGN (0x4)
                0x2000073c                PROVIDE (end, .)
                0x2000073c                PROVIDE (_end, .)
                0x2000073c                __heap_addr = .
                0x2000073c                . = (. + __heap_size)
                0x2000075c                . = (. + __stack_size)
 *fill*         0x2000073c       0x20 00
                0x2000075c                . = ALIGN (0x4)

.ARM.attributes
                0x00000000       0x2f
 *(.ARM.attributes)
 .ARM.attributes
                0x00000000       0x31 ./Generated_Code/tasks.o
 .ARM.attributes
                0x00000031       0x31 ./Generated_Code/queue.o
 .ARM.attributes
                0x00000062       0x31 ./Generated_Code/port.o
 .ARM.attributes
                0x00000093       0x31 ./Generated_Code/list.o
 .ARM.attributes
                0x000000c4       0x31 ./Generated_Code/heap_2.o
 .ARM.attributes
                0x000000f5       0x31 ./Generated_Code/Vectors.o
 .ARM.attributes
                0x00000126       0x31 ./Generated_Code/TU1.o
 .ARM.attributes
                0x00000157       0x31 ./Generated_Code/TU0.o
 .ARM.attributes
                0x00000188       0x31 ./Generated_Code/TSSTouch.o
 .ARM.attributes
                0x000001b9       0x31 ./Generated_Code/SonarTrigger.o
 .ARM.attributes
                0x000001ea       0x31 ./Generated_Code/SonarEcho1.o
 .ARM.attributes
                0x0000021b       0x31 ./Generated_Code/SonarEcho0.o
 .ARM.attributes
                0x0000024c       0x31 ./Generated_Code/PwmLdd3.o
 .ARM.attributes
                0x0000027d       0x31 ./Generated_Code/PwmLdd2.o
 .ARM.attributes
                0x000002ae       0x31 ./Generated_Code/PwmLdd1.o
 .ARM.attributes
                0x000002df       0x31 ./Generated_Code/PE_LDD.o
 .ARM.attributes
                0x00000310       0x31 ./Generated_Code/MotorB.o
 .ARM.attributes
                0x00000341       0x31 ./Generated_Code/MotorA.o
 .ARM.attributes
                0x00000372       0x31 ./Generated_Code/MMA0.o
 .ARM.attributes
                0x000003a3       0x31 ./Generated_Code/IO1.o
 .ARM.attributes
                0x000003d4       0x31 ./Generated_Code/I2C1.o
 .ARM.attributes
                0x00000405       0x31 ./Generated_Code/I2C0.o
 .ARM.attributes
                0x00000436       0x31 ./Generated_Code/GI2C0.o
 .ARM.attributes
                0x00000467       0x31 ./Generated_Code/Cpu.o
 .ARM.attributes
                0x00000498       0x31 ./Generated_Code/Break.o
 .ARM.attributes
                0x000004c9       0x31 ./Generated_Code/AdcLdd1.o
 .ARM.attributes
                0x000004fa       0x31 ./Generated_Code/AS1.o
 .ARM.attributes
                0x0000052b       0x31 ./Generated_Code/AD0.o
 .ARM.attributes
                0x0000055c       0x31 ./Project_Settings/Startup_Code/__arm_start.o
 .ARM.attributes
                0x0000058d       0x31 ./Project_Settings/Startup_Code/__arm_end.o
 .ARM.attributes
                0x000005be       0x31 ./Sources/TSS/TSS_SystemSetupData.o
 .ARM.attributes
                0x000005ef       0x31 ./Sources/TSS/TSS_SensorTSIL.o
 .ARM.attributes
                0x00000620       0x31 ./Sources/TSS/TSS_Sensor.o
 .ARM.attributes
                0x00000651       0x31 ./Sources/Tasks/TaskWriteString.o
 .ARM.attributes
                0x00000682       0x31 ./Sources/Tasks/TaskMotorDC.o
 .ARM.attributes
                0x000006b3       0x31 ./Sources/Tasks/TaskAccelerometer.o
 .ARM.attributes
                0x000006e4       0x31 ./Sources/ProcessorExpert.o
 .ARM.attributes
                0x00000715       0x31 ./Sources/Events.o
 .ARM.attributes
                0x00000746       0x31 C:/Users/JH/Documents/GitHub/M0PlusFreeRTOS/M0PlusFreeRTOS/Sources/TSS\libTSS_KXX_M0.a(TSS_ASliderDecoder.o)
 .ARM.attributes
                0x00000777       0x31 C:/Users/JH/Documents/GitHub/M0PlusFreeRTOS/M0PlusFreeRTOS/Sources/TSS\libTSS_KXX_M0.a(TSS_Filters.o)
 .ARM.attributes
                0x000007a8       0x31 C:/Users/JH/Documents/GitHub/M0PlusFreeRTOS/M0PlusFreeRTOS/Sources/TSS\libTSS_KXX_M0.a(TSS_KeyDetectorNormal.o)
 .ARM.attributes
                0x000007d9       0x31 C:/Users/JH/Documents/GitHub/M0PlusFreeRTOS/M0PlusFreeRTOS/Sources/TSS\libTSS_KXX_M0.a(TSS_KeyDetector.o)
 .ARM.attributes
                0x0000080a       0x31 C:/Users/JH/Documents/GitHub/M0PlusFreeRTOS/M0PlusFreeRTOS/Sources/TSS\libTSS_KXX_M0.a(TSS_Main.o)
 .ARM.attributes
                0x0000083b       0x31 C:/Freescale/CW MCU v10.5/MCU/ARM_GCC_Support/ewl/lib/armv6-m\libc.a(exit.o)
 .ARM.attributes
                0x0000086c       0x31 C:/Freescale/CW MCU v10.5/MCU/ARM_GCC_Support/ewl/lib/armv6-m\libc.a(memcpy.o)
 .ARM.attributes
                0x0000089d       0x31 C:/Freescale/CW MCU v10.5/MCU/ARM_GCC_Support/ewl/lib/armv6-m\libc.a(memset.o)
 .ARM.attributes
                0x000008ce       0x31 C:/Freescale/CW MCU v10.5/MCU/ARM_GCC_Support/ewl/lib/armv6-m\libc.a(strchr.o)
 .ARM.attributes
                0x000008ff       0x31 C:/Freescale/CW MCU v10.5/MCU/ARM_GCC_Support/ewl/lib/armv6-m\libc.a(strlen.o)
 .ARM.attributes
                0x00000930       0x31 C:/Freescale/CW MCU v10.5/MCU/ARM_GCC_Support/ewl/lib/armv6-m\libc.a(printformat_.o)
 .ARM.attributes
                0x00000961       0x31 C:/Freescale/CW MCU v10.5/MCU/ARM_GCC_Support/ewl/lib/armv6-m\libc.a(scanformat_.o)
 .ARM.attributes
                0x00000992       0x31 C:/Freescale/CW MCU v10.5/MCU/ARM_GCC_Support/ewl/lib/armv6-m\libc.a(ctype_aeabi.o)
 .ARM.attributes
                0x000009c3       0x31 C:/Freescale/CW MCU v10.5/MCU/ARM_GCC_Support/ewl/lib/armv6-m\libc.a(__strtoul.o)
 .ARM.attributes
                0x000009f4       0x31 C:/Freescale/CW MCU v10.5/MCU/ARM_GCC_Support/ewl/lib/armv6-m\libc.a(__filll_mem.o)
 .ARM.attributes
                0x00000a25       0x31 C:/Freescale/CW MCU v10.5/MCU/ARM_GCC_Support/ewl/lib/armv6-m\libc.a(memchr.o)
 .ARM.attributes
                0x00000a56       0x1e c:/freescale/cw mcu v10.5/cross_tools/arm-none-eabi-gcc-4_7_3/bin/../lib/gcc/arm-none-eabi/4.7.3/armv6-m\libgcc.a(_thumb1_case_sqi.o)
 .ARM.attributes
                0x00000a74       0x1e c:/freescale/cw mcu v10.5/cross_tools/arm-none-eabi-gcc-4_7_3/bin/../lib/gcc/arm-none-eabi/4.7.3/armv6-m\libgcc.a(_thumb1_case_uqi.o)
 .ARM.attributes
                0x00000a92       0x1e c:/freescale/cw mcu v10.5/cross_tools/arm-none-eabi-gcc-4_7_3/bin/../lib/gcc/arm-none-eabi/4.7.3/armv6-m\libgcc.a(_udivsi3.o)
 .ARM.attributes
                0x00000ab0       0x1e c:/freescale/cw mcu v10.5/cross_tools/arm-none-eabi-gcc-4_7_3/bin/../lib/gcc/arm-none-eabi/4.7.3/armv6-m\libgcc.a(_divsi3.o)
 .ARM.attributes
                0x00000ace       0x1e c:/freescale/cw mcu v10.5/cross_tools/arm-none-eabi-gcc-4_7_3/bin/../lib/gcc/arm-none-eabi/4.7.3/armv6-m\libgcc.a(_dvmd_tls.o)
 .ARM.attributes
                0x00000aec       0x2c c:/freescale/cw mcu v10.5/cross_tools/arm-none-eabi-gcc-4_7_3/bin/../lib/gcc/arm-none-eabi/4.7.3/armv6-m\libgcc.a(divdf3.o)
 .ARM.attributes
                0x00000b18       0x2c c:/freescale/cw mcu v10.5/cross_tools/arm-none-eabi-gcc-4_7_3/bin/../lib/gcc/arm-none-eabi/4.7.3/armv6-m\libgcc.a(fixdfsi.o)
 .ARM.attributes
                0x00000b44       0x2c c:/freescale/cw mcu v10.5/cross_tools/arm-none-eabi-gcc-4_7_3/bin/../lib/gcc/arm-none-eabi/4.7.3/armv6-m\libgcc.a(floatsidf.o)
 .ARM.attributes
                0x00000b70       0x1e c:/freescale/cw mcu v10.5/cross_tools/arm-none-eabi-gcc-4_7_3/bin/../lib/gcc/arm-none-eabi/4.7.3/armv6-m\libgcc.a(_clzsi2.o)
 .ARM.attributes
                0x00000b8e       0x31 C:/Freescale/CW MCU v10.5/MCU/ARM_GCC_Support/ewl/lib/armv6-m\librt.a(gcc_ctor_dtor.o)
 .ARM.attributes
                0x00000bbf       0x31 C:/Freescale/CW MCU v10.5/MCU/ARM_GCC_Support/ewl/lib/armv6-m\librt.a(ROMCopy.o)
 .ARM.attributes
                0x00000bf0       0x31 C:/Freescale/CW MCU v10.5/MCU/ARM_GCC_Support/ewl/lib/armv6-m\librt.a(__arm_eabi_init.o)
OUTPUT(M0PlusFreeRTOS.elf elf32-littlearm)

.debug_info     0x00000000     0xee4d
 .debug_info    0x00000000      0xea6 ./Generated_Code/tasks.o
 .debug_info    0x00000ea6      0xb70 ./Generated_Code/queue.o
 .debug_info    0x00001a16      0x26a ./Generated_Code/port.o
 .debug_info    0x00001c80      0x29d ./Generated_Code/list.o
 .debug_info    0x00001f1d      0x2a9 ./Generated_Code/heap_2.o
 .debug_info    0x000021c6      0x10b ./Generated_Code/Vectors.o
 .debug_info    0x000022d1      0x744 ./Generated_Code/TU1.o
 .debug_info    0x00002a15      0x740 ./Generated_Code/TU0.o
 .debug_info    0x00003155      0x65b ./Generated_Code/TSSTouch.o
 .debug_info    0x000037b0      0x4e9 ./Generated_Code/SonarTrigger.o
 .debug_info    0x00003c99      0x3b2 ./Generated_Code/SonarEcho1.o
 .debug_info    0x0000404b      0x3b2 ./Generated_Code/SonarEcho0.o
 .debug_info    0x000043fd      0x365 ./Generated_Code/PwmLdd3.o
 .debug_info    0x00004762      0x365 ./Generated_Code/PwmLdd2.o
 .debug_info    0x00004ac7      0x365 ./Generated_Code/PwmLdd1.o
 .debug_info    0x00004e2c      0x255 ./Generated_Code/PE_LDD.o
 .debug_info    0x00005081      0x4e9 ./Generated_Code/MotorB.o
 .debug_info    0x0000556a      0x4e9 ./Generated_Code/MotorA.o
 .debug_info    0x00005a53      0x681 ./Generated_Code/MMA0.o
 .debug_info    0x000060d4      0x5dc ./Generated_Code/IO1.o
 .debug_info    0x000066b0      0x79f ./Generated_Code/I2C1.o
 .debug_info    0x00006e4f      0x84a ./Generated_Code/I2C0.o
 .debug_info    0x00007699      0x5d4 ./Generated_Code/GI2C0.o
 .debug_info    0x00007c6d      0x8e8 ./Generated_Code/Cpu.o
 .debug_info    0x00008555      0x4e9 ./Generated_Code/Break.o
 .debug_info    0x00008a3e      0x7ce ./Generated_Code/AdcLdd1.o
 .debug_info    0x0000920c      0x77a ./Generated_Code/AS1.o
 .debug_info    0x00009986      0x235 ./Generated_Code/AD0.o
 .debug_info    0x00009bbb      0x12a ./Project_Settings/Startup_Code/__arm_start.o
 .debug_info    0x00009ce5       0x54 ./Project_Settings/Startup_Code/__arm_end.o
 .debug_info    0x00009d39     0x1229 ./Sources/TSS/TSS_SystemSetupData.o
 .debug_info    0x0000af62      0xf99 ./Sources/TSS/TSS_SensorTSIL.o
 .debug_info    0x0000befb      0x4e3 ./Sources/TSS/TSS_Sensor.o
 .debug_info    0x0000c3de      0x184 ./Sources/Tasks/TaskWriteString.o
 .debug_info    0x0000c562      0x171 ./Sources/Tasks/TaskMotorDC.o
 .debug_info    0x0000c6d3      0x1bf ./Sources/Tasks/TaskAccelerometer.o
 .debug_info    0x0000c892      0x111 ./Sources/ProcessorExpert.o
 .debug_info    0x0000c9a3      0x892 ./Sources/Events.o
 .debug_info    0x0000d235       0xe8 C:/Freescale/CW MCU v10.5/MCU/ARM_GCC_Support/ewl/lib/armv6-m\libc.a(exit.o)
 .debug_info    0x0000d31d      0x10f C:/Freescale/CW MCU v10.5/MCU/ARM_GCC_Support/ewl/lib/armv6-m\libc.a(memcpy.o)
 .debug_info    0x0000d42c       0xec C:/Freescale/CW MCU v10.5/MCU/ARM_GCC_Support/ewl/lib/armv6-m\libc.a(memset.o)
 .debug_info    0x0000d518      0x10b C:/Freescale/CW MCU v10.5/MCU/ARM_GCC_Support/ewl/lib/armv6-m\libc.a(strchr.o)
 .debug_info    0x0000d623       0xea C:/Freescale/CW MCU v10.5/MCU/ARM_GCC_Support/ewl/lib/armv6-m\libc.a(strlen.o)
 .debug_info    0x0000d70d      0x50d C:/Freescale/CW MCU v10.5/MCU/ARM_GCC_Support/ewl/lib/armv6-m\libc.a(printformat_.o)
 .debug_info    0x0000dc1a      0x568 C:/Freescale/CW MCU v10.5/MCU/ARM_GCC_Support/ewl/lib/armv6-m\libc.a(scanformat_.o)
 .debug_info    0x0000e182      0x313 C:/Freescale/CW MCU v10.5/MCU/ARM_GCC_Support/ewl/lib/armv6-m\libc.a(ctype_aeabi.o)
 .debug_info    0x0000e495      0x1d6 C:/Freescale/CW MCU v10.5/MCU/ARM_GCC_Support/ewl/lib/armv6-m\libc.a(__strtoul.o)
 .debug_info    0x0000e66b      0x137 C:/Freescale/CW MCU v10.5/MCU/ARM_GCC_Support/ewl/lib/armv6-m\libc.a(__filll_mem.o)
 .debug_info    0x0000e7a2      0x121 C:/Freescale/CW MCU v10.5/MCU/ARM_GCC_Support/ewl/lib/armv6-m\libc.a(memchr.o)
 .debug_info    0x0000e8c3      0x136 C:/Freescale/CW MCU v10.5/MCU/ARM_GCC_Support/ewl/lib/armv6-m\librt.a(gcc_ctor_dtor.o)
 .debug_info    0x0000e9f9      0x19b C:/Freescale/CW MCU v10.5/MCU/ARM_GCC_Support/ewl/lib/armv6-m\librt.a(ROMCopy.o)
 .debug_info    0x0000eb94      0x2b9 C:/Freescale/CW MCU v10.5/MCU/ARM_GCC_Support/ewl/lib/armv6-m\librt.a(__arm_eabi_init.o)

.debug_abbrev   0x00000000     0x39c7
 .debug_abbrev  0x00000000      0x18d ./Generated_Code/tasks.o
 .debug_abbrev  0x0000018d      0x167 ./Generated_Code/queue.o
 .debug_abbrev  0x000002f4      0x107 ./Generated_Code/port.o
 .debug_abbrev  0x000003fb       0xb6 ./Generated_Code/list.o
 .debug_abbrev  0x000004b1      0x141 ./Generated_Code/heap_2.o
 .debug_abbrev  0x000005f2       0xa3 ./Generated_Code/Vectors.o
 .debug_abbrev  0x00000695      0x17e ./Generated_Code/TU1.o
 .debug_abbrev  0x00000813      0x17e ./Generated_Code/TU0.o
 .debug_abbrev  0x00000991      0x145 ./Generated_Code/TSSTouch.o
 .debug_abbrev  0x00000ad6      0x178 ./Generated_Code/SonarTrigger.o
 .debug_abbrev  0x00000c4e      0x11b ./Generated_Code/SonarEcho1.o
 .debug_abbrev  0x00000d69      0x11b ./Generated_Code/SonarEcho0.o
 .debug_abbrev  0x00000e84      0x114 ./Generated_Code/PwmLdd3.o
 .debug_abbrev  0x00000f98      0x114 ./Generated_Code/PwmLdd2.o
 .debug_abbrev  0x000010ac      0x114 ./Generated_Code/PwmLdd1.o
 .debug_abbrev  0x000011c0      0x102 ./Generated_Code/PE_LDD.o
 .debug_abbrev  0x000012c2      0x178 ./Generated_Code/MotorB.o
 .debug_abbrev  0x0000143a      0x178 ./Generated_Code/MotorA.o
 .debug_abbrev  0x000015b2      0x16d ./Generated_Code/MMA0.o
 .debug_abbrev  0x0000171f      0x149 ./Generated_Code/IO1.o
 .debug_abbrev  0x00001868      0x170 ./Generated_Code/I2C1.o
 .debug_abbrev  0x000019d8      0x170 ./Generated_Code/I2C0.o
 .debug_abbrev  0x00001b48      0x1d1 ./Generated_Code/GI2C0.o
 .debug_abbrev  0x00001d19      0x122 ./Generated_Code/Cpu.o
 .debug_abbrev  0x00001e3b      0x178 ./Generated_Code/Break.o
 .debug_abbrev  0x00001fb3      0x186 ./Generated_Code/AdcLdd1.o
 .debug_abbrev  0x00002139      0x197 ./Generated_Code/AS1.o
 .debug_abbrev  0x000022d0      0x12b ./Generated_Code/AD0.o
 .debug_abbrev  0x000023fb       0x92 ./Project_Settings/Startup_Code/__arm_start.o
 .debug_abbrev  0x0000248d       0x4c ./Project_Settings/Startup_Code/__arm_end.o
 .debug_abbrev  0x000024d9      0x12b ./Sources/TSS/TSS_SystemSetupData.o
 .debug_abbrev  0x00002604      0x1a9 ./Sources/TSS/TSS_SensorTSIL.o
 .debug_abbrev  0x000027ad      0x115 ./Sources/TSS/TSS_Sensor.o
 .debug_abbrev  0x000028c2       0xed ./Sources/Tasks/TaskWriteString.o
 .debug_abbrev  0x000029af       0xc5 ./Sources/Tasks/TaskMotorDC.o
 .debug_abbrev  0x00002a74      0x100 ./Sources/Tasks/TaskAccelerometer.o
 .debug_abbrev  0x00002b74       0x7f ./Sources/ProcessorExpert.o
 .debug_abbrev  0x00002bf3      0x1a6 ./Sources/Events.o
 .debug_abbrev  0x00002d99       0x7a C:/Freescale/CW MCU v10.5/MCU/ARM_GCC_Support/ewl/lib/armv6-m\libc.a(exit.o)
 .debug_abbrev  0x00002e13       0x95 C:/Freescale/CW MCU v10.5/MCU/ARM_GCC_Support/ewl/lib/armv6-m\libc.a(memcpy.o)
 .debug_abbrev  0x00002ea8       0x62 C:/Freescale/CW MCU v10.5/MCU/ARM_GCC_Support/ewl/lib/armv6-m\libc.a(memset.o)
 .debug_abbrev  0x00002f0a       0x7a C:/Freescale/CW MCU v10.5/MCU/ARM_GCC_Support/ewl/lib/armv6-m\libc.a(strchr.o)
 .debug_abbrev  0x00002f84       0x7a C:/Freescale/CW MCU v10.5/MCU/ARM_GCC_Support/ewl/lib/armv6-m\libc.a(strlen.o)
 .debug_abbrev  0x00002ffe      0x200 C:/Freescale/CW MCU v10.5/MCU/ARM_GCC_Support/ewl/lib/armv6-m\libc.a(printformat_.o)
 .debug_abbrev  0x000031fe      0x1f0 C:/Freescale/CW MCU v10.5/MCU/ARM_GCC_Support/ewl/lib/armv6-m\libc.a(scanformat_.o)
 .debug_abbrev  0x000033ee       0x9e C:/Freescale/CW MCU v10.5/MCU/ARM_GCC_Support/ewl/lib/armv6-m\libc.a(ctype_aeabi.o)
 .debug_abbrev  0x0000348c       0xc2 C:/Freescale/CW MCU v10.5/MCU/ARM_GCC_Support/ewl/lib/armv6-m\libc.a(__strtoul.o)
 .debug_abbrev  0x0000354e       0x78 C:/Freescale/CW MCU v10.5/MCU/ARM_GCC_Support/ewl/lib/armv6-m\libc.a(__filll_mem.o)
 .debug_abbrev  0x000035c6       0x95 C:/Freescale/CW MCU v10.5/MCU/ARM_GCC_Support/ewl/lib/armv6-m\libc.a(memchr.o)
 .debug_abbrev  0x0000365b       0x99 C:/Freescale/CW MCU v10.5/MCU/ARM_GCC_Support/ewl/lib/armv6-m\librt.a(gcc_ctor_dtor.o)
 .debug_abbrev  0x000036f4      0x120 C:/Freescale/CW MCU v10.5/MCU/ARM_GCC_Support/ewl/lib/armv6-m\librt.a(ROMCopy.o)
 .debug_abbrev  0x00003814      0x1b3 C:/Freescale/CW MCU v10.5/MCU/ARM_GCC_Support/ewl/lib/armv6-m\librt.a(__arm_eabi_init.o)

.debug_loc      0x00000000     0x6389
 .debug_loc     0x00000000      0x7e8 ./Generated_Code/tasks.o
 .debug_loc     0x000007e8      0x5b0 ./Generated_Code/queue.o
 .debug_loc     0x00000d98      0x228 ./Generated_Code/port.o
 .debug_loc     0x00000fc0      0x118 ./Generated_Code/list.o
 .debug_loc     0x000010d8      0x100 ./Generated_Code/heap_2.o
 .debug_loc     0x000011d8      0x188 ./Generated_Code/TU1.o
 .debug_loc     0x00001360      0x188 ./Generated_Code/TU0.o
 .debug_loc     0x000014e8       0x64 ./Generated_Code/TSSTouch.o
 .debug_loc     0x0000154c      0x188 ./Generated_Code/SonarTrigger.o
 .debug_loc     0x000016d4       0xa8 ./Generated_Code/SonarEcho1.o
 .debug_loc     0x0000177c       0xa8 ./Generated_Code/SonarEcho0.o
 .debug_loc     0x00001824      0x188 ./Generated_Code/PwmLdd3.o
 .debug_loc     0x000019ac      0x188 ./Generated_Code/PwmLdd2.o
 .debug_loc     0x00001b34      0x188 ./Generated_Code/PwmLdd1.o
 .debug_loc     0x00001cbc       0x9c ./Generated_Code/PE_LDD.o
 .debug_loc     0x00001d58      0x188 ./Generated_Code/MotorB.o
 .debug_loc     0x00001ee0      0x188 ./Generated_Code/MotorA.o
 .debug_loc     0x00002068      0x518 ./Generated_Code/MMA0.o
 .debug_loc     0x00002580       0xe0 ./Generated_Code/IO1.o
 .debug_loc     0x00002660      0x118 ./Generated_Code/I2C1.o
 .debug_loc     0x00002778      0x150 ./Generated_Code/I2C0.o
 .debug_loc     0x000028c8      0x338 ./Generated_Code/GI2C0.o
 .debug_loc     0x00002c00       0xb0 ./Generated_Code/Cpu.o
 .debug_loc     0x00002cb0      0x188 ./Generated_Code/Break.o
 .debug_loc     0x00002e38      0x188 ./Generated_Code/AdcLdd1.o
 .debug_loc     0x00002fc0      0x230 ./Generated_Code/AS1.o
 .debug_loc     0x000031f0      0x12c ./Generated_Code/AD0.o
 .debug_loc     0x0000331c       0x2c ./Project_Settings/Startup_Code/__arm_start.o
 .debug_loc     0x00003348       0x38 ./Project_Settings/Startup_Code/__arm_end.o
 .debug_loc     0x00003380       0x38 ./Sources/TSS/TSS_SystemSetupData.o
 .debug_loc     0x000033b8      0x2a2 ./Sources/TSS/TSS_SensorTSIL.o
 .debug_loc     0x0000365a       0xe0 ./Sources/TSS/TSS_Sensor.o
 .debug_loc     0x0000373a       0xc8 ./Sources/Tasks/TaskWriteString.o
 .debug_loc     0x00003802       0xc8 ./Sources/Tasks/TaskMotorDC.o
 .debug_loc     0x000038ca       0xd4 ./Sources/Tasks/TaskAccelerometer.o
 .debug_loc     0x0000399e       0x2c ./Sources/ProcessorExpert.o
 .debug_loc     0x000039ca      0x2d4 ./Sources/Events.o
 .debug_loc     0x00003c9e       0x3e C:/Freescale/CW MCU v10.5/MCU/ARM_GCC_Support/ewl/lib/armv6-m\libc.a(exit.o)
 .debug_loc     0x00003cdc       0x59 C:/Freescale/CW MCU v10.5/MCU/ARM_GCC_Support/ewl/lib/armv6-m\libc.a(memcpy.o)
 .debug_loc     0x00003d35       0x6f C:/Freescale/CW MCU v10.5/MCU/ARM_GCC_Support/ewl/lib/armv6-m\libc.a(memset.o)
 .debug_loc     0x00003da4       0xaf C:/Freescale/CW MCU v10.5/MCU/ARM_GCC_Support/ewl/lib/armv6-m\libc.a(strchr.o)
 .debug_loc     0x00003e53       0x33 C:/Freescale/CW MCU v10.5/MCU/ARM_GCC_Support/ewl/lib/armv6-m\libc.a(strlen.o)
 .debug_loc     0x00003e86     0x104b C:/Freescale/CW MCU v10.5/MCU/ARM_GCC_Support/ewl/lib/armv6-m\libc.a(printformat_.o)
 .debug_loc     0x00004ed1      0x9d8 C:/Freescale/CW MCU v10.5/MCU/ARM_GCC_Support/ewl/lib/armv6-m\libc.a(scanformat_.o)
 .debug_loc     0x000058a9      0x30d C:/Freescale/CW MCU v10.5/MCU/ARM_GCC_Support/ewl/lib/armv6-m\libc.a(ctype_aeabi.o)
 .debug_loc     0x00005bb6      0x305 C:/Freescale/CW MCU v10.5/MCU/ARM_GCC_Support/ewl/lib/armv6-m\libc.a(__strtoul.o)
 .debug_loc     0x00005ebb      0x14a C:/Freescale/CW MCU v10.5/MCU/ARM_GCC_Support/ewl/lib/armv6-m\libc.a(__filll_mem.o)
 .debug_loc     0x00006005       0x77 C:/Freescale/CW MCU v10.5/MCU/ARM_GCC_Support/ewl/lib/armv6-m\libc.a(memchr.o)
 .debug_loc     0x0000607c       0x9d C:/Freescale/CW MCU v10.5/MCU/ARM_GCC_Support/ewl/lib/armv6-m\librt.a(gcc_ctor_dtor.o)
 .debug_loc     0x00006119       0xd9 C:/Freescale/CW MCU v10.5/MCU/ARM_GCC_Support/ewl/lib/armv6-m\librt.a(ROMCopy.o)
 .debug_loc     0x000061f2      0x197 C:/Freescale/CW MCU v10.5/MCU/ARM_GCC_Support/ewl/lib/armv6-m\librt.a(__arm_eabi_init.o)

.debug_aranges  0x00000000      0xf30
 .debug_aranges
                0x00000000      0x140 ./Generated_Code/tasks.o
 .debug_aranges
                0x00000140       0xe8 ./Generated_Code/queue.o
 .debug_aranges
                0x00000228       0x88 ./Generated_Code/port.o
 .debug_aranges
                0x000002b0       0x40 ./Generated_Code/list.o
 .debug_aranges
                0x000002f0       0x40 ./Generated_Code/heap_2.o
 .debug_aranges
                0x00000330       0x18 ./Generated_Code/Vectors.o
 .debug_aranges
                0x00000348       0x50 ./Generated_Code/TU1.o
 .debug_aranges
                0x00000398       0x50 ./Generated_Code/TU0.o
 .debug_aranges
                0x000003e8       0x28 ./Generated_Code/TSSTouch.o
 .debug_aranges
                0x00000410       0x50 ./Generated_Code/SonarTrigger.o
 .debug_aranges
                0x00000460       0x30 ./Generated_Code/SonarEcho1.o
 .debug_aranges
                0x00000490       0x30 ./Generated_Code/SonarEcho0.o
 .debug_aranges
                0x000004c0       0x50 ./Generated_Code/PwmLdd3.o
 .debug_aranges
                0x00000510       0x50 ./Generated_Code/PwmLdd2.o
 .debug_aranges
                0x00000560       0x50 ./Generated_Code/PwmLdd1.o
 .debug_aranges
                0x000005b0       0x30 ./Generated_Code/PE_LDD.o
 .debug_aranges
                0x000005e0       0x50 ./Generated_Code/MotorB.o
 .debug_aranges
                0x00000630       0x50 ./Generated_Code/MotorA.o
 .debug_aranges
                0x00000680       0xe0 ./Generated_Code/MMA0.o
 .debug_aranges
                0x00000760       0x38 ./Generated_Code/IO1.o
 .debug_aranges
                0x00000798       0x40 ./Generated_Code/I2C1.o
 .debug_aranges
                0x000007d8       0x48 ./Generated_Code/I2C0.o
 .debug_aranges
                0x00000820       0x98 ./Generated_Code/GI2C0.o
 .debug_aranges
                0x000008b8       0x38 ./Generated_Code/Cpu.o
 .debug_aranges
                0x000008f0       0x50 ./Generated_Code/Break.o
 .debug_aranges
                0x00000940       0x50 ./Generated_Code/AdcLdd1.o
 .debug_aranges
                0x00000990       0x68 ./Generated_Code/AS1.o
 .debug_aranges
                0x000009f8       0x48 ./Generated_Code/AD0.o
 .debug_aranges
                0x00000a40       0x30 ./Project_Settings/Startup_Code/__arm_start.o
 .debug_aranges
                0x00000a70       0x20 ./Project_Settings/Startup_Code/__arm_end.o
 .debug_aranges
                0x00000a90       0x20 ./Sources/TSS/TSS_SystemSetupData.o
 .debug_aranges
                0x00000ab0       0x78 ./Sources/TSS/TSS_SensorTSIL.o
 .debug_aranges
                0x00000b28       0x38 ./Sources/TSS/TSS_Sensor.o
 .debug_aranges
                0x00000b60       0x38 ./Sources/Tasks/TaskWriteString.o
 .debug_aranges
                0x00000b98       0x38 ./Sources/Tasks/TaskMotorDC.o
 .debug_aranges
                0x00000bd0       0x38 ./Sources/Tasks/TaskAccelerometer.o
 .debug_aranges
                0x00000c08       0x20 ./Sources/ProcessorExpert.o
 .debug_aranges
                0x00000c28       0x88 ./Sources/Events.o
 .debug_aranges
                0x00000cb0       0x20 C:/Freescale/CW MCU v10.5/MCU/ARM_GCC_Support/ewl/lib/armv6-m\libc.a(exit.o)
 .debug_aranges
                0x00000cd0       0x20 C:/Freescale/CW MCU v10.5/MCU/ARM_GCC_Support/ewl/lib/armv6-m\libc.a(memcpy.o)
 .debug_aranges
                0x00000cf0       0x20 C:/Freescale/CW MCU v10.5/MCU/ARM_GCC_Support/ewl/lib/armv6-m\libc.a(memset.o)
 .debug_aranges
                0x00000d10       0x20 C:/Freescale/CW MCU v10.5/MCU/ARM_GCC_Support/ewl/lib/armv6-m\libc.a(strchr.o)
 .debug_aranges
                0x00000d30       0x20 C:/Freescale/CW MCU v10.5/MCU/ARM_GCC_Support/ewl/lib/armv6-m\libc.a(strlen.o)
 .debug_aranges
                0x00000d50       0x28 C:/Freescale/CW MCU v10.5/MCU/ARM_GCC_Support/ewl/lib/armv6-m\libc.a(printformat_.o)
 .debug_aranges
                0x00000d78       0x20 C:/Freescale/CW MCU v10.5/MCU/ARM_GCC_Support/ewl/lib/armv6-m\libc.a(scanformat_.o)
 .debug_aranges
                0x00000d98       0x88 C:/Freescale/CW MCU v10.5/MCU/ARM_GCC_Support/ewl/lib/armv6-m\libc.a(ctype_aeabi.o)
 .debug_aranges
                0x00000e20       0x20 C:/Freescale/CW MCU v10.5/MCU/ARM_GCC_Support/ewl/lib/armv6-m\libc.a(__strtoul.o)
 .debug_aranges
                0x00000e40       0x20 C:/Freescale/CW MCU v10.5/MCU/ARM_GCC_Support/ewl/lib/armv6-m\libc.a(__filll_mem.o)
 .debug_aranges
                0x00000e60       0x20 C:/Freescale/CW MCU v10.5/MCU/ARM_GCC_Support/ewl/lib/armv6-m\libc.a(memchr.o)
 .debug_aranges
                0x00000e80       0x28 C:/Freescale/CW MCU v10.5/MCU/ARM_GCC_Support/ewl/lib/armv6-m\librt.a(gcc_ctor_dtor.o)
 .debug_aranges
                0x00000ea8       0x30 C:/Freescale/CW MCU v10.5/MCU/ARM_GCC_Support/ewl/lib/armv6-m\librt.a(ROMCopy.o)
 .debug_aranges
                0x00000ed8       0x58 C:/Freescale/CW MCU v10.5/MCU/ARM_GCC_Support/ewl/lib/armv6-m\librt.a(__arm_eabi_init.o)

.debug_macinfo  0x00000000   0x80613f
 .debug_macinfo
                0x00000000    0x4a41f ./Generated_Code/tasks.o
 .debug_macinfo
                0x0004a41f     0x795b ./Generated_Code/queue.o
 .debug_macinfo
                0x00051d7a    0x30f73 ./Generated_Code/port.o
 .debug_macinfo
                0x00082ced     0x65f0 ./Generated_Code/list.o
 .debug_macinfo
                0x000892dd    0x498ef ./Generated_Code/heap_2.o
 .debug_macinfo
                0x000d2bcc    0x49644 ./Generated_Code/Vectors.o
 .debug_macinfo
                0x0011c210    0x325a1 ./Generated_Code/TU1.o
 .debug_macinfo
                0x0014e7b1    0x32569 ./Generated_Code/TU0.o
 .debug_macinfo
                0x00180d1a    0x495cf ./Generated_Code/TSSTouch.o
 .debug_macinfo
                0x001ca2e9    0x317c0 ./Generated_Code/SonarTrigger.o
 .debug_macinfo
                0x001fbaa9    0x316ef ./Generated_Code/SonarEcho1.o
 .debug_macinfo
                0x0022d198    0x316e7 ./Generated_Code/SonarEcho0.o
 .debug_macinfo
                0x0025e87f    0x326fc ./Generated_Code/PwmLdd3.o
 .debug_macinfo
                0x00290f7b    0x326fc ./Generated_Code/PwmLdd2.o
 .debug_macinfo
                0x002c3677    0x326d8 ./Generated_Code/PwmLdd1.o
 .debug_macinfo
                0x002f5d4f    0x494f7 ./Generated_Code/PE_LDD.o
 .debug_macinfo
                0x0033f246    0x3175b ./Generated_Code/MotorB.o
 .debug_macinfo
                0x003709a1    0x31763 ./Generated_Code/MotorA.o
 .debug_macinfo
                0x003a2104    0x330c4 ./Generated_Code/MMA0.o
 .debug_macinfo
                0x003d51c8    0x32803 ./Generated_Code/IO1.o
 .debug_macinfo
                0x004079cb    0x4f760 ./Generated_Code/I2C1.o
 .debug_macinfo
                0x0045712b    0x3962b ./Generated_Code/I2C0.o
 .debug_macinfo
                0x00490756    0x32f35 ./Generated_Code/GI2C0.o
 .debug_macinfo
                0x004c368b    0x49647 ./Generated_Code/Cpu.o
 .debug_macinfo
                0x0050ccd2    0x31752 ./Generated_Code/Break.o
 .debug_macinfo
                0x0053e424    0x35d5e ./Generated_Code/AdcLdd1.o
 .debug_macinfo
                0x00574182    0x50553 ./Generated_Code/AS1.o
 .debug_macinfo
                0x005c46d5    0x33403 ./Generated_Code/AD0.o
 .debug_macinfo
                0x005f7ad8     0x3e6d ./Project_Settings/Startup_Code/__arm_start.o
 .debug_macinfo
                0x005fb945     0x3456 ./Project_Settings/Startup_Code/__arm_end.o
 .debug_macinfo
                0x005fed9b    0x3aaf9 ./Sources/TSS/TSS_SystemSetupData.o
 .debug_macinfo
                0x00639894    0x4340c ./Sources/TSS/TSS_SensorTSIL.o
 .debug_macinfo
                0x0067cca0    0x46495 ./Sources/TSS/TSS_Sensor.o
 .debug_macinfo
                0x006c3135    0x32db8 ./Sources/Tasks/TaskWriteString.o
 .debug_macinfo
                0x006f5eed    0x3402c ./Sources/Tasks/TaskMotorDC.o
 .debug_macinfo
                0x00729f19    0x49569 ./Sources/Tasks/TaskAccelerometer.o
 .debug_macinfo
                0x00773482    0x496f5 ./Sources/ProcessorExpert.o
 .debug_macinfo
                0x007bcb77    0x495c8 ./Sources/Events.o

.debug_line     0x00000000     0xcad0
 .debug_line    0x00000000      0xbf2 ./Generated_Code/tasks.o
 .debug_line    0x00000bf2      0x66d ./Generated_Code/queue.o
 .debug_line    0x0000125f      0x3c3 ./Generated_Code/port.o
 .debug_line    0x00001622      0x2ca ./Generated_Code/list.o
 .debug_line    0x000018ec      0x795 ./Generated_Code/heap_2.o
 .debug_line    0x00002081      0x849 ./Generated_Code/Vectors.o
 .debug_line    0x000028ca      0x39f ./Generated_Code/TU1.o
 .debug_line    0x00002c69      0x3a0 ./Generated_Code/TU0.o
 .debug_line    0x00003009      0x6fb ./Generated_Code/TSSTouch.o
 .debug_line    0x00003704      0x387 ./Generated_Code/SonarTrigger.o
 .debug_line    0x00003a8b      0x325 ./Generated_Code/SonarEcho1.o
 .debug_line    0x00003db0      0x325 ./Generated_Code/SonarEcho0.o
 .debug_line    0x000040d5      0x388 ./Generated_Code/PwmLdd3.o
 .debug_line    0x0000445d      0x388 ./Generated_Code/PwmLdd2.o
 .debug_line    0x000047e5      0x388 ./Generated_Code/PwmLdd1.o
 .debug_line    0x00004b6d      0x67f ./Generated_Code/PE_LDD.o
 .debug_line    0x000051ec      0x379 ./Generated_Code/MotorB.o
 .debug_line    0x00005565      0x379 ./Generated_Code/MotorA.o
 .debug_line    0x000058de      0x4ec ./Generated_Code/MMA0.o
 .debug_line    0x00005dca      0x348 ./Generated_Code/IO1.o
 .debug_line    0x00006112      0x7c9 ./Generated_Code/I2C1.o
 .debug_line    0x000068db      0x451 ./Generated_Code/I2C0.o
 .debug_line    0x00006d2c      0x45b ./Generated_Code/GI2C0.o
 .debug_line    0x00007187      0x8ba ./Generated_Code/Cpu.o
 .debug_line    0x00007a41      0x377 ./Generated_Code/Break.o
 .debug_line    0x00007db8      0x399 ./Generated_Code/AdcLdd1.o
 .debug_line    0x00008151      0x820 ./Generated_Code/AS1.o
 .debug_line    0x00008971      0x2bd ./Generated_Code/AD0.o
 .debug_line    0x00008c2e      0x2ab ./Project_Settings/Startup_Code/__arm_start.o
 .debug_line    0x00008ed9      0x266 ./Project_Settings/Startup_Code/__arm_end.o
 .debug_line    0x0000913f      0x2da ./Sources/TSS/TSS_SystemSetupData.o
 .debug_line    0x00009419      0x56c ./Sources/TSS/TSS_SensorTSIL.o
 .debug_line    0x00009985      0x32c ./Sources/TSS/TSS_Sensor.o
 .debug_line    0x00009cb1      0x3cc ./Sources/Tasks/TaskWriteString.o
 .debug_line    0x0000a07d      0x450 ./Sources/Tasks/TaskMotorDC.o
 .debug_line    0x0000a4cd      0x767 ./Sources/Tasks/TaskAccelerometer.o
 .debug_line    0x0000ac34      0x83f ./Sources/ProcessorExpert.o
 .debug_line    0x0000b473      0x781 ./Sources/Events.o
 .debug_line    0x0000bbf4       0x8d C:/Freescale/CW MCU v10.5/MCU/ARM_GCC_Support/ewl/lib/armv6-m\libc.a(exit.o)