Archive member included because of file (symbol)

C:/Users/JH/Documents/GitHub/M0PlusFreeRTOS/M0PlusFreeRTOS/Sources/TSS\libTSS_KXX_M0.a(TSS_ASliderDecoder.o)
                              ./Sources/TSS/TSS_SystemSetupData.o (TSS_ASliderDecoder)
C:/Users/JH/Documents/GitHub/M0PlusFreeRTOS/M0PlusFreeRTOS/Sources/TSS\libTSS_KXX_M0.a(TSS_Filters.o)
                              ./Sources/TSS/TSS_SystemSetupData.o (TSS_KeyDetectorInitPrevCapSample)
C:/Users/JH/Documents/GitHub/M0PlusFreeRTOS/M0PlusFreeRTOS/Sources/TSS\libTSS_KXX_M0.a(TSS_KeyDetectorNormal.o)
                              ./Sources/TSS/TSS_SystemSetupData.o (TSS_KeyBasicStuckKeyControl)
C:/Users/JH/Documents/GitHub/M0PlusFreeRTOS/M0PlusFreeRTOS/Sources/TSS\libTSS_KXX_M0.a(TSS_KeyDetector.o)
                              C:/Users/JH/Documents/GitHub/M0PlusFreeRTOS/M0PlusFreeRTOS/Sources/TSS\libTSS_KXX_M0.a(TSS_KeyDetectorNormal.o) (TSS_KeyDetectorResetElectrodeDebouncing)
C:/Users/JH/Documents/GitHub/M0PlusFreeRTOS/M0PlusFreeRTOS/Sources/TSS\libTSS_KXX_M0.a(TSS_Main.o)
                              ./Generated_Code/TSSTouch.o (TSS_Init)
C:/Freescale/CW MCU v10.5/MCU/ARM_GCC_Support/ewl/lib/armv6-m\libc.a(printf.o)
                              ./Sources/Tasks/TaskSendString.o (printf)
C:/Freescale/CW MCU v10.5/MCU/ARM_GCC_Support/ewl/lib/armv6-m\libc.a(puts.o)
                              ./Sources/Tasks/TaskSendString2.o (puts)
C:/Freescale/CW MCU v10.5/MCU/ARM_GCC_Support/ewl/lib/armv6-m\libc.a(exit.o)
                              ./Project_Settings/Startup_Code/__arm_start.o (exit)
C:/Freescale/CW MCU v10.5/MCU/ARM_GCC_Support/ewl/lib/armv6-m\libc.a(memcpy.o)
                              ./Generated_Code/queue.o (memcpy)
C:/Freescale/CW MCU v10.5/MCU/ARM_GCC_Support/ewl/lib/armv6-m\libc.a(memset.o)
                              ./Generated_Code/tasks.o (memset)
C:/Freescale/CW MCU v10.5/MCU/ARM_GCC_Support/ewl/lib/armv6-m\libc.a(strchr.o)
                              ./Generated_Code/UTIL2.o (strchr)
C:/Freescale/CW MCU v10.5/MCU/ARM_GCC_Support/ewl/lib/armv6-m\libc.a(strlen.o)
                              ./Generated_Code/UTIL2.o (strlen)
C:/Freescale/CW MCU v10.5/MCU/ARM_GCC_Support/ewl/lib/armv6-m\libc.a(strncmp.o)
                              ./Generated_Code/UTIL2.o (strncmp)
C:/Freescale/CW MCU v10.5/MCU/ARM_GCC_Support/ewl/lib/armv6-m\libc.a(printformat_.o)
                              (__pformatter_)
C:/Freescale/CW MCU v10.5/MCU/ARM_GCC_Support/ewl/lib/armv6-m\libc.a(scanformat_.o)
                              (__sformatter)
C:/Freescale/CW MCU v10.5/MCU/ARM_GCC_Support/ewl/lib/armv6-m\libc.a(ctype_aeabi.o)
                              C:/Freescale/CW MCU v10.5/MCU/ARM_GCC_Support/ewl/lib/armv6-m\libc.a(scanformat_.o) (isspace)
C:/Freescale/CW MCU v10.5/MCU/ARM_GCC_Support/ewl/lib/armv6-m\libc.a(__putchar.o)
                              C:/Freescale/CW MCU v10.5/MCU/ARM_GCC_Support/ewl/lib/armv6-m\libc.a(puts.o) (__put_char)
C:/Freescale/CW MCU v10.5/MCU/ARM_GCC_Support/ewl/lib/armv6-m\libc.a(ansi_files.o)
                              C:/Freescale/CW MCU v10.5/MCU/ARM_GCC_Support/ewl/lib/armv6-m\libc.a(printf.o) (__files)
C:/Freescale/CW MCU v10.5/MCU/ARM_GCC_Support/ewl/lib/armv6-m\libc.a(fflush.o)
                              C:/Freescale/CW MCU v10.5/MCU/ARM_GCC_Support/ewl/lib/armv6-m\libc.a(ansi_files.o) (fflush)
C:/Freescale/CW MCU v10.5/MCU/ARM_GCC_Support/ewl/lib/armv6-m\libc.a(fwrite.o)
                              C:/Freescale/CW MCU v10.5/MCU/ARM_GCC_Support/ewl/lib/armv6-m\libc.a(printf.o) (__FileWrite)
C:/Freescale/CW MCU v10.5/MCU/ARM_GCC_Support/ewl/lib/armv6-m\libc.a(__strtoul.o)
                              C:/Freescale/CW MCU v10.5/MCU/ARM_GCC_Support/ewl/lib/armv6-m\libc.a(scanformat_.o) (__strtoul)
C:/Freescale/CW MCU v10.5/MCU/ARM_GCC_Support/ewl/lib/armv6-m\libc.a(__filll_mem.o)
                              C:/Freescale/CW MCU v10.5/MCU/ARM_GCC_Support/ewl/lib/armv6-m\libc.a(memset.o) (__fill_mem)
C:/Freescale/CW MCU v10.5/MCU/ARM_GCC_Support/ewl/lib/armv6-m\libc.a(__memrchr.o)
                              C:/Freescale/CW MCU v10.5/MCU/ARM_GCC_Support/ewl/lib/armv6-m\libc.a(fwrite.o) (__memrchr)
C:/Freescale/CW MCU v10.5/MCU/ARM_GCC_Support/ewl/lib/armv6-m\libc.a(memchr.o)
                              C:/Freescale/CW MCU v10.5/MCU/ARM_GCC_Support/ewl/lib/armv6-m\libc.a(printformat_.o) (memchr)
C:/Freescale/CW MCU v10.5/MCU/ARM_GCC_Support/ewl/lib/armv6-m\libc.a(__buffer_io.o)
                              C:/Freescale/CW MCU v10.5/MCU/ARM_GCC_Support/ewl/lib/armv6-m\libc.a(__putchar.o) (__prep_buffer)
c:/freescale/cw mcu v10.5/cross_tools/arm-none-eabi-gcc-4_7_3/bin/../lib/gcc/arm-none-eabi/4.7.3/armv6-m\libgcc.a(_thumb1_case_sqi.o)
                              C:/Freescale/CW MCU v10.5/MCU/ARM_GCC_Support/ewl/lib/armv6-m\libc.a(__strtoul.o) (__gnu_thumb1_case_sqi)
[...]
Memory Configuration

Name             Origin             Length             Attributes
m_interrupts     0x00000000         0x000000c0         xr
m_text           0x00000410         0x0001fbf0         xr
m_data           0x1ffff000         0x00004000         rw
m_cfmprotrom     0x00000400         0x00000010         xr
*default*        0x00000000         0xffffffff

Linker script and memory map

LOAD ./Generated_Code/timers.o
LOAD ./Generated_Code/tasks.o
LOAD ./Generated_Code/queue.o
LOAD ./Generated_Code/portasm.o
LOAD ./Generated_Code/port.o
LOAD ./Generated_Code/list.o
LOAD ./Generated_Code/heap_4.o
LOAD ./Generated_Code/heap_3.o
LOAD ./Generated_Code/heap_2.o
LOAD ./Generated_Code/heap_1.o
LOAD ./Generated_Code/croutine.o
LOAD ./Generated_Code/WAIT1.o
LOAD ./Generated_Code/Vectors.o
LOAD ./Generated_Code/UTIL2.o
LOAD ./Generated_Code/UTIL1.o
LOAD ./Generated_Code/TU1.o
LOAD ./Generated_Code/TU0.o
LOAD ./Generated_Code/TSSTouch.o
LOAD ./Generated_Code/PwmLdd3.o
LOAD ./Generated_Code/PwmLdd2.o
LOAD ./Generated_Code/PwmLdd1.o
LOAD ./Generated_Code/PWMLEDRed.o
LOAD ./Generated_Code/PWMLEDGreen.o
LOAD ./Generated_Code/PWMLEDBlue.o
LOAD ./Generated_Code/PE_LDD.o
LOAD ./Generated_Code/MMA0.o
LOAD ./Generated_Code/IO1.o
LOAD ./Generated_Code/I2C1.o
LOAD ./Generated_Code/I2C0.o
LOAD ./Generated_Code/GI2C0.o
LOAD ./Generated_Code/FRTOS1.o
LOAD ./Generated_Code/CsIO1.o
LOAD ./Generated_Code/Cpu.o
LOAD ./Generated_Code/AdcLdd1.o
LOAD ./Generated_Code/AD0.o
LOAD ./Project_Settings/Startup_Code/__arm_start.o
LOAD ./Project_Settings/Startup_Code/__arm_end.o
LOAD ./Sources/TSS/TSS_SystemSetupData.o
LOAD ./Sources/TSS/TSS_SensorTSIL.o
LOAD ./Sources/TSS/TSS_SensorTSI.o
LOAD ./Sources/TSS/TSS_SensorGPIO.o
LOAD ./Sources/TSS/TSS_Sensor.o
LOAD ./Sources/TSS/TSS_Freemaster.o
LOAD ./Sources/Tasks/TaskWriteString.o
LOAD ./Sources/Tasks/TaskSendString2.o
LOAD ./Sources/Tasks/TaskSendString1.o
LOAD ./Sources/Tasks/TaskSendString.o
LOAD ./Sources/Tasks/TaskRotateLed.o
LOAD ./Sources/Tasks/TaskRedLed.o
LOAD ./Sources/Tasks/TaskGyroscope.o
LOAD ./Sources/Tasks/TaskGreenLed.o
LOAD ./Sources/Tasks/TaskBlueLed.o
LOAD ./Sources/Tasks/TaskAccelerometer.o
LOAD ./Sources/Util/UART.o
LOAD ./Sources/Util/Led.o
LOAD ./Sources/Util/Gyroscope.o
LOAD ./Sources/Util/Accelerometer.o
LOAD ./Sources/sa_mtb.o
LOAD ./Sources/ProcessorExpert.o
LOAD ./Sources/Events.o
                0x00008094                __pformatter = __pformatter_
                [0x000084bc]                __sformatter = __sformatter
LOAD C:/Users/JH/Documents/GitHub/M0PlusFreeRTOS/M0PlusFreeRTOS/Sources/TSS\libTSS_KXX_M0.a
START GROUP
LOAD C:/Freescale/CW MCU v10.5/MCU/ARM_GCC_Support/ewl/lib/armv6-m\libc.a
LOAD C:/Freescale/CW MCU v10.5/MCU/ARM_GCC_Support/ewl/lib/armv6-m\libm.a
LOAD c:/freescale/cw mcu v10.5/cross_tools/arm-none-eabi-gcc-4_7_3/bin/../lib/gcc/arm-none-eabi/4.7.3/armv6-m\libgcc.a
LOAD C:/Freescale/CW MCU v10.5/MCU/ARM_GCC_Support/ewl/lib/armv6-m\librt.a
LOAD C:/Freescale/CW MCU v10.5/MCU/ARM_GCC_Support/ewl/lib/armv6-m\libuart.a
END GROUP
                0x20003000                _estack = 0x20003000
                0x20003000                __SP_INIT = _estack
                0x00000000                __heap_size = 0x0
                0x00000020                __stack_size = 0x20

.interrupts     0x00000000       0xc0
                0x00000000                __vector_table = .
                0x00000000                . = ALIGN (0x4)
 *(.vectortable)
 .vectortable   0x00000000       0xc0 ./Generated_Code/Vectors.o
                0x00000000                __vect_table
                0x000000c0                . = ALIGN (0x4)

.cfmprotect     0x00000400       0x10
                0x00000400                . = ALIGN (0x4)
 *(.cfmconfig)
 .cfmconfig     0x00000400       0x10 ./Generated_Code/Cpu.o
                0x00000400                _cfm
                0x00000410                . = ALIGN (0x4)

.text           0x00000410     0x8e40
                0x00000410                . = ALIGN (0x4)
 *(.text)
 .text          0x00000410      0x760 C:/Users/JH/Documents/GitHub/M0PlusFreeRTOS/M0PlusFreeRTOS/Sources/TSS\libTSS_KXX_M0.a(TSS_ASliderDecoder.o)
                0x00000410                TSS_ASliderDecoder
                0x00000848                TSS_ASliderCalculatePosIIRFilter
                0x000008ac                TSS_ASliderDelayControl
                0x00000924                TSS_ASliderTrendThreshold
                0x0000094c                TSS_ASliderTrendControl
                0x00000a3c                TSS_SetASliderConfig
                0x00000b3c                TSS_GetASliderConfig
 .text          0x00000b70      0x1c8 C:/Users/JH/Documents/GitHub/M0PlusFreeRTOS/M0PlusFreeRTOS/Sources/TSS\libTSS_KXX_M0.a(TSS_Filters.o)
                0x00000b70                TSS_u16NoiseAmplitudeFilter
                0x00000ba4                TSS_i8NoiseAmplitudeFilter
                0x00000bda                TSS_ShieldEquation
                0x00000c3c                TSS_KeyDetectorInitPrevCapSample
                0x00000c50                TSS_KeyDetectorCalculateIIRFilter
                0x00000c70                TSS_KeyDetectorCalculateShielding
                0x00000c84                TSS_KeyDetectorSignalDivider
                0x00000ca0                TSS_KeyDetectorSignalMultiplier
                0x00000cd0                TSS_SubUInt16WithUInt16ToSInt16
                0x00000cfc                TSS_ShiftSInt16ToUInt16
                0x00000d08                TSS_CutSInt16ToSInt8
                0x00000d20                TSS_SensitivityLowLimitControl
 .text          0x00000d38      0x854 C:/Users/JH/Documents/GitHub/M0PlusFreeRTOS/M0PlusFreeRTOS/Sources/TSS\libTSS_KXX_M0.a(TSS_KeyDetectorNormal.o)
                0x00000db0                TSS_KeyBasicStuckKeyControl
                0x00000dfc                TSS_KeyBasicDetect
                0x00000fac                TSS_KeyBasicNegativeBaselineDrop
                0x00001038                TSS_KeyBasicElectrodeEval
                0x000012a4                TSS_KeyBasicSensAutoCalibration
                0x000014e4                TSS_KeyBasicDeltaNoiseAnalysisIIRControl
                0x00001558                TSS_KeyBasicGetSystemDataContext
 .text          0x0000158c      0x6c8 C:/Users/JH/Documents/GitHub/M0PlusFreeRTOS/M0PlusFreeRTOS/Sources/TSS\libTSS_KXX_M0.a(TSS_KeyDetector.o)
                0x000015cc                TSS_KeyDetectorResetElectrodeDebouncing
                0x000015e8                TSS_KeyDetectorResetElectrode
                0x000015fc                TSS_KeyDetectorRestartElectrode
                0x00001644                TSS_KeyDetectorRecalibrateModules
                0x00001658                TSS_KeyDetectorInit
                0x00001690                TSS_KeyDetectorResetElectrodeMeasured
                0x000016b8                TSS_KeyDetectorCalculateDelta
                0x000016d8                TSS_KeyDetectorFillDeltaLogBuffer
                0x000016f0                TSS_KeyDetectorFillSignalLogBuffer
                0x00001704                TSS_KeyDetectorResetStuckKeyCounter
                0x00001710                TSS_KeyDetectorGetDCTrackerCounter
                0x0000171c                TSS_KeyDetectorGetSlowDCTrackerCounter
                0x00001728                TSS_KeyDetectorCalibrate
                0x0000174c                TSS_KeyDetectorReleaseElectrode
                0x0000176c                TSS_KeyDetectorMainSequenced
                0x00001930                TSS_KeyDetectorMain
                0x00001ae0                TSS_KeyDetectorElectrodeStatusUpdate
                0x00001b14                TSS_KeyDetectorGetElectrodeGroupStatus
                0x00001b50                TSS_KeyDetectorGetElectrodeEnablerStatus
                0x00001c04                TSS_KeyDetectorRecalibrationRequest
                0x00001c18                TSS_KeyDetectorGetShieldElectrodeReleaseStatus
 .text          0x00001c54     0x10a0 C:/Users/JH/Documents/GitHub/M0PlusFreeRTOS/M0PlusFreeRTOS/Sources/TSS\libTSS_KXX_M0.a(TSS_Main.o)
                0x00001cec                TSS_InitRegisterArrays
                0x00001d44                TSS_InitInternalArrays
                0x00001d94                TSS_Init
                0x00001df8                TSS_DataCorruptionCheck
                0x00001eac                TSS_FaultEvaluation
                0x00001f24                TSS_DecodersControl
                0x00001f90                TSS_TriggerControl
                0x00001fe4                TSS_Task
                0x000020bc                TSS_TaskSeq
                0x00002194                TSS_InternalControlPrivateData
                0x000021b8                TSS_SetControlPrivateData
                0x000021cc                TSS_GetControlPrivateData
                0x000021e8                TSS_GetControlStruct
                0x00002208                TSS_GetControlNumberOfElectrodes
                0x00002228                TSS_GetControlFirstElectrodeIndex
                0x0000224c                TSS_GetControlLastElectrodeIndex
                0x00002274                TSS_GetControlElectrodeIndex
                0x0000229c                TSS_SetControlElectrodesEnablers
                0x00002324                TSS_GetControlElectrodesStatus
                0x0000234c                TSS_TriggerConfig
                0x000023c0                TSS_LowPowerConfig
                0x00002464                TSS_ProximityConfig
                0x000024bc                TSS_SetSystemConfig
                0x000027f0                TSS_GetSystemConfig
                0x00002910                TSS_BrowseModules
                0x000029b8                TSS_LoadElectrodeData
                0x00002a60                TSS_StoreElectrodeData
                0x00002ae0                TSS_LoadModulesData
                0x00002b48                TSS_StoreModulesData
                0x00002b8c                TSS_LoadAllSystemData
                0x00002c38                TSS_StoreAllSystemData
 .text          0x00002cf4       0x14 c:/freescale/cw mcu v10.5/cross_tools/arm-none-eabi-gcc-4_7_3/bin/../lib/gcc/arm-none-eabi/4.7.3/armv6-m\libgcc.a(_thumb1_case_sqi.o)
                0x00002cf4                __gnu_thumb1_case_sqi
 .text          0x00002d08       0x14 c:/freescale/cw mcu v10.5/cross_tools/arm-none-eabi-gcc-4_7_3/bin/../lib/gcc/arm-none-eabi/4.7.3/armv6-m\libgcc.a(_thumb1_case_uqi.o)
                0x00002d08                __gnu_thumb1_case_uqi
 .text          0x00002d1c       0x9c c:/freescale/cw mcu v10.5/cross_tools/arm-none-eabi-gcc-4_7_3/bin/../lib/gcc/arm-none-eabi/4.7.3/armv6-m\libgcc.a(_udivsi3.o)
                0x00002d1c                __aeabi_uidiv
                0x00002d1c                __udivsi3
                0x00002da4                __aeabi_uidivmod
 .text          0x00002db8       0xc0 c:/freescale/cw mcu v10.5/cross_tools/arm-none-eabi-gcc-4_7_3/bin/../lib/gcc/arm-none-eabi/4.7.3/armv6-m\libgcc.a(_divsi3.o)
                0x00002db8                __divsi3
                0x00002db8                __aeabi_idiv
                0x00002e64                __aeabi_idivmod
 .text          0x00002e78        0x4 c:/freescale/cw mcu v10.5/cross_tools/arm-none-eabi-gcc-4_7_3/bin/../lib/gcc/arm-none-eabi/4.7.3/armv6-m\libgcc.a(_dvmd_tls.o)
                0x00002e78                __aeabi_idiv0
                0x00002e78                __aeabi_ldiv0
 .text          0x00002e7c      0x5b8 c:/freescale/cw mcu v10.5/cross_tools/arm-none-eabi-gcc-4_7_3/bin/../lib/gcc/arm-none-eabi/4.7.3/armv6-m\libgcc.a(divdf3.o)
                0x00002e7c                __aeabi_ddiv
 .text          0x00003434       0x68 c:/freescale/cw mcu v10.5/cross_tools/arm-none-eabi-gcc-4_7_3/bin/../lib/gcc/arm-none-eabi/4.7.3/armv6-m\libgcc.a(fixdfsi.o)
                0x00003434                __aeabi_d2iz
 .text          0x0000349c       0x74 c:/freescale/cw mcu v10.5/cross_tools/arm-none-eabi-gcc-4_7_3/bin/../lib/gcc/arm-none-eabi/4.7.3/armv6-m\libgcc.a(floatsidf.o)
                0x0000349c                __aeabi_i2d
 .text          0x00003510       0x3c c:/freescale/cw mcu v10.5/cross_tools/arm-none-eabi-gcc-4_7_3/bin/../lib/gcc/arm-none-eabi/4.7.3/armv6-m\libgcc.a(_clzsi2.o)
                0x00003510                __clzsi2
 *(.text*)
 .text.xTaskGenericCreate
                0x0000354c      0x164 ./Generated_Code/tasks.o
                0x0000354c                xTaskGenericCreate
 .text.vTaskStartScheduler
                0x000036b0       0x64 ./Generated_Code/tasks.o
                0x000036b0                vTaskStartScheduler
 .text.vTaskSuspendAll
                0x00003714       0x18 ./Generated_Code/tasks.o
                0x00003714                vTaskSuspendAll
 .text.xTaskResumeAll
                0x0000372c      0x114 ./Generated_Code/tasks.o
                0x0000372c                xTaskResumeAll
 .text.xTaskIncrementTick
                0x00003840      0x19c ./Generated_Code/tasks.o
                0x00003840                xTaskIncrementTick
 .text.vTaskSwitchContext
                0x000039dc       0xbc ./Generated_Code/tasks.o
                0x000039dc                vTaskSwitchContext
 .text.vTaskPlaceOnEventList
                0x00003a98       0x6c ./Generated_Code/tasks.o
                0x00003a98                vTaskPlaceOnEventList
 .text.xTaskRemoveFromEventList
                0x00003b04       0xac ./Generated_Code/tasks.o
                0x00003b04                xTaskRemoveFromEventList
 .text.vTaskSetTimeOutState
                0x00003bb0       0x30 ./Generated_Code/tasks.o
                0x00003bb0                vTaskSetTimeOutState
 .text.xTaskCheckForTimeOut
                0x00003be0       0x9c ./Generated_Code/tasks.o
                0x00003be0                xTaskCheckForTimeOut
 .text.vTaskMissedYield
                0x00003c7c       0x14 ./Generated_Code/tasks.o
                0x00003c7c                vTaskMissedYield
 .text.prvIdleTask
                0x00003c90       0x24 ./Generated_Code/tasks.o
 .text.prvInitialiseTCBVariables
                0x00003cb4       0x94 ./Generated_Code/tasks.o
 .text.prvInitialiseTaskLists
                0x00003d48       0x88 ./Generated_Code/tasks.o
 .text.prvCheckTasksWaitingTermination
                0x00003dd0       0x74 ./Generated_Code/tasks.o
 .text.prvAddCurrentTaskToDelayedList
                0x00003e44       0x6c ./Generated_Code/tasks.o
 .text.prvAllocateTCBAndStack
                0x00003eb0       0x70 ./Generated_Code/tasks.o
 .text.prvDeleteTCB
                0x00003f20       0x20 ./Generated_Code/tasks.o
 .text.xTaskGetCurrentTaskHandle
                0x00003f40       0x1c ./Generated_Code/tasks.o
                0x00003f40                xTaskGetCurrentTaskHandle
 .text.vTaskPriorityInherit
                0x00003f5c       0xb4 ./Generated_Code/tasks.o
                0x00003f5c                vTaskPriorityInherit
 .text.vTaskPriorityDisinherit
                0x00004010       0x7c ./Generated_Code/tasks.o
                0x00004010                vTaskPriorityDisinherit
 .text.xQueueCreateMutex
                0x0000408c       0x8c ./Generated_Code/queue.o
                0x0000408c                xQueueCreateMutex
 .text.xQueueGiveMutexRecursive
                0x00004118       0x58 ./Generated_Code/queue.o
                0x00004118                xQueueGiveMutexRecursive
 .text.xQueueTakeMutexRecursive
                0x00004170       0x64 ./Generated_Code/queue.o
                0x00004170                xQueueTakeMutexRecursive
 .text.xQueueGenericSend
                0x000041d4      0x160 ./Generated_Code/queue.o
                0x000041d4                xQueueGenericSend
 .text.xQueueGenericReceive
                0x00004334      0x1a0 ./Generated_Code/queue.o
                0x00004334                xQueueGenericReceive
 .text.prvCopyDataToQueue
                0x000044d4       0xd4 ./Generated_Code/queue.o
 .text.prvCopyDataFromQueue
                0x000045a8       0x50 ./Generated_Code/queue.o
 .text.prvUnlockQueue
                0x000045f8       0x98 ./Generated_Code/queue.o
 .text.prvIsQueueEmpty
                0x00004690       0x2c ./Generated_Code/queue.o
 .text.prvIsQueueFull
                0x000046bc       0x30 ./Generated_Code/queue.o
 .text.pxPortInitialiseStack
                0x000046ec       0x50 ./Generated_Code/port.o
                0x000046ec                pxPortInitialiseStack
 .text.vPortInitTickTimer
                0x0000473c       0x3c ./Generated_Code/port.o
                0x0000473c                vPortInitTickTimer
 .text.vPortStartTickTimer
                0x00004778       0x14 ./Generated_Code/port.o
                0x00004778                vPortStartTickTimer
 .text.vPortStopTickTimer
                0x0000478c       0x14 ./Generated_Code/port.o
                0x0000478c                vPortStopTickTimer
 .text.xPortStartScheduler
                0x000047a0       0x34 ./Generated_Code/port.o
                0x000047a0                xPortStartScheduler
 .text.vPortEnterCritical
                0x000047d4       0x20 ./Generated_Code/port.o
                0x000047d4                vPortEnterCritical
 .text.vPortExitCritical
                0x000047f4       0x20 ./Generated_Code/port.o
                0x000047f4                vPortExitCritical
 .text.vPortYieldFromISR
                0x00004814       0x1c ./Generated_Code/port.o
                0x00004814                vPortYieldFromISR
 .text.vPortTickHandler
                0x00004830       0x1c ./Generated_Code/port.o
                0x00004830                vPortTickHandler
 .text.vPortStartFirstTask
                0x0000484c       0x1c ./Generated_Code/port.o
                0x0000484c                vPortStartFirstTask
 .text.vPortSVCHandler
                0x00004868       0x28 ./Generated_Code/port.o
                0x00004868                vPortSVCHandler
 .text.vPortPendSVHandler
                0x00004890       0x44 ./Generated_Code/port.o
                0x00004890                vPortPendSVHandler
 .text.vListInitialise
                0x000048d4       0x3c ./Generated_Code/list.o
                0x000048d4                vListInitialise
 .text.vListInitialiseItem
                0x00004910       0x14 ./Generated_Code/list.o
                0x00004910                vListInitialiseItem
 .text.vListInsertEnd
                0x00004924       0x44 ./Generated_Code/list.o
                0x00004924                vListInsertEnd
 .text.vListInsert
                0x00004968       0x6c ./Generated_Code/list.o
                0x00004968                vListInsert
 .text.uxListRemove
                0x000049d4       0x50 ./Generated_Code/list.o
                0x000049d4                uxListRemove
 .text.pvPortMalloc
                0x00004a24      0x12c ./Generated_Code/heap_2.o
                0x00004a24                pvPortMalloc
 .text.vPortFree
                0x00004b50       0x78 ./Generated_Code/heap_2.o
                0x00004b50                vPortFree
 .text.prvHeapInit
                0x00004bc8       0x4c ./Generated_Code/heap_2.o
 .text.TU1_Init
                0x00004c14       0xe4 ./Generated_Code/TU1.o
                0x00004c14                TU1_Init
 .text.TU1_GetPeriodTicks
                0x00004cf8       0x3c ./Generated_Code/TU1.o
                0x00004cf8                TU1_GetPeriodTicks
 .text.TU1_SetOffsetTicks
                0x00004d34       0x58 ./Generated_Code/TU1.o
                0x00004d34                TU1_SetOffsetTicks
 .text.TU0_Init
                0x00004d8c       0xe0 ./Generated_Code/TU0.o
                0x00004d8c                TU0_Init
 .text.TU0_GetPeriodTicks
                0x00004e6c       0x3c ./Generated_Code/TU0.o
                0x00004e6c                TU0_GetPeriodTicks
 .text.TU0_SetOffsetTicks
                0x00004ea8       0x58 ./Generated_Code/TU0.o
                0x00004ea8                TU0_SetOffsetTicks
 .text.TSSTouch_InitDevices
                0x00004f00       0x44 ./Generated_Code/TSSTouch.o
                0x00004f00                TSSTouch_InitDevices
 .text.PwmLdd3_Init
                0x00004f44       0x54 ./Generated_Code/PwmLdd3.o
                0x00004f44                PwmLdd3_Init
 .text.PwmLdd3_SetRatio8
                0x00004f98       0x34 ./Generated_Code/PwmLdd3.o
                0x00004f98                PwmLdd3_SetRatio8
 .text.SetRatio
                0x00004fcc       0x68 ./Generated_Code/PwmLdd3.o
 .text.PwmLdd2_Init
                0x00005034       0x54 ./Generated_Code/PwmLdd2.o
                0x00005034                PwmLdd2_Init
 .text.PwmLdd2_SetRatio8
                0x00005088       0x34 ./Generated_Code/PwmLdd2.o
                0x00005088                PwmLdd2_SetRatio8
 .text.SetRatio
                0x000050bc       0x68 ./Generated_Code/PwmLdd2.o
 .text.PwmLdd1_Init
                0x00005124       0x54 ./Generated_Code/PwmLdd1.o
                0x00005124                PwmLdd1_Init
 .text.PwmLdd1_SetRatio8
                0x00005178       0x34 ./Generated_Code/PwmLdd1.o
                0x00005178                PwmLdd1_SetRatio8
 .text.SetRatio
                0x000051ac       0x68 ./Generated_Code/PwmLdd1.o
 .text.MMA0_Init
                0x00005214       0x38 ./Generated_Code/MMA0.o
                0x00005214                MMA0_Init
 .text.MMA0_MeasureGetRawX
                0x0000524c       0x40 ./Generated_Code/MMA0.o
                0x0000524c                MMA0_MeasureGetRawX
 .text.MMA0_MeasureGetRawY
                0x0000528c       0x40 ./Generated_Code/MMA0.o
                0x0000528c                MMA0_MeasureGetRawY
 .text.MMA0_MeasureGetRawZ
                0x000052cc       0x40 ./Generated_Code/MMA0.o
                0x000052cc                MMA0_MeasureGetRawZ
 .text.MMA0_GetX
                0x0000530c       0x38 ./Generated_Code/MMA0.o
                0x0000530c                MMA0_GetX
 .text.MMA0_GetY
                0x00005344       0x38 ./Generated_Code/MMA0.o
                0x00005344                MMA0_GetY
 .text.MMA0_GetZ
                0x0000537c       0x38 ./Generated_Code/MMA0.o
                0x0000537c                MMA0_GetZ
 .text.IO1_Init
                0x000053b4      0x160 ./Generated_Code/IO1.o
                0x000053b4                IO1_Init
 .text.I2C1_Interrupt
                0x00005514      0x26c ./Generated_Code/I2C1.o
                0x00005514                I2C1_Interrupt
 .text.I2C0_Interrupt
                0x00005780      0x278 ./Generated_Code/I2C0.o
                0x00005780                I2C0_Interrupt
 .text.I2C0_Init
                0x000059f8      0x11c ./Generated_Code/I2C0.o
                0x000059f8                I2C0_Init
 .text.I2C0_MasterSendBlock
                0x00005b14      0x158 ./Generated_Code/I2C0.o
                0x00005b14                I2C0_MasterSendBlock
 .text.I2C0_MasterReceiveBlock
                0x00005c6c      0x158 ./Generated_Code/I2C0.o
                0x00005c6c                I2C0_MasterReceiveBlock
 .text.I2C0_SelectSlaveDevice
                0x00005dc4      0x100 ./Generated_Code/I2C0.o
                0x00005dc4                I2C0_SelectSlaveDevice
 .text.GI2C0_RequestBus
                0x00005ec4       0x1c ./Generated_Code/GI2C0.o
                0x00005ec4                GI2C0_RequestBus
 .text.GI2C0_ReleaseBus
                0x00005ee0       0x18 ./Generated_Code/GI2C0.o
                0x00005ee0                GI2C0_ReleaseBus
 .text.GI2C0_SelectSlave
                0x00005ef8       0x40 ./Generated_Code/GI2C0.o
                0x00005ef8                GI2C0_SelectSlave
 .text.GI2C0_UnselectSlave
                0x00005f38       0x10 ./Generated_Code/GI2C0.o
                0x00005f38                GI2C0_UnselectSlave
 .text.GI2C0_ReadAddress
                0x00005f48       0xd8 ./Generated_Code/GI2C0.o
                0x00005f48                GI2C0_ReadAddress
 .text.GI2C0_WriteAddress
                0x00006020      0x140 ./Generated_Code/GI2C0.o
                0x00006020                GI2C0_WriteAddress
 .text.I2C0_OnMasterBlockSent
                0x00006160       0x24 ./Generated_Code/GI2C0.o
                0x00006160                I2C0_OnMasterBlockSent
 .text.I2C0_OnMasterBlockReceived
                0x00006184       0x24 ./Generated_Code/GI2C0.o
                0x00006184                I2C0_OnMasterBlockReceived
 .text.GI2C0_Init
                0x000061a8       0x40 ./Generated_Code/GI2C0.o
                0x000061a8                GI2C0_Init
 .text.GI2C0_WriteByteAddress8
                0x000061e8       0x34 ./Generated_Code/GI2C0.o
                0x000061e8                GI2C0_WriteByteAddress8
 .text.Cpu_INT_NMIInterrupt
                0x0000621c        0xc ./Generated_Code/Cpu.o
                0x0000621c                Cpu_INT_NMIInterrupt
 .text.Cpu_Interrupt
                0x00006228        0xc ./Generated_Code/Cpu.o
                0x00006228                Cpu_Interrupt
 .text.__init_hardware
                0x00006234      0x110 ./Generated_Code/Cpu.o
                0x00006234                __init_hardware
 .text.PE_low_level_init
                0x00006344       0xec ./Generated_Code/Cpu.o
                0x00006344                PE_low_level_init
 .text.AdcLdd1_Init
                0x00006430       0xc0 ./Generated_Code/AdcLdd1.o
                0x00006430                AdcLdd1_Init
 .text.AD0_Init
                0x000064f0       0x2c ./Generated_Code/AD0.o
                0x000064f0                AD0_Init
 .text.zero_fill_bss
                0x0000651c       0x24 ./Project_Settings/Startup_Code/__arm_start.o
 .text.__thumb_startup
                0x00006540       0x30 ./Project_Settings/Startup_Code/__arm_start.o
                0x00006540                __thumb_startup
 .text._ExitProcess
                0x00006570        0xc ./Project_Settings/Startup_Code/__arm_end.o
                0x00006570                _ExitProcess
 .text.TSS_IIRFilterEquation
                0x0000657c       0x30 ./Sources/TSS/TSS_SystemSetupData.o
                0x0000657c                TSS_IIRFilterEquation
 .text.TSIL_InitModule
                0x000065ac       0x38 ./Sources/TSS/TSS_SensorTSIL.o
                0x000065ac                TSIL_InitModule
 .text.TSIL_SetNSamples
                0x000065e4       0x68 ./Sources/TSS/TSS_SensorTSIL.o
                0x000065e4                TSIL_SetNSamples
 .text.TSIL_InitLowPower
                0x0000664c       0x8c ./Sources/TSS/TSS_SensorTSIL.o
                0x0000664c                TSIL_InitLowPower
 .text.TSIL_InitPEN
                0x000066d8      0x238 ./Sources/TSS/TSS_SensorTSIL.o
                0x000066d8                TSIL_InitPEN
 .text.TSIL_Recalibrate
                0x00006910      0x604 ./Sources/TSS/TSS_SensorTSIL.o
                0x00006910                TSIL_Recalibrate
 .text.TSIL_InitThresholds
                0x00006f14      0x118 ./Sources/TSS/TSS_SensorTSIL.o
                0x00006f14                TSIL_InitThresholds
 .text.TSIL_InitTrigger
                0x0000702c      0x1b8 ./Sources/TSS/TSS_SensorTSIL.o
                0x0000702c                TSIL_InitTrigger
 .text.TSIL_MethodControl
                0x000071e4      0x340 ./Sources/TSS/TSS_SensorTSIL.o
                0x000071e4                TSIL_MethodControl
 .text.TSIL_ReadCounter
                0x00007524       0xd4 ./Sources/TSS/TSS_SensorTSIL.o
                0x00007524                TSIL_ReadCounter
 .text.TSIL_HandleMeasurement
                0x000075f8       0xfc ./Sources/TSS/TSS_SensorTSIL.o
                0x000075f8                TSIL_HandleMeasurement
 .text.TSIL_SampleElectrode
                0x000076f4      0x284 ./Sources/TSS/TSS_SensorTSIL.o
                0x000076f4                TSIL_SampleElectrode
 .text.TSS_TSI0Isr
                0x00007978      0x1d4 ./Sources/TSS/TSS_SensorTSIL.o
                0x00007978                TSS_TSI0Isr
 .text.TSS_SensorInitCallback
                0x00007b4c       0x3c ./Sources/TSS/TSS_Sensor.o
                0x00007b4c                TSS_SensorInitCallback
 .text.TSS_SensorInit
                0x00007b88       0x2c ./Sources/TSS/TSS_Sensor.o
                0x00007b88                TSS_SensorInit
 *fill*         0x00007bb4        0x4 00
 .text.taskAccelerometerWork
                0x00007bb8      0x110 ./Sources/Tasks/TaskAccelerometer.o
                0x00007bb8                taskAccelerometerWork
 .text.TaskAccelerometer
                0x00007cc8       0x14 ./Sources/Tasks/TaskAccelerometer.o
 .text.taskAccelerometerStart
                0x00007cdc       0x3c ./Sources/Tasks/TaskAccelerometer.o
                0x00007cdc                taskAccelerometerStart
 .text.main     0x00007d18       0x1c ./Sources/ProcessorExpert.o
                0x00007d18                main
 .text.Cpu_OnNMIINT
                0x00007d34        0x8 ./Sources/Events.o
                0x00007d34                Cpu_OnNMIINT
 .text.FRTOS1_vApplicationStackOverflowHook
                0x00007d3c       0x10 ./Sources/Events.o
                0x00007d3c                FRTOS1_vApplicationStackOverflowHook
 .text.FRTOS1_vApplicationTickHook
                0x00007d4c        0x8 ./Sources/Events.o
                0x00007d4c                FRTOS1_vApplicationTickHook
 .text.FRTOS1_vApplicationIdleHook
                0x00007d54        0x8 ./Sources/Events.o
                0x00007d54                FRTOS1_vApplicationIdleHook
 .text.FRTOS1_vApplicationMallocFailedHook
                0x00007d5c        0x8 ./Sources/Events.o
                0x00007d5c                FRTOS1_vApplicationMallocFailedHook
 .text.I2C1_OnMasterBlockSent
                0x00007d64       0x18 ./Sources/Events.o
                0x00007d64                I2C1_OnMasterBlockSent
 .text.I2C1_OnMasterBlockReceived
                0x00007d7c       0x18 ./Sources/Events.o
                0x00007d7c                I2C1_OnMasterBlockReceived
 .text.TSSTouch_fOnFault
                0x00007d94       0x3c ./Sources/Events.o
                0x00007d94                TSSTouch_fOnFault
 .text.TSSTouch_fOnInit
                0x00007dd0        0xc ./Sources/Events.o
                0x00007dd0                TSSTouch_fOnInit
 .text.TSSTouch_fCallBack0
                0x00007ddc       0x98 ./Sources/Events.o
                0x00007ddc                TSSTouch_fCallBack0
 .text.exit     0x00007e74       0x38 C:/Freescale/CW MCU v10.5/MCU/ARM_GCC_Support/ewl/lib/armv6-m\libc.a(exit.o)
                0x00007e74                exit
 .text.memcpy   0x00007eac       0x12 C:/Freescale/CW MCU v10.5/MCU/ARM_GCC_Support/ewl/lib/armv6-m\libc.a(memcpy.o)
                0x00007eac                memcpy
 .text.memset   0x00007ebe        0xc C:/Freescale/CW MCU v10.5/MCU/ARM_GCC_Support/ewl/lib/armv6-m\libc.a(memset.o)
                0x00007ebe                memset
 .text.strchr   0x00007eca       0x1e C:/Freescale/CW MCU v10.5/MCU/ARM_GCC_Support/ewl/lib/armv6-m\libc.a(strchr.o)
                0x00007eca                strchr
 .text.strlen   0x00007ee8       0x10 C:/Freescale/CW MCU v10.5/MCU/ARM_GCC_Support/ewl/lib/armv6-m\libc.a(strlen.o)
                0x00007ee8                strlen
 .text.long2str.isra.0
                0x00007ef8      0x19c C:/Freescale/CW MCU v10.5/MCU/ARM_GCC_Support/ewl/lib/armv6-m\libc.a(printformat_.o)
 .text.__pformatter_
                0x00008094      0x428 C:/Freescale/CW MCU v10.5/MCU/ARM_GCC_Support/ewl/lib/armv6-m\libc.a(printformat_.o)
                0x00008094                __pformatter_
 .text.__sformatter
                0x000084bc      0x698 C:/Freescale/CW MCU v10.5/MCU/ARM_GCC_Support/ewl/lib/armv6-m\libc.a(scanformat_.o)
                0x000084bc                __sformatter
 .text.isalpha  0x00008b54       0x20 C:/Freescale/CW MCU v10.5/MCU/ARM_GCC_Support/ewl/lib/armv6-m\libc.a(ctype_aeabi.o)
                0x00008b54                isalpha
 .text.isspace  0x00008b74       0x20 C:/Freescale/CW MCU v10.5/MCU/ARM_GCC_Support/ewl/lib/armv6-m\libc.a(ctype_aeabi.o)
                0x00008b74                isspace
 .text.toupper  0x00008b94        0xe C:/Freescale/CW MCU v10.5/MCU/ARM_GCC_Support/ewl/lib/armv6-m\libc.a(ctype_aeabi.o)
                0x00008b94                toupper
 .text.__strtoul
                0x00008ba2      0x1ce C:/Freescale/CW MCU v10.5/MCU/ARM_GCC_Support/ewl/lib/armv6-m\libc.a(__strtoul.o)
                0x00008ba2                __strtoul
 .text.__fill_mem
                0x00008d70       0x7e C:/Freescale/CW MCU v10.5/MCU/ARM_GCC_Support/ewl/lib/armv6-m\libc.a(__filll_mem.o)
                0x00008d70                __fill_mem
 .text.memchr   0x00008dee       0x1a C:/Freescale/CW MCU v10.5/MCU/ARM_GCC_Support/ewl/lib/armv6-m\libc.a(memchr.o)
                0x00008dee                memchr
 .text.__init_cpp
                0x00008e08       0x48 C:/Freescale/CW MCU v10.5/MCU/ARM_GCC_Support/ewl/lib/armv6-m\librt.a(gcc_ctor_dtor.o)
                0x00008e08                __init_cpp
 .text.__fini_cpp
                0x00008e50       0x34 C:/Freescale/CW MCU v10.5/MCU/ARM_GCC_Support/ewl/lib/armv6-m\librt.a(gcc_ctor_dtor.o)
                0x00008e50                __fini_cpp
 .text.__copy_rom_section
                0x00008e84       0x48 C:/Freescale/CW MCU v10.5/MCU/ARM_GCC_Support/ewl/lib/armv6-m\librt.a(ROMCopy.o)
                0x00008e84                __copy_rom_section
 .text.__copy_rom_sections_to_ram
                0x00008ecc       0x34 C:/Freescale/CW MCU v10.5/MCU/ARM_GCC_Support/ewl/lib/armv6-m\librt.a(ROMCopy.o)
                0x00008ecc                __copy_rom_sections_to_ram
 .text.__destroy_global_chain
                0x00008f00       0x1c C:/Freescale/CW MCU v10.5/MCU/ARM_GCC_Support/ewl/lib/armv6-m\librt.a(__arm_eabi_init.o)
                0x00008f00                __destroy_global_chain
 .text.__init_registers
                0x00008f1c       0x1c C:/Freescale/CW MCU v10.5/MCU/ARM_GCC_Support/ewl/lib/armv6-m\librt.a(__arm_eabi_init.o)
                0x00008f1c                __init_registers
 .text.__init_user
                0x00008f38        0x4 C:/Freescale/CW MCU v10.5/MCU/ARM_GCC_Support/ewl/lib/armv6-m\librt.a(__arm_eabi_init.o)
                0x00008f38                __init_user
 *(.rodata)
 .rodata        0x00008f3c        0x8 ./Generated_Code/tasks.o
 .rodata        0x00008f44       0x14 ./Sources/Tasks/TaskAccelerometer.o
 .rodata        0x00008f58       0x14 C:/Users/JH/Documents/GitHub/M0PlusFreeRTOS/M0PlusFreeRTOS/Sources/TSS\libTSS_KXX_M0.a(TSS_KeyDetector.o)
 .rodata        0x00008f6c        0xc C:/Users/JH/Documents/GitHub/M0PlusFreeRTOS/M0PlusFreeRTOS/Sources/TSS\libTSS_KXX_M0.a(TSS_Main.o)
 .rodata        0x00008f78       0x40 c:/freescale/cw mcu v10.5/cross_tools/arm-none-eabi-gcc-4_7_3/bin/../lib/gcc/arm-none-eabi/4.7.3/armv6-m\libgcc.a(divdf3.o)
 *(.rodata*)
 .rodata.heapSTRUCT_SIZE
                0x00008fb8        0x2 ./Generated_Code/heap_2.o
 *fill*         0x00008fba        0x2 00
 .rodata.ChannelDevice
                0x00008fbc        0x4 ./Generated_Code/TU1.o
 .rodata.ChannelMode
                0x00008fc0        0x4 ./Generated_Code/TU1.o
 .rodata.ChannelDevice
                0x00008fc4        0x4 ./Generated_Code/TU0.o
 .rodata.ChannelMode
                0x00008fc8        0x4 ./Generated_Code/TU0.o
 .rodata.InitialCalibration
                0x00008fcc        0x8 ./Generated_Code/MMA0.o
 .rodata.addr.6408
                0x00008fd4        0x1 ./Generated_Code/MMA0.o
 .rodata.addr.6400
                0x00008fd5        0x1 ./Generated_Code/MMA0.o
 .rodata.addr.6392
                0x00008fd6        0x1 ./Generated_Code/MMA0.o
 *fill*         0x00008fd7        0x1 00
 .rodata.TSS_C0_INPUTS_GROUP
                0x00008fd8        0x4 ./Sources/TSS/TSS_SystemSetupData.o
                0x00008fd8                TSS_C0_INPUTS_GROUP
 .rodata.TSS_C0_STRUCTURE_ROM_CONTEXT
                0x00008fdc       0x1c ./Sources/TSS/TSS_SystemSetupData.o
                0x00008fdc                TSS_C0_STRUCTURE_ROM_CONTEXT
 .rodata.tss_faCallback
                0x00008ff8        0x4 ./Sources/TSS/TSS_SystemSetupData.o
                0x00008ff8                tss_faCallback
 .rodata.tss_acpsDecRAMContext
                0x00008ffc        0x4 ./Sources/TSS/TSS_SystemSetupData.o
                0x00008ffc                tss_acpsDecRAMContext
 .rodata.tss_acpsDecROMContext
                0x00009000        0x4 ./Sources/TSS/TSS_SystemSetupData.o
                0x00009000                tss_acpsDecROMContext
 .rodata.tss_acpsCSStructs
                0x00009004        0x4 ./Sources/TSS/TSS_SystemSetupData.o
                0x00009004                tss_acpsCSStructs
 .rodata.tss_faDecoders
                0x00009008        0x4 ./Sources/TSS/TSS_SystemSetupData.o
                0x00009008                tss_faDecoders
 .rodata.tss_cau8ShieldPairs
                0x0000900c        0x4 ./Sources/TSS/TSS_SystemSetupData.o
                0x0000900c                tss_cau8ShieldPairs
 .rodata.tss_cau8SignalDivider
                0x00009010        0x4 ./Sources/TSS/TSS_SystemSetupData.o
                0x00009010                tss_cau8SignalDivider
 .rodata.tss_cau8SignalMultiplier
                0x00009014        0x4 ./Sources/TSS/TSS_SystemSetupData.o
                0x00009014                tss_cau8SignalMultiplier
 .rodata.tss_fSetInternalPrivateData
                0x00009018        0x4 ./Sources/TSS/TSS_SystemSetupData.o
                0x00009018                tss_fSetInternalPrivateData
 .rodata.tss_fDecodersControl
                0x0000901c        0x4 ./Sources/TSS/TSS_SystemSetupData.o
                0x0000901c                tss_fDecodersControl
 .rodata.tss_cu8NumElecs
                0x00009020        0x1 ./Sources/TSS/TSS_SystemSetupData.o
                0x00009020                tss_cu8NumElecs
 .rodata.tss_cu8NumCtrls
                0x00009021        0x1 ./Sources/TSS/TSS_SystemSetupData.o
                0x00009021                tss_cu8NumCtrls
 .rodata.tss_cu8ElecBitFldLn
                0x00009022        0x1 ./Sources/TSS/TSS_SystemSetupData.o
                0x00009022                tss_cu8ElecBitFldLn
 *fill*         0x00009023        0x1 00
 .rodata.tss_fCalculateIIRFilter
                0x00009024        0x4 ./Sources/TSS/TSS_SystemSetupData.o
                0x00009024                tss_fCalculateIIRFilter
 .rodata.tss_fCalculateShielding
                0x00009028        0x4 ./Sources/TSS/TSS_SystemSetupData.o
                0x00009028                tss_fCalculateShielding
 .rodata.tss_fInitPrevCapSample
                0x0000902c        0x4 ./Sources/TSS/TSS_SystemSetupData.o
                0x0000902c                tss_fInitPrevCapSample
 .rodata.tss_fFillDeltaLogBuffer
                0x00009030        0x4 ./Sources/TSS/TSS_SystemSetupData.o
                0x00009030                tss_fFillDeltaLogBuffer
 .rodata.tss_fFillSignalLogBuffer
                0x00009034        0x4 ./Sources/TSS/TSS_SystemSetupData.o
                0x00009034                tss_fFillSignalLogBuffer
 .rodata.tss_fDataCorruptionCheck
                0x00009038        0x4 ./Sources/TSS/TSS_SystemSetupData.o
                0x00009038                tss_fDataCorruptionCheck
 .rodata.tss_fFmstrCall
                0x0000903c        0x4 ./Sources/TSS/TSS_SystemSetupData.o
                0x0000903c                tss_fFmstrCall
 .rodata.tss_fTriggerConfig
                0x00009040        0x4 ./Sources/TSS/TSS_SystemSetupData.o
                0x00009040                tss_fTriggerConfig
 .rodata.tss_fTriggerControl
                0x00009044        0x4 ./Sources/TSS/TSS_SystemSetupData.o
                0x00009044                tss_fTriggerControl
 .rodata.tss_fLowPowerConfig
                0x00009048        0x4 ./Sources/TSS/TSS_SystemSetupData.o
                0x00009048                tss_fLowPowerConfig
 .rodata.tss_fOnFault
                0x0000904c        0x4 ./Sources/TSS/TSS_SystemSetupData.o
                0x0000904c                tss_fOnFault
 .rodata.tss_fOnInit
                0x00009050        0x4 ./Sources/TSS/TSS_SystemSetupData.o
                0x00009050                tss_fOnInit
 .rodata.tss_cu8APosFilterWeight
                0x00009054        0x1 ./Sources/TSS/TSS_SystemSetupData.o
                0x00009054                tss_cu8APosFilterWeight
 *fill*         0x00009055        0x3 00
 .rodata.tss_fASliderCalculatePosIIRFilter
                0x00009058        0x4 ./Sources/TSS/TSS_SystemSetupData.o
                0x00009058                tss_fASliderCalculatePosIIRFilter
 .rodata.tss_cu8ASliderDelayBufferLength
                0x0000905c        0x1 ./Sources/TSS/TSS_SystemSetupData.o
                0x0000905c                tss_cu8ASliderDelayBufferLength
 *fill*         0x0000905d        0x3 00
 .rodata.tss_fASliderDelayControl
                0x00009060        0x4 ./Sources/TSS/TSS_SystemSetupData.o
                0x00009060                tss_fASliderDelayControl
 .rodata.tss_cu8ASliderTrendBufferLength
                0x00009064        0x1 ./Sources/TSS/TSS_SystemSetupData.o
                0x00009064                tss_cu8ASliderTrendBufferLength
 .rodata.tss_i8ASliderTrendThreshold
                0x00009065        0x1 ./Sources/TSS/TSS_SystemSetupData.o
                0x00009065                tss_i8ASliderTrendThreshold
 *fill*         0x00009066        0x2 00
 .rodata.tss_fASliderTrendThreshold
                0x00009068        0x4 ./Sources/TSS/TSS_SystemSetupData.o
                0x00009068                tss_fASliderTrendThreshold
 .rodata.tss_fASliderTrendControl
                0x0000906c        0x4 ./Sources/TSS/TSS_SystemSetupData.o
                0x0000906c                tss_fASliderTrendControl
 .rodata.tss_fOnProximity
                0x00009070        0x4 ./Sources/TSS/TSS_SystemSetupData.o
                0x00009070                tss_fOnProximity
 .rodata.tss_fProximityConfig
                0x00009074        0x4 ./Sources/TSS/TSS_SystemSetupData.o
                0x00009074                tss_fProximityConfig
 .rodata.tss_fStuckKeyControl
                0x00009078        0x4 ./Sources/TSS/TSS_SystemSetupData.o
                0x00009078                tss_fStuckKeyControl
 .rodata.tss_fResetStuckKeyCounter
                0x0000907c        0x4 ./Sources/TSS/TSS_SystemSetupData.o
                0x0000907c                tss_fResetStuckKeyCounter
 .rodata.tss_fNegativeBaselineDrop
                0x00009080        0x4 ./Sources/TSS/TSS_SystemSetupData.o
                0x00009080                tss_fNegativeBaselineDrop
 .rodata.tss_fKeyDetectorRecalibrationRequest
                0x00009084        0x4 ./Sources/TSS/TSS_SystemSetupData.o
                0x00009084                tss_fKeyDetectorRecalibrationRequest
 .rodata.tss_fSignalDivider
                0x00009088        0x4 ./Sources/TSS/TSS_SystemSetupData.o
                0x00009088                tss_fSignalDivider
 .rodata.tss_fSignalMultiplier
                0x0000908c        0x4 ./Sources/TSS/TSS_SystemSetupData.o
                0x0000908c                tss_fSignalMultiplier
 .rodata.tss_fAutoCalibration
                0x00009090        0x4 ./Sources/TSS/TSS_SystemSetupData.o
                0x00009090                tss_fAutoCalibration
 .rodata.tss_fSensitivityLowLimitControl
                0x00009094        0x4 ./Sources/TSS/TSS_SystemSetupData.o
                0x00009094                tss_fSensitivityLowLimitControl
 .rodata.tss_fDeltaNoiseAnalysisIIRControl
                0x00009098        0x4 ./Sources/TSS/TSS_SystemSetupData.o
                0x00009098                tss_fDeltaNoiseAnalysisIIRControl
 .rodata.tss_cu8BaselineInitLength
                0x0000909c        0x1 ./Sources/TSS/TSS_SystemSetupData.o
                0x0000909c                tss_cu8BaselineInitLength
 .rodata.tss_cu8AutoCalibInitLength
                0x0000909d        0x1 ./Sources/TSS/TSS_SystemSetupData.o
                0x0000909d                tss_cu8AutoCalibInitLength
 *fill*         0x0000909e        0x2 00
 .rodata.tss_ci8DeltaNoiseAnalysisIIRWeights
                0x000090a0        0x4 ./Sources/TSS/TSS_SystemSetupData.o
                0x000090a0                tss_ci8DeltaNoiseAnalysisIIRWeights
 .rodata.tss_csKeyBasicASCContext
                0x000090a4        0x8 ./Sources/TSS/TSS_SystemSetupData.o
                0x000090a4                tss_csKeyBasicASCContext
 .rodata.tss_fKeyDetectorElectrodeEval
                0x000090ac        0x4 ./Sources/TSS/TSS_SystemSetupData.o
                0x000090ac                tss_fKeyDetectorElectrodeEval
 .rodata.tss_fKeyDetectorIntegrationResetEval
                0x000090b0        0x4 ./Sources/TSS/TSS_SystemSetupData.o
                0x000090b0                tss_fKeyDetectorIntegrationResetEval
 .rodata.tss_fKeyNoiseSchedulerInit
                0x000090b4        0x4 ./Sources/TSS/TSS_SystemSetupData.o
                0x000090b4                tss_fKeyNoiseSchedulerInit
 .rodata.tss_fKeyNoiseSchedulerRun
                0x000090b8        0x4 ./Sources/TSS/TSS_SystemSetupData.o
                0x000090b8                tss_fKeyNoiseSchedulerRun
 .rodata.tss_fGetSystemDataContext
                0x000090bc        0x4 ./Sources/TSS/TSS_SystemSetupData.o
                0x000090bc                tss_fGetSystemDataContext
 .rodata.TSS_TSIL0_METHOD_ROMDATA_CONTEXT
                0x000090c0       0x10 ./Sources/TSS/TSS_SensorTSIL.o
                0x000090c0                TSS_TSIL0_METHOD_ROMDATA_CONTEXT
 .rodata.TSS_E0_ROMDATA_CONTEXT
                0x000090d0        0xc ./Sources/TSS/TSS_SensorTSIL.o
                0x000090d0                TSS_E0_ROMDATA_CONTEXT
 .rodata.TSS_E1_ROMDATA_CONTEXT
                0x000090dc        0xc ./Sources/TSS/TSS_SensorTSIL.o
                0x000090dc                TSS_E1_ROMDATA_CONTEXT
 .rodata.TSIL_MethodControl
                0x000090e8       0x24 ./Sources/TSS/TSS_SensorTSIL.o
 .rodata.TSIL_SampleElectrode
                0x0000910c       0x28 ./Sources/TSS/TSS_SensorTSIL.o
 .rodata.tss_faSampleElectrode
                0x00009134        0x8 ./Sources/TSS/TSS_Sensor.o
                0x00009134                tss_faSampleElectrode
 .rodata.tss_acp8ElectrodeROMData
                0x0000913c        0x8 ./Sources/TSS/TSS_Sensor.o
                0x0000913c                tss_acp8ElectrodeROMData
 .rodata.str1.1
                0x00009144        0x1 C:/Freescale/CW MCU v10.5/MCU/ARM_GCC_Support/ewl/lib/armv6-m\libc.a(printformat_.o)
 .rodata.CSWTCH.20
                0x00009145        0x5 C:/Freescale/CW MCU v10.5/MCU/ARM_GCC_Support/ewl/lib/armv6-m\libc.a(printformat_.o)
 .rodata.CSWTCH.21
                0x0000914a        0x5 C:/Freescale/CW MCU v10.5/MCU/ARM_GCC_Support/ewl/lib/armv6-m\libc.a(printformat_.o)
 .rodata.__aeabi_ctype_table_C
                0x0000914f      0x101 C:/Freescale/CW MCU v10.5/MCU/ARM_GCC_Support/ewl/lib/armv6-m\libc.a(ctype_aeabi.o)
                0x0000914f                __aeabi_ctype_table_C
 *(.glue_7)
 .glue_7        0x00000000        0x0 linker stubs
 *(.glue_7t)
 .glue_7t       0x00000000        0x0 linker stubs
 *(.eh_frame)
 *(.init)
 *(.fini)
                0x00009250                . = ALIGN (0x4)
                0x00009250                _etext = .

.vfp11_veneer   0x00009250        0x0
 .vfp11_veneer  0x00000000        0x0 linker stubs

.v4_bx          0x00009250        0x0
 .v4_bx         0x00000000        0x0 linker stubs

.iplt           0x00009250        0x0
 .iplt          0x00000000        0x0 ./Generated_Code/timers.o

.rel.dyn        0x00009250        0x0
 .rel.iplt      0x00000000        0x0 ./Generated_Code/timers.o

.ARM.extab
 *(.ARM.extab* .gnu.linkonce.armextab.*)

.ARM            0x00009250        0x0
                0x00009250                __exidx_start = .
 *(.ARM.exidx*)
                0x00009250                __exidx_end = .

.ctors          0x00009250        0x0
                0x00009250                __CTOR_LIST__ = .
 *crtbegin.o(.ctors)
 *(EXCLUDE_FILE(*crtend.o) .ctors)
 *(SORT(.ctors.*))
 *(.ctors)
                0x00009250                __CTOR_END__ = .

.dtors          0x00009250        0x0
                0x00009250                __DTOR_LIST__ = .
 *crtbegin.o(.dtors)
 *(EXCLUDE_FILE(*crtend.o) .dtors)
 *(SORT(.dtors.*))
 *(.dtors)
                0x00009250                __DTOR_END__ = .

.preinit_array  0x00009250        0x0
                0x00009250                PROVIDE (__preinit_array_start, .)
 *(.preinit_array*)
                0x00009250                PROVIDE (__preinit_array_end, .)

.init_array     0x00009250        0x0
                0x00009250                PROVIDE (__init_array_start, .)
 *(SORT(.init_array.*))
 *(.init_array*)
                0x00009250                PROVIDE (__init_array_end, .)

.fini_array     0x00009250        0x0
                0x00009250                PROVIDE (__fini_array_start, .)
 *(SORT(.fini_array.*))
 *(.fini_array*)
                0x00009250                PROVIDE (__fini_array_end, .)
                0x00009250                ___ROM_AT = .

.mtb            0x1ffff000        0x0
                0x1ffff000                . = ALIGN (0x8)
                0x1ffff000                _mtb_start = .
 *(.mtb_buf)
                0x1ffff000                . = ALIGN (0x8)
                0x1ffff000                _mtb_end = .

.data           0x1ffff000       0x18 load address 0x00009250
                0x1ffff000                . = ALIGN (0x4)
                0x1ffff000                _sdata = .
 *(.data)
 .data          0x1ffff000        0x1 C:/Users/JH/Documents/GitHub/M0PlusFreeRTOS/M0PlusFreeRTOS/Sources/TSS\libTSS_KXX_M0.a(TSS_KeyDetector.o)
 *(.data*)
 *fill*         0x1ffff001        0x3 00
 .data.xNextTaskUnblockTime
                0x1ffff004        0x4 ./Generated_Code/tasks.o
 .data.uxCriticalNesting
                0x1ffff008        0x4 ./Generated_Code/port.o
 .data.xFreeBytesRemaining
                0x1ffff00c        0x4 ./Generated_Code/heap_2.o
 .data.TSSTouch_cKey0
                0x1ffff010        0x8 ./Sources/TSS/TSS_SystemSetupData.o
                0x1ffff010                TSSTouch_cKey0
                0x1ffff018                . = ALIGN (0x4)
                0x1ffff018                _edata = .
                0x00000018                ___data_size = (_edata - _sdata)

.igot.plt       0x1ffff018        0x0 load address 0x00009268
 .igot.plt      0x00000000        0x0 ./Generated_Code/timers.o
                0x1ffff018                . = ALIGN (0x4)

.bss            0x1ffff018     0x16b8 load address 0x00009268
                0x1ffff018                __START_BSS = .
                0x1ffff018                PROVIDE (__bss_start__, __START_BSS)
 *(.bss)
 .bss           0x1ffff018        0x5 C:/Users/JH/Documents/GitHub/M0PlusFreeRTOS/M0PlusFreeRTOS/Sources/TSS\libTSS_KXX_M0.a(TSS_KeyDetector.o)
 *fill*         0x1ffff01d        0x3 00
 .bss           0x1ffff020        0x8 C:/Users/JH/Documents/GitHub/M0PlusFreeRTOS/M0PlusFreeRTOS/Sources/TSS\libTSS_KXX_M0.a(TSS_Main.o)
 *(.bss*)
 .bss.pxCurrentTCB
                0x1ffff028        0x4 ./Generated_Code/tasks.o
                0x1ffff028                pxCurrentTCB
 .bss.pxReadyTasksLists
                0x1ffff02c       0x64 ./Generated_Code/tasks.o
 .bss.xDelayedTaskList1
                0x1ffff090       0x14 ./Generated_Code/tasks.o
 .bss.xDelayedTaskList2
                0x1ffff0a4       0x14 ./Generated_Code/tasks.o
 .bss.pxDelayedTaskList
                0x1ffff0b8        0x4 ./Generated_Code/tasks.o
 .bss.pxOverflowDelayedTaskList
                0x1ffff0bc        0x4 ./Generated_Code/tasks.o
 .bss.xPendingReadyList
                0x1ffff0c0       0x14 ./Generated_Code/tasks.o
 .bss.xTasksWaitingTermination
                0x1ffff0d4       0x14 ./Generated_Code/tasks.o
 .bss.uxTasksDeleted
                0x1ffff0e8        0x4 ./Generated_Code/tasks.o
 .bss.xSuspendedTaskList
                0x1ffff0ec       0x14 ./Generated_Code/tasks.o
 .bss.uxCurrentNumberOfTasks
                0x1ffff100        0x4 ./Generated_Code/tasks.o
 .bss.xTickCount
                0x1ffff104        0x4 ./Generated_Code/tasks.o
 .bss.uxTopReadyPriority
                0x1ffff108        0x4 ./Generated_Code/tasks.o
 .bss.xSchedulerRunning
                0x1ffff10c        0x4 ./Generated_Code/tasks.o
 .bss.uxSchedulerSuspended
                0x1ffff110        0x4 ./Generated_Code/tasks.o
 .bss.uxPendedTicks
                0x1ffff114        0x4 ./Generated_Code/tasks.o
 .bss.xYieldPending
                0x1ffff118        0x4 ./Generated_Code/tasks.o
 .bss.xNumOfOverflows
                0x1ffff11c        0x4 ./Generated_Code/tasks.o
 .bss.uxTaskNumber
                0x1ffff120        0x4 ./Generated_Code/tasks.o
 .bss.ucHeap    0x1ffff124     0x1388 ./Generated_Code/heap_2.o
 .bss.xStart    0x200004ac        0x8 ./Generated_Code/heap_2.o
 .bss.xEnd      0x200004b4        0x8 ./Generated_Code/heap_2.o
 .bss.xHeapHasBeenInitialised.7819
                0x200004bc        0x4 ./Generated_Code/heap_2.o
 .bss.DeviceDataPrv__DEFAULT_RTOS_ALLOC
                0x200004c0        0xc ./Generated_Code/TU1.o
 .bss.DeviceDataPrv__DEFAULT_RTOS_ALLOC
                0x200004cc        0xc ./Generated_Code/TU0.o
 .bss.DeviceDataPrv__DEFAULT_RTOS_ALLOC
                0x200004d8        0xc ./Generated_Code/PwmLdd3.o
 .bss.DeviceDataPrv__DEFAULT_RTOS_ALLOC
                0x200004e4        0xc ./Generated_Code/PwmLdd2.o
 .bss.DeviceDataPrv__DEFAULT_RTOS_ALLOC
                0x200004f0        0xc ./Generated_Code/PwmLdd1.o
 .bss.PE_LDD_DeviceDataList
                0x200004fc       0x28 ./Generated_Code/PE_LDD.o
                0x200004fc                PE_LDD_DeviceDataList
 .bss.sCalValues
                0x20000524        0x8 ./Generated_Code/MMA0.o
 .bss.DeviceDataPrv__DEFAULT_RTOS_ALLOC
                0x2000052c       0x18 ./Generated_Code/IO1.o
 .bss.INT_I2C1__BAREBOARD_RTOS_ISRPARAM
                0x20000544        0x4 ./Generated_Code/I2C1.o
 .bss.DeviceDataPrv__DEFAULT_RTOS_ALLOC
                0x20000548       0x18 ./Generated_Code/I2C0.o
 .bss.INT_I2C0__BAREBOARD_RTOS_ISRPARAM
                0x20000560        0x4 ./Generated_Code/I2C0.o
 .bss.GI2C0_deviceData
                0x20000564        0x8 ./Generated_Code/GI2C0.o
 .bss.GI2C0_busSem
                0x2000056c        0x4 ./Generated_Code/GI2C0.o
 .bss.writeBuf.6336
                0x20000570       0x10 ./Generated_Code/GI2C0.o
 .bss.DeviceDataPrv__DEFAULT_RTOS_ALLOC
                0x20000580        0x8 ./Generated_Code/AdcLdd1.o
 .bss.ModeFlg   0x20000588        0x1 ./Generated_Code/AD0.o
 .bss.OutFlg    0x20000589        0x1 ./Generated_Code/AD0.o
 *fill*         0x2000058a        0x2 00
 .bss.argv      0x2000058c        0x4 ./Project_Settings/Startup_Code/__arm_start.o
 .bss.TSS_C0_STRUCTURE_RAM_CONTEXT
                0x20000590        0x4 ./Sources/TSS/TSS_SystemSetupData.o
                0x20000590                TSS_C0_STRUCTURE_RAM_CONTEXT
 .bss.tss_apsControlPrivateData
                0x20000594        0x4 ./Sources/TSS/TSS_SystemSetupData.o
                0x20000594                tss_apsControlPrivateData
 .bss.TSS_TSIL0_METHOD_RAMDATA_CONTEXT
                0x20000598        0xc ./Sources/TSS/TSS_SensorTSIL.o
                0x20000598                TSS_TSIL0_METHOD_RAMDATA_CONTEXT
 .bss.__stdio_exit
                0x200005a4        0x4 C:/Freescale/CW MCU v10.5/MCU/ARM_GCC_Support/ewl/lib/armv6-m\libc.a(exit.o)
                0x200005a4                __stdio_exit
 .bss.__console_exit
                0x200005a8        0x4 C:/Freescale/CW MCU v10.5/MCU/ARM_GCC_Support/ewl/lib/armv6-m\libc.a(exit.o)
                0x200005a8                __console_exit
 .bss.__S_romp  0x200005ac        0xc C:/Freescale/CW MCU v10.5/MCU/ARM_GCC_Support/ewl/lib/armv6-m\librt.a(ROMCopy.o)
 .bss.__global_destructor_chain
                0x200005b8        0x4 C:/Freescale/CW MCU v10.5/MCU/ARM_GCC_Support/ewl/lib/armv6-m\librt.a(__arm_eabi_init.o)
                0x200005b8                __global_destructor_chain
 *(COMMON)
 COMMON         0x200005bc       0x10 ./Generated_Code/AD0.o
                0x200005bc                AD0_OutV
                0x200005c8                AdcLdd1_DeviceDataPtr
 COMMON         0x200005cc       0xa5 ./Sources/TSS/TSS_SystemSetupData.o
                0x200005cc                tss_au8StuckCount
                0x200005ce                tss_u8ConfCheckSum
                0x200005d0                tss_au8Sensitivity
                0x200005d4                tss_ai8DeltaAmplitude
                0x200005d8                tss_CSSys
                0x200005e4                tss_ai8MaxDeltaAmplitude
                0x200005e8                tss_ai8SensitivityLowLimit
                0x200005ec                tss_ai8InstantDelta
                0x200005f0                TSS_C0_DELAY_BUFFER
                0x200005f4                tss_au16PrevCapSample
                0x200005f8                TSS_C0_TREND_BUFFER
                0x20000618                tss_au8ControlScheduleCount
                0x2000061c                TSS_C0_TREND_CONTEXT
                0x20000620                tss_au8TouchCount
                0x20000624                tss_au8ElectrodeMeasured
                0x20000628                tss_au16InstantSignal
                0x2000062c                tss_au8DebounceCount
                0x20000630                tss_au8ElectrodeStatus
                0x20000634                tss_au8ElectrodeMarker
                0x20000638                tss_ai8NoiseAmplitude
                0x2000063c                tss_asDeltaNoiseAnalysisIIRData
                0x20000648                tss_asAutoCalibrationData
                0x20000650                tss_au8ElecState
                0x20000654                TSS_C0_DELAY_CONTEXT
                0x20000658                tss_au8ElectrodeEnablers
                0x2000065c                TSS_C0_POSFILTER_CONTEXT
                0x20000660                tss_au8ElectrodeDCTrackerEnablers
                0x20000664                tss_au16ElecBaseline
                0x20000668                tss_au8ReleaseCount
                0x2000066c                tss_au8ElectrodeLowThresholdEnablers
                0x20000670                tss_ai8IntegrationDelta
 *fill*         0x20000671        0x3 00
 COMMON         0x20000674       0x20 ./Sources/TSS/TSS_SensorTSIL.o
                0x20000674                TSS_TSIL0_CHANNEL_COUNTER_BUFFER
 COMMON         0x20000694       0x10 ./Sources/TSS/TSS_Sensor.o
                0x20000694                tss_u8SampleIntFlag
                0x20000698                tss_psElectrodeTimertAdr
                0x2000069c                tss_u8ElectrodeBitNum
                0x200006a0                tss_psElectrodeRGPIOAdr
 COMMON         0x200006a4       0x28 ./Sources/Tasks/TaskWriteString.o
                0x200006a4                taskHandles
 COMMON         0x200006cc        0x2 C:/Users/JH/Documents/GitHub/M0PlusFreeRTOS/M0PlusFreeRTOS/Sources/TSS\libTSS_KXX_M0.a(TSS_KeyDetector.o)
                0x200006cc                tss_u16CapSample
                0x200006d0                . = ALIGN (0x4)
 *fill*         0x200006ce        0x2 00
                0x200006d0                __END_BSS = .
                0x200006d0                PROVIDE (__bss_end__, __END_BSS)
                0x00009268                _romp_at = (___ROM_AT + SIZEOF (.data))

.romp           0x200006d0       0x18 load address 0x00009268
                0x00009268                __S_romp = _romp_at
                0x200006d0        0x4 LONG 0x9250 ___ROM_AT
                0x200006d4        0x4 LONG 0x1ffff000 _sdata
                0x200006d8        0x4 LONG 0x18 ___data_size
                0x200006dc        0x4 LONG 0x0
                0x200006e0        0x4 LONG 0x0
                0x200006e4        0x4 LONG 0x0

._user_heap_stack
                0x200006e8       0x20 load address 0x00009280
                0x200006e8                . = ALIGN (0x4)
                0x200006e8                PROVIDE (end, .)
                0x200006e8                PROVIDE (_end, .)
                0x200006e8                __heap_addr = .
                0x200006e8                . = (. + __heap_size)
                0x20000708                . = (. + __stack_size)
 *fill*         0x200006e8       0x20 00
                0x20000708                . = ALIGN (0x4)

.ARM.attributes
                0x00000000       0x2f
 *(.ARM.attributes)
 .ARM.attributes
                0x00000000       0x31 ./Generated_Code/tasks.o
 .ARM.attributes
                0x00000031       0x31 ./Generated_Code/queue.o
 .ARM.attributes
                0x00000062       0x31 ./Generated_Code/port.o
 .ARM.attributes
                0x00000093       0x31 ./Generated_Code/list.o
 .ARM.attributes
                0x000000c4       0x31 ./Generated_Code/heap_2.o
 .ARM.attributes
                0x000000f5       0x31 ./Generated_Code/Vectors.o
 .ARM.attributes
                0x00000126       0x31 ./Generated_Code/TU1.o
 .ARM.attributes
                0x00000157       0x31 ./Generated_Code/TU0.o
 .ARM.attributes
                0x00000188       0x31 ./Generated_Code/TSSTouch.o
 .ARM.attributes
                0x000001b9       0x31 ./Generated_Code/PwmLdd3.o
 .ARM.attributes
                0x000001ea       0x31 ./Generated_Code/PwmLdd2.o
 .ARM.attributes
                0x0000021b       0x31 ./Generated_Code/PwmLdd1.o
 .ARM.attributes
                0x0000024c       0x31 ./Generated_Code/PE_LDD.o
 .ARM.attributes
                0x0000027d       0x31 ./Generated_Code/MMA0.o
 .ARM.attributes
                0x000002ae       0x31 ./Generated_Code/IO1.o
 .ARM.attributes
                0x000002df       0x31 ./Generated_Code/I2C1.o
 .ARM.attributes
                0x00000310       0x31 ./Generated_Code/I2C0.o
 .ARM.attributes
                0x00000341       0x31 ./Generated_Code/GI2C0.o
 .ARM.attributes
                0x00000372       0x31 ./Generated_Code/Cpu.o
 .ARM.attributes
                0x000003a3       0x31 ./Generated_Code/AdcLdd1.o
 .ARM.attributes
                0x000003d4       0x31 ./Generated_Code/AD0.o
 .ARM.attributes
                0x00000405       0x31 ./Project_Settings/Startup_Code/__arm_start.o
 .ARM.attributes
                0x00000436       0x31 ./Project_Settings/Startup_Code/__arm_end.o
 .ARM.attributes
                0x00000467       0x31 ./Sources/TSS/TSS_SystemSetupData.o
 .ARM.attributes
                0x00000498       0x31 ./Sources/TSS/TSS_SensorTSIL.o
 .ARM.attributes
                0x000004c9       0x31 ./Sources/TSS/TSS_Sensor.o
 .ARM.attributes
                0x000004fa       0x31 ./Sources/Tasks/TaskWriteString.o
 .ARM.attributes
                0x0000052b       0x31 ./Sources/Tasks/TaskAccelerometer.o
 .ARM.attributes
                0x0000055c       0x31 ./Sources/ProcessorExpert.o
 .ARM.attributes
                0x0000058d       0x31 ./Sources/Events.o
 .ARM.attributes
                0x000005be       0x31 C:/Users/JH/Documents/GitHub/M0PlusFreeRTOS/M0PlusFreeRTOS/Sources/TSS\libTSS_KXX_M0.a(TSS_ASliderDecoder.o)
 .ARM.attributes
                0x000005ef       0x31 C:/Users/JH/Documents/GitHub/M0PlusFreeRTOS/M0PlusFreeRTOS/Sources/TSS\libTSS_KXX_M0.a(TSS_Filters.o)
 .ARM.attributes
                0x00000620       0x31 C:/Users/JH/Documents/GitHub/M0PlusFreeRTOS/M0PlusFreeRTOS/Sources/TSS\libTSS_KXX_M0.a(TSS_KeyDetectorNormal.o)
 .ARM.attributes
                0x00000651       0x31 C:/Users/JH/Documents/GitHub/M0PlusFreeRTOS/M0PlusFreeRTOS/Sources/TSS\libTSS_KXX_M0.a(TSS_KeyDetector.o)
 .ARM.attributes
                0x00000682       0x31 C:/Users/JH/Documents/GitHub/M0PlusFreeRTOS/M0PlusFreeRTOS/Sources/TSS\libTSS_KXX_M0.a(TSS_Main.o)
 .ARM.attributes
                0x000006b3       0x31 C:/Freescale/CW MCU v10.5/MCU/ARM_GCC_Support/ewl/lib/armv6-m\libc.a(exit.o)
 .ARM.attributes
                0x000006e4       0x31 C:/Freescale/CW MCU v10.5/MCU/ARM_GCC_Support/ewl/lib/armv6-m\libc.a(memcpy.o)
 .ARM.attributes
                0x00000715       0x31 C:/Freescale/CW MCU v10.5/MCU/ARM_GCC_Support/ewl/lib/armv6-m\libc.a(memset.o)
 .ARM.attributes
                0x00000746       0x31 C:/Freescale/CW MCU v10.5/MCU/ARM_GCC_Support/ewl/lib/armv6-m\libc.a(strchr.o)
 .ARM.attributes
                0x00000777       0x31 C:/Freescale/CW MCU v10.5/MCU/ARM_GCC_Support/ewl/lib/armv6-m\libc.a(strlen.o)
 .ARM.attributes
                0x000007a8       0x31 C:/Freescale/CW MCU v10.5/MCU/ARM_GCC_Support/ewl/lib/armv6-m\libc.a(printformat_.o)
 .ARM.attributes
                0x000007d9       0x31 C:/Freescale/CW MCU v10.5/MCU/ARM_GCC_Support/ewl/lib/armv6-m\libc.a(scanformat_.o)
 .ARM.attributes
                0x0000080a       0x31 C:/Freescale/CW MCU v10.5/MCU/ARM_GCC_Support/ewl/lib/armv6-m\libc.a(ctype_aeabi.o)
 .ARM.attributes
                0x0000083b       0x31 C:/Freescale/CW MCU v10.5/MCU/ARM_GCC_Support/ewl/lib/armv6-m\libc.a(__strtoul.o)
 .ARM.attributes
                0x0000086c       0x31 C:/Freescale/CW MCU v10.5/MCU/ARM_GCC_Support/ewl/lib/armv6-m\libc.a(__filll_mem.o)
 .ARM.attributes
                0x0000089d       0x31 C:/Freescale/CW MCU v10.5/MCU/ARM_GCC_Support/ewl/lib/armv6-m\libc.a(memchr.o)
 .ARM.attributes
                0x000008ce       0x1e c:/freescale/cw mcu v10.5/cross_tools/arm-none-eabi-gcc-4_7_3/bin/../lib/gcc/arm-none-eabi/4.7.3/armv6-m\libgcc.a(_thumb1_case_sqi.o)
 .ARM.attributes
                0x000008ec       0x1e c:/freescale/cw mcu v10.5/cross_tools/arm-none-eabi-gcc-4_7_3/bin/../lib/gcc/arm-none-eabi/4.7.3/armv6-m\libgcc.a(_thumb1_case_uqi.o)
 .ARM.attributes
                0x0000090a       0x1e c:/freescale/cw mcu v10.5/cross_tools/arm-none-eabi-gcc-4_7_3/bin/../lib/gcc/arm-none-eabi/4.7.3/armv6-m\libgcc.a(_udivsi3.o)
 .ARM.attributes
                0x00000928       0x1e c:/freescale/cw mcu v10.5/cross_tools/arm-none-eabi-gcc-4_7_3/bin/../lib/gcc/arm-none-eabi/4.7.3/armv6-m\libgcc.a(_divsi3.o)
 .ARM.attributes
                0x00000946       0x1e c:/freescale/cw mcu v10.5/cross_tools/arm-none-eabi-gcc-4_7_3/bin/../lib/gcc/arm-none-eabi/4.7.3/armv6-m\libgcc.a(_dvmd_tls.o)
 .ARM.attributes
                0x00000964       0x2c c:/freescale/cw mcu v10.5/cross_tools/arm-none-eabi-gcc-4_7_3/bin/../lib/gcc/arm-none-eabi/4.7.3/armv6-m\libgcc.a(divdf3.o)
 .ARM.attributes
                0x00000990       0x2c c:/freescale/cw mcu v10.5/cross_tools/arm-none-eabi-gcc-4_7_3/bin/../lib/gcc/arm-none-eabi/4.7.3/armv6-m\libgcc.a(fixdfsi.o)
 .ARM.attributes
                0x000009bc       0x2c c:/freescale/cw mcu v10.5/cross_tools/arm-none-eabi-gcc-4_7_3/bin/../lib/gcc/arm-none-eabi/4.7.3/armv6-m\libgcc.a(floatsidf.o)
 .ARM.attributes
                0x000009e8       0x1e c:/freescale/cw mcu v10.5/cross_tools/arm-none-eabi-gcc-4_7_3/bin/../lib/gcc/arm-none-eabi/4.7.3/armv6-m\libgcc.a(_clzsi2.o)
 .ARM.attributes
                0x00000a06       0x31 C:/Freescale/CW MCU v10.5/MCU/ARM_GCC_Support/ewl/lib/armv6-m\librt.a(gcc_ctor_dtor.o)
 .ARM.attributes
                0x00000a37       0x31 C:/Freescale/CW MCU v10.5/MCU/ARM_GCC_Support/ewl/lib/armv6-m\librt.a(ROMCopy.o)
 .ARM.attributes
                0x00000a68       0x31 C:/Freescale/CW MCU v10.5/MCU/ARM_GCC_Support/ewl/lib/armv6-m\librt.a(__arm_eabi_init.o)
OUTPUT(M0PlusFreeRTOS.elf elf32-littlearm)

.debug_info     0x00000000     0xca1c
 .debug_info    0x00000000      0xea6 ./Generated_Code/tasks.o
 .debug_info    0x00000ea6      0xb70 ./Generated_Code/queue.o
 .debug_info    0x00001a16      0x26a ./Generated_Code/port.o
 .debug_info    0x00001c80      0x29d ./Generated_Code/list.o
 .debug_info    0x00001f1d      0x2a9 ./Generated_Code/heap_2.o
 .debug_info    0x000021c6      0x10b ./Generated_Code/Vectors.o
 .debug_info    0x000022d1      0x744 ./Generated_Code/TU1.o
 .debug_info    0x00002a15      0x740 ./Generated_Code/TU0.o
 .debug_info    0x00003155      0x65b ./Generated_Code/TSSTouch.o
 .debug_info    0x000037b0      0x365 ./Generated_Code/PwmLdd3.o
 .debug_info    0x00003b15      0x365 ./Generated_Code/PwmLdd2.o
 .debug_info    0x00003e7a      0x365 ./Generated_Code/PwmLdd1.o
 .debug_info    0x000041df      0x255 ./Generated_Code/PE_LDD.o
 .debug_info    0x00004434      0x681 ./Generated_Code/MMA0.o
 .debug_info    0x00004ab5      0x5dc ./Generated_Code/IO1.o
 .debug_info    0x00005091      0x79f ./Generated_Code/I2C1.o
 .debug_info    0x00005830      0x84a ./Generated_Code/I2C0.o
 .debug_info    0x0000607a      0x5d4 ./Generated_Code/GI2C0.o
 .debug_info    0x0000664e      0x8e8 ./Generated_Code/Cpu.o
 .debug_info    0x00006f36      0x7ce ./Generated_Code/AdcLdd1.o
 .debug_info    0x00007704      0x235 ./Generated_Code/AD0.o
 .debug_info    0x00007939      0x12a ./Project_Settings/Startup_Code/__arm_start.o
 .debug_info    0x00007a63       0x54 ./Project_Settings/Startup_Code/__arm_end.o
 .debug_info    0x00007ab7     0x1229 ./Sources/TSS/TSS_SystemSetupData.o
 .debug_info    0x00008ce0      0xf99 ./Sources/TSS/TSS_SensorTSIL.o
 .debug_info    0x00009c79      0x4e3 ./Sources/TSS/TSS_Sensor.o
 .debug_info    0x0000a15c      0x178 ./Sources/Tasks/TaskWriteString.o
 .debug_info    0x0000a2d4      0x1b3 ./Sources/Tasks/TaskAccelerometer.o
 .debug_info    0x0000a487      0x105 ./Sources/ProcessorExpert.o
 .debug_info    0x0000a58c      0x878 ./Sources/Events.o
 .debug_info    0x0000ae04       0xe8 C:/Freescale/CW MCU v10.5/MCU/ARM_GCC_Support/ewl/lib/armv6-m\libc.a(exit.o)
 .debug_info    0x0000aeec      0x10f C:/Freescale/CW MCU v10.5/MCU/ARM_GCC_Support/ewl/lib/armv6-m\libc.a(memcpy.o)
 .debug_info    0x0000affb       0xec C:/Freescale/CW MCU v10.5/MCU/ARM_GCC_Support/ewl/lib/armv6-m\libc.a(memset.o)
 .debug_info    0x0000b0e7      0x10b C:/Freescale/CW MCU v10.5/MCU/ARM_GCC_Support/ewl/lib/armv6-m\libc.a(strchr.o)
 .debug_info    0x0000b1f2       0xea C:/Freescale/CW MCU v10.5/MCU/ARM_GCC_Support/ewl/lib/armv6-m\libc.a(strlen.o)
 .debug_info    0x0000b2dc      0x50d C:/Freescale/CW MCU v10.5/MCU/ARM_GCC_Support/ewl/lib/armv6-m\libc.a(printformat_.o)
 .debug_info    0x0000b7e9      0x568 C:/Freescale/CW MCU v10.5/MCU/ARM_GCC_Support/ewl/lib/armv6-m\libc.a(scanformat_.o)
 .debug_info    0x0000bd51      0x313 C:/Freescale/CW MCU v10.5/MCU/ARM_GCC_Support/ewl/lib/armv6-m\libc.a(ctype_aeabi.o)
 .debug_info    0x0000c064      0x1d6 C:/Freescale/CW MCU v10.5/MCU/ARM_GCC_Support/ewl/lib/armv6-m\libc.a(__strtoul.o)
 .debug_info    0x0000c23a      0x137 C:/Freescale/CW MCU v10.5/MCU/ARM_GCC_Support/ewl/lib/armv6-m\libc.a(__filll_mem.o)
 .debug_info    0x0000c371      0x121 C:/Freescale/CW MCU v10.5/MCU/ARM_GCC_Support/ewl/lib/armv6-m\libc.a(memchr.o)
 .debug_info    0x0000c492      0x136 C:/Freescale/CW MCU v10.5/MCU/ARM_GCC_Support/ewl/lib/armv6-m\librt.a(gcc_ctor_dtor.o)
 .debug_info    0x0000c5c8      0x19b C:/Freescale/CW MCU v10.5/MCU/ARM_GCC_Support/ewl/lib/armv6-m\librt.a(ROMCopy.o)
 .debug_info    0x0000c763      0x2b9 C:/Freescale/CW MCU v10.5/MCU/ARM_GCC_Support/ewl/lib/armv6-m\librt.a(__arm_eabi_init.o)

.debug_abbrev   0x00000000     0x2f6b
 .debug_abbrev  0x00000000      0x18d ./Generated_Code/tasks.o
 .debug_abbrev  0x0000018d      0x167 ./Generated_Code/queue.o
 .debug_abbrev  0x000002f4      0x107 ./Generated_Code/port.o
 .debug_abbrev  0x000003fb       0xb6 ./Generated_Code/list.o
 .debug_abbrev  0x000004b1      0x141 ./Generated_Code/heap_2.o
 .debug_abbrev  0x000005f2       0xa3 ./Generated_Code/Vectors.o
 .debug_abbrev  0x00000695      0x17e ./Generated_Code/TU1.o
 .debug_abbrev  0x00000813      0x17e ./Generated_Code/TU0.o
 .debug_abbrev  0x00000991      0x145 ./Generated_Code/TSSTouch.o
 .debug_abbrev  0x00000ad6      0x114 ./Generated_Code/PwmLdd3.o
 .debug_abbrev  0x00000bea      0x114 ./Generated_Code/PwmLdd2.o
 .debug_abbrev  0x00000cfe      0x114 ./Generated_Code/PwmLdd1.o
 .debug_abbrev  0x00000e12      0x102 ./Generated_Code/PE_LDD.o
 .debug_abbrev  0x00000f14      0x16d ./Generated_Code/MMA0.o
 .debug_abbrev  0x00001081      0x149 ./Generated_Code/IO1.o
 .debug_abbrev  0x000011ca      0x170 ./Generated_Code/I2C1.o
 .debug_abbrev  0x0000133a      0x170 ./Generated_Code/I2C0.o
 .debug_abbrev  0x000014aa      0x1d1 ./Generated_Code/GI2C0.o
 .debug_abbrev  0x0000167b      0x122 ./Generated_Code/Cpu.o
 .debug_abbrev  0x0000179d      0x186 ./Generated_Code/AdcLdd1.o
 .debug_abbrev  0x00001923      0x12b ./Generated_Code/AD0.o
 .debug_abbrev  0x00001a4e       0x92 ./Project_Settings/Startup_Code/__arm_start.o
 .debug_abbrev  0x00001ae0       0x4c ./Project_Settings/Startup_Code/__arm_end.o
 .debug_abbrev  0x00001b2c      0x12b ./Sources/TSS/TSS_SystemSetupData.o
 .debug_abbrev  0x00001c57      0x1a9 ./Sources/TSS/TSS_SensorTSIL.o
 .debug_abbrev  0x00001e00      0x115 ./Sources/TSS/TSS_Sensor.o
 .debug_abbrev  0x00001f15       0xed ./Sources/Tasks/TaskWriteString.o
 .debug_abbrev  0x00002002      0x100 ./Sources/Tasks/TaskAccelerometer.o
 .debug_abbrev  0x00002102       0x7f ./Sources/ProcessorExpert.o
 .debug_abbrev  0x00002181      0x1bc ./Sources/Events.o
 .debug_abbrev  0x0000233d       0x7a C:/Freescale/CW MCU v10.5/MCU/ARM_GCC_Support/ewl/lib/armv6-m\libc.a(exit.o)
 .debug_abbrev  0x000023b7       0x95 C:/Freescale/CW MCU v10.5/MCU/ARM_GCC_Support/ewl/lib/armv6-m\libc.a(memcpy.o)
 .debug_abbrev  0x0000244c       0x62 C:/Freescale/CW MCU v10.5/MCU/ARM_GCC_Support/ewl/lib/armv6-m\libc.a(memset.o)
 .debug_abbrev  0x000024ae       0x7a C:/Freescale/CW MCU v10.5/MCU/ARM_GCC_Support/ewl/lib/armv6-m\libc.a(strchr.o)
 .debug_abbrev  0x00002528       0x7a C:/Freescale/CW MCU v10.5/MCU/ARM_GCC_Support/ewl/lib/armv6-m\libc.a(strlen.o)
 .debug_abbrev  0x000025a2      0x200 C:/Freescale/CW MCU v10.5/MCU/ARM_GCC_Support/ewl/lib/armv6-m\libc.a(printformat_.o)
 .debug_abbrev  0x000027a2      0x1f0 C:/Freescale/CW MCU v10.5/MCU/ARM_GCC_Support/ewl/lib/armv6-m\libc.a(scanformat_.o)
 .debug_abbrev  0x00002992       0x9e C:/Freescale/CW MCU v10.5/MCU/ARM_GCC_Support/ewl/lib/armv6-m\libc.a(ctype_aeabi.o)
 .debug_abbrev  0x00002a30       0xc2 C:/Freescale/CW MCU v10.5/MCU/ARM_GCC_Support/ewl/lib/armv6-m\libc.a(__strtoul.o)
 .debug_abbrev  0x00002af2       0x78 C:/Freescale/CW MCU v10.5/MCU/ARM_GCC_Support/ewl/lib/armv6-m\libc.a(__filll_mem.o)
 .debug_abbrev  0x00002b6a       0x95 C:/Freescale/CW MCU v10.5/MCU/ARM_GCC_Support/ewl/lib/armv6-m\libc.a(memchr.o)
 .debug_abbrev  0x00002bff       0x99 C:/Freescale/CW MCU v10.5/MCU/ARM_GCC_Support/ewl/lib/armv6-m\librt.a(gcc_ctor_dtor.o)
 .debug_abbrev  0x00002c98      0x120 C:/Freescale/CW MCU v10.5/MCU/ARM_GCC_Support/ewl/lib/armv6-m\librt.a(ROMCopy.o)
 .debug_abbrev  0x00002db8      0x1b3 C:/Freescale/CW MCU v10.5/MCU/ARM_GCC_Support/ewl/lib/armv6-m\librt.a(__arm_eabi_init.o)

.debug_loc      0x00000000     0x58e9
 .debug_loc     0x00000000      0x7e8 ./Generated_Code/tasks.o
 .debug_loc     0x000007e8      0x5b0 ./Generated_Code/queue.o
 .debug_loc     0x00000d98      0x228 ./Generated_Code/port.o
 .debug_loc     0x00000fc0      0x118 ./Generated_Code/list.o
 .debug_loc     0x000010d8      0x100 ./Generated_Code/heap_2.o
 .debug_loc     0x000011d8      0x188 ./Generated_Code/TU1.o
 .debug_loc     0x00001360      0x188 ./Generated_Code/TU0.o
 .debug_loc     0x000014e8       0x64 ./Generated_Code/TSSTouch.o
 .debug_loc     0x0000154c      0x188 ./Generated_Code/PwmLdd3.o
 .debug_loc     0x000016d4      0x188 ./Generated_Code/PwmLdd2.o
 .debug_loc     0x0000185c      0x188 ./Generated_Code/PwmLdd1.o
 .debug_loc     0x000019e4       0x9c ./Generated_Code/PE_LDD.o
 .debug_loc     0x00001a80      0x518 ./Generated_Code/MMA0.o
 .debug_loc     0x00001f98       0xe0 ./Generated_Code/IO1.o
 .debug_loc     0x00002078      0x118 ./Generated_Code/I2C1.o
 .debug_loc     0x00002190      0x150 ./Generated_Code/I2C0.o
 .debug_loc     0x000022e0      0x338 ./Generated_Code/GI2C0.o
 .debug_loc     0x00002618       0xb0 ./Generated_Code/Cpu.o
 .debug_loc     0x000026c8      0x188 ./Generated_Code/AdcLdd1.o
 .debug_loc     0x00002850      0x12c ./Generated_Code/AD0.o
 .debug_loc     0x0000297c       0x2c ./Project_Settings/Startup_Code/__arm_start.o
 .debug_loc     0x000029a8       0x38 ./Project_Settings/Startup_Code/__arm_end.o
 .debug_loc     0x000029e0       0x38 ./Sources/TSS/TSS_SystemSetupData.o
 .debug_loc     0x00002a18      0x2a2 ./Sources/TSS/TSS_SensorTSIL.o
 .debug_loc     0x00002cba       0xe0 ./Sources/TSS/TSS_Sensor.o
 .debug_loc     0x00002d9a       0xc8 ./Sources/Tasks/TaskWriteString.o
 .debug_loc     0x00002e62       0xd4 ./Sources/Tasks/TaskAccelerometer.o
 .debug_loc     0x00002f36       0x2c ./Sources/ProcessorExpert.o
 .debug_loc     0x00002f62      0x29c ./Sources/Events.o
 .debug_loc     0x000031fe       0x3e C:/Freescale/CW MCU v10.5/MCU/ARM_GCC_Support/ewl/lib/armv6-m\libc.a(exit.o)
 .debug_loc     0x0000323c       0x59 C:/Freescale/CW MCU v10.5/MCU/ARM_GCC_Support/ewl/lib/armv6-m\libc.a(memcpy.o)
 .debug_loc     0x00003295       0x6f C:/Freescale/CW MCU v10.5/MCU/ARM_GCC_Support/ewl/lib/armv6-m\libc.a(memset.o)
 .debug_loc     0x00003304       0xaf C:/Freescale/CW MCU v10.5/MCU/ARM_GCC_Support/ewl/lib/armv6-m\libc.a(strchr.o)
 .debug_loc     0x000033b3       0x33 C:/Freescale/CW MCU v10.5/MCU/ARM_GCC_Support/ewl/lib/armv6-m\libc.a(strlen.o)
 .debug_loc     0x000033e6     0x104b C:/Freescale/CW MCU v10.5/MCU/ARM_GCC_Support/ewl/lib/armv6-m\libc.a(printformat_.o)
 .debug_loc     0x00004431      0x9d8 C:/Freescale/CW MCU v10.5/MCU/ARM_GCC_Support/ewl/lib/armv6-m\libc.a(scanformat_.o)
 .debug_loc     0x00004e09      0x30d C:/Freescale/CW MCU v10.5/MCU/ARM_GCC_Support/ewl/lib/armv6-m\libc.a(ctype_aeabi.o)
 .debug_loc     0x00005116      0x305 C:/Freescale/CW MCU v10.5/MCU/ARM_GCC_Support/ewl/lib/armv6-m\libc.a(__strtoul.o)
 .debug_loc     0x0000541b      0x14a C:/Freescale/CW MCU v10.5/MCU/ARM_GCC_Support/ewl/lib/armv6-m\libc.a(__filll_mem.o)
 .debug_loc     0x00005565       0x77 C:/Freescale/CW MCU v10.5/MCU/ARM_GCC_Support/ewl/lib/armv6-m\libc.a(memchr.o)
 .debug_loc     0x000055dc       0x9d C:/Freescale/CW MCU v10.5/MCU/ARM_GCC_Support/ewl/lib/armv6-m\librt.a(gcc_ctor_dtor.o)
 .debug_loc     0x00005679       0xd9 C:/Freescale/CW MCU v10.5/MCU/ARM_GCC_Support/ewl/lib/armv6-m\librt.a(ROMCopy.o)
 .debug_loc     0x00005752      0x197 C:/Freescale/CW MCU v10.5/MCU/ARM_GCC_Support/ewl/lib/armv6-m\librt.a(__arm_eabi_init.o)

.debug_aranges  0x00000000      0xce8
 .debug_aranges
                0x00000000      0x140 ./Generated_Code/tasks.o
 .debug_aranges
                0x00000140       0xe8 ./Generated_Code/queue.o
 .debug_aranges
                0x00000228       0x88 ./Generated_Code/port.o
 .debug_aranges
                0x000002b0       0x40 ./Generated_Code/list.o
 .debug_aranges
                0x000002f0       0x40 ./Generated_Code/heap_2.o
 .debug_aranges
                0x00000330       0x18 ./Generated_Code/Vectors.o
 .debug_aranges
                0x00000348       0x50 ./Generated_Code/TU1.o
 .debug_aranges
                0x00000398       0x50 ./Generated_Code/TU0.o
 .debug_aranges
                0x000003e8       0x28 ./Generated_Code/TSSTouch.o
 .debug_aranges
                0x00000410       0x50 ./Generated_Code/PwmLdd3.o
 .debug_aranges
                0x00000460       0x50 ./Generated_Code/PwmLdd2.o
 .debug_aranges
                0x000004b0       0x50 ./Generated_Code/PwmLdd1.o
 .debug_aranges
                0x00000500       0x30 ./Generated_Code/PE_LDD.o
 .debug_aranges
                0x00000530       0xe0 ./Generated_Code/MMA0.o
 .debug_aranges
                0x00000610       0x38 ./Generated_Code/IO1.o
 .debug_aranges
                0x00000648       0x40 ./Generated_Code/I2C1.o
 .debug_aranges
                0x00000688       0x48 ./Generated_Code/I2C0.o
 .debug_aranges
                0x000006d0       0x98 ./Generated_Code/GI2C0.o
 .debug_aranges
                0x00000768       0x38 ./Generated_Code/Cpu.o
 .debug_aranges
                0x000007a0       0x50 ./Generated_Code/AdcLdd1.o
 .debug_aranges
                0x000007f0       0x48 ./Generated_Code/AD0.o
 .debug_aranges
                0x00000838       0x30 ./Project_Settings/Startup_Code/__arm_start.o
 .debug_aranges
                0x00000868       0x20 ./Project_Settings/Startup_Code/__arm_end.o
 .debug_aranges
                0x00000888       0x20 ./Sources/TSS/TSS_SystemSetupData.o
 .debug_aranges
                0x000008a8       0x78 ./Sources/TSS/TSS_SensorTSIL.o
 .debug_aranges
                0x00000920       0x38 ./Sources/TSS/TSS_Sensor.o
 .debug_aranges
                0x00000958       0x38 ./Sources/Tasks/TaskWriteString.o
 .debug_aranges
                0x00000990       0x38 ./Sources/Tasks/TaskAccelerometer.o
 .debug_aranges
                0x000009c8       0x20 ./Sources/ProcessorExpert.o
 .debug_aranges
                0x000009e8       0x80 ./Sources/Events.o
 .debug_aranges
                0x00000a68       0x20 C:/Freescale/CW MCU v10.5/MCU/ARM_GCC_Support/ewl/lib/armv6-m\libc.a(exit.o)
 .debug_aranges
                0x00000a88       0x20 C:/Freescale/CW MCU v10.5/MCU/ARM_GCC_Support/ewl/lib/armv6-m\libc.a(memcpy.o)
 .debug_aranges
                0x00000aa8       0x20 C:/Freescale/CW MCU v10.5/MCU/ARM_GCC_Support/ewl/lib/armv6-m\libc.a(memset.o)
 .debug_aranges
                0x00000ac8       0x20 C:/Freescale/CW MCU v10.5/MCU/ARM_GCC_Support/ewl/lib/armv6-m\libc.a(strchr.o)
 .debug_aranges
                0x00000ae8       0x20 C:/Freescale/CW MCU v10.5/MCU/ARM_GCC_Support/ewl/lib/armv6-m\libc.a(strlen.o)
 .debug_aranges
                0x00000b08       0x28 C:/Freescale/CW MCU v10.5/MCU/ARM_GCC_Support/ewl/lib/armv6-m\libc.a(printformat_.o)
 .debug_aranges
                0x00000b30       0x20 C:/Freescale/CW MCU v10.5/MCU/ARM_GCC_Support/ewl/lib/armv6-m\libc.a(scanformat_.o)
 .debug_aranges
                0x00000b50       0x88 C:/Freescale/CW MCU v10.5/MCU/ARM_GCC_Support/ewl/lib/armv6-m\libc.a(ctype_aeabi.o)
 .debug_aranges
                0x00000bd8       0x20 C:/Freescale/CW MCU v10.5/MCU/ARM_GCC_Support/ewl/lib/armv6-m\libc.a(__strtoul.o)
 .debug_aranges
                0x00000bf8       0x20 C:/Freescale/CW MCU v10.5/MCU/ARM_GCC_Support/ewl/lib/armv6-m\libc.a(__filll_mem.o)
 .debug_aranges
                0x00000c18       0x20 C:/Freescale/CW MCU v10.5/MCU/ARM_GCC_Support/ewl/lib/armv6-m\libc.a(memchr.o)
 .debug_aranges
                0x00000c38       0x28 C:/Freescale/CW MCU v10.5/MCU/ARM_GCC_Support/ewl/lib/armv6-m\librt.a(gcc_ctor_dtor.o)
 .debug_aranges
                0x00000c60       0x30 C:/Freescale/CW MCU v10.5/MCU/ARM_GCC_Support/ewl/lib/armv6-m\librt.a(ROMCopy.o)
 .debug_aranges
                0x00000c90       0x58 C:/Freescale/CW MCU v10.5/MCU/ARM_GCC_Support/ewl/lib/armv6-m\librt.a(__arm_eabi_init.o)

.debug_macinfo  0x00000000   0x6482ac
 .debug_macinfo
                0x00000000    0x48ad3 ./Generated_Code/tasks.o
 .debug_macinfo
                0x00048ad3     0x795b ./Generated_Code/queue.o
 .debug_macinfo
                0x0005042e    0x30e6d ./Generated_Code/port.o
 .debug_macinfo
                0x0008129b     0x65f0 ./Generated_Code/list.o
 .debug_macinfo
                0x0008788b    0x47fa3 ./Generated_Code/heap_2.o
 .debug_macinfo
                0x000cf82e    0x47cdc ./Generated_Code/Vectors.o
 .debug_macinfo
                0x0011750a    0x3249b ./Generated_Code/TU1.o
 .debug_macinfo
                0x001499a5    0x32463 ./Generated_Code/TU0.o
 .debug_macinfo
                0x0017be08    0x47c83 ./Generated_Code/TSSTouch.o
 .debug_macinfo
                0x001c3a8b    0x325f6 ./Generated_Code/PwmLdd3.o
 .debug_macinfo
                0x001f6081    0x325f6 ./Generated_Code/PwmLdd2.o
 .debug_macinfo
                0x00228677    0x325d2 ./Generated_Code/PwmLdd1.o
 .debug_macinfo
                0x0025ac49    0x47bc7 ./Generated_Code/PE_LDD.o
 .debug_macinfo
                0x002a2810    0x32fbe ./Generated_Code/MMA0.o
 .debug_macinfo
                0x002d57ce    0x326fd ./Generated_Code/IO1.o
 .debug_macinfo
                0x00307ecb    0x4de14 ./Generated_Code/I2C1.o
 .debug_macinfo
                0x00355cdf    0x39525 ./Generated_Code/I2C0.o
 .debug_macinfo
                0x0038f204    0x32e2f ./Generated_Code/GI2C0.o
 .debug_macinfo
                0x003c2033    0x47cdf ./Generated_Code/Cpu.o
 .debug_macinfo
                0x00409d12    0x35c58 ./Generated_Code/AdcLdd1.o
 .debug_macinfo
                0x0043f96a    0x332fd ./Generated_Code/AD0.o
 .debug_macinfo
                0x00472c67     0x3e6d ./Project_Settings/Startup_Code/__arm_start.o
 .debug_macinfo
                0x00476ad4     0x3456 ./Project_Settings/Startup_Code/__arm_end.o
 .debug_macinfo
                0x00479f2a    0x3a9f3 ./Sources/TSS/TSS_SystemSetupData.o
 .debug_macinfo
                0x004b491d    0x43306 ./Sources/TSS/TSS_SensorTSIL.o
 .debug_macinfo
                0x004f7c23    0x4638f ./Sources/TSS/TSS_Sensor.o
 .debug_macinfo
                0x0053dfb2    0x32cb2 ./Sources/Tasks/TaskWriteString.o
 .debug_macinfo
                0x00570c64    0x47c39 ./Sources/Tasks/TaskAccelerometer.o
 .debug_macinfo
                0x005b889d    0x47d93 ./Sources/ProcessorExpert.o
 .debug_macinfo
                0x00600630    0x47c7c ./Sources/Events.o

.debug_line     0x00000000     0xa508
 .debug_line    0x00000000      0xb86 ./Generated_Code/tasks.o
 .debug_line    0x00000b86      0x66d ./Generated_Code/queue.o
 .debug_line    0x000011f3      0x3c3 ./Generated_Code/port.o
 .debug_line    0x000015b6      0x2ca ./Generated_Code/list.o
 .debug_line    0x00001880      0x729 ./Generated_Code/heap_2.o
 .debug_line    0x00001fa9      0x77f ./Generated_Code/Vectors.o
 .debug_line    0x00002728      0x39f ./Generated_Code/TU1.o
 .debug_line    0x00002ac7      0x3a0 ./Generated_Code/TU0.o
 .debug_line    0x00002e67      0x68f ./Generated_Code/TSSTouch.o
 .debug_line    0x000034f6      0x388 ./Generated_Code/PwmLdd3.o
 .debug_line    0x0000387e      0x388 ./Generated_Code/PwmLdd2.o
 .debug_line    0x00003c06      0x388 ./Generated_Code/PwmLdd1.o
 .debug_line    0x00003f8e      0x612 ./Generated_Code/PE_LDD.o
 .debug_line    0x000045a0      0x4ec ./Generated_Code/MMA0.o
 .debug_line    0x00004a8c      0x348 ./Generated_Code/IO1.o
 .debug_line    0x00004dd4      0x75d ./Generated_Code/I2C1.o
 .debug_line    0x00005531      0x451 ./Generated_Code/I2C0.o
 .debug_line    0x00005982      0x45b ./Generated_Code/GI2C0.o
 .debug_line    0x00005ddd      0x7ea ./Generated_Code/Cpu.o
 .debug_line    0x000065c7      0x399 ./Generated_Code/AdcLdd1.o
 .debug_line    0x00006960      0x2bd ./Generated_Code/AD0.o
 .debug_line    0x00006c1d      0x2ab ./Project_Settings/Startup_Code/__arm_start.o
 .debug_line    0x00006ec8      0x266 ./Project_Settings/Startup_Code/__arm_end.o
 .debug_line    0x0000712e      0x2da ./Sources/TSS/TSS_SystemSetupData.o
 .debug_line    0x00007408      0x56c ./Sources/TSS/TSS_SensorTSIL.o
 .debug_line    0x00007974      0x32c ./Sources/TSS/TSS_Sensor.o
 .debug_line    0x00007ca0      0x3cc ./Sources/Tasks/TaskWriteString.o
 .debug_line    0x0000806c      0x6fb ./Sources/Tasks/TaskAccelerometer.o
 .debug_line    0x00008767      0x7c1 ./Sources/ProcessorExpert.o
 .debug_line    0x00008f28      0x704 ./Sources/Events.o
 .debug_line    0x0000962c       0x8d C:/Freescale/CW MCU v10.5/MCU/ARM_GCC_Support/ewl/lib/armv6-m\libc.a(exit.o)
 .debug_line    0x000096b9       0x8b C:/Freescale/CW MCU v10.5/MCU/ARM_GCC_Support/ewl/lib/armv6-m\libc.a(memcpy.o)
 .debug_line    0x00009744       0x90 C:/Freescale/CW MCU v10.5/MCU/ARM_GCC_Support/ewl/lib/armv6-m\libc.a(memset.o)
 .debug_line    0x000097d4       0x7d C:/Freescale/CW MCU v10.5/MCU/ARM_GCC_Support/ewl/lib/armv6-m\libc.a(strchr.o)
 .debug_line    0x00009851       0x85 C:/Freescale/CW MCU v10.5/MCU/ARM_GCC_Support/ewl/lib/armv6-m\libc.a(strlen.o)
 .debug_line    0x000098d6      0x2c3 C:/Freescale/CW MCU v10.5/MCU/ARM_GCC_Support/ewl/lib/armv6-m\libc.a(printformat_.o)
 .debug_line    0x00009b99      0x2be C:/Freescale/CW MCU v10.5/MCU/ARM_GCC_Support/ewl/lib/armv6-m\libc.a(scanformat_.o)
 .debug_line    0x00009e57      0x1be C:/Freescale/CW MCU v10.5/MCU/ARM_GCC_Support/ewl/lib/armv6-m\libc.a(ctype_aeabi.o)
 .debug_line    0x0000a015      0x11e C:/Freescale/CW MCU v10.5/MCU/ARM_GCC_Support/ewl/lib/armv6-m\libc.a(__strtoul.o)
 .debug_line    0x0000a133       0xf6 C:/Freescale/CW MCU v10.5/MCU/ARM_GCC_Support/ewl/lib/armv6-m\libc.a(__filll_mem.o)
 .debug_line    0x0000a229       0x9f C:/Freescale/CW MCU v10.5/MCU/ARM_GCC_Support/ewl/lib/armv6-m\libc.a(memchr.o)
 .debug_line    0x0000a2c8       0x6c C:/Freescale/CW MCU v10.5/MCU/ARM_GCC_Support/ewl/lib/armv6-m\librt.a(gcc_ctor_dtor.o)
 .debug_line    0x0000a334       0xbd C:/Freescale/CW MCU v10.5/MCU/ARM_GCC_Support/ewl/lib/armv6-m\librt.a(ROMCopy.o)
 .debug_line    0x0000a3f1      0x117 C:/Freescale/CW MCU v10.5/MCU/ARM_GCC_Support/ewl/lib/armv6-m\librt.a(__arm_eabi_init.o)

.debug_str      0x00000000     0x4e76
 .debug_str     0x00000000      0x8f8 ./Generated_Code/tasks.o
                                0x96d (size before relaxing)
 .debug_str     0x000008f8      0x41f ./Generated_Code/queue.o
                                0x675 (size before relaxing)
 .debug_str     0x00000d17      0x14e ./Generated_Code/port.o
                                0x2ac (size before relaxing)
 .debug_str     0x00000e65       0xad ./Generated_Code/list.o
                                0x270 (size before relaxing)
 .debug_str     0x00000f12      0x14e ./Generated_Code/heap_2.o
                                0x28b (size before relaxing)
 .debug_str     0x00001060       0x5e ./Generated_Code/Vectors.o
                                0x189 (size before relaxing)
 .debug_str     0x000010be      0x32c ./Generated_Code/TU1.o
                                0x480 (size before relaxing)
 .debug_str     0x000013ea       0xc2 ./Generated_Code/TU0.o
                                0x480 (size before relaxing)
 .debug_str     0x000014ac      0x4ed ./Generated_Code/TSSTouch.o
                                0x763 (size before relaxing)
 .debug_str     0x00001999       0xe9 ./Generated_Code/PwmLdd3.o
                                0x2c9 (size before relaxing)
 .debug_str     0x00001a82       0x95 ./Generated_Code/PwmLdd2.o
                                0x2c9 (size before relaxing)
 .debug_str     0x00001b17       0x95 ./Generated_Code/PwmLdd1.o
                                0x2c9 (size before relaxing)
 .debug_str     0x00001bac      0x16b ./Generated_Code/PE_LDD.o
                                0x2ec (size before relaxing)
 .debug_str     0x00001d17      0x1d9 ./Generated_Code/MMA0.o
                                0x33a (size before relaxing)
 .debug_str     0x00001ef0       0xe2 ./Generated_Code/IO1.o
                                0x3bc (size before relaxing)
 .debug_str     0x00001fd2      0x17f ./Generated_Code/I2C1.o
                                0x485 (size before relaxing)
 .debug_str     0x00002151      0x138 ./Generated_Code/I2C0.o
                                0x52f (size before relaxing)
 .debug_str     0x00002289      0x26a ./Generated_Code/GI2C0.o
                                0x46c (size before relaxing)
 .debug_str     0x000024f3      0x18c ./Generated_Code/Cpu.o
                                0x438 (size before relaxing)
 .debug_str     0x0000267f      0x1d1 ./Generated_Code/AdcLdd1.o
                                0x4f6 (size before relaxing)
 .debug_str     0x00002850       0xa4 ./Generated_Code/AD0.o
                                0x221 (size before relaxing)
 .debug_str     0x000028f4       0x85 ./Project_Settings/Startup_Code/__arm_start.o
                                0x1aa (size before relaxing)
 .debug_str     0x00002979       0x41 ./Project_Settings/Startup_Code/__arm_end.o
                                 0xe1 (size before relaxing)
 .debug_str     0x000029ba      0xdbf ./Sources/TSS/TSS_SystemSetupData.o
                               0x1091 (size before relaxing)
 .debug_str     0x00003779      0x99b ./Sources/TSS/TSS_SensorTSIL.o
                                0xf96 (size before relaxing)
 .debug_str     0x00004114      0x12b ./Sources/TSS/TSS_Sensor.o
                                0x5e4 (size before relaxing)
 .debug_str     0x0000423f      0x16e ./Sources/Tasks/TaskWriteString.o
                                0x2b2 (size before relaxing)
 .debug_str     0x000043ad       0x7a ./Sources/Tasks/TaskAccelerometer.o
                                0x2c8 (size before relaxing)
 .debug_str     0x00004427       0x22 ./Sources/ProcessorExpert.o
                                0x235 (size before relaxing)
 .debug_str     0x00004449      0x1cd ./Sources/Events.o
                                0x92b (size before relaxing)
 .debug_str     0x00004616       0x54 C:/Freescale/CW MCU v10.5/MCU/ARM_GCC_Support/ewl/lib/armv6-m\libc.a(exit.o)
                                0x157 (size before relaxing)
 .debug_str     0x0000466a       0x1c C:/Freescale/CW MCU v10.5/MCU/ARM_GCC_Support/ewl/lib/armv6-m\libc.a(memcpy.o)
                                0x138 (size before relaxing)
 .debug_str     0x00004686       0x1c C:/Freescale/CW MCU v10.5/MCU/ARM_GCC_Support/ewl/lib/armv6-m\libc.a(memset.o)
                                0x140 (size before relaxing)
 .debug_str     0x000046a2       0x1c C:/Freescale/CW MCU v10.5/MCU/ARM_GCC_Support/ewl/lib/armv6-m\libc.a(strchr.o)
                                0x137 (size before relaxing)
 .debug_str     0x000046be       0x24 C:/Freescale/CW MCU v10.5/MCU/ARM_GCC_Support/ewl/lib/armv6-m\libc.a(strlen.o)
                                0x140 (size before relaxing)
 .debug_str     0x000046e2      0x233 C:/Freescale/CW MCU v10.5/MCU/ARM_GCC_Support/ewl/lib/armv6-m\libc.a(printformat_.o)
                                0x3b3 (size before relaxing)
 .debug_str     0x00004915      0x184 C:/Freescale/CW MCU v10.5/MCU/ARM_GCC_Support/ewl/lib/armv6-m\libc.a(scanformat_.o)
                                0x3f9 (size before relaxing)
 .debug_str     0x00004a99       0x9d C:/Freescale/CW MCU v10.5/MCU/ARM_GCC_Support/ewl/lib/armv6-m\libc.a(ctype_aeabi.o)
                                0x1bc (size before relaxing)
 .debug_str     0x00004b36       0x5b C:/Freescale/CW MCU v10.5/MCU/ARM_GCC_Support/ewl/lib/armv6-m\libc.a(__strtoul.o)
                                0x1fb (size before relaxing)
 .debug_str     0x00004b91       0x25 C:/Freescale/CW MCU v10.5/MCU/ARM_GCC_Support/ewl/lib/armv6-m\libc.a(__filll_mem.o)