Archive member included because of file (symbol)

C:/Users/JH/Documents/GitHub/M0PlusFreeRTOS/M0PlusFreeRTOS/Sources/TSS\libTSS_KXX_M0.a(TSS_ASliderDecoder.o)
                              ./Sources/TSS/TSS_SystemSetupData.o (TSS_ASliderDecoder)
C:/Users/JH/Documents/GitHub/M0PlusFreeRTOS/M0PlusFreeRTOS/Sources/TSS\libTSS_KXX_M0.a(TSS_Filters.o)
                              ./Sources/TSS/TSS_SystemSetupData.o (TSS_KeyDetectorInitPrevCapSample)
C:/Users/JH/Documents/GitHub/M0PlusFreeRTOS/M0PlusFreeRTOS/Sources/TSS\libTSS_KXX_M0.a(TSS_KeyDetectorNormal.o)
                              ./Sources/TSS/TSS_SystemSetupData.o (TSS_KeyBasicStuckKeyControl)
C:/Users/JH/Documents/GitHub/M0PlusFreeRTOS/M0PlusFreeRTOS/Sources/TSS\libTSS_KXX_M0.a(TSS_KeyDetector.o)
                              C:/Users/JH/Documents/GitHub/M0PlusFreeRTOS/M0PlusFreeRTOS/Sources/TSS\libTSS_KXX_M0.a(TSS_KeyDetectorNormal.o) (TSS_KeyDetectorResetElectrodeDebouncing)
C:/Users/JH/Documents/GitHub/M0PlusFreeRTOS/M0PlusFreeRTOS/Sources/TSS\libTSS_KXX_M0.a(TSS_Main.o)
                              ./Generated_Code/TSSTouch.o (TSS_Init)
C:/Freescale/CW MCU v10.5/MCU/ARM_GCC_Support/ewl/lib/armv6-m\libc.a(printf.o)
                              ./Sources/Tasks/TaskSendString.o (printf)
C:/Freescale/CW MCU v10.5/MCU/ARM_GCC_Support/ewl/lib/armv6-m\libc.a(puts.o)
                              ./Sources/Tasks/TaskSendString2.o (puts)
C:/Freescale/CW MCU v10.5/MCU/ARM_GCC_Support/ewl/lib/armv6-m\libc.a(sprintf.o)
                              ./Sources/Tasks/TaskSendString.o (sprintf)
C:/Freescale/CW MCU v10.5/MCU/ARM_GCC_Support/ewl/lib/armv6-m\libc.a(vsnprintf.o)
                              C:/Freescale/CW MCU v10.5/MCU/ARM_GCC_Support/ewl/lib/armv6-m\libc.a(sprintf.o) (vsnprintf)
C:/Freescale/CW MCU v10.5/MCU/ARM_GCC_Support/ewl/lib/armv6-m\libc.a(exit.o)
                              ./Project_Settings/Startup_Code/__arm_start.o (exit)
C:/Freescale/CW MCU v10.5/MCU/ARM_GCC_Support/ewl/lib/armv6-m\libc.a(memcpy.o)
                              ./Generated_Code/queue.o (memcpy)
C:/Freescale/CW MCU v10.5/MCU/ARM_GCC_Support/ewl/lib/armv6-m\libc.a(memset.o)
                              ./Generated_Code/tasks.o (memset)
C:/Freescale/CW MCU v10.5/MCU/ARM_GCC_Support/ewl/lib/armv6-m\libc.a(strchr.o)
                              ./Generated_Code/UTIL1.o (strchr)
C:/Freescale/CW MCU v10.5/MCU/ARM_GCC_Support/ewl/lib/armv6-m\libc.a(strlen.o)
                              ./Generated_Code/UTIL1.o (strlen)
C:/Freescale/CW MCU v10.5/MCU/ARM_GCC_Support/ewl/lib/armv6-m\libc.a(strncmp.o)
                              ./Generated_Code/UTIL1.o (strncmp)
C:/Freescale/CW MCU v10.5/MCU/ARM_GCC_Support/ewl/lib/armv6-m\libc.a(printformat_.o)
                              (__pformatter_)
C:/Freescale/CW MCU v10.5/MCU/ARM_GCC_Support/ewl/lib/armv6-m\libc.a(scanformat_.o)
                              (__sformatter)
C:/Freescale/CW MCU v10.5/MCU/ARM_GCC_Support/ewl/lib/armv6-m\libc.a(ctype_aeabi.o)
                              C:/Freescale/CW MCU v10.5/MCU/ARM_GCC_Support/ewl/lib/armv6-m\libc.a(scanformat_.o) (isspace)
C:/Freescale/CW MCU v10.5/MCU/ARM_GCC_Support/ewl/lib/armv6-m\libc.a(__putchar.o)
                              C:/Freescale/CW MCU v10.5/MCU/ARM_GCC_Support/ewl/lib/armv6-m\libc.a(puts.o) (__put_char)
C:/Freescale/CW MCU v10.5/MCU/ARM_GCC_Support/ewl/lib/armv6-m\libc.a(ansi_files.o)
                              C:/Freescale/CW MCU v10.5/MCU/ARM_GCC_Support/ewl/lib/armv6-m\libc.a(printf.o) (__files)
C:/Freescale/CW MCU v10.5/MCU/ARM_GCC_Support/ewl/lib/armv6-m\libc.a(fflush.o)
                              C:/Freescale/CW MCU v10.5/MCU/ARM_GCC_Support/ewl/lib/armv6-m\libc.a(ansi_files.o) (fflush)
C:/Freescale/CW MCU v10.5/MCU/ARM_GCC_Support/ewl/lib/armv6-m\libc.a(fwrite.o)
                              C:/Freescale/CW MCU v10.5/MCU/ARM_GCC_Support/ewl/lib/armv6-m\libc.a(printf.o) (__FileWrite)
C:/Freescale/CW MCU v10.5/MCU/ARM_GCC_Support/ewl/lib/armv6-m\libc.a(__strtoul.o)
                              C:/Freescale/CW MCU v10.5/MCU/ARM_GCC_Support/ewl/lib/armv6-m\libc.a(scanformat_.o) (__strtoul)
C:/Freescale/CW MCU v10.5/MCU/ARM_GCC_Support/ewl/lib/armv6-m\libc.a(__filll_mem.o)
                              C:/Freescale/CW MCU v10.5/MCU/ARM_GCC_Support/ewl/lib/armv6-m\libc.a(memset.o) (__fill_mem)
C:/Freescale/CW MCU v10.5/MCU/ARM_GCC_Support/ewl/lib/armv6-m\libc.a(__memrchr.o)
                              C:/Freescale/CW MCU v10.5/MCU/ARM_GCC_Support/ewl/lib/armv6-m\libc.a(fwrite.o) (__memrchr)
C:/Freescale/CW MCU v10.5/MCU/ARM_GCC_Support/ewl/lib/armv6-m\libc.a(memchr.o)
                              C:/Freescale/CW MCU v10.5/MCU/ARM_GCC_Support/ewl/lib/armv6-m\libc.a(printformat_.o) (memchr)
C:/Freescale/CW MCU v10.5/MCU/ARM_GCC_Support/ewl/lib/armv6-m\libc.a(__buffer_io.o)
                              C:/Freescale/CW MCU v10.5/MCU/ARM_GCC_Support/ewl/lib/armv6-m\libc.a(__putchar.o) (__prep_buffer)
[...]
Memory Configuration

Name             Origin             Length             Attributes
m_interrupts     0x00000000         0x000000c0         xr
m_text           0x00000410         0x0001fbf0         xr
m_data_1FFFF000  0x1ffff000         0x00001000         rw
m_data           0x20000000         0x00003000         rw
m_cfmprotrom     0x00000400         0x00000010         xr
*default*        0x00000000         0xffffffff

Linker script and memory map

LOAD ./Generated_Code/timers.o
LOAD ./Generated_Code/tasks.o
LOAD ./Generated_Code/queue.o
LOAD ./Generated_Code/portasm.o
LOAD ./Generated_Code/port.o
LOAD ./Generated_Code/list.o
LOAD ./Generated_Code/heap_4.o
LOAD ./Generated_Code/heap_3.o
LOAD ./Generated_Code/heap_2.o
LOAD ./Generated_Code/heap_1.o
LOAD ./Generated_Code/event_groups.o
LOAD ./Generated_Code/croutine.o
LOAD ./Generated_Code/WAIT0.o
LOAD ./Generated_Code/Vectors.o
LOAD ./Generated_Code/UTIL1.o
LOAD ./Generated_Code/UTIL0.o
LOAD ./Generated_Code/TU2.o
LOAD ./Generated_Code/TU1.o
LOAD ./Generated_Code/TU0.o
LOAD ./Generated_Code/TSSTouch.o
LOAD ./Generated_Code/SonarTrigger.o
LOAD ./Generated_Code/PwmLdd3.o
LOAD ./Generated_Code/PwmLdd2.o
LOAD ./Generated_Code/PwmLdd1.o
LOAD ./Generated_Code/PWMLEDRed.o
LOAD ./Generated_Code/PWMLEDGreen.o
LOAD ./Generated_Code/PWMLEDBlue.o
LOAD ./Generated_Code/PE_LDD.o
LOAD ./Generated_Code/MotorB.o
LOAD ./Generated_Code/MotorA.o
LOAD ./Generated_Code/MMA0.o
LOAD ./Generated_Code/IO1.o
LOAD ./Generated_Code/I2C1.o
LOAD ./Generated_Code/I2C0.o
LOAD ./Generated_Code/GI2C0.o
LOAD ./Generated_Code/FreeRTOS0.o
LOAD ./Generated_Code/CsIO0.o
LOAD ./Generated_Code/Cpu.o
LOAD ./Generated_Code/Break.o
LOAD ./Generated_Code/AdcLdd1.o
LOAD ./Generated_Code/AD0.o
LOAD ./Project_Settings/Startup_Code/__arm_start.o
LOAD ./Project_Settings/Startup_Code/__arm_end.o
LOAD ./Sources/TSS/TSS_SystemSetupData.o
LOAD ./Sources/TSS/TSS_SensorTSIL.o
LOAD ./Sources/TSS/TSS_SensorTSI.o
LOAD ./Sources/TSS/TSS_SensorGPIO.o
LOAD ./Sources/TSS/TSS_Sensor.o
LOAD ./Sources/TSS/TSS_Freemaster.o
LOAD ./Sources/Tasks/TaskWriteString.o
LOAD ./Sources/Tasks/TaskSonar.o
LOAD ./Sources/Tasks/TaskSendString2.o
LOAD ./Sources/Tasks/TaskSendString1.o
LOAD ./Sources/Tasks/TaskSendString.o
LOAD ./Sources/Tasks/TaskSendGlobalVariable.o
LOAD ./Sources/Tasks/TaskRotateLed.o
LOAD ./Sources/Tasks/TaskRedLed.o
LOAD ./Sources/Tasks/TaskMotorDC.o
LOAD ./Sources/Tasks/TaskGyroscope.o
LOAD ./Sources/Tasks/TaskGreenLed.o
LOAD ./Sources/Tasks/TaskBlueLed.o
LOAD ./Sources/Tasks/TaskAccelerometer.o
LOAD ./Sources/Util/Led.o
LOAD ./Sources/Util/Gyroscope.o
LOAD ./Sources/Util/GlobalVariables.o
LOAD ./Sources/Util/Accelerometer.o
LOAD ./Sources/sa_mtb.o
LOAD ./Sources/ProcessorExpert.o
LOAD ./Sources/Events.o
                0x00008548                __pformatter = __pformatter_
                [0x00008970]                __sformatter = __sformatter
LOAD C:/Users/JH/Documents/GitHub/M0PlusFreeRTOS/M0PlusFreeRTOS/Sources/TSS\libTSS_KXX_M0.a
START GROUP
LOAD C:/Freescale/CW MCU v10.5/MCU/ARM_GCC_Support/ewl/lib/armv6-m\libc.a
LOAD C:/Freescale/CW MCU v10.5/MCU/ARM_GCC_Support/ewl/lib/armv6-m\libm.a
LOAD c:/freescale/cw mcu v10.5/cross_tools/arm-none-eabi-gcc-4_7_3/bin/../lib/gcc/arm-none-eabi/4.7.3/armv6-m\libgcc.a
LOAD C:/Freescale/CW MCU v10.5/MCU/ARM_GCC_Support/ewl/lib/armv6-m\librt.a
LOAD C:/Freescale/CW MCU v10.5/MCU/ARM_GCC_Support/ewl/lib/armv6-m\libuart.a
END GROUP
                0x20003000                _estack = 0x20003000
                0x20003000                __SP_INIT = _estack
                0x00000000                __heap_size = 0x0
                0x00000040                __stack_size = 0x40

.interrupts     0x00000000       0xc0
                0x00000000                __vector_table = .
                0x00000000                . = ALIGN (0x4)
 *(.vectortable)
 .vectortable   0x00000000       0xc0 ./Generated_Code/Vectors.o
                0x00000000                __vect_table
                0x000000c0                . = ALIGN (0x4)

.cfmprotect     0x00000400        0x0
                0x00000400                . = ALIGN (0x4)
 *(.cfmconfig)
                0x00000400                . = ALIGN (0x4)

.text           0x00000410     0x96dc
                0x00000410                . = ALIGN (0x4)
 *(.text)
 .text          0x00000410      0x760 C:/Users/JH/Documents/GitHub/M0PlusFreeRTOS/M0PlusFreeRTOS/Sources/TSS\libTSS_KXX_M0.a(TSS_ASliderDecoder.o)
                0x00000410                TSS_ASliderDecoder
                0x00000848                TSS_ASliderCalculatePosIIRFilter
                0x000008ac                TSS_ASliderDelayControl
                0x00000924                TSS_ASliderTrendThreshold
                0x0000094c                TSS_ASliderTrendControl
                0x00000a3c                TSS_SetASliderConfig
                0x00000b3c                TSS_GetASliderConfig
 .text          0x00000b70      0x1c8 C:/Users/JH/Documents/GitHub/M0PlusFreeRTOS/M0PlusFreeRTOS/Sources/TSS\libTSS_KXX_M0.a(TSS_Filters.o)
                0x00000b70                TSS_u16NoiseAmplitudeFilter
                0x00000ba4                TSS_i8NoiseAmplitudeFilter
                0x00000bda                TSS_ShieldEquation
                0x00000c3c                TSS_KeyDetectorInitPrevCapSample
                0x00000c50                TSS_KeyDetectorCalculateIIRFilter
                0x00000c70                TSS_KeyDetectorCalculateShielding
                0x00000c84                TSS_KeyDetectorSignalDivider
                0x00000ca0                TSS_KeyDetectorSignalMultiplier
                0x00000cd0                TSS_SubUInt16WithUInt16ToSInt16
                0x00000cfc                TSS_ShiftSInt16ToUInt16
                0x00000d08                TSS_CutSInt16ToSInt8
                0x00000d20                TSS_SensitivityLowLimitControl
 .text          0x00000d38      0x854 C:/Users/JH/Documents/GitHub/M0PlusFreeRTOS/M0PlusFreeRTOS/Sources/TSS\libTSS_KXX_M0.a(TSS_KeyDetectorNormal.o)
                0x00000db0                TSS_KeyBasicStuckKeyControl
                0x00000dfc                TSS_KeyBasicDetect
                0x00000fac                TSS_KeyBasicNegativeBaselineDrop
                0x00001038                TSS_KeyBasicElectrodeEval
                0x000012a4                TSS_KeyBasicSensAutoCalibration
                0x000014e4                TSS_KeyBasicDeltaNoiseAnalysisIIRControl
                0x00001558                TSS_KeyBasicGetSystemDataContext
 .text          0x0000158c      0x6c8 C:/Users/JH/Documents/GitHub/M0PlusFreeRTOS/M0PlusFreeRTOS/Sources/TSS\libTSS_KXX_M0.a(TSS_KeyDetector.o)
                0x000015cc                TSS_KeyDetectorResetElectrodeDebouncing
                0x000015e8                TSS_KeyDetectorResetElectrode
                0x000015fc                TSS_KeyDetectorRestartElectrode
                0x00001644                TSS_KeyDetectorRecalibrateModules
                0x00001658                TSS_KeyDetectorInit
                0x00001690                TSS_KeyDetectorResetElectrodeMeasured
                0x000016b8                TSS_KeyDetectorCalculateDelta
                0x000016d8                TSS_KeyDetectorFillDeltaLogBuffer
                0x000016f0                TSS_KeyDetectorFillSignalLogBuffer
                0x00001704                TSS_KeyDetectorResetStuckKeyCounter
                0x00001710                TSS_KeyDetectorGetDCTrackerCounter
                0x0000171c                TSS_KeyDetectorGetSlowDCTrackerCounter
                0x00001728                TSS_KeyDetectorCalibrate
                0x0000174c                TSS_KeyDetectorReleaseElectrode
                0x0000176c                TSS_KeyDetectorMainSequenced
                0x00001930                TSS_KeyDetectorMain
                0x00001ae0                TSS_KeyDetectorElectrodeStatusUpdate
                0x00001b14                TSS_KeyDetectorGetElectrodeGroupStatus
                0x00001b50                TSS_KeyDetectorGetElectrodeEnablerStatus
                0x00001c04                TSS_KeyDetectorRecalibrationRequest
                0x00001c18                TSS_KeyDetectorGetShieldElectrodeReleaseStatus
 .text          0x00001c54     0x10a0 C:/Users/JH/Documents/GitHub/M0PlusFreeRTOS/M0PlusFreeRTOS/Sources/TSS\libTSS_KXX_M0.a(TSS_Main.o)
                0x00001cec                TSS_InitRegisterArrays
                0x00001d44                TSS_InitInternalArrays
                0x00001d94                TSS_Init
                0x00001df8                TSS_DataCorruptionCheck
                0x00001eac                TSS_FaultEvaluation
                0x00001f24                TSS_DecodersControl
                0x00001f90                TSS_TriggerControl
                0x00001fe4                TSS_Task
                0x000020bc                TSS_TaskSeq
                0x00002194                TSS_InternalControlPrivateData
                0x000021b8                TSS_SetControlPrivateData
                0x000021cc                TSS_GetControlPrivateData
                0x000021e8                TSS_GetControlStruct
                0x00002208                TSS_GetControlNumberOfElectrodes
                0x00002228                TSS_GetControlFirstElectrodeIndex
                0x0000224c                TSS_GetControlLastElectrodeIndex
                0x00002274                TSS_GetControlElectrodeIndex
                0x0000229c                TSS_SetControlElectrodesEnablers
                0x00002324                TSS_GetControlElectrodesStatus
                0x0000234c                TSS_TriggerConfig
                0x000023c0                TSS_LowPowerConfig
                0x00002464                TSS_ProximityConfig
                0x000024bc                TSS_SetSystemConfig
                0x000027f0                TSS_GetSystemConfig
                0x00002910                TSS_BrowseModules
                0x000029b8                TSS_LoadElectrodeData
                0x00002a60                TSS_StoreElectrodeData
                0x00002ae0                TSS_LoadModulesData
                0x00002b48                TSS_StoreModulesData
                0x00002b8c                TSS_LoadAllSystemData
                0x00002c38                TSS_StoreAllSystemData
 .text          0x00002cf4       0x14 c:/freescale/cw mcu v10.5/cross_tools/arm-none-eabi-gcc-4_7_3/bin/../lib/gcc/arm-none-eabi/4.7.3/armv6-m\libgcc.a(_thumb1_case_sqi.o)
                0x00002cf4                __gnu_thumb1_case_sqi
 .text          0x00002d08       0x14 c:/freescale/cw mcu v10.5/cross_tools/arm-none-eabi-gcc-4_7_3/bin/../lib/gcc/arm-none-eabi/4.7.3/armv6-m\libgcc.a(_thumb1_case_uqi.o)
                0x00002d08                __gnu_thumb1_case_uqi
 .text          0x00002d1c       0x9c c:/freescale/cw mcu v10.5/cross_tools/arm-none-eabi-gcc-4_7_3/bin/../lib/gcc/arm-none-eabi/4.7.3/armv6-m\libgcc.a(_udivsi3.o)
                0x00002d1c                __aeabi_uidiv
                0x00002d1c                __udivsi3
                0x00002da4                __aeabi_uidivmod
 .text          0x00002db8       0xc0 c:/freescale/cw mcu v10.5/cross_tools/arm-none-eabi-gcc-4_7_3/bin/../lib/gcc/arm-none-eabi/4.7.3/armv6-m\libgcc.a(_divsi3.o)
                0x00002db8                __divsi3
                0x00002db8                __aeabi_idiv
                0x00002e64                __aeabi_idivmod
 .text          0x00002e78        0x4 c:/freescale/cw mcu v10.5/cross_tools/arm-none-eabi-gcc-4_7_3/bin/../lib/gcc/arm-none-eabi/4.7.3/armv6-m\libgcc.a(_dvmd_tls.o)
                0x00002e78                __aeabi_idiv0
                0x00002e78                __aeabi_ldiv0
 *(.text*)
 .text.xTaskGenericCreate
                0x00002e7c      0x164 ./Generated_Code/tasks.o
                0x00002e7c                xTaskGenericCreate
 .text.vTaskDelay
                0x00002fe0       0x64 ./Generated_Code/tasks.o
                0x00002fe0                vTaskDelay
 .text.vTaskStartScheduler
                0x00003044       0x64 ./Generated_Code/tasks.o
                0x00003044                vTaskStartScheduler
 .text.vTaskSuspendAll
                0x000030a8       0x18 ./Generated_Code/tasks.o
                0x000030a8                vTaskSuspendAll
 .text.prvGetExpectedIdleTime
                0x000030c0       0x4c ./Generated_Code/tasks.o
 .text.xTaskResumeAll
                0x0000310c      0x108 ./Generated_Code/tasks.o
                0x0000310c                xTaskResumeAll
 .text.vTaskStepTick
                0x00003214       0x38 ./Generated_Code/tasks.o
                0x00003214                vTaskStepTick
 .text.xTaskIncrementTick
                0x0000324c      0x180 ./Generated_Code/tasks.o
                0x0000324c                xTaskIncrementTick
 .text.vTaskSwitchContext
                0x000033cc       0xc0 ./Generated_Code/tasks.o
                0x000033cc                vTaskSwitchContext
 .text.vTaskPlaceOnEventList
                0x0000348c       0x6c ./Generated_Code/tasks.o
                0x0000348c                vTaskPlaceOnEventList
 .text.xTaskRemoveFromEventList
                0x000034f8       0xb8 ./Generated_Code/tasks.o
                0x000034f8                xTaskRemoveFromEventList
 .text.vTaskSetTimeOutState
                0x000035b0       0x30 ./Generated_Code/tasks.o
                0x000035b0                vTaskSetTimeOutState
 .text.xTaskCheckForTimeOut
                0x000035e0       0x9c ./Generated_Code/tasks.o
                0x000035e0                xTaskCheckForTimeOut
 .text.vTaskMissedYield
                0x0000367c       0x14 ./Generated_Code/tasks.o
                0x0000367c                vTaskMissedYield
 .text.prvIdleTask
                0x00003690       0x6c ./Generated_Code/tasks.o
 .text.eTaskConfirmSleepModeStatus
                0x000036fc       0x64 ./Generated_Code/tasks.o
                0x000036fc                eTaskConfirmSleepModeStatus
 .text.prvInitialiseTCBVariables
                0x00003760       0x94 ./Generated_Code/tasks.o
 .text.prvInitialiseTaskLists
                0x000037f4       0x7c ./Generated_Code/tasks.o
 .text.prvCheckTasksWaitingTermination
                0x00003870        0x8 ./Generated_Code/tasks.o
 .text.prvAddCurrentTaskToDelayedList
                0x00003878       0x6c ./Generated_Code/tasks.o
 .text.prvAllocateTCBAndStack
                0x000038e4       0x70 ./Generated_Code/tasks.o
 .text.prvResetNextTaskUnblockTime
                0x00003954       0x44 ./Generated_Code/tasks.o
 .text.xTaskGetCurrentTaskHandle
                0x00003998       0x1c ./Generated_Code/tasks.o
                0x00003998                xTaskGetCurrentTaskHandle
 .text.xTaskGetSchedulerState
                0x000039b4       0x38 ./Generated_Code/tasks.o
                0x000039b4                xTaskGetSchedulerState
 .text.vTaskPriorityInherit
                0x000039ec       0xbc ./Generated_Code/tasks.o
                0x000039ec                vTaskPriorityInherit
 .text.vTaskPriorityDisinherit
                0x00003aa8       0x84 ./Generated_Code/tasks.o
                0x00003aa8                vTaskPriorityDisinherit
 .text.xQueueCreateMutex
                0x00003b2c       0x8c ./Generated_Code/queue.o
                0x00003b2c                xQueueCreateMutex
 .text.xQueueGiveMutexRecursive
                0x00003bb8       0x58 ./Generated_Code/queue.o
                0x00003bb8                xQueueGiveMutexRecursive
 .text.xQueueTakeMutexRecursive
                0x00003c10       0x64 ./Generated_Code/queue.o
                0x00003c10                xQueueTakeMutexRecursive
 .text.xQueueGenericSend
                0x00003c74      0x180 ./Generated_Code/queue.o
                0x00003c74                xQueueGenericSend
 .text.xQueueGenericReceive
                0x00003df4      0x1bc ./Generated_Code/queue.o
                0x00003df4                xQueueGenericReceive
 .text.prvCopyDataToQueue
                0x00003fb0       0xd4 ./Generated_Code/queue.o
 .text.prvCopyDataFromQueue
                0x00004084       0x50 ./Generated_Code/queue.o
 .text.prvUnlockQueue
                0x000040d4       0x98 ./Generated_Code/queue.o
 .text.prvIsQueueEmpty
                0x0000416c       0x2c ./Generated_Code/queue.o
 .text.prvIsQueueFull
                0x00004198       0x30 ./Generated_Code/queue.o
 .text.pxPortInitialiseStack
                0x000041c8       0x50 ./Generated_Code/port.o
                0x000041c8                pxPortInitialiseStack
 .text.vPortSuppressTicksAndSleep
                0x00004218      0x13c ./Generated_Code/port.o
                0x00004218                vPortSuppressTicksAndSleep
 .text.vPortInitTickTimer
                0x00004354       0x50 ./Generated_Code/port.o
                0x00004354                vPortInitTickTimer
 .text.vPortStartTickTimer
                0x000043a4       0x14 ./Generated_Code/port.o
                0x000043a4                vPortStartTickTimer
 .text.vPortStopTickTimer
                0x000043b8       0x14 ./Generated_Code/port.o
                0x000043b8                vPortStopTickTimer
 .text.xPortStartScheduler
                0x000043cc       0x34 ./Generated_Code/port.o
                0x000043cc                xPortStartScheduler
 .text.vPortEnterCritical
                0x00004400       0x20 ./Generated_Code/port.o
                0x00004400                vPortEnterCritical
 .text.vPortExitCritical
                0x00004420       0x20 ./Generated_Code/port.o
                0x00004420                vPortExitCritical
 .text.vPortYieldFromISR
                0x00004440       0x1c ./Generated_Code/port.o
                0x00004440                vPortYieldFromISR
 .text.vPortTickHandler
                0x0000445c       0x1c ./Generated_Code/port.o
                0x0000445c                vPortTickHandler
 .text.vPortStartFirstTask
                0x00004478       0x1c ./Generated_Code/port.o
                0x00004478                vPortStartFirstTask
 .text.vPortSVCHandler
                0x00004494       0x28 ./Generated_Code/port.o
                0x00004494                vPortSVCHandler
 .text.vPortPendSVHandler
                0x000044bc       0x44 ./Generated_Code/port.o
                0x000044bc                vPortPendSVHandler
 .text.vListInitialise
                0x00004500       0x3c ./Generated_Code/list.o
                0x00004500                vListInitialise
 .text.vListInitialiseItem
                0x0000453c       0x14 ./Generated_Code/list.o
                0x0000453c                vListInitialiseItem
 .text.vListInsertEnd
                0x00004550       0x44 ./Generated_Code/list.o
                0x00004550                vListInsertEnd
 .text.vListInsert
                0x00004594       0x6c ./Generated_Code/list.o
                0x00004594                vListInsert
 .text.uxListRemove
                0x00004600       0x50 ./Generated_Code/list.o
                0x00004600                uxListRemove
 .text.pvPortMalloc
                0x00004650      0x12c ./Generated_Code/heap_2.o
                0x00004650                pvPortMalloc
 .text.vPortFree
                0x0000477c       0x78 ./Generated_Code/heap_2.o
                0x0000477c                vPortFree
 .text.prvHeapInit
                0x000047f4       0x4c ./Generated_Code/heap_2.o
 .text.TU2_ResetCounter
                0x00004840       0x1c ./Generated_Code/TU2.o
                0x00004840                TU2_ResetCounter
 .text.TU2_GetCaptureValue
                0x0000485c       0x60 ./Generated_Code/TU2.o
                0x0000485c                TU2_GetCaptureValue
 .text.TU2_Interrupt
                0x000048bc       0xb0 ./Generated_Code/TU2.o
                0x000048bc                TU2_Interrupt
 .text.TU1_Init
                0x0000496c       0xe4 ./Generated_Code/TU1.o
                0x0000496c                TU1_Init
 .text.TU1_GetPeriodTicks
                0x00004a50       0x3c ./Generated_Code/TU1.o
                0x00004a50                TU1_GetPeriodTicks
 .text.TU1_SetOffsetTicks
                0x00004a8c       0x58 ./Generated_Code/TU1.o
                0x00004a8c                TU1_SetOffsetTicks
 .text.TU0_Init
                0x00004ae4       0xe0 ./Generated_Code/TU0.o
                0x00004ae4                TU0_Init
 .text.TSSTouch_InitDevices
                0x00004bc4       0x44 ./Generated_Code/TSSTouch.o
                0x00004bc4                TSSTouch_InitDevices
 .text.SonarTrigger_Init
                0x00004c08       0x9c ./Generated_Code/SonarTrigger.o
                0x00004c08                SonarTrigger_Init
 .text.PwmLdd3_Init
                0x00004ca4       0x54 ./Generated_Code/PwmLdd3.o
                0x00004ca4                PwmLdd3_Init
 .text.PwmLdd3_SetRatio8
                0x00004cf8       0x34 ./Generated_Code/PwmLdd3.o
                0x00004cf8                PwmLdd3_SetRatio8
 .text.SetRatio
                0x00004d2c       0x68 ./Generated_Code/PwmLdd3.o
 .text.PwmLdd2_Init
                0x00004d94       0x54 ./Generated_Code/PwmLdd2.o
                0x00004d94                PwmLdd2_Init
 .text.PwmLdd1_Init
                0x00004de8       0x54 ./Generated_Code/PwmLdd1.o
                0x00004de8                PwmLdd1_Init
 .text.MotorB_Init
                0x00004e3c       0x78 ./Generated_Code/MotorB.o
                0x00004e3c                MotorB_Init
 .text.MotorA_Init
                0x00004eb4       0x78 ./Generated_Code/MotorA.o
                0x00004eb4                MotorA_Init
 .text.MMA0_Init
                0x00004f2c       0x38 ./Generated_Code/MMA0.o
                0x00004f2c                MMA0_Init
 .text.MMA0_GetXmg
                0x00004f64       0x30 ./Generated_Code/MMA0.o
                0x00004f64                MMA0_GetXmg
 .text.MMA0_GetYmg
                0x00004f94       0x30 ./Generated_Code/MMA0.o
                0x00004f94                MMA0_GetYmg
 .text.MMA0_GetZmg
                0x00004fc4       0x30 ./Generated_Code/MMA0.o
                0x00004fc4                MMA0_GetZmg
 .text.MMA0_MeasureGetRawX
                0x00004ff4       0x40 ./Generated_Code/MMA0.o
                0x00004ff4                MMA0_MeasureGetRawX
 .text.MMA0_MeasureGetRawY
                0x00005034       0x40 ./Generated_Code/MMA0.o
                0x00005034                MMA0_MeasureGetRawY
 .text.MMA0_MeasureGetRawZ
                0x00005074       0x40 ./Generated_Code/MMA0.o
                0x00005074                MMA0_MeasureGetRawZ
 .text.MMA0_GetX
                0x000050b4       0x38 ./Generated_Code/MMA0.o
                0x000050b4                MMA0_GetX
 .text.MMA0_GetY
                0x000050ec       0x38 ./Generated_Code/MMA0.o
                0x000050ec                MMA0_GetY
 .text.MMA0_GetZ
                0x00005124       0x38 ./Generated_Code/MMA0.o
                0x00005124                MMA0_GetZ
 .text.IO1_Init
                0x0000515c      0x16c ./Generated_Code/IO1.o
                0x0000515c                IO1_Init
 .text.I2C1_Interrupt
                0x000052c8      0x26c ./Generated_Code/I2C1.o
                0x000052c8                I2C1_Interrupt
 .text.I2C0_Interrupt
                0x00005534      0x278 ./Generated_Code/I2C0.o
                0x00005534                I2C0_Interrupt
 .text.I2C0_Init
                0x000057ac      0x11c ./Generated_Code/I2C0.o
                0x000057ac                I2C0_Init
 .text.I2C0_MasterSendBlock
                0x000058c8      0x158 ./Generated_Code/I2C0.o
                0x000058c8                I2C0_MasterSendBlock
 .text.I2C0_MasterReceiveBlock
                0x00005a20      0x158 ./Generated_Code/I2C0.o
                0x00005a20                I2C0_MasterReceiveBlock
 .text.I2C0_SelectSlaveDevice
                0x00005b78      0x100 ./Generated_Code/I2C0.o
                0x00005b78                I2C0_SelectSlaveDevice
 .text.GI2C0_RequestBus
                0x00005c78       0x1c ./Generated_Code/GI2C0.o
                0x00005c78                GI2C0_RequestBus
 .text.GI2C0_ReleaseBus
                0x00005c94       0x18 ./Generated_Code/GI2C0.o
                0x00005c94                GI2C0_ReleaseBus
 .text.GI2C0_SelectSlave
                0x00005cac       0x40 ./Generated_Code/GI2C0.o
                0x00005cac                GI2C0_SelectSlave
 .text.GI2C0_UnselectSlave
                0x00005cec       0x10 ./Generated_Code/GI2C0.o
                0x00005cec                GI2C0_UnselectSlave
 .text.GI2C0_ReadAddress
                0x00005cfc       0xd8 ./Generated_Code/GI2C0.o
                0x00005cfc                GI2C0_ReadAddress
 .text.GI2C0_WriteAddress
                0x00005dd4      0x140 ./Generated_Code/GI2C0.o
                0x00005dd4                GI2C0_WriteAddress
 .text.I2C0_OnMasterBlockSent
                0x00005f14       0x24 ./Generated_Code/GI2C0.o
                0x00005f14                I2C0_OnMasterBlockSent
 .text.I2C0_OnMasterBlockReceived
                0x00005f38       0x24 ./Generated_Code/GI2C0.o
                0x00005f38                I2C0_OnMasterBlockReceived
 .text.GI2C0_Init
                0x00005f5c       0x40 ./Generated_Code/GI2C0.o
                0x00005f5c                GI2C0_Init
 .text.GI2C0_WriteByteAddress8
                0x00005f9c       0x34 ./Generated_Code/GI2C0.o
                0x00005f9c                GI2C0_WriteByteAddress8
 .text.__read_console
                0x00005fd0       0x80 ./Generated_Code/CsIO0.o
                0x00005fd0                __read_console
 .text.__write_console
                0x00006050       0x7c ./Generated_Code/CsIO0.o
                0x00006050                __write_console
 .text.__close_console
                0x000060cc       0x14 ./Generated_Code/CsIO0.o
                0x000060cc                __close_console
 .text.Cpu_INT_NMIInterrupt
                0x000060e0        0xc ./Generated_Code/Cpu.o
                0x000060e0                Cpu_INT_NMIInterrupt
 .text.Cpu_Interrupt
                0x000060ec        0xc ./Generated_Code/Cpu.o
                0x000060ec                Cpu_Interrupt
 .text.__init_hardware
                0x000060f8      0x174 ./Generated_Code/Cpu.o
                0x000060f8                __init_hardware
 .text.PE_low_level_init
                0x0000626c      0x104 ./Generated_Code/Cpu.o
                0x0000626c                PE_low_level_init
 .text.Break_Init
                0x00006370       0x78 ./Generated_Code/Break.o
                0x00006370                Break_Init
 .text.AdcLdd1_Init
                0x000063e8       0xc0 ./Generated_Code/AdcLdd1.o
                0x000063e8                AdcLdd1_Init
 .text.AD0_Init
                0x000064a8       0x2c ./Generated_Code/AD0.o
                0x000064a8                AD0_Init
 .text.zero_fill_bss
                0x000064d4       0x24 ./Project_Settings/Startup_Code/__arm_start.o
 .text.__thumb_startup
                0x000064f8       0x30 ./Project_Settings/Startup_Code/__arm_start.o
                0x000064f8                __thumb_startup
 .text._ExitProcess
                0x00006528        0xc ./Project_Settings/Startup_Code/__arm_end.o
                0x00006528                _ExitProcess
 .text.TSS_IIRFilterEquation
                0x00006534       0x30 ./Sources/TSS/TSS_SystemSetupData.o
                0x00006534                TSS_IIRFilterEquation
 .text.TSIL_InitModule
                0x00006564       0x38 ./Sources/TSS/TSS_SensorTSIL.o
                0x00006564                TSIL_InitModule
 .text.TSIL_SetNSamples
                0x0000659c       0x68 ./Sources/TSS/TSS_SensorTSIL.o
                0x0000659c                TSIL_SetNSamples
 .text.TSIL_InitLowPower
                0x00006604       0x8c ./Sources/TSS/TSS_SensorTSIL.o
                0x00006604                TSIL_InitLowPower
 .text.TSIL_InitPEN
                0x00006690      0x238 ./Sources/TSS/TSS_SensorTSIL.o
                0x00006690                TSIL_InitPEN
 .text.TSIL_Recalibrate
                0x000068c8      0x604 ./Sources/TSS/TSS_SensorTSIL.o
                0x000068c8                TSIL_Recalibrate
 .text.TSIL_InitThresholds
                0x00006ecc      0x118 ./Sources/TSS/TSS_SensorTSIL.o
                0x00006ecc                TSIL_InitThresholds
 .text.TSIL_InitTrigger
                0x00006fe4      0x1b8 ./Sources/TSS/TSS_SensorTSIL.o
                0x00006fe4                TSIL_InitTrigger
 .text.TSIL_MethodControl
                0x0000719c      0x340 ./Sources/TSS/TSS_SensorTSIL.o
                0x0000719c                TSIL_MethodControl
 .text.TSIL_ReadCounter
                0x000074dc       0xd4 ./Sources/TSS/TSS_SensorTSIL.o
                0x000074dc                TSIL_ReadCounter
 .text.TSIL_HandleMeasurement
                0x000075b0       0xfc ./Sources/TSS/TSS_SensorTSIL.o
                0x000075b0                TSIL_HandleMeasurement
 .text.TSIL_SampleElectrode
                0x000076ac      0x284 ./Sources/TSS/TSS_SensorTSIL.o
                0x000076ac                TSIL_SampleElectrode
 .text.TSS_TSI0Isr
                0x00007930      0x1d4 ./Sources/TSS/TSS_SensorTSIL.o
                0x00007930                TSS_TSI0Isr
 .text.TSS_SensorInitCallback
                0x00007b04       0x3c ./Sources/TSS/TSS_Sensor.o
                0x00007b04                TSS_SensorInitCallback
 .text.TSS_SensorInit
                0x00007b40       0x2c ./Sources/TSS/TSS_Sensor.o
                0x00007b40                TSS_SensorInit
 .text.sonarEventEchoOverflow
                0x00007b6c       0x18 ./Sources/Tasks/TaskSonar.o
                0x00007b6c                sonarEventEchoOverflow
 .text.sonarEventEchoCapture
                0x00007b84       0x50 ./Sources/Tasks/TaskSonar.o
                0x00007b84                sonarEventEchoCapture
 .text.taskSendString2Work
                0x00007bd4       0x1c ./Sources/Tasks/TaskSendString2.o
                0x00007bd4                taskSendString2Work
 .text.TaskSendString2
                0x00007bf0       0x10 ./Sources/Tasks/TaskSendString2.o
 .text.taskSendString2Start
                0x00007c00       0x4c ./Sources/Tasks/TaskSendString2.o
                0x00007c00                taskSendString2Start
 .text.taskSendString1Work
                0x00007c4c       0x1c ./Sources/Tasks/TaskSendString1.o
                0x00007c4c                taskSendString1Work
 .text.TaskSendString1
                0x00007c68       0x10 ./Sources/Tasks/TaskSendString1.o
 .text.taskSendString1Start
                0x00007c78       0x4c ./Sources/Tasks/TaskSendString1.o
                0x00007c78                taskSendString1Start
 .text.taskSendStringWork
                0x00007cc4       0x24 ./Sources/Tasks/TaskSendString.o
                0x00007cc4                taskSendStringWork
 .text.TaskSendString
                0x00007ce8       0x18 ./Sources/Tasks/TaskSendString.o
 .text.taskSendStringStart
                0x00007d00       0x6c ./Sources/Tasks/TaskSendString.o
                0x00007d00                taskSendStringStart
 .text.taskSendGlobalVariableWork
                0x00007d6c       0x24 ./Sources/Tasks/TaskSendGlobalVariable.o
                0x00007d6c                taskSendGlobalVariableWork
 .text.TaskSendGlobalVariable
                0x00007d90       0x10 ./Sources/Tasks/TaskSendGlobalVariable.o
 .text.taskSendGlobalVariableStart
                0x00007da0       0x4c ./Sources/Tasks/TaskSendGlobalVariable.o
                0x00007da0                taskSendGlobalVariableStart
 .text.taskAccelerometerWork
                0x00007dec      0x160 ./Sources/Tasks/TaskAccelerometer.o
                0x00007dec                taskAccelerometerWork
 .text.TaskAccelerometer
                0x00007f4c       0x50 ./Sources/Tasks/TaskAccelerometer.o
 .text.taskAccelerometerStart
                0x00007f9c       0x40 ./Sources/Tasks/TaskAccelerometer.o
                0x00007f9c                taskAccelerometerStart
 .text.initGlobalVariables
                0x00007fdc       0x14 ./Sources/Util/GlobalVariables.o
                0x00007fdc                initGlobalVariables
 .text.getIdleTaskHookInteger
                0x00007ff0       0x14 ./Sources/Util/GlobalVariables.o
                0x00007ff0                getIdleTaskHookInteger
 .text.incrementIdleTaskHookInteger
                0x00008004       0x18 ./Sources/Util/GlobalVariables.o
                0x00008004                incrementIdleTaskHookInteger
 .text.main     0x0000801c       0x84 ./Sources/ProcessorExpert.o
                0x0000801c                main
 .text.I2C1_OnMasterBlockSent
                0x000080a0       0x18 ./Sources/Events.o
                0x000080a0                I2C1_OnMasterBlockSent
 .text.I2C1_OnMasterBlockReceived
                0x000080b8       0x18 ./Sources/Events.o
                0x000080b8                I2C1_OnMasterBlockReceived
 .text.TSSTouch_fOnFault
                0x000080d0       0x3c ./Sources/Events.o
                0x000080d0                TSSTouch_fOnFault
 .text.TSSTouch_fOnInit
                0x0000810c        0xc ./Sources/Events.o
                0x0000810c                TSSTouch_fOnInit
 .text.TSSTouch_fCallBack0
                0x00008118       0x98 ./Sources/Events.o
                0x00008118                TSSTouch_fCallBack0
 .text.TU2_OnCounterRestart
                0x000081b0       0x18 ./Sources/Events.o
                0x000081b0                TU2_OnCounterRestart
 .text.TU2_OnChannel0
                0x000081c8       0x18 ./Sources/Events.o
                0x000081c8                TU2_OnChannel0
 .text.Cpu_OnNMIINT0
                0x000081e0        0x8 ./Sources/Events.o
                0x000081e0                Cpu_OnNMIINT0
 .text.FreeRTOS0_vApplicationTickHook
                0x000081e8        0x8 ./Sources/Events.o
                0x000081e8                FreeRTOS0_vApplicationTickHook
 .text.FreeRTOS0_vApplicationIdleHook
                0x000081f0        0xc ./Sources/Events.o
                0x000081f0                FreeRTOS0_vApplicationIdleHook
 .text.FreeRTOS0_vApplicationMallocFailedHook
                0x000081fc        0x8 ./Sources/Events.o
                0x000081fc                FreeRTOS0_vApplicationMallocFailedHook
 .text.FreeRTOS0_vOnPreSleepProcessing
                0x00008204       0x10 ./Sources/Events.o
                0x00008204                FreeRTOS0_vOnPreSleepProcessing
 .text.FreeRTOS0_vApplicationStackOverflowHook
                0x00008214       0x10 ./Sources/Events.o
                0x00008214                FreeRTOS0_vApplicationStackOverflowHook
 .text.FreeRTOS0_vOnPostSleepProcessing
                0x00008224       0x10 ./Sources/Events.o
                0x00008224                FreeRTOS0_vOnPostSleepProcessing
 .text.printf   0x00008234       0x28 C:/Freescale/CW MCU v10.5/MCU/ARM_GCC_Support/ewl/lib/armv6-m\libc.a(printf.o)
                0x00008234                printf
 .text.puts     0x0000825c       0x54 C:/Freescale/CW MCU v10.5/MCU/ARM_GCC_Support/ewl/lib/armv6-m\libc.a(puts.o)
                0x0000825c                puts
 .text.sprintf  0x000082b0       0x1a C:/Freescale/CW MCU v10.5/MCU/ARM_GCC_Support/ewl/lib/armv6-m\libc.a(sprintf.o)
                0x000082b0                sprintf
 .text.__StringWrite
                0x000082ca       0x26 C:/Freescale/CW MCU v10.5/MCU/ARM_GCC_Support/ewl/lib/armv6-m\libc.a(vsnprintf.o)
                0x000082ca                __StringWrite
 .text.vsnprintf
                0x000082f0       0x38 C:/Freescale/CW MCU v10.5/MCU/ARM_GCC_Support/ewl/lib/armv6-m\libc.a(vsnprintf.o)
                0x000082f0                vsnprintf
 .text.exit     0x00008328       0x38 C:/Freescale/CW MCU v10.5/MCU/ARM_GCC_Support/ewl/lib/armv6-m\libc.a(exit.o)
                0x00008328                exit
 .text.memcpy   0x00008360       0x12 C:/Freescale/CW MCU v10.5/MCU/ARM_GCC_Support/ewl/lib/armv6-m\libc.a(memcpy.o)
                0x00008360                memcpy
 .text.memset   0x00008372        0xc C:/Freescale/CW MCU v10.5/MCU/ARM_GCC_Support/ewl/lib/armv6-m\libc.a(memset.o)
                0x00008372                memset
 .text.strchr   0x0000837e       0x1e C:/Freescale/CW MCU v10.5/MCU/ARM_GCC_Support/ewl/lib/armv6-m\libc.a(strchr.o)
                0x0000837e                strchr
 .text.strlen   0x0000839c       0x10 C:/Freescale/CW MCU v10.5/MCU/ARM_GCC_Support/ewl/lib/armv6-m\libc.a(strlen.o)
                0x0000839c                strlen
 .text.long2str.isra.0
                0x000083ac      0x19c C:/Freescale/CW MCU v10.5/MCU/ARM_GCC_Support/ewl/lib/armv6-m\libc.a(printformat_.o)
 .text.__pformatter_
                0x00008548      0x428 C:/Freescale/CW MCU v10.5/MCU/ARM_GCC_Support/ewl/lib/armv6-m\libc.a(printformat_.o)
                0x00008548                __pformatter_
 .text.__sformatter
                0x00008970      0x698 C:/Freescale/CW MCU v10.5/MCU/ARM_GCC_Support/ewl/lib/armv6-m\libc.a(scanformat_.o)
                0x00008970                __sformatter
 .text.isalpha  0x00009008       0x20 C:/Freescale/CW MCU v10.5/MCU/ARM_GCC_Support/ewl/lib/armv6-m\libc.a(ctype_aeabi.o)
                0x00009008                isalpha
 .text.isspace  0x00009028       0x20 C:/Freescale/CW MCU v10.5/MCU/ARM_GCC_Support/ewl/lib/armv6-m\libc.a(ctype_aeabi.o)
                0x00009028                isspace
 .text.toupper  0x00009048        0xe C:/Freescale/CW MCU v10.5/MCU/ARM_GCC_Support/ewl/lib/armv6-m\libc.a(ctype_aeabi.o)
                0x00009048                toupper
 .text.__put_char
                0x00009056       0x90 C:/Freescale/CW MCU v10.5/MCU/ARM_GCC_Support/ewl/lib/armv6-m\libc.a(__putchar.o)
                0x00009056                __put_char
 .text.__fwrite
                0x000090e6      0x160 C:/Freescale/CW MCU v10.5/MCU/ARM_GCC_Support/ewl/lib/armv6-m\libc.a(fwrite.o)
                0x000090e6                __fwrite
 .text.__FileWrite
                0x00009246       0x1c C:/Freescale/CW MCU v10.5/MCU/ARM_GCC_Support/ewl/lib/armv6-m\libc.a(fwrite.o)
                0x00009246                __FileWrite
 .text.__strtoul
                0x00009262      0x1ce C:/Freescale/CW MCU v10.5/MCU/ARM_GCC_Support/ewl/lib/armv6-m\libc.a(__strtoul.o)
                0x00009262                __strtoul
 .text.__fill_mem
                0x00009430       0x7e C:/Freescale/CW MCU v10.5/MCU/ARM_GCC_Support/ewl/lib/armv6-m\libc.a(__filll_mem.o)
                0x00009430                __fill_mem
 .text.__memrchr
                0x000094ae       0x1e C:/Freescale/CW MCU v10.5/MCU/ARM_GCC_Support/ewl/lib/armv6-m\libc.a(__memrchr.o)
                0x000094ae                __memrchr
 .text.memchr   0x000094cc       0x1a C:/Freescale/CW MCU v10.5/MCU/ARM_GCC_Support/ewl/lib/armv6-m\libc.a(memchr.o)
                0x000094cc                memchr
 .text.__prep_buffer
                0x000094e6       0x14 C:/Freescale/CW MCU v10.5/MCU/ARM_GCC_Support/ewl/lib/armv6-m\libc.a(__buffer_io.o)
                0x000094e6                __prep_buffer
 .text.__flush_buffer
                0x000094fa       0x38 C:/Freescale/CW MCU v10.5/MCU/ARM_GCC_Support/ewl/lib/armv6-m\libc.a(__buffer_io.o)
                0x000094fa                __flush_buffer
 *fill*         0x00009532        0x2 00
 .text.__init_cpp
                0x00009534       0x48 C:/Freescale/CW MCU v10.5/MCU/ARM_GCC_Support/ewl/lib/armv6-m\librt.a(gcc_ctor_dtor.o)
                0x00009534                __init_cpp
 .text.__fini_cpp
                0x0000957c       0x34 C:/Freescale/CW MCU v10.5/MCU/ARM_GCC_Support/ewl/lib/armv6-m\librt.a(gcc_ctor_dtor.o)
                0x0000957c                __fini_cpp
 .text.__copy_rom_section
                0x000095b0       0x48 C:/Freescale/CW MCU v10.5/MCU/ARM_GCC_Support/ewl/lib/armv6-m\librt.a(ROMCopy.o)
                0x000095b0                __copy_rom_section
 .text.__copy_rom_sections_to_ram
                0x000095f8       0x34 C:/Freescale/CW MCU v10.5/MCU/ARM_GCC_Support/ewl/lib/armv6-m\librt.a(ROMCopy.o)
                0x000095f8                __copy_rom_sections_to_ram
 .text.__destroy_global_chain
                0x0000962c       0x1c C:/Freescale/CW MCU v10.5/MCU/ARM_GCC_Support/ewl/lib/armv6-m\librt.a(__arm_eabi_init.o)
                0x0000962c                __destroy_global_chain
 .text.__init_registers
                0x00009648       0x1c C:/Freescale/CW MCU v10.5/MCU/ARM_GCC_Support/ewl/lib/armv6-m\librt.a(__arm_eabi_init.o)
                0x00009648                __init_registers
 .text.__init_user
                0x00009664        0x4 C:/Freescale/CW MCU v10.5/MCU/ARM_GCC_Support/ewl/lib/armv6-m\librt.a(__arm_eabi_init.o)
                0x00009664                __init_user
 *(.rodata)
 .rodata        0x00009668        0x8 ./Generated_Code/tasks.o
 .rodata        0x00009670       0x40 ./Sources/Tasks/TaskSendString2.o
 .rodata        0x000096b0       0x40 ./Sources/Tasks/TaskSendString1.o
 .rodata        0x000096f0       0x44 ./Sources/Tasks/TaskSendString.o
 .rodata        0x00009734       0x38 ./Sources/Tasks/TaskSendGlobalVariable.o
 .rodata        0x0000976c       0xc8 ./Sources/Tasks/TaskAccelerometer.o
 .rodata        0x00009834       0x14 C:/Users/JH/Documents/GitHub/M0PlusFreeRTOS/M0PlusFreeRTOS/Sources/TSS\libTSS_KXX_M0.a(TSS_KeyDetector.o)
 .rodata        0x00009848        0xc C:/Users/JH/Documents/GitHub/M0PlusFreeRTOS/M0PlusFreeRTOS/Sources/TSS\libTSS_KXX_M0.a(TSS_Main.o)
 *(.rodata*)
 .rodata.heapSTRUCT_SIZE
                0x00009854        0x2 ./Generated_Code/heap_2.o
 *fill*         0x00009856        0x2 00
 .rodata.ChannelDevice
                0x00009858        0x4 ./Generated_Code/TU2.o
 .rodata.ChannelMode
                0x0000985c        0x4 ./Generated_Code/TU2.o
 .rodata.ChannelDevice
                0x00009860        0x4 ./Generated_Code/TU1.o
 .rodata.ChannelMode
                0x00009864        0x4 ./Generated_Code/TU1.o
 .rodata.InitialCalibration
                0x00009868        0x8 ./Generated_Code/MMA0.o
 .rodata.addr.6503
                0x00009870        0x1 ./Generated_Code/MMA0.o
 .rodata.addr.6495
                0x00009871        0x1 ./Generated_Code/MMA0.o
 .rodata.addr.6487
                0x00009872        0x1 ./Generated_Code/MMA0.o
 *fill*         0x00009873        0x1 00
 .rodata.TSS_C0_INPUTS_GROUP
                0x00009874        0x4 ./Sources/TSS/TSS_SystemSetupData.o
                0x00009874                TSS_C0_INPUTS_GROUP
 .rodata.TSS_C0_STRUCTURE_ROM_CONTEXT
                0x00009878       0x1c ./Sources/TSS/TSS_SystemSetupData.o
                0x00009878                TSS_C0_STRUCTURE_ROM_CONTEXT
 .rodata.tss_faCallback
                0x00009894        0x4 ./Sources/TSS/TSS_SystemSetupData.o
                0x00009894                tss_faCallback
 .rodata.tss_acpsDecRAMContext
                0x00009898        0x4 ./Sources/TSS/TSS_SystemSetupData.o
                0x00009898                tss_acpsDecRAMContext
 .rodata.tss_acpsDecROMContext
                0x0000989c        0x4 ./Sources/TSS/TSS_SystemSetupData.o
                0x0000989c                tss_acpsDecROMContext
 .rodata.tss_acpsCSStructs
                0x000098a0        0x4 ./Sources/TSS/TSS_SystemSetupData.o
                0x000098a0                tss_acpsCSStructs
 .rodata.tss_faDecoders
                0x000098a4        0x4 ./Sources/TSS/TSS_SystemSetupData.o
                0x000098a4                tss_faDecoders
 .rodata.tss_cau8ShieldPairs
                0x000098a8        0x4 ./Sources/TSS/TSS_SystemSetupData.o
                0x000098a8                tss_cau8ShieldPairs
 .rodata.tss_cau8SignalDivider
                0x000098ac        0x4 ./Sources/TSS/TSS_SystemSetupData.o
                0x000098ac                tss_cau8SignalDivider
 .rodata.tss_cau8SignalMultiplier
                0x000098b0        0x4 ./Sources/TSS/TSS_SystemSetupData.o
                0x000098b0                tss_cau8SignalMultiplier
 .rodata.tss_fSetInternalPrivateData
                0x000098b4        0x4 ./Sources/TSS/TSS_SystemSetupData.o
                0x000098b4                tss_fSetInternalPrivateData
 .rodata.tss_fDecodersControl
                0x000098b8        0x4 ./Sources/TSS/TSS_SystemSetupData.o
                0x000098b8                tss_fDecodersControl
 .rodata.tss_cu8NumElecs
                0x000098bc        0x1 ./Sources/TSS/TSS_SystemSetupData.o
                0x000098bc                tss_cu8NumElecs
 .rodata.tss_cu8NumCtrls
                0x000098bd        0x1 ./Sources/TSS/TSS_SystemSetupData.o
                0x000098bd                tss_cu8NumCtrls
 .rodata.tss_cu8ElecBitFldLn
                0x000098be        0x1 ./Sources/TSS/TSS_SystemSetupData.o
                0x000098be                tss_cu8ElecBitFldLn
 *fill*         0x000098bf        0x1 00
 .rodata.tss_fCalculateIIRFilter
                0x000098c0        0x4 ./Sources/TSS/TSS_SystemSetupData.o
                0x000098c0                tss_fCalculateIIRFilter
 .rodata.tss_fCalculateShielding
                0x000098c4        0x4 ./Sources/TSS/TSS_SystemSetupData.o
                0x000098c4                tss_fCalculateShielding
 .rodata.tss_fInitPrevCapSample
                0x000098c8        0x4 ./Sources/TSS/TSS_SystemSetupData.o
                0x000098c8                tss_fInitPrevCapSample
 .rodata.tss_fFillDeltaLogBuffer
                0x000098cc        0x4 ./Sources/TSS/TSS_SystemSetupData.o
                0x000098cc                tss_fFillDeltaLogBuffer
 .rodata.tss_fFillSignalLogBuffer
                0x000098d0        0x4 ./Sources/TSS/TSS_SystemSetupData.o
                0x000098d0                tss_fFillSignalLogBuffer
 .rodata.tss_fDataCorruptionCheck
                0x000098d4        0x4 ./Sources/TSS/TSS_SystemSetupData.o
                0x000098d4                tss_fDataCorruptionCheck
 .rodata.tss_fFmstrCall
                0x000098d8        0x4 ./Sources/TSS/TSS_SystemSetupData.o
                0x000098d8                tss_fFmstrCall
 .rodata.tss_fTriggerConfig
                0x000098dc        0x4 ./Sources/TSS/TSS_SystemSetupData.o
                0x000098dc                tss_fTriggerConfig
 .rodata.tss_fTriggerControl
                0x000098e0        0x4 ./Sources/TSS/TSS_SystemSetupData.o
                0x000098e0                tss_fTriggerControl
 .rodata.tss_fLowPowerConfig
                0x000098e4        0x4 ./Sources/TSS/TSS_SystemSetupData.o
                0x000098e4                tss_fLowPowerConfig
 .rodata.tss_fOnFault
                0x000098e8        0x4 ./Sources/TSS/TSS_SystemSetupData.o
                0x000098e8                tss_fOnFault
 .rodata.tss_fOnInit
                0x000098ec        0x4 ./Sources/TSS/TSS_SystemSetupData.o
                0x000098ec                tss_fOnInit
 .rodata.tss_cu8APosFilterWeight
                0x000098f0        0x1 ./Sources/TSS/TSS_SystemSetupData.o
                0x000098f0                tss_cu8APosFilterWeight
 *fill*         0x000098f1        0x3 00
 .rodata.tss_fASliderCalculatePosIIRFilter
                0x000098f4        0x4 ./Sources/TSS/TSS_SystemSetupData.o
                0x000098f4                tss_fASliderCalculatePosIIRFilter
 .rodata.tss_cu8ASliderDelayBufferLength
                0x000098f8        0x1 ./Sources/TSS/TSS_SystemSetupData.o
                0x000098f8                tss_cu8ASliderDelayBufferLength
 *fill*         0x000098f9        0x3 00
 .rodata.tss_fASliderDelayControl
                0x000098fc        0x4 ./Sources/TSS/TSS_SystemSetupData.o
                0x000098fc                tss_fASliderDelayControl
 .rodata.tss_cu8ASliderTrendBufferLength
                0x00009900        0x1 ./Sources/TSS/TSS_SystemSetupData.o
                0x00009900                tss_cu8ASliderTrendBufferLength
 .rodata.tss_i8ASliderTrendThreshold
                0x00009901        0x1 ./Sources/TSS/TSS_SystemSetupData.o
                0x00009901                tss_i8ASliderTrendThreshold
 *fill*         0x00009902        0x2 00
 .rodata.tss_fASliderTrendThreshold
                0x00009904        0x4 ./Sources/TSS/TSS_SystemSetupData.o
                0x00009904                tss_fASliderTrendThreshold
 .rodata.tss_fASliderTrendControl
                0x00009908        0x4 ./Sources/TSS/TSS_SystemSetupData.o
                0x00009908                tss_fASliderTrendControl
 .rodata.tss_fOnProximity
                0x0000990c        0x4 ./Sources/TSS/TSS_SystemSetupData.o
                0x0000990c                tss_fOnProximity
 .rodata.tss_fProximityConfig
                0x00009910        0x4 ./Sources/TSS/TSS_SystemSetupData.o
                0x00009910                tss_fProximityConfig
 .rodata.tss_fStuckKeyControl
                0x00009914        0x4 ./Sources/TSS/TSS_SystemSetupData.o
                0x00009914                tss_fStuckKeyControl
 .rodata.tss_fResetStuckKeyCounter
                0x00009918        0x4 ./Sources/TSS/TSS_SystemSetupData.o
                0x00009918                tss_fResetStuckKeyCounter
 .rodata.tss_fNegativeBaselineDrop
                0x0000991c        0x4 ./Sources/TSS/TSS_SystemSetupData.o
                0x0000991c                tss_fNegativeBaselineDrop
 .rodata.tss_fKeyDetectorRecalibrationRequest
                0x00009920        0x4 ./Sources/TSS/TSS_SystemSetupData.o
                0x00009920                tss_fKeyDetectorRecalibrationRequest
 .rodata.tss_fSignalDivider
                0x00009924        0x4 ./Sources/TSS/TSS_SystemSetupData.o
                0x00009924                tss_fSignalDivider
 .rodata.tss_fSignalMultiplier
                0x00009928        0x4 ./Sources/TSS/TSS_SystemSetupData.o
                0x00009928                tss_fSignalMultiplier
 .rodata.tss_fAutoCalibration
                0x0000992c        0x4 ./Sources/TSS/TSS_SystemSetupData.o
                0x0000992c                tss_fAutoCalibration
 .rodata.tss_fSensitivityLowLimitControl
                0x00009930        0x4 ./Sources/TSS/TSS_SystemSetupData.o
                0x00009930                tss_fSensitivityLowLimitControl
 .rodata.tss_fDeltaNoiseAnalysisIIRControl
                0x00009934        0x4 ./Sources/TSS/TSS_SystemSetupData.o
                0x00009934                tss_fDeltaNoiseAnalysisIIRControl
 .rodata.tss_cu8BaselineInitLength
                0x00009938        0x1 ./Sources/TSS/TSS_SystemSetupData.o
                0x00009938                tss_cu8BaselineInitLength
 .rodata.tss_cu8AutoCalibInitLength
                0x00009939        0x1 ./Sources/TSS/TSS_SystemSetupData.o
                0x00009939                tss_cu8AutoCalibInitLength
 *fill*         0x0000993a        0x2 00
 .rodata.tss_ci8DeltaNoiseAnalysisIIRWeights
                0x0000993c        0x4 ./Sources/TSS/TSS_SystemSetupData.o
                0x0000993c                tss_ci8DeltaNoiseAnalysisIIRWeights
 .rodata.tss_csKeyBasicASCContext
                0x00009940        0x8 ./Sources/TSS/TSS_SystemSetupData.o
                0x00009940                tss_csKeyBasicASCContext
 .rodata.tss_fKeyDetectorElectrodeEval
                0x00009948        0x4 ./Sources/TSS/TSS_SystemSetupData.o
                0x00009948                tss_fKeyDetectorElectrodeEval
 .rodata.tss_fKeyDetectorIntegrationResetEval
                0x0000994c        0x4 ./Sources/TSS/TSS_SystemSetupData.o
                0x0000994c                tss_fKeyDetectorIntegrationResetEval
 .rodata.tss_fKeyNoiseSchedulerInit
                0x00009950        0x4 ./Sources/TSS/TSS_SystemSetupData.o
                0x00009950                tss_fKeyNoiseSchedulerInit
 .rodata.tss_fKeyNoiseSchedulerRun
                0x00009954        0x4 ./Sources/TSS/TSS_SystemSetupData.o
                0x00009954                tss_fKeyNoiseSchedulerRun
 .rodata.tss_fGetSystemDataContext
                0x00009958        0x4 ./Sources/TSS/TSS_SystemSetupData.o
                0x00009958                tss_fGetSystemDataContext
 .rodata.TSS_TSIL0_METHOD_ROMDATA_CONTEXT
                0x0000995c       0x10 ./Sources/TSS/TSS_SensorTSIL.o
                0x0000995c                TSS_TSIL0_METHOD_ROMDATA_CONTEXT
 .rodata.TSS_E0_ROMDATA_CONTEXT
                0x0000996c        0xc ./Sources/TSS/TSS_SensorTSIL.o
                0x0000996c                TSS_E0_ROMDATA_CONTEXT
 .rodata.TSS_E1_ROMDATA_CONTEXT
                0x00009978        0xc ./Sources/TSS/TSS_SensorTSIL.o
                0x00009978                TSS_E1_ROMDATA_CONTEXT
 .rodata.TSIL_MethodControl
                0x00009984       0x24 ./Sources/TSS/TSS_SensorTSIL.o
 .rodata.TSIL_SampleElectrode
                0x000099a8       0x28 ./Sources/TSS/TSS_SensorTSIL.o
 .rodata.tss_faSampleElectrode
                0x000099d0        0x8 ./Sources/TSS/TSS_Sensor.o
                0x000099d0                tss_faSampleElectrode
 .rodata.tss_acp8ElectrodeROMData
                0x000099d8        0x8 ./Sources/TSS/TSS_Sensor.o
                0x000099d8                tss_acp8ElectrodeROMData
 .rodata.str1.1
                0x000099e0        0x1 C:/Freescale/CW MCU v10.5/MCU/ARM_GCC_Support/ewl/lib/armv6-m\libc.a(printformat_.o)
 .rodata.CSWTCH.20
                0x000099e1        0x5 C:/Freescale/CW MCU v10.5/MCU/ARM_GCC_Support/ewl/lib/armv6-m\libc.a(printformat_.o)
 .rodata.CSWTCH.21
                0x000099e6        0x5 C:/Freescale/CW MCU v10.5/MCU/ARM_GCC_Support/ewl/lib/armv6-m\libc.a(printformat_.o)
 .rodata.__aeabi_ctype_table_C
                0x000099eb      0x101 C:/Freescale/CW MCU v10.5/MCU/ARM_GCC_Support/ewl/lib/armv6-m\libc.a(ctype_aeabi.o)
                0x000099eb                __aeabi_ctype_table_C
 *(.glue_7)
 .glue_7        0x00000000        0x0 linker stubs
 *(.glue_7t)
 .glue_7t       0x00000000        0x0 linker stubs
 *(.eh_frame)
 *(.init)
 *(.fini)
                0x00009aec                . = ALIGN (0x4)
                0x00009aec                _etext = .

.vfp11_veneer   0x00009aec        0x0
 .vfp11_veneer  0x00000000        0x0 linker stubs

.v4_bx          0x00009aec        0x0
 .v4_bx         0x00000000        0x0 linker stubs

.iplt           0x00009aec        0x0
 .iplt          0x00000000        0x0 ./Generated_Code/timers.o

.rel.dyn        0x00009aec        0x0
 .rel.iplt      0x00000000        0x0 ./Generated_Code/timers.o

.ARM.extab
 *(.ARM.extab* .gnu.linkonce.armextab.*)

.ARM            0x00009aec        0x0
                0x00009aec                __exidx_start = .
 *(.ARM.exidx*)
                0x00009aec                __exidx_end = .

.ctors          0x00009aec        0x0
                0x00009aec                __CTOR_LIST__ = .
 *crtbegin.o(.ctors)
 *(EXCLUDE_FILE(*crtend.o) .ctors)
 *(SORT(.ctors.*))
 *(.ctors)
                0x00009aec                __CTOR_END__ = .

.dtors          0x00009aec        0x0
                0x00009aec                __DTOR_LIST__ = .
 *crtbegin.o(.dtors)
 *(EXCLUDE_FILE(*crtend.o) .dtors)
 *(SORT(.dtors.*))
 *(.dtors)
                0x00009aec                __DTOR_END__ = .

.preinit_array  0x00009aec        0x0
                0x00009aec                PROVIDE (__preinit_array_start, .)
 *(.preinit_array*)
                0x00009aec                PROVIDE (__preinit_array_end, .)

.init_array     0x00009aec        0x0
                0x00009aec                PROVIDE (__init_array_start, .)
 *(SORT(.init_array.*))
 *(.init_array*)
                0x00009aec                PROVIDE (__init_array_end, .)

.fini_array     0x00009aec        0x0
                0x00009aec                PROVIDE (__fini_array_start, .)
 *(SORT(.fini_array.*))
 *(.fini_array*)
                0x00009aec                PROVIDE (__fini_array_end, .)
                0x00009aec                ___ROM_AT = .

.mtb            0x20000000        0x0
                0x20000000                . = ALIGN (0x8)
                0x20000000                _mtb_start = .
 *(.mtb_buf)
                0x20000000                . = ALIGN (0x8)
                0x20000000                _mtb_end = .

.data           0x20000000       0xe4 load address 0x00009aec
                0x20000000                . = ALIGN (0x4)
                0x20000000                _sdata = .
 *(.data)
 .data          0x20000000        0x1 C:/Users/JH/Documents/GitHub/M0PlusFreeRTOS/M0PlusFreeRTOS/Sources/TSS\libTSS_KXX_M0.a(TSS_KeyDetector.o)
 *(.data*)
 *fill*         0x20000001        0x3 00
 .data.xNextTaskUnblockTime
                0x20000004        0x4 ./Generated_Code/tasks.o
 .data.uxCriticalNesting
                0x20000008        0x4 ./Generated_Code/port.o
 .data.xFreeBytesRemaining
                0x2000000c        0x4 ./Generated_Code/heap_2.o
 .data.TSSTouch_cKey0
                0x20000010        0x8 ./Sources/TSS/TSS_SystemSetupData.o
                0x20000010                TSSTouch_cKey0
 .data.__files  0x20000018       0xcc C:/Freescale/CW MCU v10.5/MCU/ARM_GCC_Support/ewl/lib/armv6-m\libc.a(ansi_files.o)
                0x20000018                __files
                0x200000e4                . = ALIGN (0x4)
                0x200000e4                _edata = .
                0x000000e4                ___data_size = (_edata - _sdata)
                0x00009bd0                ___m_data_1FFFF000_ROMStart = (___ROM_AT + SIZEOF (.data))

.igot.plt       0x200000e4        0x0 load address 0x00009bd0
 .igot.plt      0x00000000        0x0 ./Generated_Code/timers.o

.m_data_1FFFF000
                0x1ffff000        0x0 load address 0x00009bd0
                0x1ffff000                . = ALIGN (0x4)
                0x1ffff000                ___m_data_1FFFF000_RAMStart = .
 *(.m_data_1FFFF000)
                0x1ffff000                ___m_data_1FFFF000_RAMEnd = .
                0x1ffff000                . = ALIGN (0x4)
                0x00000000                ___m_data_1FFFF000_ROMSize = (___m_data_1FFFF000_RAMEnd - ___m_data_1FFFF000_RAMStart)
                0x1ffff000                . = ALIGN (0x4)

.bss            0x200000e4     0x2b58 load address 0x00009bd0
                0x200000e4                __START_BSS = .
                0x200000e4                PROVIDE (__bss_start__, __START_BSS)
 *(.bss)
 .bss           0x200000e4        0x5 C:/Users/JH/Documents/GitHub/M0PlusFreeRTOS/M0PlusFreeRTOS/Sources/TSS\libTSS_KXX_M0.a(TSS_KeyDetector.o)
 *fill*         0x200000e9        0x3 00
 .bss           0x200000ec        0x8 C:/Users/JH/Documents/GitHub/M0PlusFreeRTOS/M0PlusFreeRTOS/Sources/TSS\libTSS_KXX_M0.a(TSS_Main.o)
 *(.bss*)
 .bss.pxCurrentTCB
                0x200000f4        0x4 ./Generated_Code/tasks.o
                0x200000f4                pxCurrentTCB
 .bss.pxReadyTasksLists
                0x200000f8       0x78 ./Generated_Code/tasks.o
 .bss.xDelayedTaskList1
                0x20000170       0x14 ./Generated_Code/tasks.o
 .bss.xDelayedTaskList2
                0x20000184       0x14 ./Generated_Code/tasks.o
 .bss.pxDelayedTaskList
                0x20000198        0x4 ./Generated_Code/tasks.o
 .bss.pxOverflowDelayedTaskList
                0x2000019c        0x4 ./Generated_Code/tasks.o
 .bss.xPendingReadyList
                0x200001a0       0x14 ./Generated_Code/tasks.o
 .bss.xSuspendedTaskList
                0x200001b4       0x14 ./Generated_Code/tasks.o
 .bss.uxCurrentNumberOfTasks
                0x200001c8        0x4 ./Generated_Code/tasks.o
 .bss.xTickCount
                0x200001cc        0x4 ./Generated_Code/tasks.o
 .bss.uxTopReadyPriority
                0x200001d0        0x4 ./Generated_Code/tasks.o
 .bss.xSchedulerRunning
                0x200001d4        0x4 ./Generated_Code/tasks.o
 .bss.uxPendedTicks
                0x200001d8        0x4 ./Generated_Code/tasks.o
 .bss.xYieldPending
                0x200001dc        0x4 ./Generated_Code/tasks.o
 .bss.xNumOfOverflows
                0x200001e0        0x4 ./Generated_Code/tasks.o
 .bss.uxTaskNumber
                0x200001e4        0x4 ./Generated_Code/tasks.o
 .bss.uxSchedulerSuspended
                0x200001e8        0x4 ./Generated_Code/tasks.o
 .bss.xMaximumPossibleSuppressedTicks
                0x200001ec        0x4 ./Generated_Code/port.o
 .bss.ulStoppedTimerCompensation
                0x200001f0        0x4 ./Generated_Code/port.o
 .bss.ucHeap    0x200001f4     0x2710 ./Generated_Code/heap_2.o
 .bss.xStart    0x20002904        0x8 ./Generated_Code/heap_2.o
 .bss.xEnd      0x2000290c        0x8 ./Generated_Code/heap_2.o
 .bss.xHeapHasBeenInitialised.8041
                0x20002914        0x4 ./Generated_Code/heap_2.o
 .bss.INT_TPM1__BAREBOARD_RTOS_ISRPARAM
                0x20002918        0x4 ./Generated_Code/TU2.o
 .bss.DeviceDataPrv__DEFAULT_RTOS_ALLOC
                0x2000291c        0xc ./Generated_Code/TU1.o
 .bss.DeviceDataPrv__DEFAULT_RTOS_ALLOC
                0x20002928        0xc ./Generated_Code/TU0.o
 .bss.DeviceDataPrv__DEFAULT_RTOS_ALLOC
                0x20002934        0x4 ./Generated_Code/SonarTrigger.o
 .bss.DeviceDataPrv__DEFAULT_RTOS_ALLOC
                0x20002938        0xc ./Generated_Code/PwmLdd3.o
 .bss.DeviceDataPrv__DEFAULT_RTOS_ALLOC
                0x20002944        0xc ./Generated_Code/PwmLdd2.o
 .bss.DeviceDataPrv__DEFAULT_RTOS_ALLOC
                0x20002950        0xc ./Generated_Code/PwmLdd1.o
 .bss.PE_LDD_DeviceDataList
                0x2000295c       0x3c ./Generated_Code/PE_LDD.o
                0x2000295c                PE_LDD_DeviceDataList
 .bss.DeviceDataPrv__DEFAULT_RTOS_ALLOC
                0x20002998        0x4 ./Generated_Code/MotorB.o
 .bss.DeviceDataPrv__DEFAULT_RTOS_ALLOC
                0x2000299c        0x4 ./Generated_Code/MotorA.o
 .bss.sCalValues
                0x200029a0        0x8 ./Generated_Code/MMA0.o
 .bss.DeviceDataPrv__DEFAULT_RTOS_ALLOC
                0x200029a8       0x18 ./Generated_Code/IO1.o
 .bss.INT_I2C1__BAREBOARD_RTOS_ISRPARAM
                0x200029c0        0x4 ./Generated_Code/I2C1.o
 .bss.DeviceDataPrv__DEFAULT_RTOS_ALLOC
                0x200029c4       0x18 ./Generated_Code/I2C0.o
 .bss.INT_I2C0__BAREBOARD_RTOS_ISRPARAM
                0x200029dc        0x4 ./Generated_Code/I2C0.o
 .bss.GI2C0_deviceData
                0x200029e0        0x8 ./Generated_Code/GI2C0.o
 .bss.GI2C0_busSem
                0x200029e8        0x4 ./Generated_Code/GI2C0.o
 .bss.writeBuf.6431
                0x200029ec       0x10 ./Generated_Code/GI2C0.o
 .bss.DeviceDataPrv__DEFAULT_RTOS_ALLOC
                0x200029fc        0x4 ./Generated_Code/Break.o
 .bss.DeviceDataPrv__DEFAULT_RTOS_ALLOC
                0x20002a00        0x8 ./Generated_Code/AdcLdd1.o
 .bss.ModeFlg   0x20002a08        0x1 ./Generated_Code/AD0.o
 .bss.OutFlg    0x20002a09        0x1 ./Generated_Code/AD0.o
 *fill*         0x20002a0a        0x2 00
 .bss.argv      0x20002a0c        0x4 ./Project_Settings/Startup_Code/__arm_start.o
 .bss.TSS_C0_STRUCTURE_RAM_CONTEXT
                0x20002a10        0x4 ./Sources/TSS/TSS_SystemSetupData.o
                0x20002a10                TSS_C0_STRUCTURE_RAM_CONTEXT
 .bss.tss_apsControlPrivateData
                0x20002a14        0x4 ./Sources/TSS/TSS_SystemSetupData.o
                0x20002a14                tss_apsControlPrivateData
 .bss.TSS_TSIL0_METHOD_RAMDATA_CONTEXT
                0x20002a18        0xc ./Sources/TSS/TSS_SensorTSIL.o
                0x20002a18                TSS_TSIL0_METHOD_RAMDATA_CONTEXT
 .bss.speedX    0x20002a24        0x4 ./Sources/Tasks/TaskAccelerometer.o
 .bss.speedY    0x20002a28        0x4 ./Sources/Tasks/TaskAccelerometer.o
 .bss.speedZ    0x20002a2c        0x4 ./Sources/Tasks/TaskAccelerometer.o
 .bss.spaceX    0x20002a30        0x4 ./Sources/Tasks/TaskAccelerometer.o
 .bss.spaceY    0x20002a34        0x4 ./Sources/Tasks/TaskAccelerometer.o
 .bss.spaceZ    0x20002a38        0x4 ./Sources/Tasks/TaskAccelerometer.o
 .bss.__stdio_exit
                0x20002a3c        0x4 C:/Freescale/CW MCU v10.5/MCU/ARM_GCC_Support/ewl/lib/armv6-m\libc.a(exit.o)
                0x20002a3c                __stdio_exit
 .bss.__console_exit
                0x20002a40        0x4 C:/Freescale/CW MCU v10.5/MCU/ARM_GCC_Support/ewl/lib/armv6-m\libc.a(exit.o)
                0x20002a40                __console_exit
 .bss.__S_romp  0x20002a44        0xc C:/Freescale/CW MCU v10.5/MCU/ARM_GCC_Support/ewl/lib/armv6-m\librt.a(ROMCopy.o)
 .bss.__global_destructor_chain
                0x20002a50        0x4 C:/Freescale/CW MCU v10.5/MCU/ARM_GCC_Support/ewl/lib/armv6-m\librt.a(__arm_eabi_init.o)
                0x20002a50                __global_destructor_chain
 *(COMMON)
 COMMON         0x20002a54       0x38 ./Generated_Code/tasks.o
                0x20002a54                taskHandles
 COMMON         0x20002a8c       0x10 ./Generated_Code/AD0.o
                0x20002a8c                AD0_OutV
                0x20002a98                AdcLdd1_DeviceDataPtr
 COMMON         0x20002a9c       0xa5 ./Sources/TSS/TSS_SystemSetupData.o
                0x20002a9c                tss_au8StuckCount
                0x20002a9e                tss_u8ConfCheckSum
                0x20002aa0                tss_au8Sensitivity
                0x20002aa4                tss_ai8DeltaAmplitude
                0x20002aa8                tss_CSSys
                0x20002ab4                tss_ai8MaxDeltaAmplitude
                0x20002ab8                tss_ai8SensitivityLowLimit
                0x20002abc                tss_ai8InstantDelta
                0x20002ac0                TSS_C0_DELAY_BUFFER
                0x20002ac4                tss_au16PrevCapSample
                0x20002ac8                TSS_C0_TREND_BUFFER
                0x20002ae8                tss_au8ControlScheduleCount
                0x20002aec                TSS_C0_TREND_CONTEXT
                0x20002af0                tss_au8TouchCount
                0x20002af4                tss_au8ElectrodeMeasured
                0x20002af8                tss_au16InstantSignal
                0x20002afc                tss_au8DebounceCount
                0x20002b00                tss_au8ElectrodeStatus
                0x20002b04                tss_au8ElectrodeMarker
                0x20002b08                tss_ai8NoiseAmplitude
                0x20002b0c                tss_asDeltaNoiseAnalysisIIRData
                0x20002b18                tss_asAutoCalibrationData
                0x20002b20                tss_au8ElecState
                0x20002b24                TSS_C0_DELAY_CONTEXT
                0x20002b28                tss_au8ElectrodeEnablers
                0x20002b2c                TSS_C0_POSFILTER_CONTEXT
                0x20002b30                tss_au8ElectrodeDCTrackerEnablers
                0x20002b34                tss_au16ElecBaseline
                0x20002b38                tss_au8ReleaseCount
                0x20002b3c                tss_au8ElectrodeLowThresholdEnablers
                0x20002b40                tss_ai8IntegrationDelta
 *fill*         0x20002b41        0x3 00
 COMMON         0x20002b44       0x20 ./Sources/TSS/TSS_SensorTSIL.o
                0x20002b44                TSS_TSIL0_CHANNEL_COUNTER_BUFFER
 COMMON         0x20002b64       0x10 ./Sources/TSS/TSS_Sensor.o
                0x20002b64                tss_u8SampleIntFlag
                0x20002b68                tss_psElectrodeTimertAdr
                0x20002b6c                tss_u8ElectrodeBitNum
                0x20002b70                tss_psElectrodeRGPIOAdr
 COMMON         0x20002b74        0x4 ./Sources/Util/GlobalVariables.o
                0x20002b74                idleTaskHookInteger
 COMMON         0x20002b78        0x2 C:/Users/JH/Documents/GitHub/M0PlusFreeRTOS/M0PlusFreeRTOS/Sources/TSS\libTSS_KXX_M0.a(TSS_KeyDetector.o)
                0x20002b78                tss_u16CapSample
 COMMON         0x20002b7a       0xc0 C:/Freescale/CW MCU v10.5/MCU/ARM_GCC_Support/ewl/lib/armv6-m\libc.a(ansi_files.o)
                0x20002b7a                stdout_buff
                0x20002bba                stdin_buff
                0x20002bfa                stderr_buff
                0x20002c3c                . = ALIGN (0x4)
 *fill*         0x20002c3a        0x2 00
                0x20002c3c                __END_BSS = .
                0x20002c3c                PROVIDE (__bss_end__, __END_BSS)
                0x00009bd0                _romp_at = ((___ROM_AT + SIZEOF (.data)) + SIZEOF (.m_data_1FFFF000))

.romp           0x20002c3c       0x24 load address 0x00009bd0
                0x00009bd0                __S_romp = _romp_at
                0x20002c3c        0x4 LONG 0x9aec ___ROM_AT
                0x20002c40        0x4 LONG 0x20000000 _sdata
                0x20002c44        0x4 LONG 0xe4 ___data_size
                0x20002c48        0x4 LONG 0x9bd0 ___m_data_1FFFF000_ROMStart
                0x20002c4c        0x4 LONG 0x1ffff000 ___m_data_1FFFF000_RAMStart
                0x20002c50        0x4 LONG 0x0 ___m_data_1FFFF000_ROMSize
                0x20002c54        0x4 LONG 0x0
                0x20002c58        0x4 LONG 0x0
                0x20002c5c        0x4 LONG 0x0

._user_heap_stack
                0x20002c60       0x40 load address 0x00009bf4
                0x20002c60                . = ALIGN (0x4)
                0x20002c60                PROVIDE (end, .)
                0x20002c60                PROVIDE (_end, .)
                0x20002c60                __heap_addr = .
                0x20002c60                . = (. + __heap_size)
                0x20002ca0                . = (. + __stack_size)
 *fill*         0x20002c60       0x40 00
                0x20002ca0                . = ALIGN (0x4)

.ARM.attributes
                0x00000000       0x2f
 *(.ARM.attributes)
 .ARM.attributes
                0x00000000       0x31 ./Generated_Code/tasks.o
 .ARM.attributes
                0x00000031       0x31 ./Generated_Code/queue.o
 .ARM.attributes
                0x00000062       0x31 ./Generated_Code/port.o
 .ARM.attributes
                0x00000093       0x31 ./Generated_Code/list.o
 .ARM.attributes
                0x000000c4       0x31 ./Generated_Code/heap_2.o
 .ARM.attributes
                0x000000f5       0x31 ./Generated_Code/Vectors.o
 .ARM.attributes
                0x00000126       0x31 ./Generated_Code/TU2.o
 .ARM.attributes
                0x00000157       0x31 ./Generated_Code/TU1.o
 .ARM.attributes
                0x00000188       0x31 ./Generated_Code/TU0.o
 .ARM.attributes
                0x000001b9       0x31 ./Generated_Code/TSSTouch.o
 .ARM.attributes
                0x000001ea       0x31 ./Generated_Code/SonarTrigger.o
 .ARM.attributes
                0x0000021b       0x31 ./Generated_Code/PwmLdd3.o
 .ARM.attributes
                0x0000024c       0x31 ./Generated_Code/PwmLdd2.o
 .ARM.attributes
                0x0000027d       0x31 ./Generated_Code/PwmLdd1.o
 .ARM.attributes
                0x000002ae       0x31 ./Generated_Code/PE_LDD.o
 .ARM.attributes
                0x000002df       0x31 ./Generated_Code/MotorB.o
 .ARM.attributes
                0x00000310       0x31 ./Generated_Code/MotorA.o
 .ARM.attributes
                0x00000341       0x31 ./Generated_Code/MMA0.o
 .ARM.attributes
                0x00000372       0x31 ./Generated_Code/IO1.o
 .ARM.attributes
                0x000003a3       0x31 ./Generated_Code/I2C1.o
 .ARM.attributes
                0x000003d4       0x31 ./Generated_Code/I2C0.o
 .ARM.attributes
                0x00000405       0x31 ./Generated_Code/GI2C0.o
 .ARM.attributes
                0x00000436       0x31 ./Generated_Code/CsIO0.o
 .ARM.attributes
                0x00000467       0x31 ./Generated_Code/Cpu.o
 .ARM.attributes
                0x00000498       0x31 ./Generated_Code/Break.o
 .ARM.attributes
                0x000004c9       0x31 ./Generated_Code/AdcLdd1.o
 .ARM.attributes
                0x000004fa       0x31 ./Generated_Code/AD0.o
 .ARM.attributes
                0x0000052b       0x31 ./Project_Settings/Startup_Code/__arm_start.o
 .ARM.attributes
                0x0000055c       0x31 ./Project_Settings/Startup_Code/__arm_end.o
 .ARM.attributes
                0x0000058d       0x31 ./Sources/TSS/TSS_SystemSetupData.o
 .ARM.attributes
                0x000005be       0x31 ./Sources/TSS/TSS_SensorTSIL.o
 .ARM.attributes
                0x000005ef       0x31 ./Sources/TSS/TSS_Sensor.o
 .ARM.attributes
                0x00000620       0x31 ./Sources/Tasks/TaskSonar.o
 .ARM.attributes
                0x00000651       0x31 ./Sources/Tasks/TaskSendString2.o
 .ARM.attributes
                0x00000682       0x31 ./Sources/Tasks/TaskSendString1.o
 .ARM.attributes
                0x000006b3       0x31 ./Sources/Tasks/TaskSendString.o
 .ARM.attributes
                0x000006e4       0x31 ./Sources/Tasks/TaskSendGlobalVariable.o
 .ARM.attributes
                0x00000715       0x31 ./Sources/Tasks/TaskAccelerometer.o
 .ARM.attributes
                0x00000746       0x31 ./Sources/Util/GlobalVariables.o
 .ARM.attributes
                0x00000777       0x31 ./Sources/ProcessorExpert.o
 .ARM.attributes
                0x000007a8       0x31 ./Sources/Events.o
 .ARM.attributes
                0x000007d9       0x31 C:/Users/JH/Documents/GitHub/M0PlusFreeRTOS/M0PlusFreeRTOS/Sources/TSS\libTSS_KXX_M0.a(TSS_ASliderDecoder.o)
 .ARM.attributes
                0x0000080a       0x31 C:/Users/JH/Documents/GitHub/M0PlusFreeRTOS/M0PlusFreeRTOS/Sources/TSS\libTSS_KXX_M0.a(TSS_Filters.o)
 .ARM.attributes
                0x0000083b       0x31 C:/Users/JH/Documents/GitHub/M0PlusFreeRTOS/M0PlusFreeRTOS/Sources/TSS\libTSS_KXX_M0.a(TSS_KeyDetectorNormal.o)
 .ARM.attributes
                0x0000086c       0x31 C:/Users/JH/Documents/GitHub/M0PlusFreeRTOS/M0PlusFreeRTOS/Sources/TSS\libTSS_KXX_M0.a(TSS_KeyDetector.o)
 .ARM.attributes
                0x0000089d       0x31 C:/Users/JH/Documents/GitHub/M0PlusFreeRTOS/M0PlusFreeRTOS/Sources/TSS\libTSS_KXX_M0.a(TSS_Main.o)
 .ARM.attributes
                0x000008ce       0x31 C:/Freescale/CW MCU v10.5/MCU/ARM_GCC_Support/ewl/lib/armv6-m\libc.a(printf.o)
 .ARM.attributes
                0x000008ff       0x31 C:/Freescale/CW MCU v10.5/MCU/ARM_GCC_Support/ewl/lib/armv6-m\libc.a(puts.o)
 .ARM.attributes
                0x00000930       0x31 C:/Freescale/CW MCU v10.5/MCU/ARM_GCC_Support/ewl/lib/armv6-m\libc.a(sprintf.o)
 .ARM.attributes
                0x00000961       0x31 C:/Freescale/CW MCU v10.5/MCU/ARM_GCC_Support/ewl/lib/armv6-m\libc.a(vsnprintf.o)
 .ARM.attributes
                0x00000992       0x31 C:/Freescale/CW MCU v10.5/MCU/ARM_GCC_Support/ewl/lib/armv6-m\libc.a(exit.o)
 .ARM.attributes
                0x000009c3       0x31 C:/Freescale/CW MCU v10.5/MCU/ARM_GCC_Support/ewl/lib/armv6-m\libc.a(memcpy.o)
 .ARM.attributes
                0x000009f4       0x31 C:/Freescale/CW MCU v10.5/MCU/ARM_GCC_Support/ewl/lib/armv6-m\libc.a(memset.o)
 .ARM.attributes
                0x00000a25       0x31 C:/Freescale/CW MCU v10.5/MCU/ARM_GCC_Support/ewl/lib/armv6-m\libc.a(strchr.o)
 .ARM.attributes
                0x00000a56       0x31 C:/Freescale/CW MCU v10.5/MCU/ARM_GCC_Support/ewl/lib/armv6-m\libc.a(strlen.o)
 .ARM.attributes
                0x00000a87       0x31 C:/Freescale/CW MCU v10.5/MCU/ARM_GCC_Support/ewl/lib/armv6-m\libc.a(printformat_.o)
 .ARM.attributes
                0x00000ab8       0x31 C:/Freescale/CW MCU v10.5/MCU/ARM_GCC_Support/ewl/lib/armv6-m\libc.a(scanformat_.o)
 .ARM.attributes
                0x00000ae9       0x31 C:/Freescale/CW MCU v10.5/MCU/ARM_GCC_Support/ewl/lib/armv6-m\libc.a(ctype_aeabi.o)
 .ARM.attributes
                0x00000b1a       0x31 C:/Freescale/CW MCU v10.5/MCU/ARM_GCC_Support/ewl/lib/armv6-m\libc.a(__putchar.o)
 .ARM.attributes
                0x00000b4b       0x31 C:/Freescale/CW MCU v10.5/MCU/ARM_GCC_Support/ewl/lib/armv6-m\libc.a(ansi_files.o)
 .ARM.attributes
                0x00000b7c       0x31 C:/Freescale/CW MCU v10.5/MCU/ARM_GCC_Support/ewl/lib/armv6-m\libc.a(fwrite.o)
 .ARM.attributes
                0x00000bad       0x31 C:/Freescale/CW MCU v10.5/MCU/ARM_GCC_Support/ewl/lib/armv6-m\libc.a(__strtoul.o)
 .ARM.attributes
                0x00000bde       0x31 C:/Freescale/CW MCU v10.5/MCU/ARM_GCC_Support/ewl/lib/armv6-m\libc.a(__filll_mem.o)
 .ARM.attributes
                0x00000c0f       0x31 C:/Freescale/CW MCU v10.5/MCU/ARM_GCC_Support/ewl/lib/armv6-m\libc.a(__memrchr.o)
 .ARM.attributes
                0x00000c40       0x31 C:/Freescale/CW MCU v10.5/MCU/ARM_GCC_Support/ewl/lib/armv6-m\libc.a(memchr.o)
 .ARM.attributes
                0x00000c71       0x31 C:/Freescale/CW MCU v10.5/MCU/ARM_GCC_Support/ewl/lib/armv6-m\libc.a(__buffer_io.o)
 .ARM.attributes
                0x00000ca2       0x1e c:/freescale/cw mcu v10.5/cross_tools/arm-none-eabi-gcc-4_7_3/bin/../lib/gcc/arm-none-eabi/4.7.3/armv6-m\libgcc.a(_thumb1_case_sqi.o)
 .ARM.attributes
                0x00000cc0       0x1e c:/freescale/cw mcu v10.5/cross_tools/arm-none-eabi-gcc-4_7_3/bin/../lib/gcc/arm-none-eabi/4.7.3/armv6-m\libgcc.a(_thumb1_case_uqi.o)
 .ARM.attributes
                0x00000cde       0x1e c:/freescale/cw mcu v10.5/cross_tools/arm-none-eabi-gcc-4_7_3/bin/../lib/gcc/arm-none-eabi/4.7.3/armv6-m\libgcc.a(_udivsi3.o)
 .ARM.attributes
                0x00000cfc       0x1e c:/freescale/cw mcu v10.5/cross_tools/arm-none-eabi-gcc-4_7_3/bin/../lib/gcc/arm-none-eabi/4.7.3/armv6-m\libgcc.a(_divsi3.o)
 .ARM.attributes
                0x00000d1a       0x1e c:/freescale/cw mcu v10.5/cross_tools/arm-none-eabi-gcc-4_7_3/bin/../lib/gcc/arm-none-eabi/4.7.3/armv6-m\libgcc.a(_dvmd_tls.o)
 .ARM.attributes
                0x00000d38       0x31 C:/Freescale/CW MCU v10.5/MCU/ARM_GCC_Support/ewl/lib/armv6-m\librt.a(gcc_ctor_dtor.o)
 .ARM.attributes
                0x00000d69       0x31 C:/Freescale/CW MCU v10.5/MCU/ARM_GCC_Support/ewl/lib/armv6-m\librt.a(ROMCopy.o)
 .ARM.attributes
                0x00000d9a       0x31 C:/Freescale/CW MCU v10.5/MCU/ARM_GCC_Support/ewl/lib/armv6-m\librt.a(__arm_eabi_init.o)
OUTPUT(M0PlusFreeRTOS.elf elf32-littlearm)

.debug_info     0x00000000    0x11dc1
 .debug_info    0x00000000     0x115e ./Generated_Code/tasks.o
 .debug_info    0x0000115e      0xc1f ./Generated_Code/queue.o
 .debug_info    0x00001d7d      0x306 ./Generated_Code/port.o
 .debug_info    0x00002083      0x2bf ./Generated_Code/list.o
 .debug_info    0x00002342      0x406 ./Generated_Code/heap_2.o
 .debug_info    0x00002748      0x23c ./Generated_Code/Vectors.o
 .debug_info    0x00002984      0x829 ./Generated_Code/TU2.o
 .debug_info    0x000031ad      0x744 ./Generated_Code/TU1.o
 .debug_info    0x000038f1      0x740 ./Generated_Code/TU0.o
 .debug_info    0x00004031      0x78e ./Generated_Code/TSSTouch.o
 .debug_info    0x000047bf      0x4e9 ./Generated_Code/SonarTrigger.o
 .debug_info    0x00004ca8      0x365 ./Generated_Code/PwmLdd3.o
 .debug_info    0x0000500d      0x365 ./Generated_Code/PwmLdd2.o
 .debug_info    0x00005372      0x365 ./Generated_Code/PwmLdd1.o
 .debug_info    0x000056d7      0x255 ./Generated_Code/PE_LDD.o
 .debug_info    0x0000592c      0x4e9 ./Generated_Code/MotorB.o
 .debug_info    0x00005e15      0x4e9 ./Generated_Code/MotorA.o
 .debug_info    0x000062fe      0x681 ./Generated_Code/MMA0.o
 .debug_info    0x0000697f      0x5dc ./Generated_Code/IO1.o
 .debug_info    0x00006f5b      0x8c5 ./Generated_Code/I2C1.o
 .debug_info    0x00007820      0x84a ./Generated_Code/I2C0.o
 .debug_info    0x0000806a      0x65a ./Generated_Code/GI2C0.o
 .debug_info    0x000086c4      0x266 ./Generated_Code/CsIO0.o
 .debug_info    0x0000892a      0x9f1 ./Generated_Code/Cpu.o
 .debug_info    0x0000931b      0x4e9 ./Generated_Code/Break.o
 .debug_info    0x00009804      0x7ce ./Generated_Code/AdcLdd1.o
 .debug_info    0x00009fd2      0x235 ./Generated_Code/AD0.o
 .debug_info    0x0000a207      0x12a ./Project_Settings/Startup_Code/__arm_start.o
 .debug_info    0x0000a331       0x54 ./Project_Settings/Startup_Code/__arm_end.o
 .debug_info    0x0000a385     0x1229 ./Sources/TSS/TSS_SystemSetupData.o
 .debug_info    0x0000b5ae      0xf99 ./Sources/TSS/TSS_SensorTSIL.o
 .debug_info    0x0000c547      0x4e3 ./Sources/TSS/TSS_Sensor.o
 .debug_info    0x0000ca2a      0x395 ./Sources/Tasks/TaskSonar.o
 .debug_info    0x0000cdbf      0x193 ./Sources/Tasks/TaskSendString2.o
 .debug_info    0x0000cf52      0x193 ./Sources/Tasks/TaskSendString1.o
 .debug_info    0x0000d0e5      0x206 ./Sources/Tasks/TaskSendString.o
 .debug_info    0x0000d2eb      0x193 ./Sources/Tasks/TaskSendGlobalVariable.o
 .debug_info    0x0000d47e      0x233 ./Sources/Tasks/TaskAccelerometer.o
 .debug_info    0x0000d6b1       0x7e ./Sources/Util/GlobalVariables.o
 .debug_info    0x0000d72f      0x1f2 ./Sources/ProcessorExpert.o
 .debug_info    0x0000d921      0xa0a ./Sources/Events.o
 .debug_info    0x0000e32b      0x399 C:/Freescale/CW MCU v10.5/MCU/ARM_GCC_Support/ewl/lib/armv6-m\libc.a(printf.o)
 .debug_info    0x0000e6c4      0x38a C:/Freescale/CW MCU v10.5/MCU/ARM_GCC_Support/ewl/lib/armv6-m\libc.a(puts.o)
 .debug_info    0x0000ea4e      0x11e C:/Freescale/CW MCU v10.5/MCU/ARM_GCC_Support/ewl/lib/armv6-m\libc.a(sprintf.o)
 .debug_info    0x0000eb6c      0x205 C:/Freescale/CW MCU v10.5/MCU/ARM_GCC_Support/ewl/lib/armv6-m\libc.a(vsnprintf.o)
 .debug_info    0x0000ed71       0xe8 C:/Freescale/CW MCU v10.5/MCU/ARM_GCC_Support/ewl/lib/armv6-m\libc.a(exit.o)
 .debug_info    0x0000ee59      0x10f C:/Freescale/CW MCU v10.5/MCU/ARM_GCC_Support/ewl/lib/armv6-m\libc.a(memcpy.o)
 .debug_info    0x0000ef68       0xec C:/Freescale/CW MCU v10.5/MCU/ARM_GCC_Support/ewl/lib/armv6-m\libc.a(memset.o)
 .debug_info    0x0000f054      0x10b C:/Freescale/CW MCU v10.5/MCU/ARM_GCC_Support/ewl/lib/armv6-m\libc.a(strchr.o)
 .debug_info    0x0000f15f       0xea C:/Freescale/CW MCU v10.5/MCU/ARM_GCC_Support/ewl/lib/armv6-m\libc.a(strlen.o)
 .debug_info    0x0000f249      0x50d C:/Freescale/CW MCU v10.5/MCU/ARM_GCC_Support/ewl/lib/armv6-m\libc.a(printformat_.o)
 .debug_info    0x0000f756      0x568 C:/Freescale/CW MCU v10.5/MCU/ARM_GCC_Support/ewl/lib/armv6-m\libc.a(scanformat_.o)
 .debug_info    0x0000fcbe      0x313 C:/Freescale/CW MCU v10.5/MCU/ARM_GCC_Support/ewl/lib/armv6-m\libc.a(ctype_aeabi.o)
 .debug_info    0x0000ffd1      0x3fa C:/Freescale/CW MCU v10.5/MCU/ARM_GCC_Support/ewl/lib/armv6-m\libc.a(__putchar.o)
 .debug_info    0x000103cb      0x4be C:/Freescale/CW MCU v10.5/MCU/ARM_GCC_Support/ewl/lib/armv6-m\libc.a(ansi_files.o)
 .debug_info    0x00010889      0x60d C:/Freescale/CW MCU v10.5/MCU/ARM_GCC_Support/ewl/lib/armv6-m\libc.a(fwrite.o)
 .debug_info    0x00010e96      0x1d6 C:/Freescale/CW MCU v10.5/MCU/ARM_GCC_Support/ewl/lib/armv6-m\libc.a(__strtoul.o)
 .debug_info    0x0001106c      0x137 C:/Freescale/CW MCU v10.5/MCU/ARM_GCC_Support/ewl/lib/armv6-m\libc.a(__filll_mem.o)
 .debug_info    0x000111a3      0x116 C:/Freescale/CW MCU v10.5/MCU/ARM_GCC_Support/ewl/lib/armv6-m\libc.a(__memrchr.o)
 .debug_info    0x000112b9      0x121 C:/Freescale/CW MCU v10.5/MCU/ARM_GCC_Support/ewl/lib/armv6-m\libc.a(memchr.o)
 .debug_info    0x000113da      0x45d C:/Freescale/CW MCU v10.5/MCU/ARM_GCC_Support/ewl/lib/armv6-m\libc.a(__buffer_io.o)
 .debug_info    0x00011837      0x136 C:/Freescale/CW MCU v10.5/MCU/ARM_GCC_Support/ewl/lib/armv6-m\librt.a(gcc_ctor_dtor.o)
 .debug_info    0x0001196d      0x19b C:/Freescale/CW MCU v10.5/MCU/ARM_GCC_Support/ewl/lib/armv6-m\librt.a(ROMCopy.o)
 .debug_info    0x00011b08      0x2b9 C:/Freescale/CW MCU v10.5/MCU/ARM_GCC_Support/ewl/lib/armv6-m\librt.a(__arm_eabi_init.o)

.debug_abbrev   0x00000000     0x462b
 .debug_abbrev  0x00000000      0x1ce ./Generated_Code/tasks.o
 .debug_abbrev  0x000001ce      0x158 ./Generated_Code/queue.o
 .debug_abbrev  0x00000326      0x140 ./Generated_Code/port.o
 .debug_abbrev  0x00000466       0xb6 ./Generated_Code/list.o
 .debug_abbrev  0x0000051c      0x190 ./Generated_Code/heap_2.o
 .debug_abbrev  0x000006ac       0xda ./Generated_Code/Vectors.o
 .debug_abbrev  0x00000786      0x185 ./Generated_Code/TU2.o
 .debug_abbrev  0x0000090b      0x17e ./Generated_Code/TU1.o
 .debug_abbrev  0x00000a89      0x17e ./Generated_Code/TU0.o
 .debug_abbrev  0x00000c07      0x184 ./Generated_Code/TSSTouch.o
 .debug_abbrev  0x00000d8b      0x178 ./Generated_Code/SonarTrigger.o
 .debug_abbrev  0x00000f03      0x114 ./Generated_Code/PwmLdd3.o
 .debug_abbrev  0x00001017      0x114 ./Generated_Code/PwmLdd2.o
 .debug_abbrev  0x0000112b      0x114 ./Generated_Code/PwmLdd1.o
 .debug_abbrev  0x0000123f      0x102 ./Generated_Code/PE_LDD.o
 .debug_abbrev  0x00001341      0x178 ./Generated_Code/MotorB.o
 .debug_abbrev  0x000014b9      0x178 ./Generated_Code/MotorA.o
 .debug_abbrev  0x00001631      0x16d ./Generated_Code/MMA0.o
 .debug_abbrev  0x0000179e      0x149 ./Generated_Code/IO1.o
 .debug_abbrev  0x000018e7      0x195 ./Generated_Code/I2C1.o
 .debug_abbrev  0x00001a7c      0x170 ./Generated_Code/I2C0.o
 .debug_abbrev  0x00001bec      0x1d1 ./Generated_Code/GI2C0.o
 .debug_abbrev  0x00001dbd       0xd6 ./Generated_Code/CsIO0.o
 .debug_abbrev  0x00001e93      0x141 ./Generated_Code/Cpu.o
 .debug_abbrev  0x00001fd4      0x178 ./Generated_Code/Break.o
 .debug_abbrev  0x0000214c      0x186 ./Generated_Code/AdcLdd1.o
 .debug_abbrev  0x000022d2      0x12b ./Generated_Code/AD0.o
 .debug_abbrev  0x000023fd       0x92 ./Project_Settings/Startup_Code/__arm_start.o
 .debug_abbrev  0x0000248f       0x4c ./Project_Settings/Startup_Code/__arm_end.o
 .debug_abbrev  0x000024db      0x12b ./Sources/TSS/TSS_SystemSetupData.o
 .debug_abbrev  0x00002606      0x1a9 ./Sources/TSS/TSS_SensorTSIL.o
 .debug_abbrev  0x000027af      0x115 ./Sources/TSS/TSS_Sensor.o
 .debug_abbrev  0x000028c4      0x161 ./Sources/Tasks/TaskSonar.o
 .debug_abbrev  0x00002a25       0xc5 ./Sources/Tasks/TaskSendString2.o
 .debug_abbrev  0x00002aea       0xc5 ./Sources/Tasks/TaskSendString1.o
 .debug_abbrev  0x00002baf       0xd8 ./Sources/Tasks/TaskSendString.o
 .debug_abbrev  0x00002c87       0xc5 ./Sources/Tasks/TaskSendGlobalVariable.o
 .debug_abbrev  0x00002d4c       0xd6 ./Sources/Tasks/TaskAccelerometer.o
 .debug_abbrev  0x00002e22       0x5a ./Sources/Util/GlobalVariables.o
 .debug_abbrev  0x00002e7c       0xd4 ./Sources/ProcessorExpert.o
 .debug_abbrev  0x00002f50      0x1bb ./Sources/Events.o
 .debug_abbrev  0x0000310b      0x107 C:/Freescale/CW MCU v10.5/MCU/ARM_GCC_Support/ewl/lib/armv6-m\libc.a(printf.o)
 .debug_abbrev  0x00003212      0x10a C:/Freescale/CW MCU v10.5/MCU/ARM_GCC_Support/ewl/lib/armv6-m\libc.a(puts.o)
 .debug_abbrev  0x0000331c       0xb1 C:/Freescale/CW MCU v10.5/MCU/ARM_GCC_Support/ewl/lib/armv6-m\libc.a(sprintf.o)
 .debug_abbrev  0x000033cd       0xf0 C:/Freescale/CW MCU v10.5/MCU/ARM_GCC_Support/ewl/lib/armv6-m\libc.a(vsnprintf.o)
 .debug_abbrev  0x000034bd       0x7a C:/Freescale/CW MCU v10.5/MCU/ARM_GCC_Support/ewl/lib/armv6-m\libc.a(exit.o)
 .debug_abbrev  0x00003537       0x95 C:/Freescale/CW MCU v10.5/MCU/ARM_GCC_Support/ewl/lib/armv6-m\libc.a(memcpy.o)
 .debug_abbrev  0x000035cc       0x62 C:/Freescale/CW MCU v10.5/MCU/ARM_GCC_Support/ewl/lib/armv6-m\libc.a(memset.o)
 .debug_abbrev  0x0000362e       0x7a C:/Freescale/CW MCU v10.5/MCU/ARM_GCC_Support/ewl/lib/armv6-m\libc.a(strchr.o)
 .debug_abbrev  0x000036a8       0x7a C:/Freescale/CW MCU v10.5/MCU/ARM_GCC_Support/ewl/lib/armv6-m\libc.a(strlen.o)
 .debug_abbrev  0x00003722      0x200 C:/Freescale/CW MCU v10.5/MCU/ARM_GCC_Support/ewl/lib/armv6-m\libc.a(printformat_.o)
 .debug_abbrev  0x00003922      0x1f0 C:/Freescale/CW MCU v10.5/MCU/ARM_GCC_Support/ewl/lib/armv6-m\libc.a(scanformat_.o)
 .debug_abbrev  0x00003b12       0x9e C:/Freescale/CW MCU v10.5/MCU/ARM_GCC_Support/ewl/lib/armv6-m\libc.a(ctype_aeabi.o)
 .debug_abbrev  0x00003bb0       0xf8 C:/Freescale/CW MCU v10.5/MCU/ARM_GCC_Support/ewl/lib/armv6-m\libc.a(__putchar.o)
 .debug_abbrev  0x00003ca8      0x107 C:/Freescale/CW MCU v10.5/MCU/ARM_GCC_Support/ewl/lib/armv6-m\libc.a(ansi_files.o)
 .debug_abbrev  0x00003daf      0x16a C:/Freescale/CW MCU v10.5/MCU/ARM_GCC_Support/ewl/lib/armv6-m\libc.a(fwrite.o)
 .debug_abbrev  0x00003f19       0xc2 C:/Freescale/CW MCU v10.5/MCU/ARM_GCC_Support/ewl/lib/armv6-m\libc.a(__strtoul.o)
 .debug_abbrev  0x00003fdb       0x78 C:/Freescale/CW MCU v10.5/MCU/ARM_GCC_Support/ewl/lib/armv6-m\libc.a(__filll_mem.o)
 .debug_abbrev  0x00004053       0x95 C:/Freescale/CW MCU v10.5/MCU/ARM_GCC_Support/ewl/lib/armv6-m\libc.a(__memrchr.o)
 .debug_abbrev  0x000040e8       0x95 C:/Freescale/CW MCU v10.5/MCU/ARM_GCC_Support/ewl/lib/armv6-m\libc.a(memchr.o)
 .debug_abbrev  0x0000417d      0x142 C:/Freescale/CW MCU v10.5/MCU/ARM_GCC_Support/ewl/lib/armv6-m\libc.a(__buffer_io.o)
 .debug_abbrev  0x000042bf       0x99 C:/Freescale/CW MCU v10.5/MCU/ARM_GCC_Support/ewl/lib/armv6-m\librt.a(gcc_ctor_dtor.o)
 .debug_abbrev  0x00004358      0x120 C:/Freescale/CW MCU v10.5/MCU/ARM_GCC_Support/ewl/lib/armv6-m\librt.a(ROMCopy.o)
 .debug_abbrev  0x00004478      0x1b3 C:/Freescale/CW MCU v10.5/MCU/ARM_GCC_Support/ewl/lib/armv6-m\librt.a(__arm_eabi_init.o)

.debug_loc      0x00000000     0x6fbe
 .debug_loc     0x00000000      0x8f4 ./Generated_Code/tasks.o
 .debug_loc     0x000008f4      0x5e8 ./Generated_Code/queue.o
 .debug_loc     0x00000edc      0x234 ./Generated_Code/port.o
 .debug_loc     0x00001110      0x118 ./Generated_Code/list.o
 .debug_loc     0x00001228      0x100 ./Generated_Code/heap_2.o
 .debug_loc     0x00001328       0xe0 ./Generated_Code/TU2.o
 .debug_loc     0x00001408      0x188 ./Generated_Code/TU1.o
 .debug_loc     0x00001590      0x188 ./Generated_Code/TU0.o
 .debug_loc     0x00001718       0x64 ./Generated_Code/TSSTouch.o
 .debug_loc     0x0000177c      0x188 ./Generated_Code/SonarTrigger.o
 .debug_loc     0x00001904      0x188 ./Generated_Code/PwmLdd3.o
 .debug_loc     0x00001a8c      0x188 ./Generated_Code/PwmLdd2.o
 .debug_loc     0x00001c14      0x188 ./Generated_Code/PwmLdd1.o
 .debug_loc     0x00001d9c       0x9c ./Generated_Code/PE_LDD.o
 .debug_loc     0x00001e38      0x188 ./Generated_Code/MotorB.o
 .debug_loc     0x00001fc0      0x188 ./Generated_Code/MotorA.o
 .debug_loc     0x00002148      0x518 ./Generated_Code/MMA0.o
 .debug_loc     0x00002660       0xe0 ./Generated_Code/IO1.o
 .debug_loc     0x00002740      0x118 ./Generated_Code/I2C1.o
 .debug_loc     0x00002858      0x150 ./Generated_Code/I2C0.o
 .debug_loc     0x000029a8      0x370 ./Generated_Code/GI2C0.o
 .debug_loc     0x00002d18       0xa8 ./Generated_Code/CsIO0.o
 .debug_loc     0x00002dc0       0xb0 ./Generated_Code/Cpu.o
 .debug_loc     0x00002e70      0x188 ./Generated_Code/Break.o
 .debug_loc     0x00002ff8      0x188 ./Generated_Code/AdcLdd1.o
 .debug_loc     0x00003180      0x12c ./Generated_Code/AD0.o
 .debug_loc     0x000032ac       0x2c ./Project_Settings/Startup_Code/__arm_start.o
 .debug_loc     0x000032d8       0x38 ./Project_Settings/Startup_Code/__arm_end.o
 .debug_loc     0x00003310       0x38 ./Sources/TSS/TSS_SystemSetupData.o
 .debug_loc     0x00003348      0x2a2 ./Sources/TSS/TSS_SensorTSIL.o
 .debug_loc     0x000035ea       0xe0 ./Sources/TSS/TSS_Sensor.o
 .debug_loc     0x000036ca      0x20c ./Sources/Tasks/TaskSonar.o
 .debug_loc     0x000038d6       0xc8 ./Sources/Tasks/TaskSendString2.o
 .debug_loc     0x0000399e       0xc8 ./Sources/Tasks/TaskSendString1.o
 .debug_loc     0x00003a66       0xe1 ./Sources/Tasks/TaskSendString.o
 .debug_loc     0x00003b47       0xc8 ./Sources/Tasks/TaskSendGlobalVariable.o
 .debug_loc     0x00003c0f       0xd4 ./Sources/Tasks/TaskAccelerometer.o
 .debug_loc     0x00003ce3       0x84 ./Sources/Util/GlobalVariables.o
 .debug_loc     0x00003d67       0x38 ./Sources/ProcessorExpert.o
 .debug_loc     0x00003d9f      0x3e0 ./Sources/Events.o
 .debug_loc     0x0000417f       0x2c C:/Freescale/CW MCU v10.5/MCU/ARM_GCC_Support/ewl/lib/armv6-m\libc.a(printf.o)
 .debug_loc     0x000041ab       0x72 C:/Freescale/CW MCU v10.5/MCU/ARM_GCC_Support/ewl/lib/armv6-m\libc.a(puts.o)
 .debug_loc     0x0000421d       0x3f C:/Freescale/CW MCU v10.5/MCU/ARM_GCC_Support/ewl/lib/armv6-m\libc.a(sprintf.o)
 .debug_loc     0x0000425c      0x105 C:/Freescale/CW MCU v10.5/MCU/ARM_GCC_Support/ewl/lib/armv6-m\libc.a(vsnprintf.o)
 .debug_loc     0x00004361       0x3e C:/Freescale/CW MCU v10.5/MCU/ARM_GCC_Support/ewl/lib/armv6-m\libc.a(exit.o)
 .debug_loc     0x0000439f       0x59 C:/Freescale/CW MCU v10.5/MCU/ARM_GCC_Support/ewl/lib/armv6-m\libc.a(memcpy.o)
 .debug_loc     0x000043f8       0x6f C:/Freescale/CW MCU v10.5/MCU/ARM_GCC_Support/ewl/lib/armv6-m\libc.a(memset.o)
 .debug_loc     0x00004467       0xaf C:/Freescale/CW MCU v10.5/MCU/ARM_GCC_Support/ewl/lib/armv6-m\libc.a(strchr.o)
 .debug_loc     0x00004516       0x33 C:/Freescale/CW MCU v10.5/MCU/ARM_GCC_Support/ewl/lib/armv6-m\libc.a(strlen.o)
 .debug_loc     0x00004549     0x104b C:/Freescale/CW MCU v10.5/MCU/ARM_GCC_Support/ewl/lib/armv6-m\libc.a(printformat_.o)
 .debug_loc     0x00005594      0x9d8 C:/Freescale/CW MCU v10.5/MCU/ARM_GCC_Support/ewl/lib/armv6-m\libc.a(scanformat_.o)
 .debug_loc     0x00005f6c      0x30d C:/Freescale/CW MCU v10.5/MCU/ARM_GCC_Support/ewl/lib/armv6-m\libc.a(ctype_aeabi.o)
 .debug_loc     0x00006279       0x87 C:/Freescale/CW MCU v10.5/MCU/ARM_GCC_Support/ewl/lib/armv6-m\libc.a(__putchar.o)
 .debug_loc     0x00006300       0x8c C:/Freescale/CW MCU v10.5/MCU/ARM_GCC_Support/ewl/lib/armv6-m\libc.a(ansi_files.o)
 .debug_loc     0x0000638c      0x2c2 C:/Freescale/CW MCU v10.5/MCU/ARM_GCC_Support/ewl/lib/armv6-m\libc.a(fwrite.o)
 .debug_loc     0x0000664e      0x305 C:/Freescale/CW MCU v10.5/MCU/ARM_GCC_Support/ewl/lib/armv6-m\libc.a(__strtoul.o)
 .debug_loc     0x00006953      0x14a C:/Freescale/CW MCU v10.5/MCU/ARM_GCC_Support/ewl/lib/armv6-m\libc.a(__filll_mem.o)
 .debug_loc     0x00006a9d       0x77 C:/Freescale/CW MCU v10.5/MCU/ARM_GCC_Support/ewl/lib/armv6-m\libc.a(__memrchr.o)
 .debug_loc     0x00006b14       0x77 C:/Freescale/CW MCU v10.5/MCU/ARM_GCC_Support/ewl/lib/armv6-m\libc.a(memchr.o)
 .debug_loc     0x00006b8b      0x126 C:/Freescale/CW MCU v10.5/MCU/ARM_GCC_Support/ewl/lib/armv6-m\libc.a(__buffer_io.o)
 .debug_loc     0x00006cb1       0x9d C:/Freescale/CW MCU v10.5/MCU/ARM_GCC_Support/ewl/lib/armv6-m\librt.a(gcc_ctor_dtor.o)
 .debug_loc     0x00006d4e       0xd9 C:/Freescale/CW MCU v10.5/MCU/ARM_GCC_Support/ewl/lib/armv6-m\librt.a(ROMCopy.o)
 .debug_loc     0x00006e27      0x197 C:/Freescale/CW MCU v10.5/MCU/ARM_GCC_Support/ewl/lib/armv6-m\librt.a(__arm_eabi_init.o)

.debug_aranges  0x00000000     0x1188
 .debug_aranges
                0x00000000      0x168 ./Generated_Code/tasks.o
 .debug_aranges