Archive member included because of file (symbol)

C:/Users/Avell G1512NEW/Documents/GitHub/M0PlusFreeRTOS/M0PlusFreeRTOS/Sources/TSS\libTSS_KXX_M0.a(TSS_ASliderDecoder.o)
                              ./Sources/TSS/TSS_SystemSetupData.o (TSS_ASliderDecoder)
C:/Users/Avell G1512NEW/Documents/GitHub/M0PlusFreeRTOS/M0PlusFreeRTOS/Sources/TSS\libTSS_KXX_M0.a(TSS_Filters.o)
                              ./Sources/TSS/TSS_SystemSetupData.o (TSS_KeyDetectorInitPrevCapSample)
C:/Users/Avell G1512NEW/Documents/GitHub/M0PlusFreeRTOS/M0PlusFreeRTOS/Sources/TSS\libTSS_KXX_M0.a(TSS_KeyDetectorNormal.o)
                              ./Sources/TSS/TSS_SystemSetupData.o (TSS_KeyBasicStuckKeyControl)
C:/Users/Avell G1512NEW/Documents/GitHub/M0PlusFreeRTOS/M0PlusFreeRTOS/Sources/TSS\libTSS_KXX_M0.a(TSS_KeyDetector.o)
                              C:/Users/Avell G1512NEW/Documents/GitHub/M0PlusFreeRTOS/M0PlusFreeRTOS/Sources/TSS\libTSS_KXX_M0.a(TSS_KeyDetectorNormal.o) (TSS_KeyDetectorResetElectrodeDebouncing)
C:/Users/Avell G1512NEW/Documents/GitHub/M0PlusFreeRTOS/M0PlusFreeRTOS/Sources/TSS\libTSS_KXX_M0.a(TSS_Main.o)
                              ./Generated_Code/TSSTouch.o (TSS_Init)
C:/Freescale/CW MCU v10.5/MCU/ARM_GCC_Support/ewl/lib/armv6-m\libc.a(printf.o)
                              ./Sources/Tasks/TaskSendString.o (printf)
C:/Freescale/CW MCU v10.5/MCU/ARM_GCC_Support/ewl/lib/armv6-m\libc.a(putchar.o)
                              ./Sources/Tasks/TaskWriteString.o (putchar)
C:/Freescale/CW MCU v10.5/MCU/ARM_GCC_Support/ewl/lib/armv6-m\libc.a(puts.o)
                              ./Sources/Tasks/TaskWriteString.o (puts)
C:/Freescale/CW MCU v10.5/MCU/ARM_GCC_Support/ewl/lib/armv6-m\libc.a(sprintf.o)
                              ./Sources/Tasks/TaskSendString.o (sprintf)
C:/Freescale/CW MCU v10.5/MCU/ARM_GCC_Support/ewl/lib/armv6-m\libc.a(vsnprintf.o)
                              C:/Freescale/CW MCU v10.5/MCU/ARM_GCC_Support/ewl/lib/armv6-m\libc.a(sprintf.o) (vsnprintf)
C:/Freescale/CW MCU v10.5/MCU/ARM_GCC_Support/ewl/lib/armv6-m\libc.a(exit.o)
                              ./Project_Settings/Startup_Code/__arm_start.o (exit)
C:/Freescale/CW MCU v10.5/MCU/ARM_GCC_Support/ewl/lib/armv6-m\libc.a(memcpy.o)
                              ./Generated_Code/queue.o (memcpy)
C:/Freescale/CW MCU v10.5/MCU/ARM_GCC_Support/ewl/lib/armv6-m\libc.a(memset.o)
                              ./Generated_Code/tasks.o (memset)
C:/Freescale/CW MCU v10.5/MCU/ARM_GCC_Support/ewl/lib/armv6-m\libc.a(strchr.o)
                              ./Generated_Code/UTIL1.o (strchr)
C:/Freescale/CW MCU v10.5/MCU/ARM_GCC_Support/ewl/lib/armv6-m\libc.a(strlen.o)
                              ./Generated_Code/UTIL1.o (strlen)
C:/Freescale/CW MCU v10.5/MCU/ARM_GCC_Support/ewl/lib/armv6-m\libc.a(strncmp.o)
                              ./Generated_Code/UTIL1.o (strncmp)
C:/Freescale/CW MCU v10.5/MCU/ARM_GCC_Support/ewl/lib/armv6-m\libc.a(printformat_.o)
                              (__pformatter_)
C:/Freescale/CW MCU v10.5/MCU/ARM_GCC_Support/ewl/lib/armv6-m\libc.a(scanformat_.o)
                              (__sformatter)
C:/Freescale/CW MCU v10.5/MCU/ARM_GCC_Support/ewl/lib/armv6-m\libc.a(ctype_aeabi.o)
                              C:/Freescale/CW MCU v10.5/MCU/ARM_GCC_Support/ewl/lib/armv6-m\libc.a(scanformat_.o) (isspace)
C:/Freescale/CW MCU v10.5/MCU/ARM_GCC_Support/ewl/lib/armv6-m\libc.a(__putchar.o)
                              C:/Freescale/CW MCU v10.5/MCU/ARM_GCC_Support/ewl/lib/armv6-m\libc.a(putchar.o) (__put_char)
C:/Freescale/CW MCU v10.5/MCU/ARM_GCC_Support/ewl/lib/armv6-m\libc.a(ansi_files.o)
                              C:/Freescale/CW MCU v10.5/MCU/ARM_GCC_Support/ewl/lib/armv6-m\libc.a(printf.o) (__files)
C:/Freescale/CW MCU v10.5/MCU/ARM_GCC_Support/ewl/lib/armv6-m\libc.a(fflush.o)
                              C:/Freescale/CW MCU v10.5/MCU/ARM_GCC_Support/ewl/lib/armv6-m\libc.a(ansi_files.o) (fflush)
C:/Freescale/CW MCU v10.5/MCU/ARM_GCC_Support/ewl/lib/armv6-m\libc.a(fwrite.o)
                              C:/Freescale/CW MCU v10.5/MCU/ARM_GCC_Support/ewl/lib/armv6-m\libc.a(printf.o) (__FileWrite)
C:/Freescale/CW MCU v10.5/MCU/ARM_GCC_Support/ewl/lib/armv6-m\libc.a(__strtoul.o)
                              C:/Freescale/CW MCU v10.5/MCU/ARM_GCC_Support/ewl/lib/armv6-m\libc.a(scanformat_.o) (__strtoul)
C:/Freescale/CW MCU v10.5/MCU/ARM_GCC_Support/ewl/lib/armv6-m\libc.a(__filll_mem.o)
                              C:/Freescale/CW MCU v10.5/MCU/ARM_GCC_Support/ewl/lib/armv6-m\libc.a(memset.o) (__fill_mem)
C:/Freescale/CW MCU v10.5/MCU/ARM_GCC_Support/ewl/lib/armv6-m\libc.a(__memrchr.o)
                              C:/Freescale/CW MCU v10.5/MCU/ARM_GCC_Support/ewl/lib/armv6-m\libc.a(fwrite.o) (__memrchr)
C:/Freescale/CW MCU v10.5/MCU/ARM_GCC_Support/ewl/lib/armv6-m\libc.a(memchr.o)
                              C:/Freescale/CW MCU v10.5/MCU/ARM_GCC_Support/ewl/lib/armv6-m\libc.a(printformat_.o) (memchr)
[...]
Memory Configuration

Name             Origin             Length             Attributes
m_interrupts     0x00000000         0x000000c0         xr
m_text           0x00000410         0x0001fbf0         xr
m_data_1FFFF000  0x1ffff000         0x00001000         rw
m_data           0x20000000         0x00003000         rw
m_cfmprotrom     0x00000400         0x00000010         xr
*default*        0x00000000         0xffffffff

Linker script and memory map

LOAD ./Generated_Code/timers.o
LOAD ./Generated_Code/tasks.o
LOAD ./Generated_Code/queue.o
LOAD ./Generated_Code/portasm.o
LOAD ./Generated_Code/port.o
LOAD ./Generated_Code/list.o
LOAD ./Generated_Code/heap_4.o
LOAD ./Generated_Code/heap_3.o
LOAD ./Generated_Code/heap_2.o
LOAD ./Generated_Code/heap_1.o
LOAD ./Generated_Code/croutine.o
LOAD ./Generated_Code/WAIT0.o
LOAD ./Generated_Code/Vectors.o
LOAD ./Generated_Code/UTIL1.o
LOAD ./Generated_Code/UTIL0.o
LOAD ./Generated_Code/TU2.o
LOAD ./Generated_Code/TU1.o
LOAD ./Generated_Code/TU0.o
LOAD ./Generated_Code/TSSTouch.o
LOAD ./Generated_Code/PwmLdd4.o
LOAD ./Generated_Code/PwmLdd3.o
LOAD ./Generated_Code/PwmLdd2.o
LOAD ./Generated_Code/PwmLdd1.o
LOAD ./Generated_Code/PWMLEDRed.o
LOAD ./Generated_Code/PWMLEDGreen.o
LOAD ./Generated_Code/PWMLEDBlue.o
LOAD ./Generated_Code/PWMBuzzer.o
LOAD ./Generated_Code/PE_LDD.o
LOAD ./Generated_Code/MMA0.o
LOAD ./Generated_Code/IO1.o
LOAD ./Generated_Code/I2C1.o
LOAD ./Generated_Code/I2C0.o
LOAD ./Generated_Code/GI2C0.o
LOAD ./Generated_Code/FreeRTOS0.o
LOAD ./Generated_Code/CsIO0.o
LOAD ./Generated_Code/Cpu.o
LOAD ./Project_Settings/Startup_Code/__arm_start.o
LOAD ./Project_Settings/Startup_Code/__arm_end.o
LOAD ./Sources/TSS/TSS_SystemSetupData.o
LOAD ./Sources/TSS/TSS_SensorTSIL.o
LOAD ./Sources/TSS/TSS_SensorTSI.o
LOAD ./Sources/TSS/TSS_SensorGPIO.o
LOAD ./Sources/TSS/TSS_Sensor.o
LOAD ./Sources/TSS/TSS_Freemaster.o
LOAD ./Sources/Tasks/TaskWriteString.o
LOAD ./Sources/Tasks/TaskSonar.o
LOAD ./Sources/Tasks/TaskSendString2.o
LOAD ./Sources/Tasks/TaskSendString1.o
LOAD ./Sources/Tasks/TaskSendString.o
LOAD ./Sources/Tasks/TaskSendGlobalVariable.o
LOAD ./Sources/Tasks/TaskRotateLed.o
LOAD ./Sources/Tasks/TaskRedLed.o
LOAD ./Sources/Tasks/TaskMotorDC.o
LOAD ./Sources/Tasks/TaskGyroscope.o
LOAD ./Sources/Tasks/TaskGreenLed.o
LOAD ./Sources/Tasks/TaskBlueLed.o
LOAD ./Sources/Tasks/TaskAccelerometer.o
LOAD ./Sources/Util/Led.o
LOAD ./Sources/Util/Gyroscope.o
LOAD ./Sources/Util/GlobalVariables.o
LOAD ./Sources/Util/Accelerometer.o
LOAD ./Sources/sa_mtb.o
LOAD ./Sources/ProcessorExpert.o
LOAD ./Sources/Events.o
                0x000084e8                __pformatter = __pformatter_
                [0x00008910]                __sformatter = __sformatter
LOAD C:/Users/Avell G1512NEW/Documents/GitHub/M0PlusFreeRTOS/M0PlusFreeRTOS/Sources/TSS\libTSS_KXX_M0.a
START GROUP
LOAD C:/Freescale/CW MCU v10.5/MCU/ARM_GCC_Support/ewl/lib/armv6-m\libc.a
LOAD C:/Freescale/CW MCU v10.5/MCU/ARM_GCC_Support/ewl/lib/armv6-m\libm.a
LOAD c:/freescale/cw mcu v10.5/cross_tools/arm-none-eabi-gcc-4_7_3/bin/../lib/gcc/arm-none-eabi/4.7.3/armv6-m\libgcc.a
LOAD C:/Freescale/CW MCU v10.5/MCU/ARM_GCC_Support/ewl/lib/armv6-m\librt.a
LOAD C:/Freescale/CW MCU v10.5/MCU/ARM_GCC_Support/ewl/lib/armv6-m\libuart.a
END GROUP
                0x20003000                _estack = 0x20003000
                0x20003000                __SP_INIT = _estack
                0x00000000                __heap_size = 0x0
                0x00000040                __stack_size = 0x40

.interrupts     0x00000000       0xc0
                0x00000000                __vector_table = .
                0x00000000                . = ALIGN (0x4)
 *(.vectortable)
 .vectortable   0x00000000       0xc0 ./Generated_Code/Vectors.o
                0x00000000                __vect_table
                0x000000c0                . = ALIGN (0x4)

.cfmprotect     0x00000400        0x0
                0x00000400                . = ALIGN (0x4)
 *(.cfmconfig)
                0x00000400                . = ALIGN (0x4)

.text           0x00000410     0x95d4
                0x00000410                . = ALIGN (0x4)
 *(.text)
 .text          0x00000410      0x760 C:/Users/Avell G1512NEW/Documents/GitHub/M0PlusFreeRTOS/M0PlusFreeRTOS/Sources/TSS\libTSS_KXX_M0.a(TSS_ASliderDecoder.o)
                0x00000410                TSS_ASliderDecoder
                0x00000848                TSS_ASliderCalculatePosIIRFilter
                0x000008ac                TSS_ASliderDelayControl
                0x00000924                TSS_ASliderTrendThreshold
                0x0000094c                TSS_ASliderTrendControl
                0x00000a3c                TSS_SetASliderConfig
                0x00000b3c                TSS_GetASliderConfig
 .text          0x00000b70      0x1c8 C:/Users/Avell G1512NEW/Documents/GitHub/M0PlusFreeRTOS/M0PlusFreeRTOS/Sources/TSS\libTSS_KXX_M0.a(TSS_Filters.o)
                0x00000b70                TSS_u16NoiseAmplitudeFilter
                0x00000ba4                TSS_i8NoiseAmplitudeFilter
                0x00000bda                TSS_ShieldEquation
                0x00000c3c                TSS_KeyDetectorInitPrevCapSample
                0x00000c50                TSS_KeyDetectorCalculateIIRFilter
                0x00000c70                TSS_KeyDetectorCalculateShielding
                0x00000c84                TSS_KeyDetectorSignalDivider
                0x00000ca0                TSS_KeyDetectorSignalMultiplier
                0x00000cd0                TSS_SubUInt16WithUInt16ToSInt16
                0x00000cfc                TSS_ShiftSInt16ToUInt16
                0x00000d08                TSS_CutSInt16ToSInt8
                0x00000d20                TSS_SensitivityLowLimitControl
 .text          0x00000d38      0x854 C:/Users/Avell G1512NEW/Documents/GitHub/M0PlusFreeRTOS/M0PlusFreeRTOS/Sources/TSS\libTSS_KXX_M0.a(TSS_KeyDetectorNormal.o)
                0x00000db0                TSS_KeyBasicStuckKeyControl
                0x00000dfc                TSS_KeyBasicDetect
                0x00000fac                TSS_KeyBasicNegativeBaselineDrop
                0x00001038                TSS_KeyBasicElectrodeEval
                0x000012a4                TSS_KeyBasicSensAutoCalibration
                0x000014e4                TSS_KeyBasicDeltaNoiseAnalysisIIRControl
                0x00001558                TSS_KeyBasicGetSystemDataContext
 .text          0x0000158c      0x6c8 C:/Users/Avell G1512NEW/Documents/GitHub/M0PlusFreeRTOS/M0PlusFreeRTOS/Sources/TSS\libTSS_KXX_M0.a(TSS_KeyDetector.o)
                0x000015cc                TSS_KeyDetectorResetElectrodeDebouncing
                0x000015e8                TSS_KeyDetectorResetElectrode
                0x000015fc                TSS_KeyDetectorRestartElectrode
                0x00001644                TSS_KeyDetectorRecalibrateModules
                0x00001658                TSS_KeyDetectorInit
                0x00001690                TSS_KeyDetectorResetElectrodeMeasured
                0x000016b8                TSS_KeyDetectorCalculateDelta
                0x000016d8                TSS_KeyDetectorFillDeltaLogBuffer
                0x000016f0                TSS_KeyDetectorFillSignalLogBuffer
                0x00001704                TSS_KeyDetectorResetStuckKeyCounter
                0x00001710                TSS_KeyDetectorGetDCTrackerCounter
                0x0000171c                TSS_KeyDetectorGetSlowDCTrackerCounter
                0x00001728                TSS_KeyDetectorCalibrate
                0x0000174c                TSS_KeyDetectorReleaseElectrode
                0x0000176c                TSS_KeyDetectorMainSequenced
                0x00001930                TSS_KeyDetectorMain
                0x00001ae0                TSS_KeyDetectorElectrodeStatusUpdate
                0x00001b14                TSS_KeyDetectorGetElectrodeGroupStatus
                0x00001b50                TSS_KeyDetectorGetElectrodeEnablerStatus
                0x00001c04                TSS_KeyDetectorRecalibrationRequest
                0x00001c18                TSS_KeyDetectorGetShieldElectrodeReleaseStatus
 .text          0x00001c54     0x10a0 C:/Users/Avell G1512NEW/Documents/GitHub/M0PlusFreeRTOS/M0PlusFreeRTOS/Sources/TSS\libTSS_KXX_M0.a(TSS_Main.o)
                0x00001cec                TSS_InitRegisterArrays
                0x00001d44                TSS_InitInternalArrays
                0x00001d94                TSS_Init
                0x00001df8                TSS_DataCorruptionCheck
                0x00001eac                TSS_FaultEvaluation
                0x00001f24                TSS_DecodersControl
                0x00001f90                TSS_TriggerControl
                0x00001fe4                TSS_Task
                0x000020bc                TSS_TaskSeq
                0x00002194                TSS_InternalControlPrivateData
                0x000021b8                TSS_SetControlPrivateData
                0x000021cc                TSS_GetControlPrivateData
                0x000021e8                TSS_GetControlStruct
                0x00002208                TSS_GetControlNumberOfElectrodes
                0x00002228                TSS_GetControlFirstElectrodeIndex
                0x0000224c                TSS_GetControlLastElectrodeIndex
                0x00002274                TSS_GetControlElectrodeIndex
                0x0000229c                TSS_SetControlElectrodesEnablers
                0x00002324                TSS_GetControlElectrodesStatus
                0x0000234c                TSS_TriggerConfig
                0x000023c0                TSS_LowPowerConfig
                0x00002464                TSS_ProximityConfig
                0x000024bc                TSS_SetSystemConfig
                0x000027f0                TSS_GetSystemConfig
                0x00002910                TSS_BrowseModules
                0x000029b8                TSS_LoadElectrodeData
                0x00002a60                TSS_StoreElectrodeData
                0x00002ae0                TSS_LoadModulesData
                0x00002b48                TSS_StoreModulesData
                0x00002b8c                TSS_LoadAllSystemData
                0x00002c38                TSS_StoreAllSystemData
 .text          0x00002cf4       0x14 c:/freescale/cw mcu v10.5/cross_tools/arm-none-eabi-gcc-4_7_3/bin/../lib/gcc/arm-none-eabi/4.7.3/armv6-m\libgcc.a(_thumb1_case_sqi.o)
                0x00002cf4                __gnu_thumb1_case_sqi
 .text          0x00002d08       0x14 c:/freescale/cw mcu v10.5/cross_tools/arm-none-eabi-gcc-4_7_3/bin/../lib/gcc/arm-none-eabi/4.7.3/armv6-m\libgcc.a(_thumb1_case_uqi.o)
                0x00002d08                __gnu_thumb1_case_uqi
 .text          0x00002d1c       0x9c c:/freescale/cw mcu v10.5/cross_tools/arm-none-eabi-gcc-4_7_3/bin/../lib/gcc/arm-none-eabi/4.7.3/armv6-m\libgcc.a(_udivsi3.o)
                0x00002d1c                __aeabi_uidiv
                0x00002d1c                __udivsi3
                0x00002da4                __aeabi_uidivmod
 .text          0x00002db8       0xc0 c:/freescale/cw mcu v10.5/cross_tools/arm-none-eabi-gcc-4_7_3/bin/../lib/gcc/arm-none-eabi/4.7.3/armv6-m\libgcc.a(_divsi3.o)
                0x00002db8                __divsi3
                0x00002db8                __aeabi_idiv
                0x00002e64                __aeabi_idivmod
 .text          0x00002e78        0x4 c:/freescale/cw mcu v10.5/cross_tools/arm-none-eabi-gcc-4_7_3/bin/../lib/gcc/arm-none-eabi/4.7.3/armv6-m\libgcc.a(_dvmd_tls.o)
                0x00002e78                __aeabi_idiv0
                0x00002e78                __aeabi_ldiv0
 *(.text*)
 .text.xTaskGenericCreate
                0x00002e7c      0x164 ./Generated_Code/tasks.o
                0x00002e7c                xTaskGenericCreate
 .text.vTaskDelay
                0x00002fe0       0x54 ./Generated_Code/tasks.o
                0x00002fe0                vTaskDelay
 .text.vTaskStartScheduler
                0x00003034       0x64 ./Generated_Code/tasks.o
                0x00003034                vTaskStartScheduler
 .text.vTaskSuspendAll
                0x00003098       0x18 ./Generated_Code/tasks.o
                0x00003098                vTaskSuspendAll
 .text.prvGetExpectedIdleTime
                0x000030b0       0x4c ./Generated_Code/tasks.o
 .text.xTaskResumeAll
                0x000030fc      0x114 ./Generated_Code/tasks.o
                0x000030fc                xTaskResumeAll
 .text.vTaskStepTick
                0x00003210       0x38 ./Generated_Code/tasks.o
                0x00003210                vTaskStepTick
 .text.xTaskIncrementTick
                0x00003248      0x19c ./Generated_Code/tasks.o
                0x00003248                xTaskIncrementTick
 .text.vTaskSwitchContext
                0x000033e4       0xbc ./Generated_Code/tasks.o
                0x000033e4                vTaskSwitchContext
 .text.vTaskPlaceOnEventList
                0x000034a0       0x6c ./Generated_Code/tasks.o
                0x000034a0                vTaskPlaceOnEventList
 .text.xTaskRemoveFromEventList
                0x0000350c       0xac ./Generated_Code/tasks.o
                0x0000350c                xTaskRemoveFromEventList
 .text.vTaskSetTimeOutState
                0x000035b8       0x30 ./Generated_Code/tasks.o
                0x000035b8                vTaskSetTimeOutState
 .text.xTaskCheckForTimeOut
                0x000035e8       0x9c ./Generated_Code/tasks.o
                0x000035e8                xTaskCheckForTimeOut
 .text.vTaskMissedYield
                0x00003684       0x14 ./Generated_Code/tasks.o
                0x00003684                vTaskMissedYield
 .text.prvIdleTask
                0x00003698       0x6c ./Generated_Code/tasks.o
 .text.eTaskConfirmSleepModeStatus
                0x00003704       0x64 ./Generated_Code/tasks.o
                0x00003704                eTaskConfirmSleepModeStatus
 .text.prvInitialiseTCBVariables
                0x00003768       0x94 ./Generated_Code/tasks.o
 .text.prvInitialiseTaskLists
                0x000037fc       0x7c ./Generated_Code/tasks.o
 .text.prvCheckTasksWaitingTermination
                0x00003878        0x8 ./Generated_Code/tasks.o
 .text.prvAddCurrentTaskToDelayedList
                0x00003880       0x6c ./Generated_Code/tasks.o
 .text.prvAllocateTCBAndStack
                0x000038ec       0x70 ./Generated_Code/tasks.o
 .text.xTaskGetCurrentTaskHandle
                0x0000395c       0x1c ./Generated_Code/tasks.o
                0x0000395c                xTaskGetCurrentTaskHandle
 .text.vTaskPriorityInherit
                0x00003978       0xb4 ./Generated_Code/tasks.o
                0x00003978                vTaskPriorityInherit
 .text.vTaskPriorityDisinherit
                0x00003a2c       0x7c ./Generated_Code/tasks.o
                0x00003a2c                vTaskPriorityDisinherit
 .text.xQueueGenericReset
                0x00003aa8       0xac ./Generated_Code/queue.o
                0x00003aa8                xQueueGenericReset
 .text.xQueueGenericCreate
                0x00003b54       0x80 ./Generated_Code/queue.o
                0x00003b54                xQueueGenericCreate
 .text.xQueueCreateMutex
                0x00003bd4       0x8c ./Generated_Code/queue.o
                0x00003bd4                xQueueCreateMutex
 .text.xQueueGiveMutexRecursive
                0x00003c60       0x58 ./Generated_Code/queue.o
                0x00003c60                xQueueGiveMutexRecursive
 .text.xQueueTakeMutexRecursive
                0x00003cb8       0x64 ./Generated_Code/queue.o
                0x00003cb8                xQueueTakeMutexRecursive
 .text.xQueueGenericSend
                0x00003d1c      0x160 ./Generated_Code/queue.o
                0x00003d1c                xQueueGenericSend
 .text.xQueueGenericReceive
                0x00003e7c      0x1a0 ./Generated_Code/queue.o
                0x00003e7c                xQueueGenericReceive
 .text.prvCopyDataToQueue
                0x0000401c       0xd4 ./Generated_Code/queue.o
 .text.prvCopyDataFromQueue
                0x000040f0       0x50 ./Generated_Code/queue.o
 .text.prvUnlockQueue
                0x00004140       0x98 ./Generated_Code/queue.o
 .text.prvIsQueueEmpty
                0x000041d8       0x2c ./Generated_Code/queue.o
 .text.prvIsQueueFull
                0x00004204       0x30 ./Generated_Code/queue.o
 .text.pxPortInitialiseStack
                0x00004234       0x50 ./Generated_Code/port.o
                0x00004234                pxPortInitialiseStack
 .text.vPortSuppressTicksAndSleep
                0x00004284      0x13c ./Generated_Code/port.o
                0x00004284                vPortSuppressTicksAndSleep
 .text.vPortInitTickTimer
                0x000043c0       0x50 ./Generated_Code/port.o
                0x000043c0                vPortInitTickTimer
 .text.vPortStartTickTimer
                0x00004410       0x14 ./Generated_Code/port.o
                0x00004410                vPortStartTickTimer
 .text.vPortStopTickTimer
                0x00004424       0x14 ./Generated_Code/port.o
                0x00004424                vPortStopTickTimer
 .text.xPortStartScheduler
                0x00004438       0x34 ./Generated_Code/port.o
                0x00004438                xPortStartScheduler
 .text.vPortEnterCritical
                0x0000446c       0x20 ./Generated_Code/port.o
                0x0000446c                vPortEnterCritical
 .text.vPortExitCritical
                0x0000448c       0x20 ./Generated_Code/port.o
                0x0000448c                vPortExitCritical
 .text.vPortYieldFromISR
                0x000044ac       0x1c ./Generated_Code/port.o
                0x000044ac                vPortYieldFromISR
 .text.vPortTickHandler
                0x000044c8       0x1c ./Generated_Code/port.o
                0x000044c8                vPortTickHandler
 .text.vPortStartFirstTask
                0x000044e4       0x1c ./Generated_Code/port.o
                0x000044e4                vPortStartFirstTask
 .text.vPortSVCHandler
                0x00004500       0x28 ./Generated_Code/port.o
                0x00004500                vPortSVCHandler
 .text.vPortPendSVHandler
                0x00004528       0x44 ./Generated_Code/port.o
                0x00004528                vPortPendSVHandler
 .text.vListInitialise
                0x0000456c       0x3c ./Generated_Code/list.o
                0x0000456c                vListInitialise
 .text.vListInitialiseItem
                0x000045a8       0x14 ./Generated_Code/list.o
                0x000045a8                vListInitialiseItem
 .text.vListInsertEnd
                0x000045bc       0x44 ./Generated_Code/list.o
                0x000045bc                vListInsertEnd
 .text.vListInsert
                0x00004600       0x6c ./Generated_Code/list.o
                0x00004600                vListInsert
 .text.uxListRemove
                0x0000466c       0x50 ./Generated_Code/list.o
                0x0000466c                uxListRemove
 .text.pvPortMalloc
                0x000046bc      0x12c ./Generated_Code/heap_2.o
                0x000046bc                pvPortMalloc
 .text.vPortFree
                0x000047e8       0x78 ./Generated_Code/heap_2.o
                0x000047e8                vPortFree
 .text.prvHeapInit
                0x00004860       0x4c ./Generated_Code/heap_2.o
 .text.TU2_Init
                0x000048ac      0x108 ./Generated_Code/TU2.o
                0x000048ac                TU2_Init
 .text.TU2_Enable
                0x000049b4       0x30 ./Generated_Code/TU2.o
                0x000049b4                TU2_Enable
 .text.TU2_Disable
                0x000049e4       0x24 ./Generated_Code/TU2.o
                0x000049e4                TU2_Disable
 .text.TU2_GetPeriodTicks
                0x00004a08       0x3c ./Generated_Code/TU2.o
                0x00004a08                TU2_GetPeriodTicks
 .text.TU2_ResetCounter
                0x00004a44       0x1c ./Generated_Code/TU2.o
                0x00004a44                TU2_ResetCounter
 .text.TU2_SetOffsetTicks
                0x00004a60       0x58 ./Generated_Code/TU2.o
                0x00004a60                TU2_SetOffsetTicks
 .text.TU2_Interrupt
                0x00004ab8       0x7c ./Generated_Code/TU2.o
                0x00004ab8                TU2_Interrupt
 .text.TU1_Init
                0x00004b34       0xe4 ./Generated_Code/TU1.o
                0x00004b34                TU1_Init
 .text.TU1_GetPeriodTicks
                0x00004c18       0x3c ./Generated_Code/TU1.o
                0x00004c18                TU1_GetPeriodTicks
 .text.TU1_SetOffsetTicks
                0x00004c54       0x58 ./Generated_Code/TU1.o
                0x00004c54                TU1_SetOffsetTicks
 .text.TU0_Init
                0x00004cac       0xe0 ./Generated_Code/TU0.o
                0x00004cac                TU0_Init
 .text.TSSTouch_InitDevices
                0x00004d8c       0x44 ./Generated_Code/TSSTouch.o
                0x00004d8c                TSSTouch_InitDevices
 .text.PwmLdd4_Init
                0x00004dd0       0x54 ./Generated_Code/PwmLdd4.o
                0x00004dd0                PwmLdd4_Init
 .text.PwmLdd4_Enable
                0x00004e24       0x30 ./Generated_Code/PwmLdd4.o
                0x00004e24                PwmLdd4_Enable
 .text.PwmLdd4_Disable
                0x00004e54       0x38 ./Generated_Code/PwmLdd4.o
                0x00004e54                PwmLdd4_Disable
 .text.PwmLdd4_SetRatio8
                0x00004e8c       0x34 ./Generated_Code/PwmLdd4.o
                0x00004e8c                PwmLdd4_SetRatio8
 .text.SetRatio
                0x00004ec0       0x68 ./Generated_Code/PwmLdd4.o
 .text.PwmLdd3_Init
                0x00004f28       0x54 ./Generated_Code/PwmLdd3.o
                0x00004f28                PwmLdd3_Init
 .text.PwmLdd3_SetRatio8
                0x00004f7c       0x34 ./Generated_Code/PwmLdd3.o
                0x00004f7c                PwmLdd3_SetRatio8
 .text.SetRatio
                0x00004fb0       0x68 ./Generated_Code/PwmLdd3.o
 .text.PwmLdd2_Init
                0x00005018       0x54 ./Generated_Code/PwmLdd2.o
                0x00005018                PwmLdd2_Init
 .text.PwmLdd1_Init
                0x0000506c       0x54 ./Generated_Code/PwmLdd1.o
                0x0000506c                PwmLdd1_Init
 .text.MMA0_Init
                0x000050c0       0x38 ./Generated_Code/MMA0.o
                0x000050c0                MMA0_Init
 .text.MMA0_MeasureGetRawX
                0x000050f8       0x40 ./Generated_Code/MMA0.o
                0x000050f8                MMA0_MeasureGetRawX
 .text.MMA0_MeasureGetRawY
                0x00005138       0x40 ./Generated_Code/MMA0.o
                0x00005138                MMA0_MeasureGetRawY
 .text.MMA0_MeasureGetRawZ
                0x00005178       0x40 ./Generated_Code/MMA0.o
                0x00005178                MMA0_MeasureGetRawZ
 .text.MMA0_GetX
                0x000051b8       0x38 ./Generated_Code/MMA0.o
                0x000051b8                MMA0_GetX
 .text.MMA0_GetY
                0x000051f0       0x38 ./Generated_Code/MMA0.o
                0x000051f0                MMA0_GetY
 .text.MMA0_GetZ
                0x00005228       0x38 ./Generated_Code/MMA0.o
                0x00005228                MMA0_GetZ
 .text.IO1_Init
                0x00005260      0x16c ./Generated_Code/IO1.o
                0x00005260                IO1_Init
 .text.I2C1_Interrupt
                0x000053cc      0x26c ./Generated_Code/I2C1.o
                0x000053cc                I2C1_Interrupt
 .text.I2C0_Interrupt
                0x00005638      0x278 ./Generated_Code/I2C0.o
                0x00005638                I2C0_Interrupt
 .text.I2C0_Init
                0x000058b0      0x11c ./Generated_Code/I2C0.o
                0x000058b0                I2C0_Init
 .text.I2C0_MasterSendBlock
                0x000059cc      0x158 ./Generated_Code/I2C0.o
                0x000059cc                I2C0_MasterSendBlock
 .text.I2C0_MasterReceiveBlock
                0x00005b24      0x158 ./Generated_Code/I2C0.o
                0x00005b24                I2C0_MasterReceiveBlock
 .text.I2C0_SelectSlaveDevice
                0x00005c7c      0x100 ./Generated_Code/I2C0.o
                0x00005c7c                I2C0_SelectSlaveDevice
 .text.GI2C0_RequestBus
                0x00005d7c       0x1c ./Generated_Code/GI2C0.o
                0x00005d7c                GI2C0_RequestBus
 .text.GI2C0_ReleaseBus
                0x00005d98       0x18 ./Generated_Code/GI2C0.o
                0x00005d98                GI2C0_ReleaseBus
 .text.GI2C0_SelectSlave
                0x00005db0       0x40 ./Generated_Code/GI2C0.o
                0x00005db0                GI2C0_SelectSlave
 .text.GI2C0_UnselectSlave
                0x00005df0       0x10 ./Generated_Code/GI2C0.o
                0x00005df0                GI2C0_UnselectSlave
 .text.GI2C0_ReadAddress
                0x00005e00       0xd8 ./Generated_Code/GI2C0.o
                0x00005e00                GI2C0_ReadAddress
 .text.GI2C0_WriteAddress
                0x00005ed8      0x140 ./Generated_Code/GI2C0.o
                0x00005ed8                GI2C0_WriteAddress
 .text.I2C0_OnMasterBlockSent
                0x00006018       0x24 ./Generated_Code/GI2C0.o
                0x00006018                I2C0_OnMasterBlockSent
 .text.I2C0_OnMasterBlockReceived
                0x0000603c       0x24 ./Generated_Code/GI2C0.o
                0x0000603c                I2C0_OnMasterBlockReceived
 .text.GI2C0_Init
                0x00006060       0x40 ./Generated_Code/GI2C0.o
                0x00006060                GI2C0_Init
 .text.GI2C0_WriteByteAddress8
                0x000060a0       0x34 ./Generated_Code/GI2C0.o
                0x000060a0                GI2C0_WriteByteAddress8
 .text.__read_console
                0x000060d4       0x80 ./Generated_Code/CsIO0.o
                0x000060d4                __read_console
 .text.__write_console
                0x00006154       0x7c ./Generated_Code/CsIO0.o
                0x00006154                __write_console
 .text.__close_console
                0x000061d0       0x14 ./Generated_Code/CsIO0.o
                0x000061d0                __close_console
 .text.Cpu_INT_NMIInterrupt
                0x000061e4        0xc ./Generated_Code/Cpu.o
                0x000061e4                Cpu_INT_NMIInterrupt
 .text.Cpu_Interrupt
                0x000061f0        0xc ./Generated_Code/Cpu.o
                0x000061f0                Cpu_Interrupt
 .text.__init_hardware
                0x000061fc      0x174 ./Generated_Code/Cpu.o
                0x000061fc                __init_hardware
 .text.PE_low_level_init
                0x00006370       0xf0 ./Generated_Code/Cpu.o
                0x00006370                PE_low_level_init
 .text.zero_fill_bss
                0x00006460       0x24 ./Project_Settings/Startup_Code/__arm_start.o
 .text.__thumb_startup
                0x00006484       0x30 ./Project_Settings/Startup_Code/__arm_start.o
                0x00006484                __thumb_startup
 .text._ExitProcess
                0x000064b4        0xc ./Project_Settings/Startup_Code/__arm_end.o
                0x000064b4                _ExitProcess
 .text.TSS_IIRFilterEquation
                0x000064c0       0x30 ./Sources/TSS/TSS_SystemSetupData.o
                0x000064c0                TSS_IIRFilterEquation
 .text.TSIL_InitModule
                0x000064f0       0x38 ./Sources/TSS/TSS_SensorTSIL.o
                0x000064f0                TSIL_InitModule
 .text.TSIL_SetNSamples
                0x00006528       0x68 ./Sources/TSS/TSS_SensorTSIL.o
                0x00006528                TSIL_SetNSamples
 .text.TSIL_InitLowPower
                0x00006590       0x8c ./Sources/TSS/TSS_SensorTSIL.o
                0x00006590                TSIL_InitLowPower
 .text.TSIL_InitPEN
                0x0000661c      0x238 ./Sources/TSS/TSS_SensorTSIL.o
                0x0000661c                TSIL_InitPEN
 .text.TSIL_Recalibrate
                0x00006854      0x604 ./Sources/TSS/TSS_SensorTSIL.o
                0x00006854                TSIL_Recalibrate
 .text.TSIL_InitThresholds
                0x00006e58      0x118 ./Sources/TSS/TSS_SensorTSIL.o
                0x00006e58                TSIL_InitThresholds
 .text.TSIL_InitTrigger
                0x00006f70      0x1b8 ./Sources/TSS/TSS_SensorTSIL.o
                0x00006f70                TSIL_InitTrigger
 .text.TSIL_MethodControl
                0x00007128      0x340 ./Sources/TSS/TSS_SensorTSIL.o
                0x00007128                TSIL_MethodControl
 .text.TSIL_ReadCounter
                0x00007468       0xd4 ./Sources/TSS/TSS_SensorTSIL.o
                0x00007468                TSIL_ReadCounter
 .text.TSIL_HandleMeasurement
                0x0000753c       0xfc ./Sources/TSS/TSS_SensorTSIL.o
                0x0000753c                TSIL_HandleMeasurement
 .text.TSIL_SampleElectrode
                0x00007638      0x284 ./Sources/TSS/TSS_SensorTSIL.o
                0x00007638                TSIL_SampleElectrode
 .text.TSS_TSI0Isr
                0x000078bc      0x1d4 ./Sources/TSS/TSS_SensorTSIL.o
                0x000078bc                TSS_TSI0Isr
 .text.TSS_SensorInitCallback
                0x00007a90       0x3c ./Sources/TSS/TSS_Sensor.o
                0x00007a90                TSS_SensorInitCallback
 .text.TSS_SensorInit
                0x00007acc       0x2c ./Sources/TSS/TSS_Sensor.o
                0x00007acc                TSS_SensorInit
 .text.taskWriteStringWork
                0x00007af8       0x3c ./Sources/Tasks/TaskWriteString.o
                0x00007af8                taskWriteStringWork
 .text.TaskWriteString
                0x00007b34       0x10 ./Sources/Tasks/TaskWriteString.o
 .text.taskWriteStringStart
                0x00007b44       0x48 ./Sources/Tasks/TaskWriteString.o
                0x00007b44                taskWriteStringStart
 .text.sonarEventEchoOverflow
                0x00007b8c       0x18 ./Sources/Tasks/TaskSonar.o
                0x00007b8c                sonarEventEchoOverflow
 .text.taskSendString2Work
                0x00007ba4       0x2c ./Sources/Tasks/TaskSendString2.o
                0x00007ba4                taskSendString2Work
 .text.TaskSendString2
                0x00007bd0       0x10 ./Sources/Tasks/TaskSendString2.o
 .text.taskSendString2Start
                0x00007be0       0x4c ./Sources/Tasks/TaskSendString2.o
                0x00007be0                taskSendString2Start
 .text.taskSendString1Work
                0x00007c2c       0x2c ./Sources/Tasks/TaskSendString1.o
                0x00007c2c                taskSendString1Work
 .text.TaskSendString1
                0x00007c58       0x10 ./Sources/Tasks/TaskSendString1.o
 .text.taskSendString1Start
                0x00007c68       0x4c ./Sources/Tasks/TaskSendString1.o
                0x00007c68                taskSendString1Start
 .text.taskSendStringWork
                0x00007cb4       0x24 ./Sources/Tasks/TaskSendString.o
                0x00007cb4                taskSendStringWork
 .text.TaskSendString
                0x00007cd8       0x18 ./Sources/Tasks/TaskSendString.o
 .text.taskSendStringStart
                0x00007cf0       0x6c ./Sources/Tasks/TaskSendString.o
                0x00007cf0                taskSendStringStart
 .text.taskSendGlobalVariableWork
                0x00007d5c       0x24 ./Sources/Tasks/TaskSendGlobalVariable.o
                0x00007d5c                taskSendGlobalVariableWork
 .text.TaskSendGlobalVariable
                0x00007d80       0x10 ./Sources/Tasks/TaskSendGlobalVariable.o
 .text.taskSendGlobalVariableStart
                0x00007d90       0x4c ./Sources/Tasks/TaskSendGlobalVariable.o
                0x00007d90                taskSendGlobalVariableStart
 .text.initBeep
                0x00007ddc       0x14 ./Sources/Tasks/TaskAccelerometer.o
                0x00007ddc                initBeep
 .text.startBeep
                0x00007df0       0x34 ./Sources/Tasks/TaskAccelerometer.o
                0x00007df0                startBeep
 .text.stopBeep
                0x00007e24       0x34 ./Sources/Tasks/TaskAccelerometer.o
                0x00007e24                stopBeep
 .text.taskAccelerometerWork
                0x00007e58       0x6c ./Sources/Tasks/TaskAccelerometer.o
                0x00007e58                taskAccelerometerWork
 .text.TaskAccelerometer
                0x00007ec4       0x54 ./Sources/Tasks/TaskAccelerometer.o
 .text.taskAccelerometerStart
                0x00007f18       0x4c ./Sources/Tasks/TaskAccelerometer.o
                0x00007f18                taskAccelerometerStart
 .text.initGlobalVariables
                0x00007f64       0x14 ./Sources/Util/GlobalVariables.o
                0x00007f64                initGlobalVariables
 .text.getIdleTaskHookInteger
                0x00007f78       0x14 ./Sources/Util/GlobalVariables.o
                0x00007f78                getIdleTaskHookInteger
 .text.main     0x00007f8c       0xa8 ./Sources/ProcessorExpert.o
                0x00007f8c                main
 .text.I2C1_OnMasterBlockSent
                0x00008034       0x18 ./Sources/Events.o
                0x00008034                I2C1_OnMasterBlockSent
 .text.I2C1_OnMasterBlockReceived
                0x0000804c       0x18 ./Sources/Events.o
                0x0000804c                I2C1_OnMasterBlockReceived
 .text.TSSTouch_fOnFault
                0x00008064       0x3c ./Sources/Events.o
                0x00008064                TSSTouch_fOnFault
 .text.TSSTouch_fOnInit
                0x000080a0        0xc ./Sources/Events.o
                0x000080a0                TSSTouch_fOnInit
 .text.TSSTouch_fCallBack0
                0x000080ac       0x98 ./Sources/Events.o
                0x000080ac                TSSTouch_fCallBack0
 .text.TU2_OnChannel0
                0x00008144       0x18 ./Sources/Events.o
                0x00008144                TU2_OnChannel0
 .text.Cpu_OnNMIINT0
                0x0000815c        0x8 ./Sources/Events.o
                0x0000815c                Cpu_OnNMIINT0
 .text.FreeRTOS0_vApplicationTickHook
                0x00008164        0x8 ./Sources/Events.o
                0x00008164                FreeRTOS0_vApplicationTickHook
 .text.FreeRTOS0_vApplicationIdleHook
                0x0000816c        0x8 ./Sources/Events.o
                0x0000816c                FreeRTOS0_vApplicationIdleHook
 .text.FreeRTOS0_vApplicationMallocFailedHook
                0x00008174        0x8 ./Sources/Events.o
                0x00008174                FreeRTOS0_vApplicationMallocFailedHook
 .text.FreeRTOS0_vOnPreSleepProcessing
                0x0000817c       0x10 ./Sources/Events.o
                0x0000817c                FreeRTOS0_vOnPreSleepProcessing
 .text.FreeRTOS0_vApplicationStackOverflowHook
                0x0000818c       0x10 ./Sources/Events.o
                0x0000818c                FreeRTOS0_vApplicationStackOverflowHook
 .text.FreeRTOS0_vOnPostSleepProcessing
                0x0000819c       0x10 ./Sources/Events.o
                0x0000819c                FreeRTOS0_vOnPostSleepProcessing
 .text.printf   0x000081ac       0x28 C:/Freescale/CW MCU v10.5/MCU/ARM_GCC_Support/ewl/lib/armv6-m\libc.a(printf.o)
                0x000081ac                printf
 .text.putchar  0x000081d4       0x28 C:/Freescale/CW MCU v10.5/MCU/ARM_GCC_Support/ewl/lib/armv6-m\libc.a(putchar.o)
                0x000081d4                putchar
 .text.puts     0x000081fc       0x54 C:/Freescale/CW MCU v10.5/MCU/ARM_GCC_Support/ewl/lib/armv6-m\libc.a(puts.o)
                0x000081fc                puts
 .text.sprintf  0x00008250       0x1a C:/Freescale/CW MCU v10.5/MCU/ARM_GCC_Support/ewl/lib/armv6-m\libc.a(sprintf.o)
                0x00008250                sprintf
 .text.__StringWrite
                0x0000826a       0x26 C:/Freescale/CW MCU v10.5/MCU/ARM_GCC_Support/ewl/lib/armv6-m\libc.a(vsnprintf.o)
                0x0000826a                __StringWrite
 .text.vsnprintf
                0x00008290       0x38 C:/Freescale/CW MCU v10.5/MCU/ARM_GCC_Support/ewl/lib/armv6-m\libc.a(vsnprintf.o)
                0x00008290                vsnprintf
 .text.exit     0x000082c8       0x38 C:/Freescale/CW MCU v10.5/MCU/ARM_GCC_Support/ewl/lib/armv6-m\libc.a(exit.o)
                0x000082c8                exit
 .text.memcpy   0x00008300       0x12 C:/Freescale/CW MCU v10.5/MCU/ARM_GCC_Support/ewl/lib/armv6-m\libc.a(memcpy.o)
                0x00008300                memcpy
 .text.memset   0x00008312        0xc C:/Freescale/CW MCU v10.5/MCU/ARM_GCC_Support/ewl/lib/armv6-m\libc.a(memset.o)
                0x00008312                memset
 .text.strchr   0x0000831e       0x1e C:/Freescale/CW MCU v10.5/MCU/ARM_GCC_Support/ewl/lib/armv6-m\libc.a(strchr.o)
                0x0000831e                strchr
 .text.strlen   0x0000833c       0x10 C:/Freescale/CW MCU v10.5/MCU/ARM_GCC_Support/ewl/lib/armv6-m\libc.a(strlen.o)
                0x0000833c                strlen
 .text.long2str.isra.0
                0x0000834c      0x19c C:/Freescale/CW MCU v10.5/MCU/ARM_GCC_Support/ewl/lib/armv6-m\libc.a(printformat_.o)
 .text.__pformatter_
                0x000084e8      0x428 C:/Freescale/CW MCU v10.5/MCU/ARM_GCC_Support/ewl/lib/armv6-m\libc.a(printformat_.o)
                0x000084e8                __pformatter_
 .text.__sformatter
                0x00008910      0x698 C:/Freescale/CW MCU v10.5/MCU/ARM_GCC_Support/ewl/lib/armv6-m\libc.a(scanformat_.o)
                0x00008910                __sformatter
 .text.isalpha  0x00008fa8       0x20 C:/Freescale/CW MCU v10.5/MCU/ARM_GCC_Support/ewl/lib/armv6-m\libc.a(ctype_aeabi.o)
                0x00008fa8                isalpha
 .text.isspace  0x00008fc8       0x20 C:/Freescale/CW MCU v10.5/MCU/ARM_GCC_Support/ewl/lib/armv6-m\libc.a(ctype_aeabi.o)
                0x00008fc8                isspace
 .text.toupper  0x00008fe8        0xe C:/Freescale/CW MCU v10.5/MCU/ARM_GCC_Support/ewl/lib/armv6-m\libc.a(ctype_aeabi.o)
                0x00008fe8                toupper
 .text.__put_char
                0x00008ff6       0x90 C:/Freescale/CW MCU v10.5/MCU/ARM_GCC_Support/ewl/lib/armv6-m\libc.a(__putchar.o)
                0x00008ff6                __put_char
 .text.__fwrite
                0x00009086      0x160 C:/Freescale/CW MCU v10.5/MCU/ARM_GCC_Support/ewl/lib/armv6-m\libc.a(fwrite.o)
                0x00009086                __fwrite
 .text.__FileWrite
                0x000091e6       0x1c C:/Freescale/CW MCU v10.5/MCU/ARM_GCC_Support/ewl/lib/armv6-m\libc.a(fwrite.o)
                0x000091e6                __FileWrite
 .text.__strtoul
                0x00009202      0x1ce C:/Freescale/CW MCU v10.5/MCU/ARM_GCC_Support/ewl/lib/armv6-m\libc.a(__strtoul.o)
                0x00009202                __strtoul
 .text.__fill_mem
                0x000093d0       0x7e C:/Freescale/CW MCU v10.5/MCU/ARM_GCC_Support/ewl/lib/armv6-m\libc.a(__filll_mem.o)
                0x000093d0                __fill_mem
 .text.__memrchr
                0x0000944e       0x1e C:/Freescale/CW MCU v10.5/MCU/ARM_GCC_Support/ewl/lib/armv6-m\libc.a(__memrchr.o)
                0x0000944e                __memrchr
 .text.memchr   0x0000946c       0x1a C:/Freescale/CW MCU v10.5/MCU/ARM_GCC_Support/ewl/lib/armv6-m\libc.a(memchr.o)
                0x0000946c                memchr
 .text.__prep_buffer
                0x00009486       0x14 C:/Freescale/CW MCU v10.5/MCU/ARM_GCC_Support/ewl/lib/armv6-m\libc.a(__buffer_io.o)
                0x00009486                __prep_buffer
 .text.__flush_buffer
                0x0000949a       0x38 C:/Freescale/CW MCU v10.5/MCU/ARM_GCC_Support/ewl/lib/armv6-m\libc.a(__buffer_io.o)
                0x0000949a                __flush_buffer
 *fill*         0x000094d2        0x2 00
 .text.__init_cpp
                0x000094d4       0x48 C:/Freescale/CW MCU v10.5/MCU/ARM_GCC_Support/ewl/lib/armv6-m\librt.a(gcc_ctor_dtor.o)
                0x000094d4                __init_cpp
 .text.__fini_cpp
                0x0000951c       0x34 C:/Freescale/CW MCU v10.5/MCU/ARM_GCC_Support/ewl/lib/armv6-m\librt.a(gcc_ctor_dtor.o)
                0x0000951c                __fini_cpp
 .text.__copy_rom_section
                0x00009550       0x48 C:/Freescale/CW MCU v10.5/MCU/ARM_GCC_Support/ewl/lib/armv6-m\librt.a(ROMCopy.o)
                0x00009550                __copy_rom_section
 .text.__copy_rom_sections_to_ram
                0x00009598       0x34 C:/Freescale/CW MCU v10.5/MCU/ARM_GCC_Support/ewl/lib/armv6-m\librt.a(ROMCopy.o)
                0x00009598                __copy_rom_sections_to_ram
 .text.__destroy_global_chain
                0x000095cc       0x1c C:/Freescale/CW MCU v10.5/MCU/ARM_GCC_Support/ewl/lib/armv6-m\librt.a(__arm_eabi_init.o)
                0x000095cc                __destroy_global_chain
 .text.__init_registers
                0x000095e8       0x1c C:/Freescale/CW MCU v10.5/MCU/ARM_GCC_Support/ewl/lib/armv6-m\librt.a(__arm_eabi_init.o)
                0x000095e8                __init_registers
 .text.__init_user
                0x00009604        0x4 C:/Freescale/CW MCU v10.5/MCU/ARM_GCC_Support/ewl/lib/armv6-m\librt.a(__arm_eabi_init.o)
                0x00009604                __init_user
 *(.rodata)
 .rodata        0x00009608        0x8 ./Generated_Code/tasks.o
 .rodata        0x00009610       0x24 ./Sources/Tasks/TaskWriteString.o
 .rodata        0x00009634       0x28 ./Sources/Tasks/TaskSendString2.o
 .rodata        0x0000965c       0x28 ./Sources/Tasks/TaskSendString1.o
 .rodata        0x00009684       0x44 ./Sources/Tasks/TaskSendString.o
 .rodata        0x000096c8       0x38 ./Sources/Tasks/TaskSendGlobalVariable.o
 .rodata        0x00009700       0x2c ./Sources/Tasks/TaskAccelerometer.o
 .rodata        0x0000972c       0x14 C:/Users/Avell G1512NEW/Documents/GitHub/M0PlusFreeRTOS/M0PlusFreeRTOS/Sources/TSS\libTSS_KXX_M0.a(TSS_KeyDetector.o)
 .rodata        0x00009740        0xc C:/Users/Avell G1512NEW/Documents/GitHub/M0PlusFreeRTOS/M0PlusFreeRTOS/Sources/TSS\libTSS_KXX_M0.a(TSS_Main.o)
 *(.rodata*)
 .rodata.heapSTRUCT_SIZE
                0x0000974c        0x2 ./Generated_Code/heap_2.o
 *fill*         0x0000974e        0x2 00
 .rodata.ChannelDevice
                0x00009750        0x4 ./Generated_Code/TU2.o
 .rodata.ChannelMode
                0x00009754        0x4 ./Generated_Code/TU2.o
 .rodata.ChannelDevice
                0x00009758        0x4 ./Generated_Code/TU1.o
 .rodata.ChannelMode
                0x0000975c        0x4 ./Generated_Code/TU1.o
 .rodata.InitialCalibration
                0x00009760        0x8 ./Generated_Code/MMA0.o
 .rodata.addr.6428
                0x00009768        0x1 ./Generated_Code/MMA0.o
 .rodata.addr.6420
                0x00009769        0x1 ./Generated_Code/MMA0.o
 .rodata.addr.6412
                0x0000976a        0x1 ./Generated_Code/MMA0.o
 *fill*         0x0000976b        0x1 00
 .rodata.TSS_C0_INPUTS_GROUP
                0x0000976c        0x4 ./Sources/TSS/TSS_SystemSetupData.o
                0x0000976c                TSS_C0_INPUTS_GROUP
 .rodata.TSS_C0_STRUCTURE_ROM_CONTEXT
                0x00009770       0x1c ./Sources/TSS/TSS_SystemSetupData.o
                0x00009770                TSS_C0_STRUCTURE_ROM_CONTEXT
 .rodata.tss_faCallback
                0x0000978c        0x4 ./Sources/TSS/TSS_SystemSetupData.o
                0x0000978c                tss_faCallback
 .rodata.tss_acpsDecRAMContext
                0x00009790        0x4 ./Sources/TSS/TSS_SystemSetupData.o
                0x00009790                tss_acpsDecRAMContext
 .rodata.tss_acpsDecROMContext
                0x00009794        0x4 ./Sources/TSS/TSS_SystemSetupData.o
                0x00009794                tss_acpsDecROMContext
 .rodata.tss_acpsCSStructs
                0x00009798        0x4 ./Sources/TSS/TSS_SystemSetupData.o
                0x00009798                tss_acpsCSStructs
 .rodata.tss_faDecoders
                0x0000979c        0x4 ./Sources/TSS/TSS_SystemSetupData.o
                0x0000979c                tss_faDecoders
 .rodata.tss_cau8ShieldPairs
                0x000097a0        0x4 ./Sources/TSS/TSS_SystemSetupData.o
                0x000097a0                tss_cau8ShieldPairs
 .rodata.tss_cau8SignalDivider
                0x000097a4        0x4 ./Sources/TSS/TSS_SystemSetupData.o
                0x000097a4                tss_cau8SignalDivider
 .rodata.tss_cau8SignalMultiplier
                0x000097a8        0x4 ./Sources/TSS/TSS_SystemSetupData.o
                0x000097a8                tss_cau8SignalMultiplier
 .rodata.tss_fSetInternalPrivateData
                0x000097ac        0x4 ./Sources/TSS/TSS_SystemSetupData.o
                0x000097ac                tss_fSetInternalPrivateData
 .rodata.tss_fDecodersControl
                0x000097b0        0x4 ./Sources/TSS/TSS_SystemSetupData.o
                0x000097b0                tss_fDecodersControl
 .rodata.tss_cu8NumElecs
                0x000097b4        0x1 ./Sources/TSS/TSS_SystemSetupData.o
                0x000097b4                tss_cu8NumElecs
 .rodata.tss_cu8NumCtrls
                0x000097b5        0x1 ./Sources/TSS/TSS_SystemSetupData.o
                0x000097b5                tss_cu8NumCtrls
 .rodata.tss_cu8ElecBitFldLn
                0x000097b6        0x1 ./Sources/TSS/TSS_SystemSetupData.o
                0x000097b6                tss_cu8ElecBitFldLn
 *fill*         0x000097b7        0x1 00
 .rodata.tss_fCalculateIIRFilter
                0x000097b8        0x4 ./Sources/TSS/TSS_SystemSetupData.o
                0x000097b8                tss_fCalculateIIRFilter
 .rodata.tss_fCalculateShielding
                0x000097bc        0x4 ./Sources/TSS/TSS_SystemSetupData.o
                0x000097bc                tss_fCalculateShielding
 .rodata.tss_fInitPrevCapSample
                0x000097c0        0x4 ./Sources/TSS/TSS_SystemSetupData.o
                0x000097c0                tss_fInitPrevCapSample
 .rodata.tss_fFillDeltaLogBuffer
                0x000097c4        0x4 ./Sources/TSS/TSS_SystemSetupData.o
                0x000097c4                tss_fFillDeltaLogBuffer
 .rodata.tss_fFillSignalLogBuffer
                0x000097c8        0x4 ./Sources/TSS/TSS_SystemSetupData.o
                0x000097c8                tss_fFillSignalLogBuffer
 .rodata.tss_fDataCorruptionCheck
                0x000097cc        0x4 ./Sources/TSS/TSS_SystemSetupData.o
                0x000097cc                tss_fDataCorruptionCheck
 .rodata.tss_fFmstrCall
                0x000097d0        0x4 ./Sources/TSS/TSS_SystemSetupData.o
                0x000097d0                tss_fFmstrCall
 .rodata.tss_fTriggerConfig
                0x000097d4        0x4 ./Sources/TSS/TSS_SystemSetupData.o
                0x000097d4                tss_fTriggerConfig
 .rodata.tss_fTriggerControl
                0x000097d8        0x4 ./Sources/TSS/TSS_SystemSetupData.o
                0x000097d8                tss_fTriggerControl
 .rodata.tss_fLowPowerConfig
                0x000097dc        0x4 ./Sources/TSS/TSS_SystemSetupData.o
                0x000097dc                tss_fLowPowerConfig
 .rodata.tss_fOnFault
                0x000097e0        0x4 ./Sources/TSS/TSS_SystemSetupData.o
                0x000097e0                tss_fOnFault
 .rodata.tss_fOnInit
                0x000097e4        0x4 ./Sources/TSS/TSS_SystemSetupData.o
                0x000097e4                tss_fOnInit
 .rodata.tss_cu8APosFilterWeight
                0x000097e8        0x1 ./Sources/TSS/TSS_SystemSetupData.o
                0x000097e8                tss_cu8APosFilterWeight
 *fill*         0x000097e9        0x3 00
 .rodata.tss_fASliderCalculatePosIIRFilter
                0x000097ec        0x4 ./Sources/TSS/TSS_SystemSetupData.o
                0x000097ec                tss_fASliderCalculatePosIIRFilter
 .rodata.tss_cu8ASliderDelayBufferLength
                0x000097f0        0x1 ./Sources/TSS/TSS_SystemSetupData.o
                0x000097f0                tss_cu8ASliderDelayBufferLength
 *fill*         0x000097f1        0x3 00
 .rodata.tss_fASliderDelayControl
                0x000097f4        0x4 ./Sources/TSS/TSS_SystemSetupData.o
                0x000097f4                tss_fASliderDelayControl
 .rodata.tss_cu8ASliderTrendBufferLength
                0x000097f8        0x1 ./Sources/TSS/TSS_SystemSetupData.o
                0x000097f8                tss_cu8ASliderTrendBufferLength
 .rodata.tss_i8ASliderTrendThreshold
                0x000097f9        0x1 ./Sources/TSS/TSS_SystemSetupData.o
                0x000097f9                tss_i8ASliderTrendThreshold
 *fill*         0x000097fa        0x2 00
 .rodata.tss_fASliderTrendThreshold
                0x000097fc        0x4 ./Sources/TSS/TSS_SystemSetupData.o
                0x000097fc                tss_fASliderTrendThreshold
 .rodata.tss_fASliderTrendControl
                0x00009800        0x4 ./Sources/TSS/TSS_SystemSetupData.o
                0x00009800                tss_fASliderTrendControl
 .rodata.tss_fOnProximity
                0x00009804        0x4 ./Sources/TSS/TSS_SystemSetupData.o
                0x00009804                tss_fOnProximity
 .rodata.tss_fProximityConfig
                0x00009808        0x4 ./Sources/TSS/TSS_SystemSetupData.o
                0x00009808                tss_fProximityConfig
 .rodata.tss_fStuckKeyControl
                0x0000980c        0x4 ./Sources/TSS/TSS_SystemSetupData.o
                0x0000980c                tss_fStuckKeyControl
 .rodata.tss_fResetStuckKeyCounter
                0x00009810        0x4 ./Sources/TSS/TSS_SystemSetupData.o
                0x00009810                tss_fResetStuckKeyCounter
 .rodata.tss_fNegativeBaselineDrop
                0x00009814        0x4 ./Sources/TSS/TSS_SystemSetupData.o
                0x00009814                tss_fNegativeBaselineDrop
 .rodata.tss_fKeyDetectorRecalibrationRequest
                0x00009818        0x4 ./Sources/TSS/TSS_SystemSetupData.o
                0x00009818                tss_fKeyDetectorRecalibrationRequest
 .rodata.tss_fSignalDivider
                0x0000981c        0x4 ./Sources/TSS/TSS_SystemSetupData.o
                0x0000981c                tss_fSignalDivider
 .rodata.tss_fSignalMultiplier
                0x00009820        0x4 ./Sources/TSS/TSS_SystemSetupData.o
                0x00009820                tss_fSignalMultiplier
 .rodata.tss_fAutoCalibration
                0x00009824        0x4 ./Sources/TSS/TSS_SystemSetupData.o
                0x00009824                tss_fAutoCalibration
 .rodata.tss_fSensitivityLowLimitControl
                0x00009828        0x4 ./Sources/TSS/TSS_SystemSetupData.o
                0x00009828                tss_fSensitivityLowLimitControl
 .rodata.tss_fDeltaNoiseAnalysisIIRControl
                0x0000982c        0x4 ./Sources/TSS/TSS_SystemSetupData.o
                0x0000982c                tss_fDeltaNoiseAnalysisIIRControl
 .rodata.tss_cu8BaselineInitLength
                0x00009830        0x1 ./Sources/TSS/TSS_SystemSetupData.o
                0x00009830                tss_cu8BaselineInitLength
 .rodata.tss_cu8AutoCalibInitLength
                0x00009831        0x1 ./Sources/TSS/TSS_SystemSetupData.o
                0x00009831                tss_cu8AutoCalibInitLength
 *fill*         0x00009832        0x2 00
 .rodata.tss_ci8DeltaNoiseAnalysisIIRWeights
                0x00009834        0x4 ./Sources/TSS/TSS_SystemSetupData.o
                0x00009834                tss_ci8DeltaNoiseAnalysisIIRWeights
 .rodata.tss_csKeyBasicASCContext
                0x00009838        0x8 ./Sources/TSS/TSS_SystemSetupData.o
                0x00009838                tss_csKeyBasicASCContext
 .rodata.tss_fKeyDetectorElectrodeEval
                0x00009840        0x4 ./Sources/TSS/TSS_SystemSetupData.o
                0x00009840                tss_fKeyDetectorElectrodeEval
 .rodata.tss_fKeyDetectorIntegrationResetEval
                0x00009844        0x4 ./Sources/TSS/TSS_SystemSetupData.o
                0x00009844                tss_fKeyDetectorIntegrationResetEval
 .rodata.tss_fKeyNoiseSchedulerInit
                0x00009848        0x4 ./Sources/TSS/TSS_SystemSetupData.o
                0x00009848                tss_fKeyNoiseSchedulerInit
 .rodata.tss_fKeyNoiseSchedulerRun
                0x0000984c        0x4 ./Sources/TSS/TSS_SystemSetupData.o
                0x0000984c                tss_fKeyNoiseSchedulerRun
 .rodata.tss_fGetSystemDataContext
                0x00009850        0x4 ./Sources/TSS/TSS_SystemSetupData.o
                0x00009850                tss_fGetSystemDataContext
 .rodata.TSS_TSIL0_METHOD_ROMDATA_CONTEXT
                0x00009854       0x10 ./Sources/TSS/TSS_SensorTSIL.o
                0x00009854                TSS_TSIL0_METHOD_ROMDATA_CONTEXT
 .rodata.TSS_E0_ROMDATA_CONTEXT
                0x00009864        0xc ./Sources/TSS/TSS_SensorTSIL.o
                0x00009864                TSS_E0_ROMDATA_CONTEXT
 .rodata.TSS_E1_ROMDATA_CONTEXT
                0x00009870        0xc ./Sources/TSS/TSS_SensorTSIL.o
                0x00009870                TSS_E1_ROMDATA_CONTEXT
 .rodata.TSIL_MethodControl
                0x0000987c       0x24 ./Sources/TSS/TSS_SensorTSIL.o
 .rodata.TSIL_SampleElectrode
                0x000098a0       0x28 ./Sources/TSS/TSS_SensorTSIL.o
 .rodata.tss_faSampleElectrode
                0x000098c8        0x8 ./Sources/TSS/TSS_Sensor.o
                0x000098c8                tss_faSampleElectrode
 .rodata.tss_acp8ElectrodeROMData
                0x000098d0        0x8 ./Sources/TSS/TSS_Sensor.o
                0x000098d0                tss_acp8ElectrodeROMData
 .rodata.str1.1
                0x000098d8        0x1 C:/Freescale/CW MCU v10.5/MCU/ARM_GCC_Support/ewl/lib/armv6-m\libc.a(printformat_.o)
 .rodata.CSWTCH.20
                0x000098d9        0x5 C:/Freescale/CW MCU v10.5/MCU/ARM_GCC_Support/ewl/lib/armv6-m\libc.a(printformat_.o)
 .rodata.CSWTCH.21
                0x000098de        0x5 C:/Freescale/CW MCU v10.5/MCU/ARM_GCC_Support/ewl/lib/armv6-m\libc.a(printformat_.o)
 .rodata.__aeabi_ctype_table_C
                0x000098e3      0x101 C:/Freescale/CW MCU v10.5/MCU/ARM_GCC_Support/ewl/lib/armv6-m\libc.a(ctype_aeabi.o)
                0x000098e3                __aeabi_ctype_table_C
 *(.glue_7)
 .glue_7        0x00000000        0x0 linker stubs
 *(.glue_7t)
 .glue_7t       0x00000000        0x0 linker stubs
 *(.eh_frame)
 *(.init)
 *(.fini)
                0x000099e4                . = ALIGN (0x4)
                0x000099e4                _etext = .

.vfp11_veneer   0x000099e4        0x0
 .vfp11_veneer  0x00000000        0x0 linker stubs

.v4_bx          0x000099e4        0x0
 .v4_bx         0x00000000        0x0 linker stubs

.iplt           0x000099e4        0x0
 .iplt          0x00000000        0x0 ./Generated_Code/timers.o

.rel.dyn        0x000099e4        0x0
 .rel.iplt      0x00000000        0x0 ./Generated_Code/timers.o

.ARM.extab
 *(.ARM.extab* .gnu.linkonce.armextab.*)

.ARM            0x000099e4        0x0
                0x000099e4                __exidx_start = .
 *(.ARM.exidx*)
                0x000099e4                __exidx_end = .

.ctors          0x000099e4        0x0
                0x000099e4                __CTOR_LIST__ = .
 *crtbegin.o(.ctors)
 *(EXCLUDE_FILE(*crtend.o) .ctors)
 *(SORT(.ctors.*))
 *(.ctors)
                0x000099e4                __CTOR_END__ = .

.dtors          0x000099e4        0x0
                0x000099e4                __DTOR_LIST__ = .
 *crtbegin.o(.dtors)
 *(EXCLUDE_FILE(*crtend.o) .dtors)
 *(SORT(.dtors.*))
 *(.dtors)
                0x000099e4                __DTOR_END__ = .

.preinit_array  0x000099e4        0x0
                0x000099e4                PROVIDE (__preinit_array_start, .)
 *(.preinit_array*)
                0x000099e4                PROVIDE (__preinit_array_end, .)

.init_array     0x000099e4        0x0
                0x000099e4                PROVIDE (__init_array_start, .)
 *(SORT(.init_array.*))
 *(.init_array*)
                0x000099e4                PROVIDE (__init_array_end, .)

.fini_array     0x000099e4        0x0
                0x000099e4                PROVIDE (__fini_array_start, .)
 *(SORT(.fini_array.*))
 *(.fini_array*)
                0x000099e4                PROVIDE (__fini_array_end, .)
                0x000099e4                ___ROM_AT = .

.mtb            0x20000000        0x0
                0x20000000                . = ALIGN (0x8)
                0x20000000                _mtb_start = .
 *(.mtb_buf)
                0x20000000                . = ALIGN (0x8)
                0x20000000                _mtb_end = .

.data           0x20000000       0xe4 load address 0x000099e4
                0x20000000                . = ALIGN (0x4)
                0x20000000                _sdata = .
 *(.data)
 .data          0x20000000        0x1 C:/Users/Avell G1512NEW/Documents/GitHub/M0PlusFreeRTOS/M0PlusFreeRTOS/Sources/TSS\libTSS_KXX_M0.a(TSS_KeyDetector.o)
 *(.data*)
 *fill*         0x20000001        0x3 00
 .data.xNextTaskUnblockTime
                0x20000004        0x4 ./Generated_Code/tasks.o
 .data.uxCriticalNesting
                0x20000008        0x4 ./Generated_Code/port.o
 .data.xFreeBytesRemaining
                0x2000000c        0x4 ./Generated_Code/heap_2.o
 .data.TSSTouch_cKey0
                0x20000010        0x8 ./Sources/TSS/TSS_SystemSetupData.o
                0x20000010                TSSTouch_cKey0
 .data.__files  0x20000018       0xcc C:/Freescale/CW MCU v10.5/MCU/ARM_GCC_Support/ewl/lib/armv6-m\libc.a(ansi_files.o)
                0x20000018                __files
                0x200000e4                . = ALIGN (0x4)
                0x200000e4                _edata = .
                0x000000e4                ___data_size = (_edata - _sdata)
                0x00009ac8                ___m_data_1FFFF000_ROMStart = (___ROM_AT + SIZEOF (.data))

.igot.plt       0x200000e4        0x0 load address 0x00009ac8
 .igot.plt      0x00000000        0x0 ./Generated_Code/timers.o

.m_data_1FFFF000
                0x1ffff000        0x0 load address 0x00009ac8
                0x1ffff000                . = ALIGN (0x4)
                0x1ffff000                ___m_data_1FFFF000_RAMStart = .
 *(.m_data_1FFFF000)
                0x1ffff000                ___m_data_1FFFF000_RAMEnd = .
                0x1ffff000                . = ALIGN (0x4)
                0x00000000                ___m_data_1FFFF000_ROMSize = (___m_data_1FFFF000_RAMEnd - ___m_data_1FFFF000_RAMStart)
                0x1ffff000                . = ALIGN (0x4)

.bss            0x200000e4     0x2b40 load address 0x00009ac8
                0x200000e4                __START_BSS = .
                0x200000e4                PROVIDE (__bss_start__, __START_BSS)
 *(.bss)
 .bss           0x200000e4        0x5 C:/Users/Avell G1512NEW/Documents/GitHub/M0PlusFreeRTOS/M0PlusFreeRTOS/Sources/TSS\libTSS_KXX_M0.a(TSS_KeyDetector.o)
 *fill*         0x200000e9        0x3 00
 .bss           0x200000ec        0x8 C:/Users/Avell G1512NEW/Documents/GitHub/M0PlusFreeRTOS/M0PlusFreeRTOS/Sources/TSS\libTSS_KXX_M0.a(TSS_Main.o)
 *(.bss*)
 .bss.pxCurrentTCB
                0x200000f4        0x4 ./Generated_Code/tasks.o
                0x200000f4                pxCurrentTCB
 .bss.pxReadyTasksLists
                0x200000f8       0x78 ./Generated_Code/tasks.o
 .bss.xDelayedTaskList1
                0x20000170       0x14 ./Generated_Code/tasks.o
 .bss.xDelayedTaskList2
                0x20000184       0x14 ./Generated_Code/tasks.o
 .bss.pxDelayedTaskList
                0x20000198        0x4 ./Generated_Code/tasks.o
 .bss.pxOverflowDelayedTaskList
                0x2000019c        0x4 ./Generated_Code/tasks.o
 .bss.xPendingReadyList
                0x200001a0       0x14 ./Generated_Code/tasks.o
 .bss.xSuspendedTaskList
                0x200001b4       0x14 ./Generated_Code/tasks.o
 .bss.uxCurrentNumberOfTasks
                0x200001c8        0x4 ./Generated_Code/tasks.o
 .bss.xTickCount
                0x200001cc        0x4 ./Generated_Code/tasks.o
 .bss.uxTopReadyPriority
                0x200001d0        0x4 ./Generated_Code/tasks.o
 .bss.xSchedulerRunning
                0x200001d4        0x4 ./Generated_Code/tasks.o
 .bss.uxSchedulerSuspended
                0x200001d8        0x4 ./Generated_Code/tasks.o
 .bss.uxPendedTicks
                0x200001dc        0x4 ./Generated_Code/tasks.o
 .bss.xYieldPending
                0x200001e0        0x4 ./Generated_Code/tasks.o
 .bss.xNumOfOverflows
                0x200001e4        0x4 ./Generated_Code/tasks.o
 .bss.uxTaskNumber
                0x200001e8        0x4 ./Generated_Code/tasks.o
 .bss.xMaximumPossibleSuppressedTicks
                0x200001ec        0x4 ./Generated_Code/port.o
 .bss.ulStoppedTimerCompensation
                0x200001f0        0x4 ./Generated_Code/port.o
 .bss.ucHeap    0x200001f4     0x2710 ./Generated_Code/heap_2.o
 .bss.xStart    0x20002904        0x8 ./Generated_Code/heap_2.o
 .bss.xEnd      0x2000290c        0x8 ./Generated_Code/heap_2.o
 .bss.xHeapHasBeenInitialised.7882
                0x20002914        0x4 ./Generated_Code/heap_2.o
 .bss.DeviceDataPrv__DEFAULT_RTOS_ALLOC
                0x20002918       0x10 ./Generated_Code/TU2.o
 .bss.INT_TPM1__BAREBOARD_RTOS_ISRPARAM
                0x20002928        0x4 ./Generated_Code/TU2.o
 .bss.DeviceDataPrv__DEFAULT_RTOS_ALLOC
                0x2000292c        0xc ./Generated_Code/TU1.o
 .bss.DeviceDataPrv__DEFAULT_RTOS_ALLOC
                0x20002938        0xc ./Generated_Code/TU0.o
 .bss.DeviceDataPrv__DEFAULT_RTOS_ALLOC
                0x20002944        0xc ./Generated_Code/PwmLdd4.o
 .bss.DeviceDataPrv__DEFAULT_RTOS_ALLOC
                0x20002950        0xc ./Generated_Code/PwmLdd3.o
 .bss.DeviceDataPrv__DEFAULT_RTOS_ALLOC
                0x2000295c        0xc ./Generated_Code/PwmLdd2.o
 .bss.DeviceDataPrv__DEFAULT_RTOS_ALLOC
                0x20002968        0xc ./Generated_Code/PwmLdd1.o
 .bss.PE_LDD_DeviceDataList
                0x20002974       0x2c ./Generated_Code/PE_LDD.o
                0x20002974                PE_LDD_DeviceDataList
 .bss.sCalValues
                0x200029a0        0x8 ./Generated_Code/MMA0.o
 .bss.DeviceDataPrv__DEFAULT_RTOS_ALLOC
                0x200029a8       0x18 ./Generated_Code/IO1.o
 .bss.INT_I2C1__BAREBOARD_RTOS_ISRPARAM
                0x200029c0        0x4 ./Generated_Code/I2C1.o
 .bss.DeviceDataPrv__DEFAULT_RTOS_ALLOC
                0x200029c4       0x18 ./Generated_Code/I2C0.o
 .bss.INT_I2C0__BAREBOARD_RTOS_ISRPARAM
                0x200029dc        0x4 ./Generated_Code/I2C0.o
 .bss.GI2C0_deviceData
                0x200029e0        0x8 ./Generated_Code/GI2C0.o
 .bss.GI2C0_busSem
                0x200029e8        0x4 ./Generated_Code/GI2C0.o
 .bss.writeBuf.6356
                0x200029ec       0x10 ./Generated_Code/GI2C0.o
 .bss.argv      0x200029fc        0x4 ./Project_Settings/Startup_Code/__arm_start.o
 .bss.TSS_C0_STRUCTURE_RAM_CONTEXT
                0x20002a00        0x4 ./Sources/TSS/TSS_SystemSetupData.o
                0x20002a00                TSS_C0_STRUCTURE_RAM_CONTEXT
 .bss.tss_apsControlPrivateData
                0x20002a04        0x4 ./Sources/TSS/TSS_SystemSetupData.o
                0x20002a04                tss_apsControlPrivateData
 .bss.TSS_TSIL0_METHOD_RAMDATA_CONTEXT
                0x20002a08        0xc ./Sources/TSS/TSS_SensorTSIL.o
                0x20002a08                TSS_TSIL0_METHOD_RAMDATA_CONTEXT
 .bss.speedX    0x20002a14        0x4 ./Sources/Tasks/TaskAccelerometer.o
 .bss.speedY    0x20002a18        0x4 ./Sources/Tasks/TaskAccelerometer.o
 .bss.speedZ    0x20002a1c        0x4 ./Sources/Tasks/TaskAccelerometer.o
 .bss.spaceX    0x20002a20        0x4 ./Sources/Tasks/TaskAccelerometer.o
 .bss.spaceY    0x20002a24        0x4 ./Sources/Tasks/TaskAccelerometer.o
 .bss.spaceZ    0x20002a28        0x4 ./Sources/Tasks/TaskAccelerometer.o
 .bss.enabled   0x20002a2c        0x1 ./Sources/Tasks/TaskAccelerometer.o
 *fill*         0x20002a2d        0x3 00
 .bss.__stdio_exit
                0x20002a30        0x4 C:/Freescale/CW MCU v10.5/MCU/ARM_GCC_Support/ewl/lib/armv6-m\libc.a(exit.o)
                0x20002a30                __stdio_exit
 .bss.__console_exit
                0x20002a34        0x4 C:/Freescale/CW MCU v10.5/MCU/ARM_GCC_Support/ewl/lib/armv6-m\libc.a(exit.o)
                0x20002a34                __console_exit
 .bss.__S_romp  0x20002a38        0xc C:/Freescale/CW MCU v10.5/MCU/ARM_GCC_Support/ewl/lib/armv6-m\librt.a(ROMCopy.o)
 .bss.__global_destructor_chain
                0x20002a44        0x4 C:/Freescale/CW MCU v10.5/MCU/ARM_GCC_Support/ewl/lib/armv6-m\librt.a(__arm_eabi_init.o)
                0x20002a44                __global_destructor_chain
 *(COMMON)
 COMMON         0x20002a48       0x3c ./Generated_Code/tasks.o
                0x20002a48                taskHandles
 COMMON         0x20002a84       0xa5 ./Sources/TSS/TSS_SystemSetupData.o
                0x20002a84                tss_au8StuckCount
                0x20002a86                tss_u8ConfCheckSum
                0x20002a88                tss_au8Sensitivity
                0x20002a8c                tss_ai8DeltaAmplitude
                0x20002a90                tss_CSSys
                0x20002a9c                tss_ai8MaxDeltaAmplitude
                0x20002aa0                tss_ai8SensitivityLowLimit
                0x20002aa4                tss_ai8InstantDelta
                0x20002aa8                TSS_C0_DELAY_BUFFER
                0x20002aac                tss_au16PrevCapSample
                0x20002ab0                TSS_C0_TREND_BUFFER
                0x20002ad0                tss_au8ControlScheduleCount
                0x20002ad4                TSS_C0_TREND_CONTEXT
                0x20002ad8                tss_au8TouchCount
                0x20002adc                tss_au8ElectrodeMeasured
                0x20002ae0                tss_au16InstantSignal
                0x20002ae4                tss_au8DebounceCount
                0x20002ae8                tss_au8ElectrodeStatus
                0x20002aec                tss_au8ElectrodeMarker
                0x20002af0                tss_ai8NoiseAmplitude
                0x20002af4                tss_asDeltaNoiseAnalysisIIRData
                0x20002b00                tss_asAutoCalibrationData
                0x20002b08                tss_au8ElecState
                0x20002b0c                TSS_C0_DELAY_CONTEXT
                0x20002b10                tss_au8ElectrodeEnablers
                0x20002b14                TSS_C0_POSFILTER_CONTEXT
                0x20002b18                tss_au8ElectrodeDCTrackerEnablers
                0x20002b1c                tss_au16ElecBaseline
                0x20002b20                tss_au8ReleaseCount
                0x20002b24                tss_au8ElectrodeLowThresholdEnablers
                0x20002b28                tss_ai8IntegrationDelta
 *fill*         0x20002b29        0x3 00
 COMMON         0x20002b2c       0x20 ./Sources/TSS/TSS_SensorTSIL.o
                0x20002b2c                TSS_TSIL0_CHANNEL_COUNTER_BUFFER
 COMMON         0x20002b4c       0x10 ./Sources/TSS/TSS_Sensor.o
                0x20002b4c                tss_u8SampleIntFlag
                0x20002b50                tss_psElectrodeTimertAdr
                0x20002b54                tss_u8ElectrodeBitNum
                0x20002b58                tss_psElectrodeRGPIOAdr
 COMMON         0x20002b5c        0x4 ./Sources/Util/GlobalVariables.o
                0x20002b5c                idleTaskHookInteger
 COMMON         0x20002b60        0x2 C:/Users/Avell G1512NEW/Documents/GitHub/M0PlusFreeRTOS/M0PlusFreeRTOS/Sources/TSS\libTSS_KXX_M0.a(TSS_KeyDetector.o)
                0x20002b60                tss_u16CapSample
 COMMON         0x20002b62       0xc0 C:/Freescale/CW MCU v10.5/MCU/ARM_GCC_Support/ewl/lib/armv6-m\libc.a(ansi_files.o)
                0x20002b62                stdout_buff
                0x20002ba2                stdin_buff
                0x20002be2                stderr_buff
                0x20002c24                . = ALIGN (0x4)
 *fill*         0x20002c22        0x2 00
                0x20002c24                __END_BSS = .
                0x20002c24                PROVIDE (__bss_end__, __END_BSS)
                0x00009ac8                _romp_at = ((___ROM_AT + SIZEOF (.data)) + SIZEOF (.m_data_1FFFF000))

.romp           0x20002c24       0x24 load address 0x00009ac8
                0x00009ac8                __S_romp = _romp_at
                0x20002c24        0x4 LONG 0x99e4 ___ROM_AT
                0x20002c28        0x4 LONG 0x20000000 _sdata
                0x20002c2c        0x4 LONG 0xe4 ___data_size
                0x20002c30        0x4 LONG 0x9ac8 ___m_data_1FFFF000_ROMStart
                0x20002c34        0x4 LONG 0x1ffff000 ___m_data_1FFFF000_RAMStart
                0x20002c38        0x4 LONG 0x0 ___m_data_1FFFF000_ROMSize
                0x20002c3c        0x4 LONG 0x0
                0x20002c40        0x4 LONG 0x0
                0x20002c44        0x4 LONG 0x0

._user_heap_stack
                0x20002c48       0x40 load address 0x00009aec
                0x20002c48                . = ALIGN (0x4)
                0x20002c48                PROVIDE (end, .)
                0x20002c48                PROVIDE (_end, .)
                0x20002c48                __heap_addr = .
                0x20002c48                . = (. + __heap_size)
                0x20002c88                . = (. + __stack_size)
 *fill*         0x20002c48       0x40 00
                0x20002c88                . = ALIGN (0x4)

.ARM.attributes
                0x00000000       0x2f
 *(.ARM.attributes)
 .ARM.attributes
                0x00000000       0x31 ./Generated_Code/tasks.o
 .ARM.attributes
                0x00000031       0x31 ./Generated_Code/queue.o
 .ARM.attributes
                0x00000062       0x31 ./Generated_Code/port.o
 .ARM.attributes
                0x00000093       0x31 ./Generated_Code/list.o
 .ARM.attributes
                0x000000c4       0x31 ./Generated_Code/heap_2.o
 .ARM.attributes
                0x000000f5       0x31 ./Generated_Code/Vectors.o
 .ARM.attributes
                0x00000126       0x31 ./Generated_Code/TU2.o
 .ARM.attributes
                0x00000157       0x31 ./Generated_Code/TU1.o
 .ARM.attributes
                0x00000188       0x31 ./Generated_Code/TU0.o
 .ARM.attributes
                0x000001b9       0x31 ./Generated_Code/TSSTouch.o
 .ARM.attributes
                0x000001ea       0x31 ./Generated_Code/PwmLdd4.o
 .ARM.attributes
                0x0000021b       0x31 ./Generated_Code/PwmLdd3.o
 .ARM.attributes
                0x0000024c       0x31 ./Generated_Code/PwmLdd2.o
 .ARM.attributes
                0x0000027d       0x31 ./Generated_Code/PwmLdd1.o
 .ARM.attributes
                0x000002ae       0x31 ./Generated_Code/PE_LDD.o
 .ARM.attributes
                0x000002df       0x31 ./Generated_Code/MMA0.o
 .ARM.attributes
                0x00000310       0x31 ./Generated_Code/IO1.o
 .ARM.attributes
                0x00000341       0x31 ./Generated_Code/I2C1.o
 .ARM.attributes
                0x00000372       0x31 ./Generated_Code/I2C0.o
 .ARM.attributes
                0x000003a3       0x31 ./Generated_Code/GI2C0.o
 .ARM.attributes
                0x000003d4       0x31 ./Generated_Code/CsIO0.o
 .ARM.attributes
                0x00000405       0x31 ./Generated_Code/Cpu.o
 .ARM.attributes
                0x00000436       0x31 ./Project_Settings/Startup_Code/__arm_start.o
 .ARM.attributes
                0x00000467       0x31 ./Project_Settings/Startup_Code/__arm_end.o
 .ARM.attributes
                0x00000498       0x31 ./Sources/TSS/TSS_SystemSetupData.o
 .ARM.attributes
                0x000004c9       0x31 ./Sources/TSS/TSS_SensorTSIL.o
 .ARM.attributes
                0x000004fa       0x31 ./Sources/TSS/TSS_Sensor.o
 .ARM.attributes
                0x0000052b       0x31 ./Sources/Tasks/TaskWriteString.o
 .ARM.attributes
                0x0000055c       0x31 ./Sources/Tasks/TaskSonar.o
 .ARM.attributes
                0x0000058d       0x31 ./Sources/Tasks/TaskSendString2.o
 .ARM.attributes
                0x000005be       0x31 ./Sources/Tasks/TaskSendString1.o
 .ARM.attributes
                0x000005ef       0x31 ./Sources/Tasks/TaskSendString.o
 .ARM.attributes
                0x00000620       0x31 ./Sources/Tasks/TaskSendGlobalVariable.o
 .ARM.attributes
                0x00000651       0x31 ./Sources/Tasks/TaskAccelerometer.o
 .ARM.attributes
                0x00000682       0x31 ./Sources/Util/GlobalVariables.o
 .ARM.attributes
                0x000006b3       0x31 ./Sources/ProcessorExpert.o
 .ARM.attributes
                0x000006e4       0x31 ./Sources/Events.o
 .ARM.attributes
                0x00000715       0x31 C:/Users/Avell G1512NEW/Documents/GitHub/M0PlusFreeRTOS/M0PlusFreeRTOS/Sources/TSS\libTSS_KXX_M0.a(TSS_ASliderDecoder.o)
 .ARM.attributes
                0x00000746       0x31 C:/Users/Avell G1512NEW/Documents/GitHub/M0PlusFreeRTOS/M0PlusFreeRTOS/Sources/TSS\libTSS_KXX_M0.a(TSS_Filters.o)
 .ARM.attributes
                0x00000777       0x31 C:/Users/Avell G1512NEW/Documents/GitHub/M0PlusFreeRTOS/M0PlusFreeRTOS/Sources/TSS\libTSS_KXX_M0.a(TSS_KeyDetectorNormal.o)
 .ARM.attributes
                0x000007a8       0x31 C:/Users/Avell G1512NEW/Documents/GitHub/M0PlusFreeRTOS/M0PlusFreeRTOS/Sources/TSS\libTSS_KXX_M0.a(TSS_KeyDetector.o)
 .ARM.attributes
                0x000007d9       0x31 C:/Users/Avell G1512NEW/Documents/GitHub/M0PlusFreeRTOS/M0PlusFreeRTOS/Sources/TSS\libTSS_KXX_M0.a(TSS_Main.o)
 .ARM.attributes
                0x0000080a       0x31 C:/Freescale/CW MCU v10.5/MCU/ARM_GCC_Support/ewl/lib/armv6-m\libc.a(printf.o)
 .ARM.attributes
                0x0000083b       0x31 C:/Freescale/CW MCU v10.5/MCU/ARM_GCC_Support/ewl/lib/armv6-m\libc.a(putchar.o)
 .ARM.attributes
                0x0000086c       0x31 C:/Freescale/CW MCU v10.5/MCU/ARM_GCC_Support/ewl/lib/armv6-m\libc.a(puts.o)
 .ARM.attributes
                0x0000089d       0x31 C:/Freescale/CW MCU v10.5/MCU/ARM_GCC_Support/ewl/lib/armv6-m\libc.a(sprintf.o)
 .ARM.attributes
                0x000008ce       0x31 C:/Freescale/CW MCU v10.5/MCU/ARM_GCC_Support/ewl/lib/armv6-m\libc.a(vsnprintf.o)
 .ARM.attributes
                0x000008ff       0x31 C:/Freescale/CW MCU v10.5/MCU/ARM_GCC_Support/ewl/lib/armv6-m\libc.a(exit.o)
 .ARM.attributes
                0x00000930       0x31 C:/Freescale/CW MCU v10.5/MCU/ARM_GCC_Support/ewl/lib/armv6-m\libc.a(memcpy.o)
 .ARM.attributes
                0x00000961       0x31 C:/Freescale/CW MCU v10.5/MCU/ARM_GCC_Support/ewl/lib/armv6-m\libc.a(memset.o)
 .ARM.attributes
                0x00000992       0x31 C:/Freescale/CW MCU v10.5/MCU/ARM_GCC_Support/ewl/lib/armv6-m\libc.a(strchr.o)
 .ARM.attributes
                0x000009c3       0x31 C:/Freescale/CW MCU v10.5/MCU/ARM_GCC_Support/ewl/lib/armv6-m\libc.a(strlen.o)
 .ARM.attributes
                0x000009f4       0x31 C:/Freescale/CW MCU v10.5/MCU/ARM_GCC_Support/ewl/lib/armv6-m\libc.a(printformat_.o)
 .ARM.attributes
                0x00000a25       0x31 C:/Freescale/CW MCU v10.5/MCU/ARM_GCC_Support/ewl/lib/armv6-m\libc.a(scanformat_.o)
 .ARM.attributes
                0x00000a56       0x31 C:/Freescale/CW MCU v10.5/MCU/ARM_GCC_Support/ewl/lib/armv6-m\libc.a(ctype_aeabi.o)
 .ARM.attributes
                0x00000a87       0x31 C:/Freescale/CW MCU v10.5/MCU/ARM_GCC_Support/ewl/lib/armv6-m\libc.a(__putchar.o)
 .ARM.attributes
                0x00000ab8       0x31 C:/Freescale/CW MCU v10.5/MCU/ARM_GCC_Support/ewl/lib/armv6-m\libc.a(ansi_files.o)
 .ARM.attributes
                0x00000ae9       0x31 C:/Freescale/CW MCU v10.5/MCU/ARM_GCC_Support/ewl/lib/armv6-m\libc.a(fwrite.o)
 .ARM.attributes
                0x00000b1a       0x31 C:/Freescale/CW MCU v10.5/MCU/ARM_GCC_Support/ewl/lib/armv6-m\libc.a(__strtoul.o)
 .ARM.attributes
                0x00000b4b       0x31 C:/Freescale/CW MCU v10.5/MCU/ARM_GCC_Support/ewl/lib/armv6-m\libc.a(__filll_mem.o)
 .ARM.attributes
                0x00000b7c       0x31 C:/Freescale/CW MCU v10.5/MCU/ARM_GCC_Support/ewl/lib/armv6-m\libc.a(__memrchr.o)
 .ARM.attributes
                0x00000bad       0x31 C:/Freescale/CW MCU v10.5/MCU/ARM_GCC_Support/ewl/lib/armv6-m\libc.a(memchr.o)
 .ARM.attributes
                0x00000bde       0x31 C:/Freescale/CW MCU v10.5/MCU/ARM_GCC_Support/ewl/lib/armv6-m\libc.a(__buffer_io.o)
 .ARM.attributes
                0x00000c0f       0x1e c:/freescale/cw mcu v10.5/cross_tools/arm-none-eabi-gcc-4_7_3/bin/../lib/gcc/arm-none-eabi/4.7.3/armv6-m\libgcc.a(_thumb1_case_sqi.o)
 .ARM.attributes
                0x00000c2d       0x1e c:/freescale/cw mcu v10.5/cross_tools/arm-none-eabi-gcc-4_7_3/bin/../lib/gcc/arm-none-eabi/4.7.3/armv6-m\libgcc.a(_thumb1_case_uqi.o)
 .ARM.attributes
                0x00000c4b       0x1e c:/freescale/cw mcu v10.5/cross_tools/arm-none-eabi-gcc-4_7_3/bin/../lib/gcc/arm-none-eabi/4.7.3/armv6-m\libgcc.a(_udivsi3.o)
 .ARM.attributes
                0x00000c69       0x1e c:/freescale/cw mcu v10.5/cross_tools/arm-none-eabi-gcc-4_7_3/bin/../lib/gcc/arm-none-eabi/4.7.3/armv6-m\libgcc.a(_divsi3.o)
 .ARM.attributes
                0x00000c87       0x1e c:/freescale/cw mcu v10.5/cross_tools/arm-none-eabi-gcc-4_7_3/bin/../lib/gcc/arm-none-eabi/4.7.3/armv6-m\libgcc.a(_dvmd_tls.o)
 .ARM.attributes
                0x00000ca5       0x31 C:/Freescale/CW MCU v10.5/MCU/ARM_GCC_Support/ewl/lib/armv6-m\librt.a(gcc_ctor_dtor.o)
 .ARM.attributes
                0x00000cd6       0x31 C:/Freescale/CW MCU v10.5/MCU/ARM_GCC_Support/ewl/lib/armv6-m\librt.a(ROMCopy.o)
 .ARM.attributes
                0x00000d07       0x31 C:/Freescale/CW MCU v10.5/MCU/ARM_GCC_Support/ewl/lib/armv6-m\librt.a(__arm_eabi_init.o)
OUTPUT(M0PlusFreeRTOS.elf elf32-littlearm)

.debug_info     0x00000000    0x108a9
 .debug_info    0x00000000      0xff9 ./Generated_Code/tasks.o
 .debug_info    0x00000ff9      0xc49 ./Generated_Code/queue.o
 .debug_info    0x00001c42      0x2f0 ./Generated_Code/port.o
 .debug_info    0x00001f32      0x29d ./Generated_Code/list.o
 .debug_info    0x000021cf      0x3eb ./Generated_Code/heap_2.o
 .debug_info    0x000025ba      0x24d ./Generated_Code/Vectors.o
 .debug_info    0x00002807      0xa54 ./Generated_Code/TU2.o
 .debug_info    0x0000325b      0x744 ./Generated_Code/TU1.o
 .debug_info    0x0000399f      0x740 ./Generated_Code/TU0.o
 .debug_info    0x000040df      0x794 ./Generated_Code/TSSTouch.o
 .debug_info    0x00004873      0x290 ./Generated_Code/PwmLdd4.o
 .debug_info    0x00004b03      0x365 ./Generated_Code/PwmLdd3.o
 .debug_info    0x00004e68      0x365 ./Generated_Code/PwmLdd2.o
 .debug_info    0x000051cd      0x365 ./Generated_Code/PwmLdd1.o
 .debug_info    0x00005532      0x255 ./Generated_Code/PE_LDD.o
 .debug_info    0x00005787      0x681 ./Generated_Code/MMA0.o
 .debug_info    0x00005e08      0x5dc ./Generated_Code/IO1.o
 .debug_info    0x000063e4      0x8cb ./Generated_Code/I2C1.o
 .debug_info    0x00006caf      0x84a ./Generated_Code/I2C0.o
 .debug_info    0x000074f9      0x63e ./Generated_Code/GI2C0.o
 .debug_info    0x00007b37      0x266 ./Generated_Code/CsIO0.o
 .debug_info    0x00007d9d      0xa02 ./Generated_Code/Cpu.o
 .debug_info    0x0000879f      0x12a ./Project_Settings/Startup_Code/__arm_start.o
 .debug_info    0x000088c9       0x54 ./Project_Settings/Startup_Code/__arm_end.o
 .debug_info    0x0000891d     0x1229 ./Sources/TSS/TSS_SystemSetupData.o
 .debug_info    0x00009b46      0xf99 ./Sources/TSS/TSS_SensorTSIL.o
 .debug_info    0x0000aadf      0x4e3 ./Sources/TSS/TSS_Sensor.o
 .debug_info    0x0000afc2      0x196 ./Sources/Tasks/TaskWriteString.o
 .debug_info    0x0000b158      0x3bb ./Sources/Tasks/TaskSonar.o
 .debug_info    0x0000b513      0x183 ./Sources/Tasks/TaskSendString2.o
 .debug_info    0x0000b696      0x183 ./Sources/Tasks/TaskSendString1.o
 .debug_info    0x0000b819      0x1f6 ./Sources/Tasks/TaskSendString.o
 .debug_info    0x0000ba0f      0x183 ./Sources/Tasks/TaskSendGlobalVariable.o
 .debug_info    0x0000bb92      0x2c0 ./Sources/Tasks/TaskAccelerometer.o
 .debug_info    0x0000be52       0x7e ./Sources/Util/GlobalVariables.o
 .debug_info    0x0000bed0      0x1ed ./Sources/ProcessorExpert.o
 .debug_info    0x0000c0bd      0x9ff ./Sources/Events.o
 .debug_info    0x0000cabc      0x399 C:/Freescale/CW MCU v10.5/MCU/ARM_GCC_Support/ewl/lib/armv6-m\libc.a(printf.o)
 .debug_info    0x0000ce55      0x357 C:/Freescale/CW MCU v10.5/MCU/ARM_GCC_Support/ewl/lib/armv6-m\libc.a(putchar.o)
 .debug_info    0x0000d1ac      0x38a C:/Freescale/CW MCU v10.5/MCU/ARM_GCC_Support/ewl/lib/armv6-m\libc.a(puts.o)
 .debug_info    0x0000d536      0x11e C:/Freescale/CW MCU v10.5/MCU/ARM_GCC_Support/ewl/lib/armv6-m\libc.a(sprintf.o)
 .debug_info    0x0000d654      0x205 C:/Freescale/CW MCU v10.5/MCU/ARM_GCC_Support/ewl/lib/armv6-m\libc.a(vsnprintf.o)
 .debug_info    0x0000d859       0xe8 C:/Freescale/CW MCU v10.5/MCU/ARM_GCC_Support/ewl/lib/armv6-m\libc.a(exit.o)
 .debug_info    0x0000d941      0x10f C:/Freescale/CW MCU v10.5/MCU/ARM_GCC_Support/ewl/lib/armv6-m\libc.a(memcpy.o)
 .debug_info    0x0000da50       0xec C:/Freescale/CW MCU v10.5/MCU/ARM_GCC_Support/ewl/lib/armv6-m\libc.a(memset.o)
 .debug_info    0x0000db3c      0x10b C:/Freescale/CW MCU v10.5/MCU/ARM_GCC_Support/ewl/lib/armv6-m\libc.a(strchr.o)
 .debug_info    0x0000dc47       0xea C:/Freescale/CW MCU v10.5/MCU/ARM_GCC_Support/ewl/lib/armv6-m\libc.a(strlen.o)
 .debug_info    0x0000dd31      0x50d C:/Freescale/CW MCU v10.5/MCU/ARM_GCC_Support/ewl/lib/armv6-m\libc.a(printformat_.o)
 .debug_info    0x0000e23e      0x568 C:/Freescale/CW MCU v10.5/MCU/ARM_GCC_Support/ewl/lib/armv6-m\libc.a(scanformat_.o)
 .debug_info    0x0000e7a6      0x313 C:/Freescale/CW MCU v10.5/MCU/ARM_GCC_Support/ewl/lib/armv6-m\libc.a(ctype_aeabi.o)
 .debug_info    0x0000eab9      0x3fa C:/Freescale/CW MCU v10.5/MCU/ARM_GCC_Support/ewl/lib/armv6-m\libc.a(__putchar.o)
 .debug_info    0x0000eeb3      0x4be C:/Freescale/CW MCU v10.5/MCU/ARM_GCC_Support/ewl/lib/armv6-m\libc.a(ansi_files.o)
 .debug_info    0x0000f371      0x60d C:/Freescale/CW MCU v10.5/MCU/ARM_GCC_Support/ewl/lib/armv6-m\libc.a(fwrite.o)
 .debug_info    0x0000f97e      0x1d6 C:/Freescale/CW MCU v10.5/MCU/ARM_GCC_Support/ewl/lib/armv6-m\libc.a(__strtoul.o)
 .debug_info    0x0000fb54      0x137 C:/Freescale/CW MCU v10.5/MCU/ARM_GCC_Support/ewl/lib/armv6-m\libc.a(__filll_mem.o)
 .debug_info    0x0000fc8b      0x116 C:/Freescale/CW MCU v10.5/MCU/ARM_GCC_Support/ewl/lib/armv6-m\libc.a(__memrchr.o)
 .debug_info    0x0000fda1      0x121 C:/Freescale/CW MCU v10.5/MCU/ARM_GCC_Support/ewl/lib/armv6-m\libc.a(memchr.o)
 .debug_info    0x0000fec2      0x45d C:/Freescale/CW MCU v10.5/MCU/ARM_GCC_Support/ewl/lib/armv6-m\libc.a(__buffer_io.o)
 .debug_info    0x0001031f      0x136 C:/Freescale/CW MCU v10.5/MCU/ARM_GCC_Support/ewl/lib/armv6-m\librt.a(gcc_ctor_dtor.o)
 .debug_info    0x00010455      0x19b C:/Freescale/CW MCU v10.5/MCU/ARM_GCC_Support/ewl/lib/armv6-m\librt.a(ROMCopy.o)
 .debug_info    0x000105f0      0x2b9 C:/Freescale/CW MCU v10.5/MCU/ARM_GCC_Support/ewl/lib/armv6-m\librt.a(__arm_eabi_init.o)

.debug_abbrev   0x00000000     0x4122
 .debug_abbrev  0x00000000      0x1ce ./Generated_Code/tasks.o
 .debug_abbrev  0x000001ce      0x182 ./Generated_Code/queue.o
 .debug_abbrev  0x00000350      0x140 ./Generated_Code/port.o
 .debug_abbrev  0x00000490       0xb6 ./Generated_Code/list.o
 .debug_abbrev  0x00000546      0x190 ./Generated_Code/heap_2.o
 .debug_abbrev  0x000006d6       0xda ./Generated_Code/Vectors.o
 .debug_abbrev  0x000007b0      0x1c9 ./Generated_Code/TU2.o
 .debug_abbrev  0x00000979      0x17e ./Generated_Code/TU1.o
 .debug_abbrev  0x00000af7      0x17e ./Generated_Code/TU0.o
 .debug_abbrev  0x00000c75      0x184 ./Generated_Code/TSSTouch.o
 .debug_abbrev  0x00000df9       0xd0 ./Generated_Code/PwmLdd4.o
 .debug_abbrev  0x00000ec9      0x114 ./Generated_Code/PwmLdd3.o
 .debug_abbrev  0x00000fdd      0x114 ./Generated_Code/PwmLdd2.o
 .debug_abbrev  0x000010f1      0x114 ./Generated_Code/PwmLdd1.o
 .debug_abbrev  0x00001205      0x102 ./Generated_Code/PE_LDD.o
 .debug_abbrev  0x00001307      0x16d ./Generated_Code/MMA0.o
 .debug_abbrev  0x00001474      0x149 ./Generated_Code/IO1.o
 .debug_abbrev  0x000015bd      0x195 ./Generated_Code/I2C1.o
 .debug_abbrev  0x00001752      0x170 ./Generated_Code/I2C0.o
 .debug_abbrev  0x000018c2      0x1d1 ./Generated_Code/GI2C0.o
 .debug_abbrev  0x00001a93       0xd6 ./Generated_Code/CsIO0.o
 .debug_abbrev  0x00001b69      0x141 ./Generated_Code/Cpu.o
 .debug_abbrev  0x00001caa       0x92 ./Project_Settings/Startup_Code/__arm_start.o
 .debug_abbrev  0x00001d3c       0x4c ./Project_Settings/Startup_Code/__arm_end.o
 .debug_abbrev  0x00001d88      0x12b ./Sources/TSS/TSS_SystemSetupData.o
 .debug_abbrev  0x00001eb3      0x1a9 ./Sources/TSS/TSS_SensorTSIL.o
 .debug_abbrev  0x0000205c      0x115 ./Sources/TSS/TSS_Sensor.o
 .debug_abbrev  0x00002171       0xd6 ./Sources/Tasks/TaskWriteString.o
 .debug_abbrev  0x00002247      0x18a ./Sources/Tasks/TaskSonar.o
 .debug_abbrev  0x000023d1       0xc5 ./Sources/Tasks/TaskSendString2.o
 .debug_abbrev  0x00002496       0xc5 ./Sources/Tasks/TaskSendString1.o
 .debug_abbrev  0x0000255b       0xd8 ./Sources/Tasks/TaskSendString.o
 .debug_abbrev  0x00002633       0xc5 ./Sources/Tasks/TaskSendGlobalVariable.o
 .debug_abbrev  0x000026f8      0x13a ./Sources/Tasks/TaskAccelerometer.o
 .debug_abbrev  0x00002832       0x5a ./Sources/Util/GlobalVariables.o
 .debug_abbrev  0x0000288c       0xd4 ./Sources/ProcessorExpert.o
 .debug_abbrev  0x00002960      0x1bb ./Sources/Events.o
 .debug_abbrev  0x00002b1b      0x107 C:/Freescale/CW MCU v10.5/MCU/ARM_GCC_Support/ewl/lib/armv6-m\libc.a(printf.o)
 .debug_abbrev  0x00002c22       0xe7 C:/Freescale/CW MCU v10.5/MCU/ARM_GCC_Support/ewl/lib/armv6-m\libc.a(putchar.o)
 .debug_abbrev  0x00002d09      0x10a C:/Freescale/CW MCU v10.5/MCU/ARM_GCC_Support/ewl/lib/armv6-m\libc.a(puts.o)
 .debug_abbrev  0x00002e13       0xb1 C:/Freescale/CW MCU v10.5/MCU/ARM_GCC_Support/ewl/lib/armv6-m\libc.a(sprintf.o)
 .debug_abbrev  0x00002ec4       0xf0 C:/Freescale/CW MCU v10.5/MCU/ARM_GCC_Support/ewl/lib/armv6-m\libc.a(vsnprintf.o)
 .debug_abbrev  0x00002fb4       0x7a C:/Freescale/CW MCU v10.5/MCU/ARM_GCC_Support/ewl/lib/armv6-m\libc.a(exit.o)
 .debug_abbrev  0x0000302e       0x95 C:/Freescale/CW MCU v10.5/MCU/ARM_GCC_Support/ewl/lib/armv6-m\libc.a(memcpy.o)
 .debug_abbrev  0x000030c3       0x62 C:/Freescale/CW MCU v10.5/MCU/ARM_GCC_Support/ewl/lib/armv6-m\libc.a(memset.o)
 .debug_abbrev  0x00003125       0x7a C:/Freescale/CW MCU v10.5/MCU/ARM_GCC_Support/ewl/lib/armv6-m\libc.a(strchr.o)
 .debug_abbrev  0x0000319f       0x7a C:/Freescale/CW MCU v10.5/MCU/ARM_GCC_Support/ewl/lib/armv6-m\libc.a(strlen.o)
 .debug_abbrev  0x00003219      0x200 C:/Freescale/CW MCU v10.5/MCU/ARM_GCC_Support/ewl/lib/armv6-m\libc.a(printformat_.o)
 .debug_abbrev  0x00003419      0x1f0 C:/Freescale/CW MCU v10.5/MCU/ARM_GCC_Support/ewl/lib/armv6-m\libc.a(scanformat_.o)
 .debug_abbrev  0x00003609       0x9e C:/Freescale/CW MCU v10.5/MCU/ARM_GCC_Support/ewl/lib/armv6-m\libc.a(ctype_aeabi.o)
 .debug_abbrev  0x000036a7       0xf8 C:/Freescale/CW MCU v10.5/MCU/ARM_GCC_Support/ewl/lib/armv6-m\libc.a(__putchar.o)
 .debug_abbrev  0x0000379f      0x107 C:/Freescale/CW MCU v10.5/MCU/ARM_GCC_Support/ewl/lib/armv6-m\libc.a(ansi_files.o)
 .debug_abbrev  0x000038a6      0x16a C:/Freescale/CW MCU v10.5/MCU/ARM_GCC_Support/ewl/lib/armv6-m\libc.a(fwrite.o)
 .debug_abbrev  0x00003a10       0xc2 C:/Freescale/CW MCU v10.5/MCU/ARM_GCC_Support/ewl/lib/armv6-m\libc.a(__strtoul.o)
 .debug_abbrev  0x00003ad2       0x78 C:/Freescale/CW MCU v10.5/MCU/ARM_GCC_Support/ewl/lib/armv6-m\libc.a(__filll_mem.o)
 .debug_abbrev  0x00003b4a       0x95 C:/Freescale/CW MCU v10.5/MCU/ARM_GCC_Support/ewl/lib/armv6-m\libc.a(__memrchr.o)
 .debug_abbrev  0x00003bdf       0x95 C:/Freescale/CW MCU v10.5/MCU/ARM_GCC_Support/ewl/lib/armv6-m\libc.a(memchr.o)
 .debug_abbrev  0x00003c74      0x142 C:/Freescale/CW MCU v10.5/MCU/ARM_GCC_Support/ewl/lib/armv6-m\libc.a(__buffer_io.o)
 .debug_abbrev  0x00003db6       0x99 C:/Freescale/CW MCU v10.5/MCU/ARM_GCC_Support/ewl/lib/armv6-m\librt.a(gcc_ctor_dtor.o)
 .debug_abbrev  0x00003e4f      0x120 C:/Freescale/CW MCU v10.5/MCU/ARM_GCC_Support/ewl/lib/armv6-m\librt.a(ROMCopy.o)
 .debug_abbrev  0x00003f6f      0x1b3 C:/Freescale/CW MCU v10.5/MCU/ARM_GCC_Support/ewl/lib/armv6-m\librt.a(__arm_eabi_init.o)

.debug_loc      0x00000000     0x6a4c
 .debug_loc     0x00000000      0x7e8 ./Generated_Code/tasks.o
 .debug_loc     0x000007e8      0x620 ./Generated_Code/queue.o
 .debug_loc     0x00000e08      0x234 ./Generated_Code/port.o
 .debug_loc     0x0000103c      0x118 ./Generated_Code/list.o
 .debug_loc     0x00001154      0x100 ./Generated_Code/heap_2.o
 .debug_loc     0x00001254      0x268 ./Generated_Code/TU2.o
 .debug_loc     0x000014bc      0x188 ./Generated_Code/TU1.o
 .debug_loc     0x00001644      0x188 ./Generated_Code/TU0.o
 .debug_loc     0x000017cc       0x64 ./Generated_Code/TSSTouch.o
 .debug_loc     0x00001830      0x118 ./Generated_Code/PwmLdd4.o
 .debug_loc     0x00001948      0x188 ./Generated_Code/PwmLdd3.o
 .debug_loc     0x00001ad0      0x188 ./Generated_Code/PwmLdd2.o
 .debug_loc     0x00001c58      0x188 ./Generated_Code/PwmLdd1.o
 .debug_loc     0x00001de0       0x9c ./Generated_Code/PE_LDD.o
 .debug_loc     0x00001e7c      0x518 ./Generated_Code/MMA0.o
 .debug_loc     0x00002394       0xe0 ./Generated_Code/IO1.o
 .debug_loc     0x00002474      0x118 ./Generated_Code/I2C1.o
 .debug_loc     0x0000258c      0x150 ./Generated_Code/I2C0.o
 .debug_loc     0x000026dc      0x370 ./Generated_Code/GI2C0.o
 .debug_loc     0x00002a4c       0xa8 ./Generated_Code/CsIO0.o
 .debug_loc     0x00002af4       0xb0 ./Generated_Code/Cpu.o
 .debug_loc     0x00002ba4       0x2c ./Project_Settings/Startup_Code/__arm_start.o
 .debug_loc     0x00002bd0       0x38 ./Project_Settings/Startup_Code/__arm_end.o
 .debug_loc     0x00002c08       0x38 ./Sources/TSS/TSS_SystemSetupData.o
 .debug_loc     0x00002c40      0x2a2 ./Sources/TSS/TSS_SensorTSIL.o
 .debug_loc     0x00002ee2       0xe0 ./Sources/TSS/TSS_Sensor.o
 .debug_loc     0x00002fc2       0xd4 ./Sources/Tasks/TaskWriteString.o
 .debug_loc     0x00003096      0x20c ./Sources/Tasks/TaskSonar.o
 .debug_loc     0x000032a2       0xc8 ./Sources/Tasks/TaskSendString2.o
 .debug_loc     0x0000336a       0xc8 ./Sources/Tasks/TaskSendString1.o
 .debug_loc     0x00003432       0xe1 ./Sources/Tasks/TaskSendString.o
 .debug_loc     0x00003513       0xc8 ./Sources/Tasks/TaskSendGlobalVariable.o
 .debug_loc     0x000035db      0x158 ./Sources/Tasks/TaskAccelerometer.o
 .debug_loc     0x00003733       0x84 ./Sources/Util/GlobalVariables.o
 .debug_loc     0x000037b7       0x38 ./Sources/ProcessorExpert.o
 .debug_loc     0x000037ef      0x3e0 ./Sources/Events.o
 .debug_loc     0x00003bcf       0x2c C:/Freescale/CW MCU v10.5/MCU/ARM_GCC_Support/ewl/lib/armv6-m\libc.a(printf.o)
 .debug_loc     0x00003bfb       0x3e C:/Freescale/CW MCU v10.5/MCU/ARM_GCC_Support/ewl/lib/armv6-m\libc.a(putchar.o)
 .debug_loc     0x00003c39       0x72 C:/Freescale/CW MCU v10.5/MCU/ARM_GCC_Support/ewl/lib/armv6-m\libc.a(puts.o)
 .debug_loc     0x00003cab       0x3f C:/Freescale/CW MCU v10.5/MCU/ARM_GCC_Support/ewl/lib/armv6-m\libc.a(sprintf.o)
 .debug_loc     0x00003cea      0x105 C:/Freescale/CW MCU v10.5/MCU/ARM_GCC_Support/ewl/lib/armv6-m\libc.a(vsnprintf.o)
 .debug_loc     0x00003def       0x3e C:/Freescale/CW MCU v10.5/MCU/ARM_GCC_Support/ewl/lib/armv6-m\libc.a(exit.o)
 .debug_loc     0x00003e2d       0x59 C:/Freescale/CW MCU v10.5/MCU/ARM_GCC_Support/ewl/lib/armv6-m\libc.a(memcpy.o)
 .debug_loc     0x00003e86       0x6f C:/Freescale/CW MCU v10.5/MCU/ARM_GCC_Support/ewl/lib/armv6-m\libc.a(memset.o)
 .debug_loc     0x00003ef5       0xaf C:/Freescale/CW MCU v10.5/MCU/ARM_GCC_Support/ewl/lib/armv6-m\libc.a(strchr.o)
 .debug_loc     0x00003fa4       0x33 C:/Freescale/CW MCU v10.5/MCU/ARM_GCC_Support/ewl/lib/armv6-m\libc.a(strlen.o)
 .debug_loc     0x00003fd7     0x104b C:/Freescale/CW MCU v10.5/MCU/ARM_GCC_Support/ewl/lib/armv6-m\libc.a(printformat_.o)
 .debug_loc     0x00005022      0x9d8 C:/Freescale/CW MCU v10.5/MCU/ARM_GCC_Support/ewl/lib/armv6-m\libc.a(scanformat_.o)
 .debug_loc     0x000059fa      0x30d C:/Freescale/CW MCU v10.5/MCU/ARM_GCC_Support/ewl/lib/armv6-m\libc.a(ctype_aeabi.o)
 .debug_loc     0x00005d07       0x87 C:/Freescale/CW MCU v10.5/MCU/ARM_GCC_Support/ewl/lib/armv6-m\libc.a(__putchar.o)
 .debug_loc     0x00005d8e       0x8c C:/Freescale/CW MCU v10.5/MCU/ARM_GCC_Support/ewl/lib/armv6-m\libc.a(ansi_files.o)
 .debug_loc     0x00005e1a      0x2c2 C:/Freescale/CW MCU v10.5/MCU/ARM_GCC_Support/ewl/lib/armv6-m\libc.a(fwrite.o)
 .debug_loc     0x000060dc      0x305 C:/Freescale/CW MCU v10.5/MCU/ARM_GCC_Support/ewl/lib/armv6-m\libc.a(__strtoul.o)
 .debug_loc     0x000063e1      0x14a C:/Freescale/CW MCU v10.5/MCU/ARM_GCC_Support/ewl/lib/armv6-m\libc.a(__filll_mem.o)
 .debug_loc     0x0000652b       0x77 C:/Freescale/CW MCU v10.5/MCU/ARM_GCC_Support/ewl/lib/armv6-m\libc.a(__memrchr.o)
 .debug_loc     0x000065a2       0x77 C:/Freescale/CW MCU v10.5/MCU/ARM_GCC_Support/ewl/lib/armv6-m\libc.a(memchr.o)
 .debug_loc     0x00006619      0x126 C:/Freescale/CW MCU v10.5/MCU/ARM_GCC_Support/ewl/lib/armv6-m\libc.a(__buffer_io.o)
 .debug_loc     0x0000673f       0x9d C:/Freescale/CW MCU v10.5/MCU/ARM_GCC_Support/ewl/lib/armv6-m\librt.a(gcc_ctor_dtor.o)
 .debug_loc     0x000067dc       0xd9 C:/Freescale/CW MCU v10.5/MCU/ARM_GCC_Support/ewl/lib/armv6-m\librt.a(ROMCopy.o)
 .debug_loc     0x000068b5      0x197 C:/Freescale/CW MCU v10.5/MCU/ARM_GCC_Support/ewl/lib/armv6-m\librt.a(__arm_eabi_init.o)

.debug_aranges  0x00000000     0x1078
 .debug_aranges
                0x00000000      0x140 ./Generated_Code/tasks.o
 .debug_aranges
                0x00000140       0xf8 ./Generated_Code/queue.o
 .debug_aranges
                0x00000238       0x88 ./Generated_Code/port.o
 .debug_aranges
                0x000002c0       0x40 ./Generated_Code/list.o
 .debug_aranges
                0x00000300       0x40 ./Generated_Code/heap_2.o
 .debug_aranges
                0x00000340       0x18 ./Generated_Code/Vectors.o
 .debug_aranges
                0x00000358       0x70 ./Generated_Code/TU2.o
 .debug_aranges