Archive member included because of file (symbol)

C:/Freescale/CW MCU v10.5/MCU/ARM_GCC_Support/ewl/lib/armv6-m\libc.a(exit.o)
                              ./Project_Settings/Startup_Code/__arm_start.o (exit)
C:/Freescale/CW MCU v10.5/MCU/ARM_GCC_Support/ewl/lib/armv6-m\libc.a(memcpy.o)
                              ./Generated_Code/queue.o (memcpy)
C:/Freescale/CW MCU v10.5/MCU/ARM_GCC_Support/ewl/lib/armv6-m\libc.a(memset.o)
                              ./Generated_Code/tasks.o (memset)
C:/Freescale/CW MCU v10.5/MCU/ARM_GCC_Support/ewl/lib/armv6-m\libc.a(strchr.o)
                              ./Generated_Code/UTIL2.o (strchr)
C:/Freescale/CW MCU v10.5/MCU/ARM_GCC_Support/ewl/lib/armv6-m\libc.a(strlen.o)
                              ./Generated_Code/UTIL2.o (strlen)
C:/Freescale/CW MCU v10.5/MCU/ARM_GCC_Support/ewl/lib/armv6-m\libc.a(strncmp.o)
                              ./Generated_Code/UTIL2.o (strncmp)
C:/Freescale/CW MCU v10.5/MCU/ARM_GCC_Support/ewl/lib/armv6-m\libc.a(printformat_.o)
                              (__pformatter_)
C:/Freescale/CW MCU v10.5/MCU/ARM_GCC_Support/ewl/lib/armv6-m\libc.a(scanformat_.o)
                              (__sformatter)
C:/Freescale/CW MCU v10.5/MCU/ARM_GCC_Support/ewl/lib/armv6-m\libc.a(ctype_aeabi.o)
                              C:/Freescale/CW MCU v10.5/MCU/ARM_GCC_Support/ewl/lib/armv6-m\libc.a(scanformat_.o) (isspace)
C:/Freescale/CW MCU v10.5/MCU/ARM_GCC_Support/ewl/lib/armv6-m\libc.a(__strtoul.o)
                              C:/Freescale/CW MCU v10.5/MCU/ARM_GCC_Support/ewl/lib/armv6-m\libc.a(scanformat_.o) (__strtoul)
C:/Freescale/CW MCU v10.5/MCU/ARM_GCC_Support/ewl/lib/armv6-m\libc.a(__filll_mem.o)
                              C:/Freescale/CW MCU v10.5/MCU/ARM_GCC_Support/ewl/lib/armv6-m\libc.a(memset.o) (__fill_mem)
C:/Freescale/CW MCU v10.5/MCU/ARM_GCC_Support/ewl/lib/armv6-m\libc.a(memchr.o)
                              C:/Freescale/CW MCU v10.5/MCU/ARM_GCC_Support/ewl/lib/armv6-m\libc.a(printformat_.o) (memchr)
c:/freescale/cw mcu v10.5/cross_tools/arm-none-eabi-gcc-4_7_3/bin/../lib/gcc/arm-none-eabi/4.7.3/armv6-m\libgcc.a(_thumb1_case_sqi.o)
                              C:/Freescale/CW MCU v10.5/MCU/ARM_GCC_Support/ewl/lib/armv6-m\libc.a(__strtoul.o) (__gnu_thumb1_case_sqi)
c:/freescale/cw mcu v10.5/cross_tools/arm-none-eabi-gcc-4_7_3/bin/../lib/gcc/arm-none-eabi/4.7.3/armv6-m\libgcc.a(_thumb1_case_uqi.o)
                              C:/Freescale/CW MCU v10.5/MCU/ARM_GCC_Support/ewl/lib/armv6-m\libc.a(scanformat_.o) (__gnu_thumb1_case_uqi)
c:/freescale/cw mcu v10.5/cross_tools/arm-none-eabi-gcc-4_7_3/bin/../lib/gcc/arm-none-eabi/4.7.3/armv6-m\libgcc.a(_udivsi3.o)
                              ./Generated_Code/UTIL2.o (__aeabi_uidiv)
c:/freescale/cw mcu v10.5/cross_tools/arm-none-eabi-gcc-4_7_3/bin/../lib/gcc/arm-none-eabi/4.7.3/armv6-m\libgcc.a(_divsi3.o)
                              ./Generated_Code/UTIL2.o (__aeabi_idiv)
c:/freescale/cw mcu v10.5/cross_tools/arm-none-eabi-gcc-4_7_3/bin/../lib/gcc/arm-none-eabi/4.7.3/armv6-m\libgcc.a(_dvmd_tls.o)
                              c:/freescale/cw mcu v10.5/cross_tools/arm-none-eabi-gcc-4_7_3/bin/../lib/gcc/arm-none-eabi/4.7.3/armv6-m\libgcc.a(_udivsi3.o) (__aeabi_idiv0)
C:/Freescale/CW MCU v10.5/MCU/ARM_GCC_Support/ewl/lib/armv6-m\librt.a(gcc_ctor_dtor.o)
                              ./Project_Settings/Startup_Code/__arm_start.o (__init_cpp)
C:/Freescale/CW MCU v10.5/MCU/ARM_GCC_Support/ewl/lib/armv6-m\librt.a(ROMCopy.o)
                              ./Project_Settings/Startup_Code/__arm_start.o (__copy_rom_sections_to_ram)
C:/Freescale/CW MCU v10.5/MCU/ARM_GCC_Support/ewl/lib/armv6-m\librt.a(__arm_eabi_init.o)
                              C:/Freescale/CW MCU v10.5/MCU/ARM_GCC_Support/ewl/lib/armv6-m\libc.a(exit.o) (__destroy_global_chain)
C:/Freescale/CW MCU v10.5/MCU/ARM_GCC_Support/ewl/lib/armv6-m\librt.a(setjmp.o)
                              ./Generated_Code/port.o (longjmp)

Allocating common symbols
Common symbol       size              file

SR_reg              0x1               ./Generated_Code/Cpu.o

Discarded input sections

 .text          0x00000000        0x0 ./Generated_Code/timers.o
 .data          0x00000000        0x0 ./Generated_Code/timers.o
 .bss           0x00000000        0x0 ./Generated_Code/timers.o
 .debug_info    0x00000000       0x76 ./Generated_Code/timers.o
 .debug_abbrev  0x00000000       0x28 ./Generated_Code/timers.o
 .debug_aranges
                0x00000000       0x18 ./Generated_Code/timers.o
 .debug_macinfo
                0x00000000     0x76bc ./Generated_Code/timers.o
 .debug_line    0x00000000      0x267 ./Generated_Code/timers.o
 .debug_str     0x00000000      0x140 ./Generated_Code/timers.o
 .comment       0x00000000       0x7a ./Generated_Code/timers.o
 .ARM.attributes
                0x00000000       0x31 ./Generated_Code/timers.o
 .text          0x00000000        0x0 ./Generated_Code/tasks.o
[...]
Memory Configuration

Name             Origin             Length             Attributes
m_interrupts     0x00000000         0x000000c0         xr
m_text           0x00000410         0x0001fbf0         xr
m_data           0x1ffff000         0x00004000         rw
m_cfmprotrom     0x00000400         0x00000010         xr
*default*        0x00000000         0xffffffff

Linker script and memory map

LOAD ./Generated_Code/timers.o
LOAD ./Generated_Code/tasks.o
LOAD ./Generated_Code/queue.o
LOAD ./Generated_Code/portasm.o
LOAD ./Generated_Code/port.o
LOAD ./Generated_Code/list.o
LOAD ./Generated_Code/heap_4.o
LOAD ./Generated_Code/heap_3.o
LOAD ./Generated_Code/heap_2.o
LOAD ./Generated_Code/heap_1.o
LOAD ./Generated_Code/croutine.o
LOAD ./Generated_Code/WAIT1.o
LOAD ./Generated_Code/Vectors.o
LOAD ./Generated_Code/UTIL2.o
LOAD ./Generated_Code/UTIL1.o
LOAD ./Generated_Code/TU1.o
LOAD ./Generated_Code/PE_LDD.o
LOAD ./Generated_Code/LedRed.o
LOAD ./Generated_Code/LedGreen.o
LOAD ./Generated_Code/LedBlue.o
LOAD ./Generated_Code/I2C0.o
LOAD ./Generated_Code/FRTOS1.o
LOAD ./Generated_Code/Cpu.o
LOAD ./Generated_Code/AS1.o
LOAD ./Project_Settings/Startup_Code/__arm_start.o
LOAD ./Project_Settings/Startup_Code/__arm_end.o
LOAD ./Sources/Tasks/TaskRedLed.o
LOAD ./Sources/Tasks/TaskGreenLed.o
LOAD ./Sources/Tasks/TaskBlueLed.o
LOAD ./Sources/Tasks/TaskAccelerometer.o
LOAD ./Sources/Util/Led.o
LOAD ./Sources/Util/Accelerometer.o
LOAD ./Sources/sa_mtb.o
LOAD ./Sources/ProcessorExpert.o
LOAD ./Sources/Events.o
                0x00001f3c                __pformatter = __pformatter_
                [0x00002364]                __sformatter = __sformatter
START GROUP
LOAD C:/Freescale/CW MCU v10.5/MCU/ARM_GCC_Support/ewl/lib/armv6-m\libc.a
LOAD C:/Freescale/CW MCU v10.5/MCU/ARM_GCC_Support/ewl/lib/armv6-m\libm.a
LOAD c:/freescale/cw mcu v10.5/cross_tools/arm-none-eabi-gcc-4_7_3/bin/../lib/gcc/arm-none-eabi/4.7.3/armv6-m\libgcc.a
LOAD C:/Freescale/CW MCU v10.5/MCU/ARM_GCC_Support/ewl/lib/armv6-m\librt.a
LOAD C:/Freescale/CW MCU v10.5/MCU/ARM_GCC_Support/ewl/lib/armv6-m\libuart.a
END GROUP
                0x20003000                _estack = 0x20003000
                0x20003000                __SP_INIT = _estack
                0x00001000                __heap_size = 0x1000
                0x00001000                __stack_size = 0x1000

.interrupts     0x00000000       0xc0
                0x00000000                __vector_table = .
                0x00000000                . = ALIGN (0x4)
 *(.vectortable)
 .vectortable   0x00000000       0xc0 ./Generated_Code/Vectors.o
                0x00000000                __vect_table
                0x000000c0                . = ALIGN (0x4)

.cfmprotect     0x00000400       0x10
                0x00000400                . = ALIGN (0x4)
 *(.cfmconfig)
 .cfmconfig     0x00000400       0x10 ./Generated_Code/Cpu.o
                0x00000400                _cfm
                0x00000410                . = ALIGN (0x4)

.text           0x00000410     0x2afc
                0x00000410                . = ALIGN (0x4)
 *(.text)
 .text          0x00000410       0x14 c:/freescale/cw mcu v10.5/cross_tools/arm-none-eabi-gcc-4_7_3/bin/../lib/gcc/arm-none-eabi/4.7.3/armv6-m\libgcc.a(_thumb1_case_sqi.o)
                0x00000410                __gnu_thumb1_case_sqi
 .text          0x00000424       0x14 c:/freescale/cw mcu v10.5/cross_tools/arm-none-eabi-gcc-4_7_3/bin/../lib/gcc/arm-none-eabi/4.7.3/armv6-m\libgcc.a(_thumb1_case_uqi.o)
                0x00000424                __gnu_thumb1_case_uqi
 .text          0x00000438       0x9c c:/freescale/cw mcu v10.5/cross_tools/arm-none-eabi-gcc-4_7_3/bin/../lib/gcc/arm-none-eabi/4.7.3/armv6-m\libgcc.a(_udivsi3.o)
                0x00000438                __aeabi_uidiv
                0x00000438                __udivsi3
                0x000004c0                __aeabi_uidivmod
 .text          0x000004d4        0x4 c:/freescale/cw mcu v10.5/cross_tools/arm-none-eabi-gcc-4_7_3/bin/../lib/gcc/arm-none-eabi/4.7.3/armv6-m\libgcc.a(_dvmd_tls.o)
                0x000004d4                __aeabi_idiv0
                0x000004d4                __aeabi_ldiv0
 *(.text*)
 .text.xTaskGenericCreate
                0x000004d8      0x164 ./Generated_Code/tasks.o
                0x000004d8                xTaskGenericCreate
 .text.vTaskStartScheduler
                0x0000063c       0x64 ./Generated_Code/tasks.o
                0x0000063c                vTaskStartScheduler
 .text.vTaskSuspendAll
                0x000006a0       0x18 ./Generated_Code/tasks.o
                0x000006a0                vTaskSuspendAll
 .text.xTaskResumeAll
                0x000006b8      0x114 ./Generated_Code/tasks.o
                0x000006b8                xTaskResumeAll
 .text.xTaskIncrementTick
                0x000007cc      0x19c ./Generated_Code/tasks.o
                0x000007cc                xTaskIncrementTick
 .text.vTaskSwitchContext
                0x00000968       0xbc ./Generated_Code/tasks.o
                0x00000968                vTaskSwitchContext
 .text.prvIdleTask
                0x00000a24       0x24 ./Generated_Code/tasks.o
 .text.prvInitialiseTCBVariables
                0x00000a48       0x8c ./Generated_Code/tasks.o
 .text.prvInitialiseTaskLists
                0x00000ad4       0x88 ./Generated_Code/tasks.o
 .text.prvCheckTasksWaitingTermination
                0x00000b5c       0x74 ./Generated_Code/tasks.o
 .text.prvAllocateTCBAndStack
                0x00000bd0       0x70 ./Generated_Code/tasks.o
 .text.prvDeleteTCB
                0x00000c40       0x20 ./Generated_Code/tasks.o
 .text.pxPortInitialiseStack
                0x00000c60       0x50 ./Generated_Code/port.o
                0x00000c60                pxPortInitialiseStack
 .text.vPortInitTickTimer
                0x00000cb0       0x3c ./Generated_Code/port.o
                0x00000cb0                vPortInitTickTimer
 .text.vPortStartTickTimer
                0x00000cec       0x14 ./Generated_Code/port.o
                0x00000cec                vPortStartTickTimer
 .text.vPortStopTickTimer
                0x00000d00       0x14 ./Generated_Code/port.o
                0x00000d00                vPortStopTickTimer
 .text.xPortStartScheduler
                0x00000d14       0x34 ./Generated_Code/port.o
                0x00000d14                xPortStartScheduler
 .text.vPortEnterCritical
                0x00000d48       0x20 ./Generated_Code/port.o
                0x00000d48                vPortEnterCritical
 .text.vPortExitCritical
                0x00000d68       0x20 ./Generated_Code/port.o
                0x00000d68                vPortExitCritical
 .text.vPortYieldFromISR
                0x00000d88       0x1c ./Generated_Code/port.o
                0x00000d88                vPortYieldFromISR
 .text.vPortTickHandler
                0x00000da4       0x1c ./Generated_Code/port.o
                0x00000da4                vPortTickHandler
 .text.vPortStartFirstTask
                0x00000dc0       0x1c ./Generated_Code/port.o
                0x00000dc0                vPortStartFirstTask
 .text.vPortSVCHandler
                0x00000ddc       0x28 ./Generated_Code/port.o
                0x00000ddc                vPortSVCHandler
 .text.vPortPendSVHandler
                0x00000e04       0x44 ./Generated_Code/port.o
                0x00000e04                vPortPendSVHandler
 .text.vListInitialise
                0x00000e48       0x3c ./Generated_Code/list.o
                0x00000e48                vListInitialise
 .text.vListInitialiseItem
                0x00000e84       0x14 ./Generated_Code/list.o
                0x00000e84                vListInitialiseItem
 .text.vListInsertEnd
                0x00000e98       0x44 ./Generated_Code/list.o
                0x00000e98                vListInsertEnd
 .text.uxListRemove
                0x00000edc       0x50 ./Generated_Code/list.o
                0x00000edc                uxListRemove
 .text.pvPortMalloc
                0x00000f2c       0x94 ./Generated_Code/heap_1.o
                0x00000f2c                pvPortMalloc
 .text.vPortFree
                0x00000fc0       0x18 ./Generated_Code/heap_1.o
                0x00000fc0                vPortFree
 .text.LedRed_Init
                0x00000fd8       0x64 ./Generated_Code/LedRed.o
                0x00000fd8                LedRed_Init
 .text.LedRed_PutVal
                0x0000103c       0x34 ./Generated_Code/LedRed.o
                0x0000103c                LedRed_PutVal
 .text.LedGreen_Init
                0x00001070       0x64 ./Generated_Code/LedGreen.o
                0x00001070                LedGreen_Init
 .text.LedGreen_PutVal
                0x000010d4       0x34 ./Generated_Code/LedGreen.o
                0x000010d4                LedGreen_PutVal
 .text.LedBlue_Init
                0x00001108       0x60 ./Generated_Code/LedBlue.o
                0x00001108                LedBlue_Init
 .text.LedBlue_PutVal
                0x00001168       0x30 ./Generated_Code/LedBlue.o
                0x00001168                LedBlue_PutVal
 .text.I2C0_Interrupt
                0x00001198      0x208 ./Generated_Code/I2C0.o
                0x00001198                I2C0_Interrupt
 .text.I2C0_Init
                0x000013a0      0x110 ./Generated_Code/I2C0.o
                0x000013a0                I2C0_Init
 .text.I2C0_MasterSendBlock
                0x000014b0       0xf4 ./Generated_Code/I2C0.o
                0x000014b0                I2C0_MasterSendBlock
 .text.I2C0_MasterReceiveBlock
                0x000015a4      0x100 ./Generated_Code/I2C0.o
                0x000015a4                I2C0_MasterReceiveBlock
 .text.Cpu_INT_NMIInterrupt
                0x000016a4        0xc ./Generated_Code/Cpu.o
                0x000016a4                Cpu_INT_NMIInterrupt
 .text.Cpu_Interrupt
                0x000016b0        0xc ./Generated_Code/Cpu.o
                0x000016b0                Cpu_Interrupt
 .text.__init_hardware
                0x000016bc      0x110 ./Generated_Code/Cpu.o
                0x000016bc                __init_hardware
 .text.PE_low_level_init
                0x000017cc       0xe4 ./Generated_Code/Cpu.o
                0x000017cc                PE_low_level_init
 .text.AS1_Init
                0x000018b0      0x160 ./Generated_Code/AS1.o
                0x000018b0                AS1_Init
 .text.zero_fill_bss
                0x00001a10       0x24 ./Project_Settings/Startup_Code/__arm_start.o
 .text.__thumb_startup
                0x00001a34       0x30 ./Project_Settings/Startup_Code/__arm_start.o
                0x00001a34                __thumb_startup
 .text._ExitProcess
                0x00001a64        0xc ./Project_Settings/Startup_Code/__arm_end.o
                0x00001a64                _ExitProcess
 .text.taskAccelerometerWork
                0x00001a70       0x18 ./Sources/Tasks/TaskAccelerometer.o
                0x00001a70                taskAccelerometerWork
 .text.TaskAccelerometer
                0x00001a88       0x20 ./Sources/Tasks/TaskAccelerometer.o
 .text.taskAccelerometerStart
                0x00001aa8       0x3c ./Sources/Tasks/TaskAccelerometer.o
                0x00001aa8                taskAccelerometerStart
 .text.MMA8451_ReadReg
                0x00001ae4       0x9c ./Sources/Util/Accelerometer.o
                0x00001ae4                MMA8451_ReadReg
 .text.MMA8451_WriteReg
                0x00001b80       0x74 ./Sources/Util/Accelerometer.o
                0x00001b80                MMA8451_WriteReg
 .text.accelerometerInit
                0x00001bf4       0x34 ./Sources/Util/Accelerometer.o
                0x00001bf4                accelerometerInit
 .text.accelerometerTestRun
                0x00001c28       0x78 ./Sources/Util/Accelerometer.o
                0x00001c28                accelerometerTestRun
 .text.main     0x00001ca0       0x1c ./Sources/ProcessorExpert.o
                0x00001ca0                main
 .text.Cpu_OnNMIINT
                0x00001cbc        0x8 ./Sources/Events.o
                0x00001cbc                Cpu_OnNMIINT
 .text.FRTOS1_vApplicationStackOverflowHook
                0x00001cc4       0x10 ./Sources/Events.o
                0x00001cc4                FRTOS1_vApplicationStackOverflowHook
 .text.FRTOS1_vApplicationTickHook
                0x00001cd4        0x8 ./Sources/Events.o
                0x00001cd4                FRTOS1_vApplicationTickHook
 .text.FRTOS1_vApplicationIdleHook
                0x00001cdc        0x8 ./Sources/Events.o
                0x00001cdc                FRTOS1_vApplicationIdleHook
 .text.FRTOS1_vApplicationMallocFailedHook
                0x00001ce4        0x8 ./Sources/Events.o
                0x00001ce4                FRTOS1_vApplicationMallocFailedHook
 .text.I2C0_OnMasterBlockSent
                0x00001cec       0x18 ./Sources/Events.o
                0x00001cec                I2C0_OnMasterBlockSent
 .text.I2C0_OnMasterBlockReceived
                0x00001d04       0x18 ./Sources/Events.o
                0x00001d04                I2C0_OnMasterBlockReceived
 .text.exit     0x00001d1c       0x38 C:/Freescale/CW MCU v10.5/MCU/ARM_GCC_Support/ewl/lib/armv6-m\libc.a(exit.o)
                0x00001d1c                exit
 .text.memcpy   0x00001d54       0x12 C:/Freescale/CW MCU v10.5/MCU/ARM_GCC_Support/ewl/lib/armv6-m\libc.a(memcpy.o)
                0x00001d54                memcpy
 .text.memset   0x00001d66        0xc C:/Freescale/CW MCU v10.5/MCU/ARM_GCC_Support/ewl/lib/armv6-m\libc.a(memset.o)
                0x00001d66                memset
 .text.strchr   0x00001d72       0x1e C:/Freescale/CW MCU v10.5/MCU/ARM_GCC_Support/ewl/lib/armv6-m\libc.a(strchr.o)
                0x00001d72                strchr
 .text.strlen   0x00001d90       0x10 C:/Freescale/CW MCU v10.5/MCU/ARM_GCC_Support/ewl/lib/armv6-m\libc.a(strlen.o)
                0x00001d90                strlen
 .text.long2str.isra.0
                0x00001da0      0x19c C:/Freescale/CW MCU v10.5/MCU/ARM_GCC_Support/ewl/lib/armv6-m\libc.a(printformat_.o)
 .text.__pformatter_
                0x00001f3c      0x428 C:/Freescale/CW MCU v10.5/MCU/ARM_GCC_Support/ewl/lib/armv6-m\libc.a(printformat_.o)
                0x00001f3c                __pformatter_
 .text.__sformatter
                0x00002364      0x698 C:/Freescale/CW MCU v10.5/MCU/ARM_GCC_Support/ewl/lib/armv6-m\libc.a(scanformat_.o)
                0x00002364                __sformatter
 .text.isalpha  0x000029fc       0x20 C:/Freescale/CW MCU v10.5/MCU/ARM_GCC_Support/ewl/lib/armv6-m\libc.a(ctype_aeabi.o)
                0x000029fc                isalpha
 .text.isspace  0x00002a1c       0x20 C:/Freescale/CW MCU v10.5/MCU/ARM_GCC_Support/ewl/lib/armv6-m\libc.a(ctype_aeabi.o)
                0x00002a1c                isspace
 .text.toupper  0x00002a3c        0xe C:/Freescale/CW MCU v10.5/MCU/ARM_GCC_Support/ewl/lib/armv6-m\libc.a(ctype_aeabi.o)
                0x00002a3c                toupper
 .text.__strtoul
                0x00002a4a      0x1ce C:/Freescale/CW MCU v10.5/MCU/ARM_GCC_Support/ewl/lib/armv6-m\libc.a(__strtoul.o)
                0x00002a4a                __strtoul
 .text.__fill_mem
                0x00002c18       0x7e C:/Freescale/CW MCU v10.5/MCU/ARM_GCC_Support/ewl/lib/armv6-m\libc.a(__filll_mem.o)
                0x00002c18                __fill_mem
 .text.memchr   0x00002c96       0x1a C:/Freescale/CW MCU v10.5/MCU/ARM_GCC_Support/ewl/lib/armv6-m\libc.a(memchr.o)
                0x00002c96                memchr
 .text.__init_cpp
                0x00002cb0       0x48 C:/Freescale/CW MCU v10.5/MCU/ARM_GCC_Support/ewl/lib/armv6-m\librt.a(gcc_ctor_dtor.o)
                0x00002cb0                __init_cpp
 .text.__fini_cpp
                0x00002cf8       0x34 C:/Freescale/CW MCU v10.5/MCU/ARM_GCC_Support/ewl/lib/armv6-m\librt.a(gcc_ctor_dtor.o)
                0x00002cf8                __fini_cpp
 .text.__copy_rom_section
                0x00002d2c       0x48 C:/Freescale/CW MCU v10.5/MCU/ARM_GCC_Support/ewl/lib/armv6-m\librt.a(ROMCopy.o)
                0x00002d2c                __copy_rom_section
 .text.__copy_rom_sections_to_ram
                0x00002d74       0x34 C:/Freescale/CW MCU v10.5/MCU/ARM_GCC_Support/ewl/lib/armv6-m\librt.a(ROMCopy.o)
                0x00002d74                __copy_rom_sections_to_ram
 .text.__destroy_global_chain
                0x00002da8       0x1c C:/Freescale/CW MCU v10.5/MCU/ARM_GCC_Support/ewl/lib/armv6-m\librt.a(__arm_eabi_init.o)
                0x00002da8                __destroy_global_chain
 .text.__init_registers
                0x00002dc4       0x1c C:/Freescale/CW MCU v10.5/MCU/ARM_GCC_Support/ewl/lib/armv6-m\librt.a(__arm_eabi_init.o)
                0x00002dc4                __init_registers
 .text.__init_user
                0x00002de0        0x4 C:/Freescale/CW MCU v10.5/MCU/ARM_GCC_Support/ewl/lib/armv6-m\librt.a(__arm_eabi_init.o)
                0x00002de0                __init_user
 *(.rodata)
 .rodata        0x00002de4        0x8 ./Generated_Code/tasks.o
 .rodata        0x00002dec       0x14 ./Sources/Tasks/TaskAccelerometer.o
 *(.rodata*)
 .rodata.str1.1
                0x00002e00        0x1 C:/Freescale/CW MCU v10.5/MCU/ARM_GCC_Support/ewl/lib/armv6-m\libc.a(printformat_.o)
 .rodata.CSWTCH.20
                0x00002e01        0x5 C:/Freescale/CW MCU v10.5/MCU/ARM_GCC_Support/ewl/lib/armv6-m\libc.a(printformat_.o)
 .rodata.CSWTCH.21
                0x00002e06        0x5 C:/Freescale/CW MCU v10.5/MCU/ARM_GCC_Support/ewl/lib/armv6-m\libc.a(printformat_.o)
 .rodata.__aeabi_ctype_table_C
                0x00002e0b      0x101 C:/Freescale/CW MCU v10.5/MCU/ARM_GCC_Support/ewl/lib/armv6-m\libc.a(ctype_aeabi.o)
                0x00002e0b                __aeabi_ctype_table_C
 *(.glue_7)
 .glue_7        0x00000000        0x0 linker stubs
 *(.glue_7t)
 .glue_7t       0x00000000        0x0 linker stubs
 *(.eh_frame)
 *(.init)
 *(.fini)
                0x00002f0c                . = ALIGN (0x4)
                0x00002f0c                _etext = .

.vfp11_veneer   0x00002f0c        0x0
 .vfp11_veneer  0x00000000        0x0 linker stubs

.v4_bx          0x00002f0c        0x0
 .v4_bx         0x00000000        0x0 linker stubs

.iplt           0x00002f0c        0x0
 .iplt          0x00000000        0x0 ./Generated_Code/timers.o

.rel.dyn        0x00002f0c        0x0
 .rel.iplt      0x00000000        0x0 ./Generated_Code/timers.o

.ARM.extab
 *(.ARM.extab* .gnu.linkonce.armextab.*)

.ARM            0x00002f0c        0x0
                0x00002f0c                __exidx_start = .
 *(.ARM.exidx*)
                0x00002f0c                __exidx_end = .

.ctors          0x00002f0c        0x0
                0x00002f0c                __CTOR_LIST__ = .
 *crtbegin.o(.ctors)
 *(EXCLUDE_FILE(*crtend.o) .ctors)
 *(SORT(.ctors.*))
 *(.ctors)
                0x00002f0c                __CTOR_END__ = .

.dtors          0x00002f0c        0x0
                0x00002f0c                __DTOR_LIST__ = .
 *crtbegin.o(.dtors)
 *(EXCLUDE_FILE(*crtend.o) .dtors)
 *(SORT(.dtors.*))
 *(.dtors)
                0x00002f0c                __DTOR_END__ = .

.preinit_array  0x00002f0c        0x0
                0x00002f0c                PROVIDE (__preinit_array_start, .)
 *(.preinit_array*)
                0x00002f0c                PROVIDE (__preinit_array_end, .)

.init_array     0x00002f0c        0x0
                0x00002f0c                PROVIDE (__init_array_start, .)
 *(SORT(.init_array.*))
 *(.init_array*)
                0x00002f0c                PROVIDE (__init_array_end, .)

.fini_array     0x00002f0c        0x0
                0x00002f0c                PROVIDE (__fini_array_start, .)
 *(SORT(.fini_array.*))
 *(.fini_array*)
                0x00002f0c                PROVIDE (__fini_array_end, .)
                0x00002f0c                ___ROM_AT = .

.mtb            0x1ffff000        0x0
                0x1ffff000                . = ALIGN (0x8)
                0x1ffff000                _mtb_start = .
 *(.mtb_buf)
                0x1ffff000                . = ALIGN (0x8)
                0x1ffff000                _mtb_end = .

.data           0x1ffff000        0x8 load address 0x00002f0c
                0x1ffff000                . = ALIGN (0x4)
                0x1ffff000                _sdata = .
 *(.data)
 *(.data*)
 .data.xNextTaskUnblockTime
                0x1ffff000        0x4 ./Generated_Code/tasks.o
 .data.uxCriticalNesting
                0x1ffff004        0x4 ./Generated_Code/port.o
                0x1ffff008                . = ALIGN (0x4)
                0x1ffff008                _edata = .
                0x00000008                ___data_size = (_edata - _sdata)

.igot.plt       0x1ffff008        0x0 load address 0x00002f14
 .igot.plt      0x00000000        0x0 ./Generated_Code/timers.o
                0x1ffff008                . = ALIGN (0x4)

.bss            0x1ffff008     0x150c load address 0x00002f14
                0x1ffff008                __START_BSS = .
                0x1ffff008                PROVIDE (__bss_start__, __START_BSS)
 *(.bss)
 *(.bss*)
 .bss.pxCurrentTCB
                0x1ffff008        0x4 ./Generated_Code/tasks.o
                0x1ffff008                pxCurrentTCB
 .bss.pxReadyTasksLists
                0x1ffff00c       0x64 ./Generated_Code/tasks.o
 .bss.xDelayedTaskList1
                0x1ffff070       0x14 ./Generated_Code/tasks.o
 .bss.xDelayedTaskList2
                0x1ffff084       0x14 ./Generated_Code/tasks.o
 .bss.pxDelayedTaskList
                0x1ffff098        0x4 ./Generated_Code/tasks.o
 .bss.pxOverflowDelayedTaskList
                0x1ffff09c        0x4 ./Generated_Code/tasks.o
 .bss.xPendingReadyList
                0x1ffff0a0       0x14 ./Generated_Code/tasks.o
 .bss.xTasksWaitingTermination
                0x1ffff0b4       0x14 ./Generated_Code/tasks.o
 .bss.uxTasksDeleted
                0x1ffff0c8        0x4 ./Generated_Code/tasks.o
 .bss.xSuspendedTaskList
                0x1ffff0cc       0x14 ./Generated_Code/tasks.o
 .bss.uxCurrentNumberOfTasks
                0x1ffff0e0        0x4 ./Generated_Code/tasks.o
 .bss.xTickCount
                0x1ffff0e4        0x4 ./Generated_Code/tasks.o
 .bss.uxTopReadyPriority
                0x1ffff0e8        0x4 ./Generated_Code/tasks.o
 .bss.xSchedulerRunning
                0x1ffff0ec        0x4 ./Generated_Code/tasks.o
 .bss.uxSchedulerSuspended
                0x1ffff0f0        0x4 ./Generated_Code/tasks.o
 .bss.uxPendedTicks
                0x1ffff0f4        0x4 ./Generated_Code/tasks.o
 .bss.xYieldPending
                0x1ffff0f8        0x4 ./Generated_Code/tasks.o
 .bss.xNumOfOverflows
                0x1ffff0fc        0x4 ./Generated_Code/tasks.o
 .bss.uxTaskNumber
                0x1ffff100        0x4 ./Generated_Code/tasks.o
 .bss.ucHeap    0x1ffff104     0x1388 ./Generated_Code/heap_1.o
 .bss.xNextFreeByte
                0x2000048c        0x4 ./Generated_Code/heap_1.o
 .bss.pucAlignedHeap.6670
                0x20000490        0x4 ./Generated_Code/heap_1.o
 .bss.PE_LDD_DeviceDataList
                0x20000494       0x18 ./Generated_Code/PE_LDD.o
                0x20000494                PE_LDD_DeviceDataList
 .bss.DeviceDataPrv__DEFAULT_RTOS_ALLOC
                0x200004ac        0x4 ./Generated_Code/LedRed.o
 .bss.DeviceDataPrv__DEFAULT_RTOS_ALLOC
                0x200004b0        0x4 ./Generated_Code/LedGreen.o
 .bss.DeviceDataPrv__DEFAULT_RTOS_ALLOC
                0x200004b4        0x4 ./Generated_Code/LedBlue.o
 .bss.DeviceDataPrv__DEFAULT_RTOS_ALLOC
                0x200004b8       0x14 ./Generated_Code/I2C0.o
 .bss.INT_I2C0__BAREBOARD_RTOS_ISRPARAM
                0x200004cc        0x4 ./Generated_Code/I2C0.o
 .bss.DeviceDataPrv__DEFAULT_RTOS_ALLOC
                0x200004d0       0x18 ./Generated_Code/AS1.o
 .bss.argv      0x200004e8        0x4 ./Project_Settings/Startup_Code/__arm_start.o
 .bss.taskAccelerometerRes
                0x200004ec        0x1 ./Sources/Tasks/TaskAccelerometer.o
 *fill*         0x200004ed        0x3 00
 .bss.deviceData
                0x200004f0        0x8 ./Sources/Util/Accelerometer.o
 .bss.xyz       0x200004f8        0x4 ./Sources/Util/Accelerometer.o
 .bss.__stdio_exit
                0x200004fc        0x4 C:/Freescale/CW MCU v10.5/MCU/ARM_GCC_Support/ewl/lib/armv6-m\libc.a(exit.o)
                0x200004fc                __stdio_exit
 .bss.__console_exit
                0x20000500        0x4 C:/Freescale/CW MCU v10.5/MCU/ARM_GCC_Support/ewl/lib/armv6-m\libc.a(exit.o)
                0x20000500                __console_exit
 .bss.__S_romp  0x20000504        0xc C:/Freescale/CW MCU v10.5/MCU/ARM_GCC_Support/ewl/lib/armv6-m\librt.a(ROMCopy.o)
 .bss.__global_destructor_chain
                0x20000510        0x4 C:/Freescale/CW MCU v10.5/MCU/ARM_GCC_Support/ewl/lib/armv6-m\librt.a(__arm_eabi_init.o)
                0x20000510                __global_destructor_chain
 *(COMMON)
                0x20000514                . = ALIGN (0x4)
                0x20000514                __END_BSS = .
                0x20000514                PROVIDE (__bss_end__, __END_BSS)
                0x00002f14                _romp_at = (___ROM_AT + SIZEOF (.data))

.romp           0x20000514       0x18 load address 0x00002f14
                0x00002f14                __S_romp = _romp_at
                0x20000514        0x4 LONG 0x2f0c ___ROM_AT
                0x20000518        0x4 LONG 0x1ffff000 _sdata
                0x2000051c        0x4 LONG 0x8 ___data_size
                0x20000520        0x4 LONG 0x0
                0x20000524        0x4 LONG 0x0
                0x20000528        0x4 LONG 0x0

._user_heap_stack
                0x2000052c     0x2000 load address 0x00002f2c
                0x2000052c                . = ALIGN (0x4)
                0x2000052c                PROVIDE (end, .)
                0x2000052c                PROVIDE (_end, .)
                0x2000052c                __heap_addr = .
                0x2000152c                . = (. + __heap_size)
 *fill*         0x2000052c     0x1000 00
                0x2000252c                . = (. + __stack_size)
 *fill*         0x2000152c     0x1000 00
                0x2000252c                . = ALIGN (0x4)

.ARM.attributes
                0x00000000       0x2f
 *(.ARM.attributes)
 .ARM.attributes
                0x00000000       0x31 ./Generated_Code/tasks.o
 .ARM.attributes
                0x00000031       0x31 ./Generated_Code/port.o
 .ARM.attributes
                0x00000062       0x31 ./Generated_Code/list.o
 .ARM.attributes
                0x00000093       0x31 ./Generated_Code/heap_1.o
 .ARM.attributes
                0x000000c4       0x31 ./Generated_Code/Vectors.o
 .ARM.attributes
                0x000000f5       0x31 ./Generated_Code/PE_LDD.o
 .ARM.attributes
                0x00000126       0x31 ./Generated_Code/LedRed.o
 .ARM.attributes
                0x00000157       0x31 ./Generated_Code/LedGreen.o
 .ARM.attributes
                0x00000188       0x31 ./Generated_Code/LedBlue.o
 .ARM.attributes
                0x000001b9       0x31 ./Generated_Code/I2C0.o
 .ARM.attributes
                0x000001ea       0x31 ./Generated_Code/Cpu.o
 .ARM.attributes
                0x0000021b       0x31 ./Generated_Code/AS1.o
 .ARM.attributes
                0x0000024c       0x31 ./Project_Settings/Startup_Code/__arm_start.o
 .ARM.attributes
                0x0000027d       0x31 ./Project_Settings/Startup_Code/__arm_end.o
 .ARM.attributes
                0x000002ae       0x31 ./Sources/Tasks/TaskAccelerometer.o
 .ARM.attributes
                0x000002df       0x31 ./Sources/Util/Accelerometer.o
 .ARM.attributes
                0x00000310       0x31 ./Sources/ProcessorExpert.o
 .ARM.attributes
                0x00000341       0x31 ./Sources/Events.o
 .ARM.attributes
                0x00000372       0x31 C:/Freescale/CW MCU v10.5/MCU/ARM_GCC_Support/ewl/lib/armv6-m\libc.a(exit.o)
 .ARM.attributes
                0x000003a3       0x31 C:/Freescale/CW MCU v10.5/MCU/ARM_GCC_Support/ewl/lib/armv6-m\libc.a(memcpy.o)
 .ARM.attributes
                0x000003d4       0x31 C:/Freescale/CW MCU v10.5/MCU/ARM_GCC_Support/ewl/lib/armv6-m\libc.a(memset.o)
 .ARM.attributes
                0x00000405       0x31 C:/Freescale/CW MCU v10.5/MCU/ARM_GCC_Support/ewl/lib/armv6-m\libc.a(strchr.o)
 .ARM.attributes
                0x00000436       0x31 C:/Freescale/CW MCU v10.5/MCU/ARM_GCC_Support/ewl/lib/armv6-m\libc.a(strlen.o)
 .ARM.attributes
                0x00000467       0x31 C:/Freescale/CW MCU v10.5/MCU/ARM_GCC_Support/ewl/lib/armv6-m\libc.a(printformat_.o)
 .ARM.attributes
                0x00000498       0x31 C:/Freescale/CW MCU v10.5/MCU/ARM_GCC_Support/ewl/lib/armv6-m\libc.a(scanformat_.o)
 .ARM.attributes
                0x000004c9       0x31 C:/Freescale/CW MCU v10.5/MCU/ARM_GCC_Support/ewl/lib/armv6-m\libc.a(ctype_aeabi.o)
 .ARM.attributes
                0x000004fa       0x31 C:/Freescale/CW MCU v10.5/MCU/ARM_GCC_Support/ewl/lib/armv6-m\libc.a(__strtoul.o)
 .ARM.attributes
                0x0000052b       0x31 C:/Freescale/CW MCU v10.5/MCU/ARM_GCC_Support/ewl/lib/armv6-m\libc.a(__filll_mem.o)
 .ARM.attributes
                0x0000055c       0x31 C:/Freescale/CW MCU v10.5/MCU/ARM_GCC_Support/ewl/lib/armv6-m\libc.a(memchr.o)
 .ARM.attributes
                0x0000058d       0x1e c:/freescale/cw mcu v10.5/cross_tools/arm-none-eabi-gcc-4_7_3/bin/../lib/gcc/arm-none-eabi/4.7.3/armv6-m\libgcc.a(_thumb1_case_sqi.o)
 .ARM.attributes
                0x000005ab       0x1e c:/freescale/cw mcu v10.5/cross_tools/arm-none-eabi-gcc-4_7_3/bin/../lib/gcc/arm-none-eabi/4.7.3/armv6-m\libgcc.a(_thumb1_case_uqi.o)
 .ARM.attributes
                0x000005c9       0x1e c:/freescale/cw mcu v10.5/cross_tools/arm-none-eabi-gcc-4_7_3/bin/../lib/gcc/arm-none-eabi/4.7.3/armv6-m\libgcc.a(_udivsi3.o)
 .ARM.attributes
                0x000005e7       0x1e c:/freescale/cw mcu v10.5/cross_tools/arm-none-eabi-gcc-4_7_3/bin/../lib/gcc/arm-none-eabi/4.7.3/armv6-m\libgcc.a(_dvmd_tls.o)
 .ARM.attributes
                0x00000605       0x31 C:/Freescale/CW MCU v10.5/MCU/ARM_GCC_Support/ewl/lib/armv6-m\librt.a(gcc_ctor_dtor.o)
 .ARM.attributes
                0x00000636       0x31 C:/Freescale/CW MCU v10.5/MCU/ARM_GCC_Support/ewl/lib/armv6-m\librt.a(ROMCopy.o)
 .ARM.attributes
                0x00000667       0x31 C:/Freescale/CW MCU v10.5/MCU/ARM_GCC_Support/ewl/lib/armv6-m\librt.a(__arm_eabi_init.o)
OUTPUT(M0PlusFreeRTOS.elf elf32-littlearm)

.debug_info     0x00000000     0x6013
 .debug_info    0x00000000      0xdf3 ./Generated_Code/tasks.o
 .debug_info    0x00000df3      0x26a ./Generated_Code/port.o
 .debug_info    0x0000105d      0x29d ./Generated_Code/list.o
 .debug_info    0x000012fa      0x163 ./Generated_Code/heap_1.o
 .debug_info    0x0000145d      0x10b ./Generated_Code/Vectors.o
 .debug_info    0x00001568      0x255 ./Generated_Code/PE_LDD.o
 .debug_info    0x000017bd      0x3f2 ./Generated_Code/LedRed.o
 .debug_info    0x00001baf      0x3f2 ./Generated_Code/LedGreen.o
 .debug_info    0x00001fa1      0x3f2 ./Generated_Code/LedBlue.o
 .debug_info    0x00002393      0x79f ./Generated_Code/I2C0.o
 .debug_info    0x00002b32      0x8e7 ./Generated_Code/Cpu.o
 .debug_info    0x00003419      0x7a6 ./Generated_Code/AS1.o
 .debug_info    0x00003bbf      0x12a ./Project_Settings/Startup_Code/__arm_start.o
 .debug_info    0x00003ce9       0x54 ./Project_Settings/Startup_Code/__arm_end.o
 .debug_info    0x00003d3d      0x127 ./Sources/Tasks/TaskAccelerometer.o
 .debug_info    0x00003e64      0x261 ./Sources/Util/Accelerometer.o
 .debug_info    0x000040c5       0xce ./Sources/ProcessorExpert.o
 .debug_info    0x00004193      0x268 ./Sources/Events.o
 .debug_info    0x000043fb       0xe8 C:/Freescale/CW MCU v10.5/MCU/ARM_GCC_Support/ewl/lib/armv6-m\libc.a(exit.o)
 .debug_info    0x000044e3      0x10f C:/Freescale/CW MCU v10.5/MCU/ARM_GCC_Support/ewl/lib/armv6-m\libc.a(memcpy.o)
 .debug_info    0x000045f2       0xec C:/Freescale/CW MCU v10.5/MCU/ARM_GCC_Support/ewl/lib/armv6-m\libc.a(memset.o)
 .debug_info    0x000046de      0x10b C:/Freescale/CW MCU v10.5/MCU/ARM_GCC_Support/ewl/lib/armv6-m\libc.a(strchr.o)
 .debug_info    0x000047e9       0xea C:/Freescale/CW MCU v10.5/MCU/ARM_GCC_Support/ewl/lib/armv6-m\libc.a(strlen.o)
 .debug_info    0x000048d3      0x50d C:/Freescale/CW MCU v10.5/MCU/ARM_GCC_Support/ewl/lib/armv6-m\libc.a(printformat_.o)
 .debug_info    0x00004de0      0x568 C:/Freescale/CW MCU v10.5/MCU/ARM_GCC_Support/ewl/lib/armv6-m\libc.a(scanformat_.o)
 .debug_info    0x00005348      0x313 C:/Freescale/CW MCU v10.5/MCU/ARM_GCC_Support/ewl/lib/armv6-m\libc.a(ctype_aeabi.o)
 .debug_info    0x0000565b      0x1d6 C:/Freescale/CW MCU v10.5/MCU/ARM_GCC_Support/ewl/lib/armv6-m\libc.a(__strtoul.o)
 .debug_info    0x00005831      0x137 C:/Freescale/CW MCU v10.5/MCU/ARM_GCC_Support/ewl/lib/armv6-m\libc.a(__filll_mem.o)
 .debug_info    0x00005968      0x121 C:/Freescale/CW MCU v10.5/MCU/ARM_GCC_Support/ewl/lib/armv6-m\libc.a(memchr.o)
 .debug_info    0x00005a89      0x136 C:/Freescale/CW MCU v10.5/MCU/ARM_GCC_Support/ewl/lib/armv6-m\librt.a(gcc_ctor_dtor.o)
 .debug_info    0x00005bbf      0x19b C:/Freescale/CW MCU v10.5/MCU/ARM_GCC_Support/ewl/lib/armv6-m\librt.a(ROMCopy.o)
 .debug_info    0x00005d5a      0x2b9 C:/Freescale/CW MCU v10.5/MCU/ARM_GCC_Support/ewl/lib/armv6-m\librt.a(__arm_eabi_init.o)

.debug_abbrev   0x00000000     0x1dfc
 .debug_abbrev  0x00000000      0x18d ./Generated_Code/tasks.o
 .debug_abbrev  0x0000018d      0x107 ./Generated_Code/port.o
 .debug_abbrev  0x00000294       0xb6 ./Generated_Code/list.o
 .debug_abbrev  0x0000034a       0xe0 ./Generated_Code/heap_1.o
 .debug_abbrev  0x0000042a       0xa3 ./Generated_Code/Vectors.o
 .debug_abbrev  0x000004cd      0x102 ./Generated_Code/PE_LDD.o
 .debug_abbrev  0x000005cf      0x151 ./Generated_Code/LedRed.o
 .debug_abbrev  0x00000720      0x151 ./Generated_Code/LedGreen.o
 .debug_abbrev  0x00000871      0x151 ./Generated_Code/LedBlue.o
 .debug_abbrev  0x000009c2      0x170 ./Generated_Code/I2C0.o
 .debug_abbrev  0x00000b32      0x111 ./Generated_Code/Cpu.o
 .debug_abbrev  0x00000c43      0x197 ./Generated_Code/AS1.o
 .debug_abbrev  0x00000dda       0x92 ./Project_Settings/Startup_Code/__arm_start.o
 .debug_abbrev  0x00000e6c       0x4c ./Project_Settings/Startup_Code/__arm_end.o
 .debug_abbrev  0x00000eb8       0xb4 ./Sources/Tasks/TaskAccelerometer.o
 .debug_abbrev  0x00000f6c      0x115 ./Sources/Util/Accelerometer.o
 .debug_abbrev  0x00001081       0x7b ./Sources/ProcessorExpert.o
 .debug_abbrev  0x000010fc       0xd2 ./Sources/Events.o
 .debug_abbrev  0x000011ce       0x7a C:/Freescale/CW MCU v10.5/MCU/ARM_GCC_Support/ewl/lib/armv6-m\libc.a(exit.o)
 .debug_abbrev  0x00001248       0x95 C:/Freescale/CW MCU v10.5/MCU/ARM_GCC_Support/ewl/lib/armv6-m\libc.a(memcpy.o)
 .debug_abbrev  0x000012dd       0x62 C:/Freescale/CW MCU v10.5/MCU/ARM_GCC_Support/ewl/lib/armv6-m\libc.a(memset.o)
 .debug_abbrev  0x0000133f       0x7a C:/Freescale/CW MCU v10.5/MCU/ARM_GCC_Support/ewl/lib/armv6-m\libc.a(strchr.o)
 .debug_abbrev  0x000013b9       0x7a C:/Freescale/CW MCU v10.5/MCU/ARM_GCC_Support/ewl/lib/armv6-m\libc.a(strlen.o)
 .debug_abbrev  0x00001433      0x200 C:/Freescale/CW MCU v10.5/MCU/ARM_GCC_Support/ewl/lib/armv6-m\libc.a(printformat_.o)
 .debug_abbrev  0x00001633      0x1f0 C:/Freescale/CW MCU v10.5/MCU/ARM_GCC_Support/ewl/lib/armv6-m\libc.a(scanformat_.o)
 .debug_abbrev  0x00001823       0x9e C:/Freescale/CW MCU v10.5/MCU/ARM_GCC_Support/ewl/lib/armv6-m\libc.a(ctype_aeabi.o)
 .debug_abbrev  0x000018c1       0xc2 C:/Freescale/CW MCU v10.5/MCU/ARM_GCC_Support/ewl/lib/armv6-m\libc.a(__strtoul.o)
 .debug_abbrev  0x00001983       0x78 C:/Freescale/CW MCU v10.5/MCU/ARM_GCC_Support/ewl/lib/armv6-m\libc.a(__filll_mem.o)
 .debug_abbrev  0x000019fb       0x95 C:/Freescale/CW MCU v10.5/MCU/ARM_GCC_Support/ewl/lib/armv6-m\libc.a(memchr.o)
 .debug_abbrev  0x00001a90       0x99 C:/Freescale/CW MCU v10.5/MCU/ARM_GCC_Support/ewl/lib/armv6-m\librt.a(gcc_ctor_dtor.o)
 .debug_abbrev  0x00001b29      0x120 C:/Freescale/CW MCU v10.5/MCU/ARM_GCC_Support/ewl/lib/armv6-m\librt.a(ROMCopy.o)
 .debug_abbrev  0x00001c49      0x1b3 C:/Freescale/CW MCU v10.5/MCU/ARM_GCC_Support/ewl/lib/armv6-m\librt.a(__arm_eabi_init.o)

.debug_loc      0x00000000     0x3ffb
 .debug_loc     0x00000000      0x740 ./Generated_Code/tasks.o
 .debug_loc     0x00000740      0x228 ./Generated_Code/port.o
 .debug_loc     0x00000968      0x118 ./Generated_Code/list.o
 .debug_loc     0x00000a80       0xc8 ./Generated_Code/heap_1.o
 .debug_loc     0x00000b48       0x9c ./Generated_Code/PE_LDD.o
 .debug_loc     0x00000be4      0x188 ./Generated_Code/LedRed.o
 .debug_loc     0x00000d6c      0x188 ./Generated_Code/LedGreen.o
 .debug_loc     0x00000ef4      0x188 ./Generated_Code/LedBlue.o
 .debug_loc     0x0000107c      0x118 ./Generated_Code/I2C0.o
 .debug_loc     0x00001194       0xb0 ./Generated_Code/Cpu.o
 .debug_loc     0x00001244      0x230 ./Generated_Code/AS1.o
 .debug_loc     0x00001474       0x2c ./Project_Settings/Startup_Code/__arm_start.o
 .debug_loc     0x000014a0       0x38 ./Project_Settings/Startup_Code/__arm_end.o
 .debug_loc     0x000014d8       0xc8 ./Sources/Tasks/TaskAccelerometer.o
 .debug_loc     0x000015a0      0x10c ./Sources/Util/Accelerometer.o
 .debug_loc     0x000016ac       0x64 ./Sources/ProcessorExpert.o
 .debug_loc     0x00001710      0x200 ./Sources/Events.o
 .debug_loc     0x00001910       0x3e C:/Freescale/CW MCU v10.5/MCU/ARM_GCC_Support/ewl/lib/armv6-m\libc.a(exit.o)
 .debug_loc     0x0000194e       0x59 C:/Freescale/CW MCU v10.5/MCU/ARM_GCC_Support/ewl/lib/armv6-m\libc.a(memcpy.o)
 .debug_loc     0x000019a7       0x6f C:/Freescale/CW MCU v10.5/MCU/ARM_GCC_Support/ewl/lib/armv6-m\libc.a(memset.o)
 .debug_loc     0x00001a16       0xaf C:/Freescale/CW MCU v10.5/MCU/ARM_GCC_Support/ewl/lib/armv6-m\libc.a(strchr.o)
 .debug_loc     0x00001ac5       0x33 C:/Freescale/CW MCU v10.5/MCU/ARM_GCC_Support/ewl/lib/armv6-m\libc.a(strlen.o)
 .debug_loc     0x00001af8     0x104b C:/Freescale/CW MCU v10.5/MCU/ARM_GCC_Support/ewl/lib/armv6-m\libc.a(printformat_.o)
 .debug_loc     0x00002b43      0x9d8 C:/Freescale/CW MCU v10.5/MCU/ARM_GCC_Support/ewl/lib/armv6-m\libc.a(scanformat_.o)
 .debug_loc     0x0000351b      0x30d C:/Freescale/CW MCU v10.5/MCU/ARM_GCC_Support/ewl/lib/armv6-m\libc.a(ctype_aeabi.o)
 .debug_loc     0x00003828      0x305 C:/Freescale/CW MCU v10.5/MCU/ARM_GCC_Support/ewl/lib/armv6-m\libc.a(__strtoul.o)
 .debug_loc     0x00003b2d      0x14a C:/Freescale/CW MCU v10.5/MCU/ARM_GCC_Support/ewl/lib/armv6-m\libc.a(__filll_mem.o)
 .debug_loc     0x00003c77       0x77 C:/Freescale/CW MCU v10.5/MCU/ARM_GCC_Support/ewl/lib/armv6-m\libc.a(memchr.o)
 .debug_loc     0x00003cee       0x9d C:/Freescale/CW MCU v10.5/MCU/ARM_GCC_Support/ewl/lib/armv6-m\librt.a(gcc_ctor_dtor.o)
 .debug_loc     0x00003d8b       0xd9 C:/Freescale/CW MCU v10.5/MCU/ARM_GCC_Support/ewl/lib/armv6-m\librt.a(ROMCopy.o)
 .debug_loc     0x00003e64      0x197 C:/Freescale/CW MCU v10.5/MCU/ARM_GCC_Support/ewl/lib/armv6-m\librt.a(__arm_eabi_init.o)

.debug_aranges  0x00000000      0x818
 .debug_aranges
                0x00000000      0x128 ./Generated_Code/tasks.o
 .debug_aranges
                0x00000128       0x88 ./Generated_Code/port.o
 .debug_aranges
                0x000001b0       0x40 ./Generated_Code/list.o
 .debug_aranges
                0x000001f0       0x38 ./Generated_Code/heap_1.o
 .debug_aranges
                0x00000228       0x18 ./Generated_Code/Vectors.o
 .debug_aranges
                0x00000240       0x30 ./Generated_Code/PE_LDD.o
 .debug_aranges
                0x00000270       0x50 ./Generated_Code/LedRed.o
 .debug_aranges
                0x000002c0       0x50 ./Generated_Code/LedGreen.o
 .debug_aranges
                0x00000310       0x50 ./Generated_Code/LedBlue.o
 .debug_aranges
                0x00000360       0x40 ./Generated_Code/I2C0.o
 .debug_aranges
                0x000003a0       0x38 ./Generated_Code/Cpu.o
 .debug_aranges
                0x000003d8       0x68 ./Generated_Code/AS1.o
 .debug_aranges
                0x00000440       0x30 ./Project_Settings/Startup_Code/__arm_start.o
 .debug_aranges
                0x00000470       0x20 ./Project_Settings/Startup_Code/__arm_end.o
 .debug_aranges
                0x00000490       0x38 ./Sources/Tasks/TaskAccelerometer.o
 .debug_aranges
                0x000004c8       0x40 ./Sources/Util/Accelerometer.o
 .debug_aranges
                0x00000508       0x28 ./Sources/ProcessorExpert.o
 .debug_aranges
                0x00000530       0x68 ./Sources/Events.o
 .debug_aranges
                0x00000598       0x20 C:/Freescale/CW MCU v10.5/MCU/ARM_GCC_Support/ewl/lib/armv6-m\libc.a(exit.o)
 .debug_aranges
                0x000005b8       0x20 C:/Freescale/CW MCU v10.5/MCU/ARM_GCC_Support/ewl/lib/armv6-m\libc.a(memcpy.o)
 .debug_aranges
                0x000005d8       0x20 C:/Freescale/CW MCU v10.5/MCU/ARM_GCC_Support/ewl/lib/armv6-m\libc.a(memset.o)
 .debug_aranges
                0x000005f8       0x20 C:/Freescale/CW MCU v10.5/MCU/ARM_GCC_Support/ewl/lib/armv6-m\libc.a(strchr.o)
 .debug_aranges
                0x00000618       0x20 C:/Freescale/CW MCU v10.5/MCU/ARM_GCC_Support/ewl/lib/armv6-m\libc.a(strlen.o)
 .debug_aranges
                0x00000638       0x28 C:/Freescale/CW MCU v10.5/MCU/ARM_GCC_Support/ewl/lib/armv6-m\libc.a(printformat_.o)
 .debug_aranges
                0x00000660       0x20 C:/Freescale/CW MCU v10.5/MCU/ARM_GCC_Support/ewl/lib/armv6-m\libc.a(scanformat_.o)
 .debug_aranges
                0x00000680       0x88 C:/Freescale/CW MCU v10.5/MCU/ARM_GCC_Support/ewl/lib/armv6-m\libc.a(ctype_aeabi.o)
 .debug_aranges
                0x00000708       0x20 C:/Freescale/CW MCU v10.5/MCU/ARM_GCC_Support/ewl/lib/armv6-m\libc.a(__strtoul.o)
 .debug_aranges
                0x00000728       0x20 C:/Freescale/CW MCU v10.5/MCU/ARM_GCC_Support/ewl/lib/armv6-m\libc.a(__filll_mem.o)
 .debug_aranges
                0x00000748       0x20 C:/Freescale/CW MCU v10.5/MCU/ARM_GCC_Support/ewl/lib/armv6-m\libc.a(memchr.o)
 .debug_aranges
                0x00000768       0x28 C:/Freescale/CW MCU v10.5/MCU/ARM_GCC_Support/ewl/lib/armv6-m\librt.a(gcc_ctor_dtor.o)
 .debug_aranges
                0x00000790       0x30 C:/Freescale/CW MCU v10.5/MCU/ARM_GCC_Support/ewl/lib/armv6-m\librt.a(ROMCopy.o)
 .debug_aranges
                0x000007c0       0x58 C:/Freescale/CW MCU v10.5/MCU/ARM_GCC_Support/ewl/lib/armv6-m\librt.a(__arm_eabi_init.o)

.debug_macinfo  0x00000000   0x321c56
 .debug_macinfo
                0x00000000    0x35db3 ./Generated_Code/tasks.o
 .debug_macinfo
                0x00035db3    0x30dde ./Generated_Code/port.o
 .debug_macinfo
                0x00066b91     0x65ef ./Generated_Code/list.o
 .debug_macinfo
                0x0006d180    0x350cc ./Generated_Code/heap_1.o
 .debug_macinfo
                0x000a224c    0x34f90 ./Generated_Code/Vectors.o
 .debug_macinfo
                0x000d71dc    0x34ef6 ./Generated_Code/PE_LDD.o
 .debug_macinfo
                0x0010c0d2    0x31566 ./Generated_Code/LedRed.o
 .debug_macinfo
                0x0013d638    0x31582 ./Generated_Code/LedGreen.o
 .debug_macinfo
                0x0016ebba    0x3156e ./Generated_Code/LedBlue.o
 .debug_macinfo
                0x001a0128    0x3b08b ./Generated_Code/I2C0.o
 .debug_macinfo
                0x001db1b3    0x34f93 ./Generated_Code/Cpu.o
 .debug_macinfo
                0x00210146    0x369df ./Generated_Code/AS1.o
 .debug_macinfo
                0x00246b25     0x3e6d ./Project_Settings/Startup_Code/__arm_start.o
 .debug_macinfo
                0x0024a992     0x3456 ./Project_Settings/Startup_Code/__arm_end.o
 .debug_macinfo
                0x0024dde8    0x34f48 ./Sources/Tasks/TaskAccelerometer.o
 .debug_macinfo
                0x00282d30    0x35014 ./Sources/Util/Accelerometer.o
 .debug_macinfo
                0x002b7d44    0x34fb2 ./Sources/ProcessorExpert.o
 .debug_macinfo
                0x002eccf6    0x34f60 ./Sources/Events.o

.debug_line     0x00000000     0x5ff6
 .debug_line    0x00000000      0x978 ./Generated_Code/tasks.o
 .debug_line    0x00000978      0x3c3 ./Generated_Code/port.o
 .debug_line    0x00000d3b      0x2ca ./Generated_Code/list.o
 .debug_line    0x00001005      0x533 ./Generated_Code/heap_1.o
 .debug_line    0x00001538      0x532 ./Generated_Code/Vectors.o
 .debug_line    0x00001a6a      0x3d8 ./Generated_Code/PE_LDD.o
 .debug_line    0x00001e42      0x360 ./Generated_Code/LedRed.o
 .debug_line    0x000021a2      0x364 ./Generated_Code/LedGreen.o
 .debug_line    0x00002506      0x362 ./Generated_Code/LedBlue.o
 .debug_line    0x00002868      0x596 ./Generated_Code/I2C0.o
 .debug_line    0x00002dfe      0x59b ./Generated_Code/Cpu.o
 .debug_line    0x00003399      0x5fd ./Generated_Code/AS1.o
 .debug_line    0x00003996      0x2ab ./Project_Settings/Startup_Code/__arm_start.o
 .debug_line    0x00003c41      0x266 ./Project_Settings/Startup_Code/__arm_end.o
 .debug_line    0x00003ea7      0x4a7 ./Sources/Tasks/TaskAccelerometer.o
 .debug_line    0x0000434e      0x473 ./Sources/Util/Accelerometer.o
 .debug_line    0x000047c1      0x4a1 ./Sources/ProcessorExpert.o
 .debug_line    0x00004c62      0x4b8 ./Sources/Events.o
 .debug_line    0x0000511a       0x8d C:/Freescale/CW MCU v10.5/MCU/ARM_GCC_Support/ewl/lib/armv6-m\libc.a(exit.o)
 .debug_line    0x000051a7       0x8b C:/Freescale/CW MCU v10.5/MCU/ARM_GCC_Support/ewl/lib/armv6-m\libc.a(memcpy.o)
 .debug_line    0x00005232       0x90 C:/Freescale/CW MCU v10.5/MCU/ARM_GCC_Support/ewl/lib/armv6-m\libc.a(memset.o)
 .debug_line    0x000052c2       0x7d C:/Freescale/CW MCU v10.5/MCU/ARM_GCC_Support/ewl/lib/armv6-m\libc.a(strchr.o)
 .debug_line    0x0000533f       0x85 C:/Freescale/CW MCU v10.5/MCU/ARM_GCC_Support/ewl/lib/armv6-m\libc.a(strlen.o)
 .debug_line    0x000053c4      0x2c3 C:/Freescale/CW MCU v10.5/MCU/ARM_GCC_Support/ewl/lib/armv6-m\libc.a(printformat_.o)
 .debug_line    0x00005687      0x2be C:/Freescale/CW MCU v10.5/MCU/ARM_GCC_Support/ewl/lib/armv6-m\libc.a(scanformat_.o)
 .debug_line    0x00005945      0x1be C:/Freescale/CW MCU v10.5/MCU/ARM_GCC_Support/ewl/lib/armv6-m\libc.a(ctype_aeabi.o)
 .debug_line    0x00005b03      0x11e C:/Freescale/CW MCU v10.5/MCU/ARM_GCC_Support/ewl/lib/armv6-m\libc.a(__strtoul.o)
 .debug_line    0x00005c21       0xf6 C:/Freescale/CW MCU v10.5/MCU/ARM_GCC_Support/ewl/lib/armv6-m\libc.a(__filll_mem.o)
 .debug_line    0x00005d17       0x9f C:/Freescale/CW MCU v10.5/MCU/ARM_GCC_Support/ewl/lib/armv6-m\libc.a(memchr.o)
 .debug_line    0x00005db6       0x6c C:/Freescale/CW MCU v10.5/MCU/ARM_GCC_Support/ewl/lib/armv6-m\librt.a(gcc_ctor_dtor.o)
 .debug_line    0x00005e22       0xbd C:/Freescale/CW MCU v10.5/MCU/ARM_GCC_Support/ewl/lib/armv6-m\librt.a(ROMCopy.o)
 .debug_line    0x00005edf      0x117 C:/Freescale/CW MCU v10.5/MCU/ARM_GCC_Support/ewl/lib/armv6-m\librt.a(__arm_eabi_init.o)

.debug_str      0x00000000     0x212e
 .debug_str     0x00000000      0x89a ./Generated_Code/tasks.o
                                0x909 (size before relaxing)
 .debug_str     0x0000089a      0x14e ./Generated_Code/port.o
                                0x2ac (size before relaxing)
 .debug_str     0x000009e8       0xad ./Generated_Code/list.o
                                0x270 (size before relaxing)
 .debug_str     0x00000a95       0x96 ./Generated_Code/heap_1.o
                                0x1c8 (size before relaxing)
 .debug_str     0x00000b2b       0x5e ./Generated_Code/Vectors.o
                                0x189 (size before relaxing)
 .debug_str     0x00000b89      0x1a5 ./Generated_Code/PE_LDD.o
                                0x2ec (size before relaxing)
 .debug_str     0x00000d2e      0x169 ./Generated_Code/LedRed.o
                                0x2f9 (size before relaxing)
 .debug_str     0x00000e97       0xb8 ./Generated_Code/LedGreen.o
                                0x30d (size before relaxing)
 .debug_str     0x00000f4f       0xae ./Generated_Code/LedBlue.o
                                0x303 (size before relaxing)
 .debug_str     0x00000ffd      0x276 ./Generated_Code/I2C0.o
                                0x485 (size before relaxing)
 .debug_str     0x00001273      0x18c ./Generated_Code/Cpu.o
                                0x438 (size before relaxing)
 .debug_str     0x000013ff      0x146 ./Generated_Code/AS1.o
                                0x451 (size before relaxing)
 .debug_str     0x00001545       0x85 ./Project_Settings/Startup_Code/__arm_start.o
                                0x1aa (size before relaxing)
 .debug_str     0x000015ca       0x41 ./Project_Settings/Startup_Code/__arm_end.o
                                 0xe1 (size before relaxing)
 .debug_str     0x0000160b       0xa7 ./Sources/Tasks/TaskAccelerometer.o
                                0x1f3 (size before relaxing)
 .debug_str     0x000016b2       0xd5 ./Sources/Util/Accelerometer.o
                                0x252 (size before relaxing)
 .debug_str     0x00001787       0x2f ./Sources/ProcessorExpert.o
                                0x171 (size before relaxing)
 .debug_str     0x000017b6      0x111 ./Sources/Events.o
                                0x2c4 (size before relaxing)
 .debug_str     0x000018c7       0x54 C:/Freescale/CW MCU v10.5/MCU/ARM_GCC_Support/ewl/lib/armv6-m\libc.a(exit.o)
                                0x157 (size before relaxing)
 .debug_str     0x0000191b       0x1c C:/Freescale/CW MCU v10.5/MCU/ARM_GCC_Support/ewl/lib/armv6-m\libc.a(memcpy.o)
                                0x138 (size before relaxing)
 .debug_str     0x00001937       0x1c C:/Freescale/CW MCU v10.5/MCU/ARM_GCC_Support/ewl/lib/armv6-m\libc.a(memset.o)
                                0x140 (size before relaxing)
 .debug_str     0x00001953       0x1c C:/Freescale/CW MCU v10.5/MCU/ARM_GCC_Support/ewl/lib/armv6-m\libc.a(strchr.o)
                                0x137 (size before relaxing)
 .debug_str     0x0000196f       0x24 C:/Freescale/CW MCU v10.5/MCU/ARM_GCC_Support/ewl/lib/armv6-m\libc.a(strlen.o)
                                0x140 (size before relaxing)
 .debug_str     0x00001993      0x233 C:/Freescale/CW MCU v10.5/MCU/ARM_GCC_Support/ewl/lib/armv6-m\libc.a(printformat_.o)
                                0x3b3 (size before relaxing)
 .debug_str     0x00001bc6      0x184 C:/Freescale/CW MCU v10.5/MCU/ARM_GCC_Support/ewl/lib/armv6-m\libc.a(scanformat_.o)
                                0x3f9 (size before relaxing)
 .debug_str     0x00001d4a       0x9d C:/Freescale/CW MCU v10.5/MCU/ARM_GCC_Support/ewl/lib/armv6-m\libc.a(ctype_aeabi.o)
                                0x1bc (size before relaxing)
 .debug_str     0x00001de7       0x61 C:/Freescale/CW MCU v10.5/MCU/ARM_GCC_Support/ewl/lib/armv6-m\libc.a(__strtoul.o)
                                0x1fb (size before relaxing)
 .debug_str     0x00001e48       0x25 C:/Freescale/CW MCU v10.5/MCU/ARM_GCC_Support/ewl/lib/armv6-m\libc.a(__filll_mem.o)
                                0x152 (size before relaxing)
 .debug_str     0x00001e6d       0x1c C:/Freescale/CW MCU v10.5/MCU/ARM_GCC_Support/ewl/lib/armv6-m\libc.a(memchr.o)
                                0x148 (size before relaxing)
 .debug_str     0x00001e89      0x126 C:/Freescale/CW MCU v10.5/MCU/ARM_GCC_Support/ewl/lib/armv6-m\librt.a(gcc_ctor_dtor.o)
                                0x181 (size before relaxing)
 .debug_str     0x00001faf       0x96 C:/Freescale/CW MCU v10.5/MCU/ARM_GCC_Support/ewl/lib/armv6-m\librt.a(ROMCopy.o)
                                0x13c (size before relaxing)
 .debug_str     0x00002045       0xe9 C:/Freescale/CW MCU v10.5/MCU/ARM_GCC_Support/ewl/lib/armv6-m\librt.a(__arm_eabi_init.o)
                                0x1b5 (size before relaxing)

.comment        0x00000000       0x79
 .comment       0x00000000       0x79 ./Generated_Code/tasks.o
                                 0x7a (size before relaxing)
 .comment       0x00000000       0x7a ./Generated_Code/port.o
 .comment       0x00000000       0x7a ./Generated_Code/list.o
 .comment       0x00000000       0x7a ./Generated_Code/heap_1.o
 .comment       0x00000000       0x7a ./Generated_Code/Vectors.o
 .comment       0x00000000       0x7a ./Generated_Code/PE_LDD.o
 .comment       0x00000000       0x7a ./Generated_Code/LedRed.o
 .comment       0x00000000       0x7a ./Generated_Code/LedGreen.o
 .comment       0x00000000       0x7a ./Generated_Code/LedBlue.o
 .comment       0x00000000       0x7a ./Generated_Code/I2C0.o
 .comment       0x00000000       0x7a ./Generated_Code/Cpu.o
 .comment       0x00000000       0x7a ./Generated_Code/AS1.o
 .comment       0x00000000       0x7a ./Project_Settings/Startup_Code/__arm_start.o
 .comment       0x00000000       0x7a ./Project_Settings/Startup_Code/__arm_end.o
 .comment       0x00000000       0x7a ./Sources/Tasks/TaskAccelerometer.o
 .comment       0x00000000       0x7a ./Sources/Util/Accelerometer.o
 .comment       0x00000000       0x7a ./Sources/ProcessorExpert.o
 .comment       0x00000000       0x7a ./Sources/Events.o
 .comment       0x00000000       0x7a C:/Freescale/CW MCU v10.5/MCU/ARM_GCC_Support/ewl/lib/armv6-m\libc.a(exit.o)
 .comment       0x00000000       0x7a C:/Freescale/CW MCU v10.5/MCU/ARM_GCC_Support/ewl/lib/armv6-m\libc.a(memcpy.o)
 .comment       0x00000000       0x7a C:/Freescale/CW MCU v10.5/MCU/ARM_GCC_Support/ewl/lib/armv6-m\libc.a(memset.o)
 .comment       0x00000000       0x7a C:/Freescale/CW MCU v10.5/MCU/ARM_GCC_Support/ewl/lib/armv6-m\libc.a(strchr.o)
 .comment       0x00000000       0x7a C:/Freescale/CW MCU v10.5/MCU/ARM_GCC_Support/ewl/lib/armv6-m\libc.a(strlen.o)
 .comment       0x00000000       0x7a C:/Freescale/CW MCU v10.5/MCU/ARM_GCC_Support/ewl/lib/armv6-m\libc.a(printformat_.o)
 .comment       0x00000000       0x7a C:/Freescale/CW MCU v10.5/MCU/ARM_GCC_Support/ewl/lib/armv6-m\libc.a(scanformat_.o)
 .comment       0x00000000       0x7a C:/Freescale/CW MCU v10.5/MCU/ARM_GCC_Support/ewl/lib/armv6-m\libc.a(ctype_aeabi.o)
 .comment       0x00000000       0x7a C:/Freescale/CW MCU v10.5/MCU/ARM_GCC_Support/ewl/lib/armv6-m\libc.a(__strtoul.o)
 .comment       0x00000000       0x7a C:/Freescale/CW MCU v10.5/MCU/ARM_GCC_Support/ewl/lib/armv6-m\libc.a(__filll_mem.o)
 .comment       0x00000000       0x7a C:/Freescale/CW MCU v10.5/MCU/ARM_GCC_Support/ewl/lib/armv6-m\libc.a(memchr.o)
 .comment       0x00000000       0x7a C:/Freescale/CW MCU v10.5/MCU/ARM_GCC_Support/ewl/lib/armv6-m\librt.a(gcc_ctor_dtor.o)
 .comment       0x00000000       0x7a C:/Freescale/CW MCU v10.5/MCU/ARM_GCC_Support/ewl/lib/armv6-m\librt.a(ROMCopy.o)
 .comment       0x00000000       0x7a C:/Freescale/CW MCU v10.5/MCU/ARM_GCC_Support/ewl/lib/armv6-m\librt.a(__arm_eabi_init.o)

.debug_frame    0x00000000     0x1498
 .debug_frame   0x00000000      0x440 ./Generated_Code/tasks.o
 .debug_frame   0x00000440      0x188 ./Generated_Code/port.o
 .debug_frame   0x000005c8       0xb0 ./Generated_Code/list.o
 .debug_frame   0x00000678       0x88 ./Generated_Code/heap_1.o
 .debug_frame   0x00000700       0x6c ./Generated_Code/PE_LDD.o
 .debug_frame   0x0000076c       0xf0 ./Generated_Code/LedRed.o
 .debug_frame   0x0000085c       0xf0 ./Generated_Code/LedGreen.o
 .debug_frame   0x0000094c       0xf0 ./Generated_Code/LedBlue.o
 .debug_frame   0x00000a3c       0xb0 ./Generated_Code/I2C0.o
 .debug_frame   0x00000aec       0x80 ./Generated_Code/Cpu.o
 .debug_frame   0x00000b6c      0x150 ./Generated_Code/AS1.o
 .debug_frame   0x00000cbc       0x4c ./Project_Settings/Startup_Code/__arm_start.o
 .debug_frame   0x00000d08       0x30 ./Project_Settings/Startup_Code/__arm_end.o
 .debug_frame   0x00000d38       0x88 ./Sources/Tasks/TaskAccelerometer.o
 .debug_frame   0x00000dc0       0xac ./Sources/Util/Accelerometer.o
 .debug_frame   0x00000e6c       0x4c ./Sources/ProcessorExpert.o
 .debug_frame   0x00000eb8      0x140 ./Sources/Events.o
 .debug_frame   0x00000ff8       0x2c C:/Freescale/CW MCU v10.5/MCU/ARM_GCC_Support/ewl/lib/armv6-m\libc.a(exit.o)
 .debug_frame   0x00001024       0x28 C:/Freescale/CW MCU v10.5/MCU/ARM_GCC_Support/ewl/lib/armv6-m\libc.a(memcpy.o)
 .debug_frame   0x0000104c       0x28 C:/Freescale/CW MCU v10.5/MCU/ARM_GCC_Support/ewl/lib/armv6-m\libc.a(memset.o)
 .debug_frame   0x00001074       0x28 C:/Freescale/CW MCU v10.5/MCU/ARM_GCC_Support/ewl/lib/armv6-m\libc.a(strchr.o)
 .debug_frame   0x0000109c       0x28 C:/Freescale/CW MCU v10.5/MCU/ARM_GCC_Support/ewl/lib/armv6-m\libc.a(strlen.o)
 .debug_frame   0x000010c4       0x54 C:/Freescale/CW MCU v10.5/MCU/ARM_GCC_Support/ewl/lib/armv6-m\libc.a(printformat_.o)
 .debug_frame   0x00001118       0x34 C:/Freescale/CW MCU v10.5/MCU/ARM_GCC_Support/ewl/lib/armv6-m\libc.a(scanformat_.o)
 .debug_frame   0x0000114c      0x158 C:/Freescale/CW MCU v10.5/MCU/ARM_GCC_Support/ewl/lib/armv6-m\libc.a(ctype_aeabi.o)
 .debug_frame   0x000012a4       0x30 C:/Freescale/CW MCU v10.5/MCU/ARM_GCC_Support/ewl/lib/armv6-m\libc.a(__strtoul.o)
 .debug_frame   0x000012d4       0x2c C:/Freescale/CW MCU v10.5/MCU/ARM_GCC_Support/ewl/lib/armv6-m\libc.a(__filll_mem.o)
 .debug_frame   0x00001300       0x28 C:/Freescale/CW MCU v10.5/MCU/ARM_GCC_Support/ewl/lib/armv6-m\libc.a(memchr.o)
 .debug_frame   0x00001328       0x20 c:/freescale/cw mcu v10.5/cross_tools/arm-none-eabi-gcc-4_7_3/bin/../lib/gcc/arm-none-eabi/4.7.3/armv6-m\libgcc.a(_udivsi3.o)
 .debug_frame   0x00001348       0x40 C:/Freescale/CW MCU v10.5/MCU/ARM_GCC_Support/ewl/lib/armv6-m\librt.a(gcc_ctor_dtor.o)
 .debug_frame   0x00001388       0x54 C:/Freescale/CW MCU v10.5/MCU/ARM_GCC_Support/ewl/lib/armv6-m\librt.a(ROMCopy.o)
 .debug_frame   0x000013dc       0xbc C:/Freescale/CW MCU v10.5/MCU/ARM_GCC_Support/ewl/lib/armv6-m\librt.a(__arm_eabi_init.o)
