Archive member included because of file (symbol)

C:/Freescale/CW MCU v10.5/MCU/ARM_GCC_Support/ewl/lib/armv6-m\libc.a(exit.o)
                              ./Project_Settings/Startup_Code/__arm_start.o (exit)
C:/Freescale/CW MCU v10.5/MCU/ARM_GCC_Support/ewl/lib/armv6-m\libc.a(memcpy.o)
                              ./Generated_Code/queue.o (memcpy)
C:/Freescale/CW MCU v10.5/MCU/ARM_GCC_Support/ewl/lib/armv6-m\libc.a(memset.o)
                              ./Generated_Code/tasks.o (memset)
C:/Freescale/CW MCU v10.5/MCU/ARM_GCC_Support/ewl/lib/armv6-m\libc.a(strchr.o)
                              ./Generated_Code/UTIL2.o (strchr)
C:/Freescale/CW MCU v10.5/MCU/ARM_GCC_Support/ewl/lib/armv6-m\libc.a(strlen.o)
                              ./Generated_Code/UTIL2.o (strlen)
C:/Freescale/CW MCU v10.5/MCU/ARM_GCC_Support/ewl/lib/armv6-m\libc.a(strncmp.o)
                              ./Generated_Code/UTIL2.o (strncmp)
C:/Freescale/CW MCU v10.5/MCU/ARM_GCC_Support/ewl/lib/armv6-m\libc.a(printformat_.o)
                              (__pformatter_)
C:/Freescale/CW MCU v10.5/MCU/ARM_GCC_Support/ewl/lib/armv6-m\libc.a(scanformat_.o)
                              (__sformatter)
C:/Freescale/CW MCU v10.5/MCU/ARM_GCC_Support/ewl/lib/armv6-m\libc.a(ctype_aeabi.o)
                              C:/Freescale/CW MCU v10.5/MCU/ARM_GCC_Support/ewl/lib/armv6-m\libc.a(scanformat_.o) (isspace)
C:/Freescale/CW MCU v10.5/MCU/ARM_GCC_Support/ewl/lib/armv6-m\libc.a(__strtoul.o)
                              C:/Freescale/CW MCU v10.5/MCU/ARM_GCC_Support/ewl/lib/armv6-m\libc.a(scanformat_.o) (__strtoul)
C:/Freescale/CW MCU v10.5/MCU/ARM_GCC_Support/ewl/lib/armv6-m\libc.a(__filll_mem.o)
                              C:/Freescale/CW MCU v10.5/MCU/ARM_GCC_Support/ewl/lib/armv6-m\libc.a(memset.o) (__fill_mem)
C:/Freescale/CW MCU v10.5/MCU/ARM_GCC_Support/ewl/lib/armv6-m\libc.a(memchr.o)
                              C:/Freescale/CW MCU v10.5/MCU/ARM_GCC_Support/ewl/lib/armv6-m\libc.a(printformat_.o) (memchr)
c:/freescale/cw mcu v10.5/cross_tools/arm-none-eabi-gcc-4_7_3/bin/../lib/gcc/arm-none-eabi/4.7.3/armv6-m\libgcc.a(_thumb1_case_sqi.o)
                              C:/Freescale/CW MCU v10.5/MCU/ARM_GCC_Support/ewl/lib/armv6-m\libc.a(__strtoul.o) (__gnu_thumb1_case_sqi)
c:/freescale/cw mcu v10.5/cross_tools/arm-none-eabi-gcc-4_7_3/bin/../lib/gcc/arm-none-eabi/4.7.3/armv6-m\libgcc.a(_thumb1_case_uqi.o)
                              C:/Freescale/CW MCU v10.5/MCU/ARM_GCC_Support/ewl/lib/armv6-m\libc.a(scanformat_.o) (__gnu_thumb1_case_uqi)
c:/freescale/cw mcu v10.5/cross_tools/arm-none-eabi-gcc-4_7_3/bin/../lib/gcc/arm-none-eabi/4.7.3/armv6-m\libgcc.a(_udivsi3.o)
                              ./Generated_Code/UTIL2.o (__aeabi_uidiv)
c:/freescale/cw mcu v10.5/cross_tools/arm-none-eabi-gcc-4_7_3/bin/../lib/gcc/arm-none-eabi/4.7.3/armv6-m\libgcc.a(_divsi3.o)
                              ./Generated_Code/UTIL2.o (__aeabi_idiv)
c:/freescale/cw mcu v10.5/cross_tools/arm-none-eabi-gcc-4_7_3/bin/../lib/gcc/arm-none-eabi/4.7.3/armv6-m\libgcc.a(_dvmd_tls.o)
                              c:/freescale/cw mcu v10.5/cross_tools/arm-none-eabi-gcc-4_7_3/bin/../lib/gcc/arm-none-eabi/4.7.3/armv6-m\libgcc.a(_udivsi3.o) (__aeabi_idiv0)
C:/Freescale/CW MCU v10.5/MCU/ARM_GCC_Support/ewl/lib/armv6-m\librt.a(gcc_ctor_dtor.o)
                              ./Project_Settings/Startup_Code/__arm_start.o (__init_cpp)
C:/Freescale/CW MCU v10.5/MCU/ARM_GCC_Support/ewl/lib/armv6-m\librt.a(ROMCopy.o)
                              ./Project_Settings/Startup_Code/__arm_start.o (__copy_rom_sections_to_ram)
C:/Freescale/CW MCU v10.5/MCU/ARM_GCC_Support/ewl/lib/armv6-m\librt.a(__arm_eabi_init.o)
                              C:/Freescale/CW MCU v10.5/MCU/ARM_GCC_Support/ewl/lib/armv6-m\libc.a(exit.o) (__destroy_global_chain)
C:/Freescale/CW MCU v10.5/MCU/ARM_GCC_Support/ewl/lib/armv6-m\librt.a(setjmp.o)
                              ./Generated_Code/port.o (longjmp)

Allocating common symbols
Common symbol       size              file

SR_reg              0x1               ./Generated_Code/Cpu.o

Discarded input sections

 .text          0x00000000        0x0 ./Generated_Code/timers.o
 .data          0x00000000        0x0 ./Generated_Code/timers.o
 .bss           0x00000000        0x0 ./Generated_Code/timers.o
 .debug_info    0x00000000       0x76 ./Generated_Code/timers.o
 .debug_abbrev  0x00000000       0x28 ./Generated_Code/timers.o
 .debug_aranges
                0x00000000       0x18 ./Generated_Code/timers.o
 .debug_macinfo
                0x00000000     0x76bb ./Generated_Code/timers.o
 .debug_line    0x00000000      0x267 ./Generated_Code/timers.o
 .debug_str     0x00000000      0x140 ./Generated_Code/timers.o
 .comment       0x00000000       0x7a ./Generated_Code/timers.o
 .ARM.attributes
                0x00000000       0x31 ./Generated_Code/timers.o
 .text          0x00000000        0x0 ./Generated_Code/tasks.o
[...]
Memory Configuration

Name             Origin             Length             Attributes
m_interrupts     0x00000000         0x000000c0         xr
m_text           0x00000410         0x0001fbf0         xr
m_data           0x1ffff000         0x00004000         rw
m_cfmprotrom     0x00000400         0x00000010         xr
*default*        0x00000000         0xffffffff

Linker script and memory map

LOAD ./Generated_Code/timers.o
LOAD ./Generated_Code/tasks.o
LOAD ./Generated_Code/queue.o
LOAD ./Generated_Code/portasm.o
LOAD ./Generated_Code/port.o
LOAD ./Generated_Code/list.o
LOAD ./Generated_Code/heap_4.o
LOAD ./Generated_Code/heap_3.o
LOAD ./Generated_Code/heap_2.o
LOAD ./Generated_Code/heap_1.o
LOAD ./Generated_Code/croutine.o
LOAD ./Generated_Code/WAIT1.o
LOAD ./Generated_Code/Vectors.o
LOAD ./Generated_Code/UTIL2.o
LOAD ./Generated_Code/UTIL1.o
LOAD ./Generated_Code/TU1.o
LOAD ./Generated_Code/PE_LDD.o
LOAD ./Generated_Code/FRTOS1.o
LOAD ./Generated_Code/Cpu.o
LOAD ./Generated_Code/Bit3.o
LOAD ./Generated_Code/Bit2.o
LOAD ./Generated_Code/Bit1.o
LOAD ./Generated_Code/AS1.o
LOAD ./Project_Settings/Startup_Code/__arm_start.o
LOAD ./Project_Settings/Startup_Code/__arm_end.o
LOAD ./Sources/Tasks/TaskRedLed.o
LOAD ./Sources/Tasks/TaskGreenLed.o
LOAD ./Sources/Tasks/TaskBlueLed.o
LOAD ./Sources/sa_mtb.o
LOAD ./Sources/ProcessorExpert.o
LOAD ./Sources/Events.o
                0x000019bc                __pformatter = __pformatter_
                [0x00001de4]                __sformatter = __sformatter
START GROUP
LOAD C:/Freescale/CW MCU v10.5/MCU/ARM_GCC_Support/ewl/lib/armv6-m\libc.a
LOAD C:/Freescale/CW MCU v10.5/MCU/ARM_GCC_Support/ewl/lib/armv6-m\libm.a
LOAD c:/freescale/cw mcu v10.5/cross_tools/arm-none-eabi-gcc-4_7_3/bin/../lib/gcc/arm-none-eabi/4.7.3/armv6-m\libgcc.a
LOAD C:/Freescale/CW MCU v10.5/MCU/ARM_GCC_Support/ewl/lib/armv6-m\librt.a
LOAD C:/Freescale/CW MCU v10.5/MCU/ARM_GCC_Support/ewl/lib/armv6-m\libuart.a
END GROUP
                0x20003000                _estack = 0x20003000
                0x20003000                __SP_INIT = _estack
                0x00001000                __heap_size = 0x1000
                0x00001000                __stack_size = 0x1000

.interrupts     0x00000000       0xc0
                0x00000000                __vector_table = .
                0x00000000                . = ALIGN (0x4)
 *(.vectortable)
 .vectortable   0x00000000       0xc0 ./Generated_Code/Vectors.o
                0x00000000                __vect_table
                0x000000c0                . = ALIGN (0x4)

.cfmprotect     0x00000400       0x10
                0x00000400                . = ALIGN (0x4)
 *(.cfmconfig)
 .cfmconfig     0x00000400       0x10 ./Generated_Code/Cpu.o
                0x00000400                _cfm
                0x00000410                . = ALIGN (0x4)

.text           0x00000410     0x2584
                0x00000410                . = ALIGN (0x4)
 *(.text)
 .text          0x00000410       0x14 c:/freescale/cw mcu v10.5/cross_tools/arm-none-eabi-gcc-4_7_3/bin/../lib/gcc/arm-none-eabi/4.7.3/armv6-m\libgcc.a(_thumb1_case_sqi.o)
                0x00000410                __gnu_thumb1_case_sqi
 .text          0x00000424       0x14 c:/freescale/cw mcu v10.5/cross_tools/arm-none-eabi-gcc-4_7_3/bin/../lib/gcc/arm-none-eabi/4.7.3/armv6-m\libgcc.a(_thumb1_case_uqi.o)
                0x00000424                __gnu_thumb1_case_uqi
 .text          0x00000438       0x9c c:/freescale/cw mcu v10.5/cross_tools/arm-none-eabi-gcc-4_7_3/bin/../lib/gcc/arm-none-eabi/4.7.3/armv6-m\libgcc.a(_udivsi3.o)
                0x00000438                __aeabi_uidiv
                0x00000438                __udivsi3
                0x000004c0                __aeabi_uidivmod
 .text          0x000004d4        0x4 c:/freescale/cw mcu v10.5/cross_tools/arm-none-eabi-gcc-4_7_3/bin/../lib/gcc/arm-none-eabi/4.7.3/armv6-m\libgcc.a(_dvmd_tls.o)
                0x000004d4                __aeabi_idiv0
                0x000004d4                __aeabi_ldiv0
 *(.text*)
 .text.xTaskGenericCreate
                0x000004d8      0x164 ./Generated_Code/tasks.o
                0x000004d8                xTaskGenericCreate
 .text.vTaskDelay
                0x0000063c       0x54 ./Generated_Code/tasks.o
                0x0000063c                vTaskDelay
 .text.vTaskStartScheduler
                0x00000690       0x64 ./Generated_Code/tasks.o
                0x00000690                vTaskStartScheduler
 .text.vTaskSuspendAll
                0x000006f4       0x18 ./Generated_Code/tasks.o
                0x000006f4                vTaskSuspendAll
 .text.xTaskResumeAll
                0x0000070c      0x114 ./Generated_Code/tasks.o
                0x0000070c                xTaskResumeAll
 .text.xTaskIncrementTick
                0x00000820      0x19c ./Generated_Code/tasks.o
                0x00000820                xTaskIncrementTick
 .text.vTaskSwitchContext
                0x000009bc       0xbc ./Generated_Code/tasks.o
                0x000009bc                vTaskSwitchContext
 .text.prvIdleTask
                0x00000a78       0x24 ./Generated_Code/tasks.o
 .text.prvInitialiseTCBVariables
                0x00000a9c       0x8c ./Generated_Code/tasks.o
 .text.prvInitialiseTaskLists
                0x00000b28       0x88 ./Generated_Code/tasks.o
 .text.prvCheckTasksWaitingTermination
                0x00000bb0       0x74 ./Generated_Code/tasks.o
 .text.prvAddCurrentTaskToDelayedList
                0x00000c24       0x6c ./Generated_Code/tasks.o
 .text.prvAllocateTCBAndStack
                0x00000c90       0x70 ./Generated_Code/tasks.o
 .text.prvDeleteTCB
                0x00000d00       0x20 ./Generated_Code/tasks.o
 .text.pxPortInitialiseStack
                0x00000d20       0x50 ./Generated_Code/port.o
                0x00000d20                pxPortInitialiseStack
 .text.vPortInitTickTimer
                0x00000d70       0x3c ./Generated_Code/port.o
                0x00000d70                vPortInitTickTimer
 .text.vPortStartTickTimer
                0x00000dac       0x14 ./Generated_Code/port.o
                0x00000dac                vPortStartTickTimer
 .text.vPortStopTickTimer
                0x00000dc0       0x14 ./Generated_Code/port.o
                0x00000dc0                vPortStopTickTimer
 .text.xPortStartScheduler
                0x00000dd4       0x34 ./Generated_Code/port.o
                0x00000dd4                xPortStartScheduler
 .text.vPortEnterCritical
                0x00000e08       0x20 ./Generated_Code/port.o
                0x00000e08                vPortEnterCritical
 .text.vPortExitCritical
                0x00000e28       0x20 ./Generated_Code/port.o
                0x00000e28                vPortExitCritical
 .text.vPortYieldFromISR
                0x00000e48       0x1c ./Generated_Code/port.o
                0x00000e48                vPortYieldFromISR
 .text.vPortTickHandler
                0x00000e64       0x1c ./Generated_Code/port.o
                0x00000e64                vPortTickHandler
 .text.vPortStartFirstTask
                0x00000e80       0x1c ./Generated_Code/port.o
                0x00000e80                vPortStartFirstTask
 .text.vPortSVCHandler
                0x00000e9c       0x28 ./Generated_Code/port.o
                0x00000e9c                vPortSVCHandler
 .text.vPortPendSVHandler
                0x00000ec4       0x44 ./Generated_Code/port.o
                0x00000ec4                vPortPendSVHandler
 .text.vListInitialise
                0x00000f08       0x3c ./Generated_Code/list.o
                0x00000f08                vListInitialise
 .text.vListInitialiseItem
                0x00000f44       0x14 ./Generated_Code/list.o
                0x00000f44                vListInitialiseItem
 .text.vListInsertEnd
                0x00000f58       0x44 ./Generated_Code/list.o
                0x00000f58                vListInsertEnd
 .text.vListInsert
                0x00000f9c       0x6c ./Generated_Code/list.o
                0x00000f9c                vListInsert
 .text.uxListRemove
                0x00001008       0x50 ./Generated_Code/list.o
                0x00001008                uxListRemove
 .text.pvPortMalloc
                0x00001058       0x94 ./Generated_Code/heap_1.o
                0x00001058                pvPortMalloc
 .text.vPortFree
                0x000010ec       0x18 ./Generated_Code/heap_1.o
                0x000010ec                vPortFree
 .text.Cpu_INT_NMIInterrupt
                0x00001104        0xc ./Generated_Code/Cpu.o
                0x00001104                Cpu_INT_NMIInterrupt
 .text.Cpu_Interrupt
                0x00001110        0xc ./Generated_Code/Cpu.o
                0x00001110                Cpu_Interrupt
 .text.__init_hardware
                0x0000111c      0x110 ./Generated_Code/Cpu.o
                0x0000111c                __init_hardware
 .text.PE_low_level_init
                0x0000122c       0xe4 ./Generated_Code/Cpu.o
                0x0000122c                PE_low_level_init
 .text.Bit3_Init
                0x00001310       0x64 ./Generated_Code/Bit3.o
                0x00001310                Bit3_Init
 .text.Bit3_SetVal
                0x00001374       0x1c ./Generated_Code/Bit3.o
                0x00001374                Bit3_SetVal
 .text.Bit3_NegVal
                0x00001390       0x1c ./Generated_Code/Bit3.o
                0x00001390                Bit3_NegVal
 .text.Bit2_Init
                0x000013ac       0x64 ./Generated_Code/Bit2.o
                0x000013ac                Bit2_Init
 .text.Bit2_SetVal
                0x00001410       0x1c ./Generated_Code/Bit2.o
                0x00001410                Bit2_SetVal
 .text.Bit2_NegVal
                0x0000142c       0x1c ./Generated_Code/Bit2.o
                0x0000142c                Bit2_NegVal
 .text.Bit1_Init
                0x00001448       0x60 ./Generated_Code/Bit1.o
                0x00001448                Bit1_Init
 .text.AS1_Init
                0x000014a8      0x160 ./Generated_Code/AS1.o
                0x000014a8                AS1_Init
 .text.zero_fill_bss
                0x00001608       0x24 ./Project_Settings/Startup_Code/__arm_start.o
 .text.__thumb_startup
                0x0000162c       0x30 ./Project_Settings/Startup_Code/__arm_start.o
                0x0000162c                __thumb_startup
 .text._ExitProcess
                0x0000165c        0xc ./Project_Settings/Startup_Code/__arm_end.o
                0x0000165c                _ExitProcess
 .text.taskRedLedwork
                0x00001668       0x20 ./Sources/Tasks/TaskRedLed.o
                0x00001668                taskRedLedwork
 .text.TaskRedLed
                0x00001688       0x10 ./Sources/Tasks/TaskRedLed.o
 .text.taskRedLedStart
                0x00001698       0x3c ./Sources/Tasks/TaskRedLed.o
                0x00001698                taskRedLedStart
 .text.taskGreenLedwork
                0x000016d4       0x20 ./Sources/Tasks/TaskGreenLed.o
                0x000016d4                taskGreenLedwork
 .text.TaskGreenLed
                0x000016f4       0x10 ./Sources/Tasks/TaskGreenLed.o
 .text.taskGreenLedStart
                0x00001704       0x3c ./Sources/Tasks/TaskGreenLed.o
                0x00001704                taskGreenLedStart
 .text.main     0x00001740       0x2c ./Sources/ProcessorExpert.o
                0x00001740                main
 .text.Cpu_OnNMIINT
                0x0000176c        0x8 ./Sources/Events.o
                0x0000176c                Cpu_OnNMIINT
 .text.FRTOS1_vApplicationStackOverflowHook
                0x00001774       0x10 ./Sources/Events.o
                0x00001774                FRTOS1_vApplicationStackOverflowHook
 .text.FRTOS1_vApplicationTickHook
                0x00001784        0x8 ./Sources/Events.o
                0x00001784                FRTOS1_vApplicationTickHook
 .text.FRTOS1_vApplicationIdleHook
                0x0000178c        0x8 ./Sources/Events.o
                0x0000178c                FRTOS1_vApplicationIdleHook
 .text.FRTOS1_vApplicationMallocFailedHook
                0x00001794        0x8 ./Sources/Events.o
                0x00001794                FRTOS1_vApplicationMallocFailedHook
 .text.exit     0x0000179c       0x38 C:/Freescale/CW MCU v10.5/MCU/ARM_GCC_Support/ewl/lib/armv6-m\libc.a(exit.o)
                0x0000179c                exit
 .text.memcpy   0x000017d4       0x12 C:/Freescale/CW MCU v10.5/MCU/ARM_GCC_Support/ewl/lib/armv6-m\libc.a(memcpy.o)
                0x000017d4                memcpy
 .text.memset   0x000017e6        0xc C:/Freescale/CW MCU v10.5/MCU/ARM_GCC_Support/ewl/lib/armv6-m\libc.a(memset.o)
                0x000017e6                memset
 .text.strchr   0x000017f2       0x1e C:/Freescale/CW MCU v10.5/MCU/ARM_GCC_Support/ewl/lib/armv6-m\libc.a(strchr.o)
                0x000017f2                strchr
 .text.strlen   0x00001810       0x10 C:/Freescale/CW MCU v10.5/MCU/ARM_GCC_Support/ewl/lib/armv6-m\libc.a(strlen.o)
                0x00001810                strlen
 .text.long2str.isra.0
                0x00001820      0x19c C:/Freescale/CW MCU v10.5/MCU/ARM_GCC_Support/ewl/lib/armv6-m\libc.a(printformat_.o)
 .text.__pformatter_
                0x000019bc      0x428 C:/Freescale/CW MCU v10.5/MCU/ARM_GCC_Support/ewl/lib/armv6-m\libc.a(printformat_.o)
                0x000019bc                __pformatter_
 .text.__sformatter
                0x00001de4      0x698 C:/Freescale/CW MCU v10.5/MCU/ARM_GCC_Support/ewl/lib/armv6-m\libc.a(scanformat_.o)
                0x00001de4                __sformatter
 .text.isalpha  0x0000247c       0x20 C:/Freescale/CW MCU v10.5/MCU/ARM_GCC_Support/ewl/lib/armv6-m\libc.a(ctype_aeabi.o)
                0x0000247c                isalpha
 .text.isspace  0x0000249c       0x20 C:/Freescale/CW MCU v10.5/MCU/ARM_GCC_Support/ewl/lib/armv6-m\libc.a(ctype_aeabi.o)
                0x0000249c                isspace
 .text.toupper  0x000024bc        0xe C:/Freescale/CW MCU v10.5/MCU/ARM_GCC_Support/ewl/lib/armv6-m\libc.a(ctype_aeabi.o)
                0x000024bc                toupper
 .text.__strtoul
                0x000024ca      0x1ce C:/Freescale/CW MCU v10.5/MCU/ARM_GCC_Support/ewl/lib/armv6-m\libc.a(__strtoul.o)
                0x000024ca                __strtoul
 .text.__fill_mem
                0x00002698       0x7e C:/Freescale/CW MCU v10.5/MCU/ARM_GCC_Support/ewl/lib/armv6-m\libc.a(__filll_mem.o)
                0x00002698                __fill_mem
 .text.memchr   0x00002716       0x1a C:/Freescale/CW MCU v10.5/MCU/ARM_GCC_Support/ewl/lib/armv6-m\libc.a(memchr.o)
                0x00002716                memchr
 .text.__init_cpp
                0x00002730       0x48 C:/Freescale/CW MCU v10.5/MCU/ARM_GCC_Support/ewl/lib/armv6-m\librt.a(gcc_ctor_dtor.o)
                0x00002730                __init_cpp
 .text.__fini_cpp
                0x00002778       0x34 C:/Freescale/CW MCU v10.5/MCU/ARM_GCC_Support/ewl/lib/armv6-m\librt.a(gcc_ctor_dtor.o)
                0x00002778                __fini_cpp
 .text.__copy_rom_section
                0x000027ac       0x48 C:/Freescale/CW MCU v10.5/MCU/ARM_GCC_Support/ewl/lib/armv6-m\librt.a(ROMCopy.o)
                0x000027ac                __copy_rom_section
 .text.__copy_rom_sections_to_ram
                0x000027f4       0x34 C:/Freescale/CW MCU v10.5/MCU/ARM_GCC_Support/ewl/lib/armv6-m\librt.a(ROMCopy.o)
                0x000027f4                __copy_rom_sections_to_ram
 .text.__destroy_global_chain
                0x00002828       0x1c C:/Freescale/CW MCU v10.5/MCU/ARM_GCC_Support/ewl/lib/armv6-m\librt.a(__arm_eabi_init.o)
                0x00002828                __destroy_global_chain
 .text.__init_registers
                0x00002844       0x1c C:/Freescale/CW MCU v10.5/MCU/ARM_GCC_Support/ewl/lib/armv6-m\librt.a(__arm_eabi_init.o)
                0x00002844                __init_registers
 .text.__init_user
                0x00002860        0x4 C:/Freescale/CW MCU v10.5/MCU/ARM_GCC_Support/ewl/lib/armv6-m\librt.a(__arm_eabi_init.o)
                0x00002860                __init_user
 *(.rodata)
 .rodata        0x00002864        0x8 ./Generated_Code/tasks.o
 .rodata        0x0000286c        0xc ./Sources/Tasks/TaskRedLed.o
 .rodata        0x00002878       0x10 ./Sources/Tasks/TaskGreenLed.o
 *(.rodata*)
 .rodata.str1.1
                0x00002888        0x1 C:/Freescale/CW MCU v10.5/MCU/ARM_GCC_Support/ewl/lib/armv6-m\libc.a(printformat_.o)
 .rodata.CSWTCH.20
                0x00002889        0x5 C:/Freescale/CW MCU v10.5/MCU/ARM_GCC_Support/ewl/lib/armv6-m\libc.a(printformat_.o)
 .rodata.CSWTCH.21
                0x0000288e        0x5 C:/Freescale/CW MCU v10.5/MCU/ARM_GCC_Support/ewl/lib/armv6-m\libc.a(printformat_.o)
 .rodata.__aeabi_ctype_table_C
                0x00002893      0x101 C:/Freescale/CW MCU v10.5/MCU/ARM_GCC_Support/ewl/lib/armv6-m\libc.a(ctype_aeabi.o)
                0x00002893                __aeabi_ctype_table_C
 *(.glue_7)
 .glue_7        0x00000000        0x0 linker stubs
 *(.glue_7t)
 .glue_7t       0x00000000        0x0 linker stubs
 *(.eh_frame)
 *(.init)
 *(.fini)
                0x00002994                . = ALIGN (0x4)
                0x00002994                _etext = .

.vfp11_veneer   0x00002994        0x0
 .vfp11_veneer  0x00000000        0x0 linker stubs

.v4_bx          0x00002994        0x0
 .v4_bx         0x00000000        0x0 linker stubs

.iplt           0x00002994        0x0
 .iplt          0x00000000        0x0 ./Generated_Code/timers.o

.rel.dyn        0x00002994        0x0
 .rel.iplt      0x00000000        0x0 ./Generated_Code/timers.o

.ARM.extab
 *(.ARM.extab* .gnu.linkonce.armextab.*)

.ARM            0x00002994        0x0
                0x00002994                __exidx_start = .
 *(.ARM.exidx*)
                0x00002994                __exidx_end = .

.ctors          0x00002994        0x0
                0x00002994                __CTOR_LIST__ = .
 *crtbegin.o(.ctors)
 *(EXCLUDE_FILE(*crtend.o) .ctors)
 *(SORT(.ctors.*))
 *(.ctors)
                0x00002994                __CTOR_END__ = .

.dtors          0x00002994        0x0
                0x00002994                __DTOR_LIST__ = .
 *crtbegin.o(.dtors)
 *(EXCLUDE_FILE(*crtend.o) .dtors)
 *(SORT(.dtors.*))
 *(.dtors)
                0x00002994                __DTOR_END__ = .

.preinit_array  0x00002994        0x0
                0x00002994                PROVIDE (__preinit_array_start, .)
 *(.preinit_array*)
                0x00002994                PROVIDE (__preinit_array_end, .)

.init_array     0x00002994        0x0
                0x00002994                PROVIDE (__init_array_start, .)
 *(SORT(.init_array.*))
 *(.init_array*)
                0x00002994                PROVIDE (__init_array_end, .)

.fini_array     0x00002994        0x0
                0x00002994                PROVIDE (__fini_array_start, .)
 *(SORT(.fini_array.*))
 *(.fini_array*)
                0x00002994                PROVIDE (__fini_array_end, .)
                0x00002994                ___ROM_AT = .

.mtb            0x1ffff000        0x0
                0x1ffff000                . = ALIGN (0x8)
                0x1ffff000                _mtb_start = .
 *(.mtb_buf)
                0x1ffff000                . = ALIGN (0x8)
                0x1ffff000                _mtb_end = .

.data           0x1ffff000        0x8 load address 0x00002994
                0x1ffff000                . = ALIGN (0x4)
                0x1ffff000                _sdata = .
 *(.data)
 *(.data*)
 .data.xNextTaskUnblockTime
                0x1ffff000        0x4 ./Generated_Code/tasks.o
 .data.uxCriticalNesting
                0x1ffff004        0x4 ./Generated_Code/port.o
                0x1ffff008                . = ALIGN (0x4)
                0x1ffff008                _edata = .
                0x00000008                ___data_size = (_edata - _sdata)

.igot.plt       0x1ffff008        0x0 load address 0x0000299c
 .igot.plt      0x00000000        0x0 ./Generated_Code/timers.o
                0x1ffff008                . = ALIGN (0x4)

.bss            0x1ffff008      0x448 load address 0x0000299c
                0x1ffff008                __START_BSS = .
                0x1ffff008                PROVIDE (__bss_start__, __START_BSS)
 *(.bss)
 *(.bss*)
 .bss.pxCurrentTCB
                0x1ffff008        0x4 ./Generated_Code/tasks.o
                0x1ffff008                pxCurrentTCB
 .bss.pxReadyTasksLists
                0x1ffff00c       0x64 ./Generated_Code/tasks.o
 .bss.xDelayedTaskList1
                0x1ffff070       0x14 ./Generated_Code/tasks.o
 .bss.xDelayedTaskList2
                0x1ffff084       0x14 ./Generated_Code/tasks.o
 .bss.pxDelayedTaskList
                0x1ffff098        0x4 ./Generated_Code/tasks.o
 .bss.pxOverflowDelayedTaskList
                0x1ffff09c        0x4 ./Generated_Code/tasks.o
 .bss.xPendingReadyList
                0x1ffff0a0       0x14 ./Generated_Code/tasks.o
 .bss.xTasksWaitingTermination
                0x1ffff0b4       0x14 ./Generated_Code/tasks.o
 .bss.uxTasksDeleted
                0x1ffff0c8        0x4 ./Generated_Code/tasks.o
 .bss.xSuspendedTaskList
                0x1ffff0cc       0x14 ./Generated_Code/tasks.o
 .bss.uxCurrentNumberOfTasks
                0x1ffff0e0        0x4 ./Generated_Code/tasks.o
 .bss.xTickCount
                0x1ffff0e4        0x4 ./Generated_Code/tasks.o
 .bss.uxTopReadyPriority
                0x1ffff0e8        0x4 ./Generated_Code/tasks.o
 .bss.xSchedulerRunning
                0x1ffff0ec        0x4 ./Generated_Code/tasks.o
 .bss.uxSchedulerSuspended
                0x1ffff0f0        0x4 ./Generated_Code/tasks.o
 .bss.uxPendedTicks
                0x1ffff0f4        0x4 ./Generated_Code/tasks.o
 .bss.xYieldPending
                0x1ffff0f8        0x4 ./Generated_Code/tasks.o
 .bss.xNumOfOverflows
                0x1ffff0fc        0x4 ./Generated_Code/tasks.o
 .bss.uxTaskNumber
                0x1ffff100        0x4 ./Generated_Code/tasks.o
 .bss.ucHeap    0x1ffff104      0x2f0 ./Generated_Code/heap_1.o
 .bss.xNextFreeByte
                0x1ffff3f4        0x4 ./Generated_Code/heap_1.o
 .bss.pucAlignedHeap.6631
                0x1ffff3f8        0x4 ./Generated_Code/heap_1.o
 .bss.PE_LDD_DeviceDataList
                0x1ffff3fc       0x14 ./Generated_Code/PE_LDD.o
                0x1ffff3fc                PE_LDD_DeviceDataList
 .bss.DeviceDataPrv__DEFAULT_RTOS_ALLOC
                0x1ffff410        0x4 ./Generated_Code/Bit3.o
 .bss.DeviceDataPrv__DEFAULT_RTOS_ALLOC
                0x1ffff414        0x4 ./Generated_Code/Bit2.o
 .bss.DeviceDataPrv__DEFAULT_RTOS_ALLOC
                0x1ffff418        0x4 ./Generated_Code/Bit1.o
 .bss.DeviceDataPrv__DEFAULT_RTOS_ALLOC
                0x1ffff41c       0x18 ./Generated_Code/AS1.o
 .bss.argv      0x1ffff434        0x4 ./Project_Settings/Startup_Code/__arm_start.o
 .bss.__stdio_exit
                0x1ffff438        0x4 C:/Freescale/CW MCU v10.5/MCU/ARM_GCC_Support/ewl/lib/armv6-m\libc.a(exit.o)
                0x1ffff438                __stdio_exit
 .bss.__console_exit
                0x1ffff43c        0x4 C:/Freescale/CW MCU v10.5/MCU/ARM_GCC_Support/ewl/lib/armv6-m\libc.a(exit.o)
                0x1ffff43c                __console_exit
 .bss.__S_romp  0x1ffff440        0xc C:/Freescale/CW MCU v10.5/MCU/ARM_GCC_Support/ewl/lib/armv6-m\librt.a(ROMCopy.o)
 .bss.__global_destructor_chain
                0x1ffff44c        0x4 C:/Freescale/CW MCU v10.5/MCU/ARM_GCC_Support/ewl/lib/armv6-m\librt.a(__arm_eabi_init.o)
                0x1ffff44c                __global_destructor_chain
 *(COMMON)
                0x1ffff450                . = ALIGN (0x4)
                0x1ffff450                __END_BSS = .
                0x1ffff450                PROVIDE (__bss_end__, __END_BSS)
                0x0000299c                _romp_at = (___ROM_AT + SIZEOF (.data))

.romp           0x1ffff450       0x18 load address 0x0000299c
                0x0000299c                __S_romp = _romp_at
                0x1ffff450        0x4 LONG 0x2994 ___ROM_AT
                0x1ffff454        0x4 LONG 0x1ffff000 _sdata
                0x1ffff458        0x4 LONG 0x8 ___data_size
                0x1ffff45c        0x4 LONG 0x0
                0x1ffff460        0x4 LONG 0x0
                0x1ffff464        0x4 LONG 0x0

._user_heap_stack
                0x1ffff468     0x2000 load address 0x000029b4
                0x1ffff468                . = ALIGN (0x4)
                0x1ffff468                PROVIDE (end, .)
                0x1ffff468                PROVIDE (_end, .)
                0x1ffff468                __heap_addr = .
                0x20000468                . = (. + __heap_size)
 *fill*         0x1ffff468     0x1000 00
                0x20001468                . = (. + __stack_size)
 *fill*         0x20000468     0x1000 00
                0x20001468                . = ALIGN (0x4)

.ARM.attributes
                0x00000000       0x2f
 *(.ARM.attributes)
 .ARM.attributes
                0x00000000       0x31 ./Generated_Code/tasks.o
 .ARM.attributes
                0x00000031       0x31 ./Generated_Code/port.o
 .ARM.attributes
                0x00000062       0x31 ./Generated_Code/list.o
 .ARM.attributes
                0x00000093       0x31 ./Generated_Code/heap_1.o
 .ARM.attributes
                0x000000c4       0x31 ./Generated_Code/Vectors.o
 .ARM.attributes
                0x000000f5       0x31 ./Generated_Code/PE_LDD.o
 .ARM.attributes
                0x00000126       0x31 ./Generated_Code/Cpu.o
 .ARM.attributes
                0x00000157       0x31 ./Generated_Code/Bit3.o
 .ARM.attributes
                0x00000188       0x31 ./Generated_Code/Bit2.o
 .ARM.attributes
                0x000001b9       0x31 ./Generated_Code/Bit1.o
 .ARM.attributes
                0x000001ea       0x31 ./Generated_Code/AS1.o
 .ARM.attributes
                0x0000021b       0x31 ./Project_Settings/Startup_Code/__arm_start.o
 .ARM.attributes
                0x0000024c       0x31 ./Project_Settings/Startup_Code/__arm_end.o
 .ARM.attributes
                0x0000027d       0x31 ./Sources/Tasks/TaskRedLed.o
 .ARM.attributes
                0x000002ae       0x31 ./Sources/Tasks/TaskGreenLed.o
 .ARM.attributes
                0x000002df       0x31 ./Sources/ProcessorExpert.o
 .ARM.attributes
                0x00000310       0x31 ./Sources/Events.o
 .ARM.attributes
                0x00000341       0x31 C:/Freescale/CW MCU v10.5/MCU/ARM_GCC_Support/ewl/lib/armv6-m\libc.a(exit.o)
 .ARM.attributes
                0x00000372       0x31 C:/Freescale/CW MCU v10.5/MCU/ARM_GCC_Support/ewl/lib/armv6-m\libc.a(memcpy.o)
 .ARM.attributes
                0x000003a3       0x31 C:/Freescale/CW MCU v10.5/MCU/ARM_GCC_Support/ewl/lib/armv6-m\libc.a(memset.o)
 .ARM.attributes
                0x000003d4       0x31 C:/Freescale/CW MCU v10.5/MCU/ARM_GCC_Support/ewl/lib/armv6-m\libc.a(strchr.o)
 .ARM.attributes
                0x00000405       0x31 C:/Freescale/CW MCU v10.5/MCU/ARM_GCC_Support/ewl/lib/armv6-m\libc.a(strlen.o)
 .ARM.attributes
                0x00000436       0x31 C:/Freescale/CW MCU v10.5/MCU/ARM_GCC_Support/ewl/lib/armv6-m\libc.a(printformat_.o)
 .ARM.attributes
                0x00000467       0x31 C:/Freescale/CW MCU v10.5/MCU/ARM_GCC_Support/ewl/lib/armv6-m\libc.a(scanformat_.o)
 .ARM.attributes
                0x00000498       0x31 C:/Freescale/CW MCU v10.5/MCU/ARM_GCC_Support/ewl/lib/armv6-m\libc.a(ctype_aeabi.o)
 .ARM.attributes
                0x000004c9       0x31 C:/Freescale/CW MCU v10.5/MCU/ARM_GCC_Support/ewl/lib/armv6-m\libc.a(__strtoul.o)
 .ARM.attributes
                0x000004fa       0x31 C:/Freescale/CW MCU v10.5/MCU/ARM_GCC_Support/ewl/lib/armv6-m\libc.a(__filll_mem.o)
 .ARM.attributes
                0x0000052b       0x31 C:/Freescale/CW MCU v10.5/MCU/ARM_GCC_Support/ewl/lib/armv6-m\libc.a(memchr.o)
 .ARM.attributes
                0x0000055c       0x1e c:/freescale/cw mcu v10.5/cross_tools/arm-none-eabi-gcc-4_7_3/bin/../lib/gcc/arm-none-eabi/4.7.3/armv6-m\libgcc.a(_thumb1_case_sqi.o)
 .ARM.attributes
                0x0000057a       0x1e c:/freescale/cw mcu v10.5/cross_tools/arm-none-eabi-gcc-4_7_3/bin/../lib/gcc/arm-none-eabi/4.7.3/armv6-m\libgcc.a(_thumb1_case_uqi.o)
 .ARM.attributes
                0x00000598       0x1e c:/freescale/cw mcu v10.5/cross_tools/arm-none-eabi-gcc-4_7_3/bin/../lib/gcc/arm-none-eabi/4.7.3/armv6-m\libgcc.a(_udivsi3.o)
 .ARM.attributes
                0x000005b6       0x1e c:/freescale/cw mcu v10.5/cross_tools/arm-none-eabi-gcc-4_7_3/bin/../lib/gcc/arm-none-eabi/4.7.3/armv6-m\libgcc.a(_dvmd_tls.o)
 .ARM.attributes
                0x000005d4       0x31 C:/Freescale/CW MCU v10.5/MCU/ARM_GCC_Support/ewl/lib/armv6-m\librt.a(gcc_ctor_dtor.o)
 .ARM.attributes
                0x00000605       0x31 C:/Freescale/CW MCU v10.5/MCU/ARM_GCC_Support/ewl/lib/armv6-m\librt.a(ROMCopy.o)
 .ARM.attributes
                0x00000636       0x31 C:/Freescale/CW MCU v10.5/MCU/ARM_GCC_Support/ewl/lib/armv6-m\librt.a(__arm_eabi_init.o)
OUTPUT(M0PlusFreeRTOS.elf elf32-littlearm)

.debug_info     0x00000000     0x563b
 .debug_info    0x00000000      0xdf3 ./Generated_Code/tasks.o
 .debug_info    0x00000df3      0x26a ./Generated_Code/port.o
 .debug_info    0x0000105d      0x29d ./Generated_Code/list.o
 .debug_info    0x000012fa      0x163 ./Generated_Code/heap_1.o
 .debug_info    0x0000145d      0x10b ./Generated_Code/Vectors.o
 .debug_info    0x00001568      0x255 ./Generated_Code/PE_LDD.o
 .debug_info    0x000017bd      0x8e7 ./Generated_Code/Cpu.o
 .debug_info    0x000020a4      0x3f2 ./Generated_Code/Bit3.o
 .debug_info    0x00002496      0x3f2 ./Generated_Code/Bit2.o
 .debug_info    0x00002888      0x3f2 ./Generated_Code/Bit1.o
 .debug_info    0x00002c7a      0x7a6 ./Generated_Code/AS1.o
 .debug_info    0x00003420      0x12a ./Project_Settings/Startup_Code/__arm_start.o
 .debug_info    0x0000354a       0x54 ./Project_Settings/Startup_Code/__arm_end.o
 .debug_info    0x0000359e      0x116 ./Sources/Tasks/TaskRedLed.o
 .debug_info    0x000036b4      0x116 ./Sources/Tasks/TaskGreenLed.o
 .debug_info    0x000037ca       0xbe ./Sources/ProcessorExpert.o
 .debug_info    0x00003888      0x19b ./Sources/Events.o
 .debug_info    0x00003a23       0xe8 C:/Freescale/CW MCU v10.5/MCU/ARM_GCC_Support/ewl/lib/armv6-m\libc.a(exit.o)
 .debug_info    0x00003b0b      0x10f C:/Freescale/CW MCU v10.5/MCU/ARM_GCC_Support/ewl/lib/armv6-m\libc.a(memcpy.o)
 .debug_info    0x00003c1a       0xec C:/Freescale/CW MCU v10.5/MCU/ARM_GCC_Support/ewl/lib/armv6-m\libc.a(memset.o)
 .debug_info    0x00003d06      0x10b C:/Freescale/CW MCU v10.5/MCU/ARM_GCC_Support/ewl/lib/armv6-m\libc.a(strchr.o)
 .debug_info    0x00003e11       0xea C:/Freescale/CW MCU v10.5/MCU/ARM_GCC_Support/ewl/lib/armv6-m\libc.a(strlen.o)
 .debug_info    0x00003efb      0x50d C:/Freescale/CW MCU v10.5/MCU/ARM_GCC_Support/ewl/lib/armv6-m\libc.a(printformat_.o)
 .debug_info    0x00004408      0x568 C:/Freescale/CW MCU v10.5/MCU/ARM_GCC_Support/ewl/lib/armv6-m\libc.a(scanformat_.o)
 .debug_info    0x00004970      0x313 C:/Freescale/CW MCU v10.5/MCU/ARM_GCC_Support/ewl/lib/armv6-m\libc.a(ctype_aeabi.o)
 .debug_info    0x00004c83      0x1d6 C:/Freescale/CW MCU v10.5/MCU/ARM_GCC_Support/ewl/lib/armv6-m\libc.a(__strtoul.o)
 .debug_info    0x00004e59      0x137 C:/Freescale/CW MCU v10.5/MCU/ARM_GCC_Support/ewl/lib/armv6-m\libc.a(__filll_mem.o)
 .debug_info    0x00004f90      0x121 C:/Freescale/CW MCU v10.5/MCU/ARM_GCC_Support/ewl/lib/armv6-m\libc.a(memchr.o)
 .debug_info    0x000050b1      0x136 C:/Freescale/CW MCU v10.5/MCU/ARM_GCC_Support/ewl/lib/armv6-m\librt.a(gcc_ctor_dtor.o)
 .debug_info    0x000051e7      0x19b C:/Freescale/CW MCU v10.5/MCU/ARM_GCC_Support/ewl/lib/armv6-m\librt.a(ROMCopy.o)
 .debug_info    0x00005382      0x2b9 C:/Freescale/CW MCU v10.5/MCU/ARM_GCC_Support/ewl/lib/armv6-m\librt.a(__arm_eabi_init.o)

.debug_abbrev   0x00000000     0x1be3
 .debug_abbrev  0x00000000      0x18d ./Generated_Code/tasks.o
 .debug_abbrev  0x0000018d      0x107 ./Generated_Code/port.o
 .debug_abbrev  0x00000294       0xb6 ./Generated_Code/list.o
 .debug_abbrev  0x0000034a       0xe0 ./Generated_Code/heap_1.o
 .debug_abbrev  0x0000042a       0xa3 ./Generated_Code/Vectors.o
 .debug_abbrev  0x000004cd      0x102 ./Generated_Code/PE_LDD.o
 .debug_abbrev  0x000005cf      0x111 ./Generated_Code/Cpu.o
 .debug_abbrev  0x000006e0      0x151 ./Generated_Code/Bit3.o
 .debug_abbrev  0x00000831      0x151 ./Generated_Code/Bit2.o
 .debug_abbrev  0x00000982      0x151 ./Generated_Code/Bit1.o
 .debug_abbrev  0x00000ad3      0x197 ./Generated_Code/AS1.o
 .debug_abbrev  0x00000c6a       0x92 ./Project_Settings/Startup_Code/__arm_start.o
 .debug_abbrev  0x00000cfc       0x4c ./Project_Settings/Startup_Code/__arm_end.o
 .debug_abbrev  0x00000d48       0xb4 ./Sources/Tasks/TaskRedLed.o
 .debug_abbrev  0x00000dfc       0xb4 ./Sources/Tasks/TaskGreenLed.o
 .debug_abbrev  0x00000eb0       0x65 ./Sources/ProcessorExpert.o
 .debug_abbrev  0x00000f15       0xa0 ./Sources/Events.o
 .debug_abbrev  0x00000fb5       0x7a C:/Freescale/CW MCU v10.5/MCU/ARM_GCC_Support/ewl/lib/armv6-m\libc.a(exit.o)
 .debug_abbrev  0x0000102f       0x95 C:/Freescale/CW MCU v10.5/MCU/ARM_GCC_Support/ewl/lib/armv6-m\libc.a(memcpy.o)
 .debug_abbrev  0x000010c4       0x62 C:/Freescale/CW MCU v10.5/MCU/ARM_GCC_Support/ewl/lib/armv6-m\libc.a(memset.o)
 .debug_abbrev  0x00001126       0x7a C:/Freescale/CW MCU v10.5/MCU/ARM_GCC_Support/ewl/lib/armv6-m\libc.a(strchr.o)
 .debug_abbrev  0x000011a0       0x7a C:/Freescale/CW MCU v10.5/MCU/ARM_GCC_Support/ewl/lib/armv6-m\libc.a(strlen.o)
 .debug_abbrev  0x0000121a      0x200 C:/Freescale/CW MCU v10.5/MCU/ARM_GCC_Support/ewl/lib/armv6-m\libc.a(printformat_.o)
 .debug_abbrev  0x0000141a      0x1f0 C:/Freescale/CW MCU v10.5/MCU/ARM_GCC_Support/ewl/lib/armv6-m\libc.a(scanformat_.o)
 .debug_abbrev  0x0000160a       0x9e C:/Freescale/CW MCU v10.5/MCU/ARM_GCC_Support/ewl/lib/armv6-m\libc.a(ctype_aeabi.o)
 .debug_abbrev  0x000016a8       0xc2 C:/Freescale/CW MCU v10.5/MCU/ARM_GCC_Support/ewl/lib/armv6-m\libc.a(__strtoul.o)
 .debug_abbrev  0x0000176a       0x78 C:/Freescale/CW MCU v10.5/MCU/ARM_GCC_Support/ewl/lib/armv6-m\libc.a(__filll_mem.o)
 .debug_abbrev  0x000017e2       0x95 C:/Freescale/CW MCU v10.5/MCU/ARM_GCC_Support/ewl/lib/armv6-m\libc.a(memchr.o)
 .debug_abbrev  0x00001877       0x99 C:/Freescale/CW MCU v10.5/MCU/ARM_GCC_Support/ewl/lib/armv6-m\librt.a(gcc_ctor_dtor.o)
 .debug_abbrev  0x00001910      0x120 C:/Freescale/CW MCU v10.5/MCU/ARM_GCC_Support/ewl/lib/armv6-m\librt.a(ROMCopy.o)
 .debug_abbrev  0x00001a30      0x1b3 C:/Freescale/CW MCU v10.5/MCU/ARM_GCC_Support/ewl/lib/armv6-m\librt.a(__arm_eabi_init.o)

.debug_loc      0x00000000     0x3e2f
 .debug_loc     0x00000000      0x740 ./Generated_Code/tasks.o
 .debug_loc     0x00000740      0x228 ./Generated_Code/port.o
 .debug_loc     0x00000968      0x118 ./Generated_Code/list.o
 .debug_loc     0x00000a80       0xc8 ./Generated_Code/heap_1.o
 .debug_loc     0x00000b48       0x9c ./Generated_Code/PE_LDD.o
 .debug_loc     0x00000be4       0xb0 ./Generated_Code/Cpu.o
 .debug_loc     0x00000c94      0x188 ./Generated_Code/Bit3.o
 .debug_loc     0x00000e1c      0x188 ./Generated_Code/Bit2.o
 .debug_loc     0x00000fa4      0x188 ./Generated_Code/Bit1.o
 .debug_loc     0x0000112c      0x230 ./Generated_Code/AS1.o
 .debug_loc     0x0000135c       0x2c ./Project_Settings/Startup_Code/__arm_start.o
 .debug_loc     0x00001388       0x38 ./Project_Settings/Startup_Code/__arm_end.o
 .debug_loc     0x000013c0       0xc8 ./Sources/Tasks/TaskRedLed.o
 .debug_loc     0x00001488       0xc8 ./Sources/Tasks/TaskGreenLed.o
 .debug_loc     0x00001550       0x64 ./Sources/ProcessorExpert.o
 .debug_loc     0x000015b4      0x190 ./Sources/Events.o
 .debug_loc     0x00001744       0x3e C:/Freescale/CW MCU v10.5/MCU/ARM_GCC_Support/ewl/lib/armv6-m\libc.a(exit.o)
 .debug_loc     0x00001782       0x59 C:/Freescale/CW MCU v10.5/MCU/ARM_GCC_Support/ewl/lib/armv6-m\libc.a(memcpy.o)
 .debug_loc     0x000017db       0x6f C:/Freescale/CW MCU v10.5/MCU/ARM_GCC_Support/ewl/lib/armv6-m\libc.a(memset.o)
 .debug_loc     0x0000184a       0xaf C:/Freescale/CW MCU v10.5/MCU/ARM_GCC_Support/ewl/lib/armv6-m\libc.a(strchr.o)
 .debug_loc     0x000018f9       0x33 C:/Freescale/CW MCU v10.5/MCU/ARM_GCC_Support/ewl/lib/armv6-m\libc.a(strlen.o)
 .debug_loc     0x0000192c     0x104b C:/Freescale/CW MCU v10.5/MCU/ARM_GCC_Support/ewl/lib/armv6-m\libc.a(printformat_.o)
 .debug_loc     0x00002977      0x9d8 C:/Freescale/CW MCU v10.5/MCU/ARM_GCC_Support/ewl/lib/armv6-m\libc.a(scanformat_.o)
 .debug_loc     0x0000334f      0x30d C:/Freescale/CW MCU v10.5/MCU/ARM_GCC_Support/ewl/lib/armv6-m\libc.a(ctype_aeabi.o)
 .debug_loc     0x0000365c      0x305 C:/Freescale/CW MCU v10.5/MCU/ARM_GCC_Support/ewl/lib/armv6-m\libc.a(__strtoul.o)
 .debug_loc     0x00003961      0x14a C:/Freescale/CW MCU v10.5/MCU/ARM_GCC_Support/ewl/lib/armv6-m\libc.a(__filll_mem.o)
 .debug_loc     0x00003aab       0x77 C:/Freescale/CW MCU v10.5/MCU/ARM_GCC_Support/ewl/lib/armv6-m\libc.a(memchr.o)
 .debug_loc     0x00003b22       0x9d C:/Freescale/CW MCU v10.5/MCU/ARM_GCC_Support/ewl/lib/armv6-m\librt.a(gcc_ctor_dtor.o)
 .debug_loc     0x00003bbf       0xd9 C:/Freescale/CW MCU v10.5/MCU/ARM_GCC_Support/ewl/lib/armv6-m\librt.a(ROMCopy.o)
 .debug_loc     0x00003c98      0x197 C:/Freescale/CW MCU v10.5/MCU/ARM_GCC_Support/ewl/lib/armv6-m\librt.a(__arm_eabi_init.o)

.debug_aranges  0x00000000      0x7c0
 .debug_aranges
                0x00000000      0x128 ./Generated_Code/tasks.o
 .debug_aranges
                0x00000128       0x88 ./Generated_Code/port.o
 .debug_aranges
                0x000001b0       0x40 ./Generated_Code/list.o
 .debug_aranges
                0x000001f0       0x38 ./Generated_Code/heap_1.o
 .debug_aranges
                0x00000228       0x18 ./Generated_Code/Vectors.o
 .debug_aranges
                0x00000240       0x30 ./Generated_Code/PE_LDD.o
 .debug_aranges
                0x00000270       0x38 ./Generated_Code/Cpu.o
 .debug_aranges
                0x000002a8       0x50 ./Generated_Code/Bit3.o
 .debug_aranges
                0x000002f8       0x50 ./Generated_Code/Bit2.o
 .debug_aranges
                0x00000348       0x50 ./Generated_Code/Bit1.o
 .debug_aranges
                0x00000398       0x68 ./Generated_Code/AS1.o
 .debug_aranges
                0x00000400       0x30 ./Project_Settings/Startup_Code/__arm_start.o
 .debug_aranges
                0x00000430       0x20 ./Project_Settings/Startup_Code/__arm_end.o
 .debug_aranges
                0x00000450       0x38 ./Sources/Tasks/TaskRedLed.o
 .debug_aranges
                0x00000488       0x38 ./Sources/Tasks/TaskGreenLed.o
 .debug_aranges
                0x000004c0       0x28 ./Sources/ProcessorExpert.o
 .debug_aranges
                0x000004e8       0x58 ./Sources/Events.o
 .debug_aranges
                0x00000540       0x20 C:/Freescale/CW MCU v10.5/MCU/ARM_GCC_Support/ewl/lib/armv6-m\libc.a(exit.o)
 .debug_aranges
                0x00000560       0x20 C:/Freescale/CW MCU v10.5/MCU/ARM_GCC_Support/ewl/lib/armv6-m\libc.a(memcpy.o)
 .debug_aranges
                0x00000580       0x20 C:/Freescale/CW MCU v10.5/MCU/ARM_GCC_Support/ewl/lib/armv6-m\libc.a(memset.o)
 .debug_aranges
                0x000005a0       0x20 C:/Freescale/CW MCU v10.5/MCU/ARM_GCC_Support/ewl/lib/armv6-m\libc.a(strchr.o)
 .debug_aranges
                0x000005c0       0x20 C:/Freescale/CW MCU v10.5/MCU/ARM_GCC_Support/ewl/lib/armv6-m\libc.a(strlen.o)
 .debug_aranges
                0x000005e0       0x28 C:/Freescale/CW MCU v10.5/MCU/ARM_GCC_Support/ewl/lib/armv6-m\libc.a(printformat_.o)
 .debug_aranges
                0x00000608       0x20 C:/Freescale/CW MCU v10.5/MCU/ARM_GCC_Support/ewl/lib/armv6-m\libc.a(scanformat_.o)
 .debug_aranges
                0x00000628       0x88 C:/Freescale/CW MCU v10.5/MCU/ARM_GCC_Support/ewl/lib/armv6-m\libc.a(ctype_aeabi.o)
 .debug_aranges
                0x000006b0       0x20 C:/Freescale/CW MCU v10.5/MCU/ARM_GCC_Support/ewl/lib/armv6-m\libc.a(__strtoul.o)
 .debug_aranges
                0x000006d0       0x20 C:/Freescale/CW MCU v10.5/MCU/ARM_GCC_Support/ewl/lib/armv6-m\libc.a(__filll_mem.o)
 .debug_aranges
                0x000006f0       0x20 C:/Freescale/CW MCU v10.5/MCU/ARM_GCC_Support/ewl/lib/armv6-m\libc.a(memchr.o)
 .debug_aranges
                0x00000710       0x28 C:/Freescale/CW MCU v10.5/MCU/ARM_GCC_Support/ewl/lib/armv6-m\librt.a(gcc_ctor_dtor.o)
 .debug_aranges
                0x00000738       0x30 C:/Freescale/CW MCU v10.5/MCU/ARM_GCC_Support/ewl/lib/armv6-m\librt.a(ROMCopy.o)
 .debug_aranges
                0x00000768       0x58 C:/Freescale/CW MCU v10.5/MCU/ARM_GCC_Support/ewl/lib/armv6-m\librt.a(__arm_eabi_init.o)

.debug_macinfo  0x00000000   0x2e370c
 .debug_macinfo
                0x00000000    0x35b9b ./Generated_Code/tasks.o
 .debug_macinfo
                0x00035b9b    0x30db2 ./Generated_Code/port.o
 .debug_macinfo
                0x0006694d     0x65ee ./Generated_Code/list.o
 .debug_macinfo
                0x0006cf3b    0x34eb4 ./Generated_Code/heap_1.o
 .debug_macinfo
                0x000a1def    0x34d64 ./Generated_Code/Vectors.o
 .debug_macinfo
                0x000d6b53    0x34d2c ./Generated_Code/PE_LDD.o
 .debug_macinfo
                0x0010b87f    0x34d67 ./Generated_Code/Cpu.o
 .debug_macinfo
                0x001405e6    0x3151e ./Generated_Code/Bit3.o
 .debug_macinfo
                0x00171b04    0x3151e ./Generated_Code/Bit2.o
 .debug_macinfo
                0x001a3022    0x31518 ./Generated_Code/Bit1.o
 .debug_macinfo
                0x001d453a    0x367c7 ./Generated_Code/AS1.o
 .debug_macinfo
                0x0020ad01     0x3e6d ./Project_Settings/Startup_Code/__arm_start.o
 .debug_macinfo
                0x0020eb6e     0x3456 ./Project_Settings/Startup_Code/__arm_end.o
 .debug_macinfo
                0x00211fc4    0x33e34 ./Sources/Tasks/TaskRedLed.o
 .debug_macinfo
                0x00245df8    0x33e36 ./Sources/Tasks/TaskGreenLed.o
 .debug_macinfo
                0x00279c2e    0x34d96 ./Sources/ProcessorExpert.o
 .debug_macinfo
                0x002ae9c4    0x34d48 ./Sources/Events.o

.debug_line     0x00000000     0x55a7
 .debug_line    0x00000000      0x8fe ./Generated_Code/tasks.o
 .debug_line    0x000008fe      0x3c3 ./Generated_Code/port.o
 .debug_line    0x00000cc1      0x2ca ./Generated_Code/list.o
 .debug_line    0x00000f8b      0x4b9 ./Generated_Code/heap_1.o
 .debug_line    0x00001444      0x4a5 ./Generated_Code/Vectors.o
 .debug_line    0x000018e9      0x3c5 ./Generated_Code/PE_LDD.o
 .debug_line    0x00001cae      0x50e ./Generated_Code/Cpu.o
 .debug_line    0x000021bc      0x35c ./Generated_Code/Bit3.o
 .debug_line    0x00002518      0x35c ./Generated_Code/Bit2.o
 .debug_line    0x00002874      0x35c ./Generated_Code/Bit1.o
 .debug_line    0x00002bd0      0x583 ./Generated_Code/AS1.o
 .debug_line    0x00003153      0x2ab ./Project_Settings/Startup_Code/__arm_start.o
 .debug_line    0x000033fe      0x266 ./Project_Settings/Startup_Code/__arm_end.o
 .debug_line    0x00003664      0x3e5 ./Sources/Tasks/TaskRedLed.o
 .debug_line    0x00003a49      0x3e9 ./Sources/Tasks/TaskGreenLed.o
 .debug_line    0x00003e32      0x449 ./Sources/ProcessorExpert.o
 .debug_line    0x0000427b      0x450 ./Sources/Events.o
 .debug_line    0x000046cb       0x8d C:/Freescale/CW MCU v10.5/MCU/ARM_GCC_Support/ewl/lib/armv6-m\libc.a(exit.o)
 .debug_line    0x00004758       0x8b C:/Freescale/CW MCU v10.5/MCU/ARM_GCC_Support/ewl/lib/armv6-m\libc.a(memcpy.o)
 .debug_line    0x000047e3       0x90 C:/Freescale/CW MCU v10.5/MCU/ARM_GCC_Support/ewl/lib/armv6-m\libc.a(memset.o)
 .debug_line    0x00004873       0x7d C:/Freescale/CW MCU v10.5/MCU/ARM_GCC_Support/ewl/lib/armv6-m\libc.a(strchr.o)
 .debug_line    0x000048f0       0x85 C:/Freescale/CW MCU v10.5/MCU/ARM_GCC_Support/ewl/lib/armv6-m\libc.a(strlen.o)
 .debug_line    0x00004975      0x2c3 C:/Freescale/CW MCU v10.5/MCU/ARM_GCC_Support/ewl/lib/armv6-m\libc.a(printformat_.o)
 .debug_line    0x00004c38      0x2be C:/Freescale/CW MCU v10.5/MCU/ARM_GCC_Support/ewl/lib/armv6-m\libc.a(scanformat_.o)
 .debug_line    0x00004ef6      0x1be C:/Freescale/CW MCU v10.5/MCU/ARM_GCC_Support/ewl/lib/armv6-m\libc.a(ctype_aeabi.o)
 .debug_line    0x000050b4      0x11e C:/Freescale/CW MCU v10.5/MCU/ARM_GCC_Support/ewl/lib/armv6-m\libc.a(__strtoul.o)
 .debug_line    0x000051d2       0xf6 C:/Freescale/CW MCU v10.5/MCU/ARM_GCC_Support/ewl/lib/armv6-m\libc.a(__filll_mem.o)
 .debug_line    0x000052c8       0x9f C:/Freescale/CW MCU v10.5/MCU/ARM_GCC_Support/ewl/lib/armv6-m\libc.a(memchr.o)
 .debug_line    0x00005367       0x6c C:/Freescale/CW MCU v10.5/MCU/ARM_GCC_Support/ewl/lib/armv6-m\librt.a(gcc_ctor_dtor.o)
 .debug_line    0x000053d3       0xbd C:/Freescale/CW MCU v10.5/MCU/ARM_GCC_Support/ewl/lib/armv6-m\librt.a(ROMCopy.o)
 .debug_line    0x00005490      0x117 C:/Freescale/CW MCU v10.5/MCU/ARM_GCC_Support/ewl/lib/armv6-m\librt.a(__arm_eabi_init.o)

.debug_str      0x00000000     0x1f02
 .debug_str     0x00000000      0x89a ./Generated_Code/tasks.o
                                0x909 (size before relaxing)
 .debug_str     0x0000089a      0x14e ./Generated_Code/port.o
                                0x2ac (size before relaxing)
 .debug_str     0x000009e8       0xad ./Generated_Code/list.o
                                0x270 (size before relaxing)
 .debug_str     0x00000a95       0x96 ./Generated_Code/heap_1.o
                                0x1c8 (size before relaxing)
 .debug_str     0x00000b2b       0x5e ./Generated_Code/Vectors.o
                                0x189 (size before relaxing)
 .debug_str     0x00000b89      0x1a5 ./Generated_Code/PE_LDD.o
                                0x2ec (size before relaxing)
 .debug_str     0x00000d2e      0x2cd ./Generated_Code/Cpu.o
                                0x438 (size before relaxing)
 .debug_str     0x00000ffb      0x11e ./Generated_Code/Bit3.o
                                0x2e5 (size before relaxing)
 .debug_str     0x00001119       0x90 ./Generated_Code/Bit2.o
                                0x2e5 (size before relaxing)
 .debug_str     0x000011a9       0x90 ./Generated_Code/Bit1.o
                                0x2e5 (size before relaxing)
 .debug_str     0x00001239      0x176 ./Generated_Code/AS1.o
                                0x451 (size before relaxing)
 .debug_str     0x000013af       0x85 ./Project_Settings/Startup_Code/__arm_start.o
                                0x1aa (size before relaxing)
 .debug_str     0x00001434       0x78 ./Project_Settings/Startup_Code/__arm_end.o
                                 0xd7 (size before relaxing)
 .debug_str     0x000014ac       0x68 ./Sources/Tasks/TaskRedLed.o
                                0x1b9 (size before relaxing)
 .debug_str     0x00001514       0x74 ./Sources/Tasks/TaskGreenLed.o
                                0x1c5 (size before relaxing)
 .debug_str     0x00001588       0x2f ./Sources/ProcessorExpert.o
                                0x15a (size before relaxing)
 .debug_str     0x000015b7       0xdf ./Sources/Events.o
                                0x23b (size before relaxing)
 .debug_str     0x00001696       0x54 C:/Freescale/CW MCU v10.5/MCU/ARM_GCC_Support/ewl/lib/armv6-m\libc.a(exit.o)
                                0x157 (size before relaxing)
 .debug_str     0x000016ea       0x1c C:/Freescale/CW MCU v10.5/MCU/ARM_GCC_Support/ewl/lib/armv6-m\libc.a(memcpy.o)
                                0x138 (size before relaxing)
 .debug_str     0x00001706       0x1c C:/Freescale/CW MCU v10.5/MCU/ARM_GCC_Support/ewl/lib/armv6-m\libc.a(memset.o)
                                0x140 (size before relaxing)
 .debug_str     0x00001722       0x1c C:/Freescale/CW MCU v10.5/MCU/ARM_GCC_Support/ewl/lib/armv6-m\libc.a(strchr.o)
                                0x137 (size before relaxing)
 .debug_str     0x0000173e       0x24 C:/Freescale/CW MCU v10.5/MCU/ARM_GCC_Support/ewl/lib/armv6-m\libc.a(strlen.o)
                                0x140 (size before relaxing)
 .debug_str     0x00001762      0x233 C:/Freescale/CW MCU v10.5/MCU/ARM_GCC_Support/ewl/lib/armv6-m\libc.a(printformat_.o)
                                0x3b3 (size before relaxing)
 .debug_str     0x00001995      0x184 C:/Freescale/CW MCU v10.5/MCU/ARM_GCC_Support/ewl/lib/armv6-m\libc.a(scanformat_.o)
                                0x3f9 (size before relaxing)
 .debug_str     0x00001b19       0x9d C:/Freescale/CW MCU v10.5/MCU/ARM_GCC_Support/ewl/lib/armv6-m\libc.a(ctype_aeabi.o)
                                0x1bc (size before relaxing)
 .debug_str     0x00001bb6       0x61 C:/Freescale/CW MCU v10.5/MCU/ARM_GCC_Support/ewl/lib/armv6-m\libc.a(__strtoul.o)
                                0x1fb (size before relaxing)
 .debug_str     0x00001c17       0x25 C:/Freescale/CW MCU v10.5/MCU/ARM_GCC_Support/ewl/lib/armv6-m\libc.a(__filll_mem.o)
                                0x152 (size before relaxing)
 .debug_str     0x00001c3c       0x1c C:/Freescale/CW MCU v10.5/MCU/ARM_GCC_Support/ewl/lib/armv6-m\libc.a(memchr.o)
                                0x148 (size before relaxing)
 .debug_str     0x00001c58      0x126 C:/Freescale/CW MCU v10.5/MCU/ARM_GCC_Support/ewl/lib/armv6-m\librt.a(gcc_ctor_dtor.o)
                                0x181 (size before relaxing)
 .debug_str     0x00001d7e       0x96 C:/Freescale/CW MCU v10.5/MCU/ARM_GCC_Support/ewl/lib/armv6-m\librt.a(ROMCopy.o)
                                0x13c (size before relaxing)
 .debug_str     0x00001e14       0xee C:/Freescale/CW MCU v10.5/MCU/ARM_GCC_Support/ewl/lib/armv6-m\librt.a(__arm_eabi_init.o)
                                0x1b5 (size before relaxing)

.comment        0x00000000       0x79
 .comment       0x00000000       0x79 ./Generated_Code/tasks.o
                                 0x7a (size before relaxing)
 .comment       0x00000000       0x7a ./Generated_Code/port.o
 .comment       0x00000000       0x7a ./Generated_Code/list.o
 .comment       0x00000000       0x7a ./Generated_Code/heap_1.o
 .comment       0x00000000       0x7a ./Generated_Code/Vectors.o
 .comment       0x00000000       0x7a ./Generated_Code/PE_LDD.o
 .comment       0x00000000       0x7a ./Generated_Code/Cpu.o
 .comment       0x00000000       0x7a ./Generated_Code/Bit3.o
 .comment       0x00000000       0x7a ./Generated_Code/Bit2.o
 .comment       0x00000000       0x7a ./Generated_Code/Bit1.o
 .comment       0x00000000       0x7a ./Generated_Code/AS1.o
 .comment       0x00000000       0x7a ./Project_Settings/Startup_Code/__arm_start.o
 .comment       0x00000000       0x7a ./Project_Settings/Startup_Code/__arm_end.o
 .comment       0x00000000       0x7a ./Sources/Tasks/TaskRedLed.o
 .comment       0x00000000       0x7a ./Sources/Tasks/TaskGreenLed.o
 .comment       0x00000000       0x7a ./Sources/ProcessorExpert.o
 .comment       0x00000000       0x7a ./Sources/Events.o
 .comment       0x00000000       0x7a C:/Freescale/CW MCU v10.5/MCU/ARM_GCC_Support/ewl/lib/armv6-m\libc.a(exit.o)
 .comment       0x00000000       0x7a C:/Freescale/CW MCU v10.5/MCU/ARM_GCC_Support/ewl/lib/armv6-m\libc.a(memcpy.o)
 .comment       0x00000000       0x7a C:/Freescale/CW MCU v10.5/MCU/ARM_GCC_Support/ewl/lib/armv6-m\libc.a(memset.o)
 .comment       0x00000000       0x7a C:/Freescale/CW MCU v10.5/MCU/ARM_GCC_Support/ewl/lib/armv6-m\libc.a(strchr.o)
 .comment       0x00000000       0x7a C:/Freescale/CW MCU v10.5/MCU/ARM_GCC_Support/ewl/lib/armv6-m\libc.a(strlen.o)
 .comment       0x00000000       0x7a C:/Freescale/CW MCU v10.5/MCU/ARM_GCC_Support/ewl/lib/armv6-m\libc.a(printformat_.o)
 .comment       0x00000000       0x7a C:/Freescale/CW MCU v10.5/MCU/ARM_GCC_Support/ewl/lib/armv6-m\libc.a(scanformat_.o)
 .comment       0x00000000       0x7a C:/Freescale/CW MCU v10.5/MCU/ARM_GCC_Support/ewl/lib/armv6-m\libc.a(ctype_aeabi.o)
 .comment       0x00000000       0x7a C:/Freescale/CW MCU v10.5/MCU/ARM_GCC_Support/ewl/lib/armv6-m\libc.a(__strtoul.o)
 .comment       0x00000000       0x7a C:/Freescale/CW MCU v10.5/MCU/ARM_GCC_Support/ewl/lib/armv6-m\libc.a(__filll_mem.o)
 .comment       0x00000000       0x7a C:/Freescale/CW MCU v10.5/MCU/ARM_GCC_Support/ewl/lib/armv6-m\libc.a(memchr.o)
 .comment       0x00000000       0x7a C:/Freescale/CW MCU v10.5/MCU/ARM_GCC_Support/ewl/lib/armv6-m\librt.a(gcc_ctor_dtor.o)
 .comment       0x00000000       0x7a C:/Freescale/CW MCU v10.5/MCU/ARM_GCC_Support/ewl/lib/armv6-m\librt.a(ROMCopy.o)
 .comment       0x00000000       0x7a C:/Freescale/CW MCU v10.5/MCU/ARM_GCC_Support/ewl/lib/armv6-m\librt.a(__arm_eabi_init.o)

.debug_frame    0x00000000     0x1384
 .debug_frame   0x00000000      0x440 ./Generated_Code/tasks.o
 .debug_frame   0x00000440      0x188 ./Generated_Code/port.o
 .debug_frame   0x000005c8       0xb0 ./Generated_Code/list.o
 .debug_frame   0x00000678       0x88 ./Generated_Code/heap_1.o
 .debug_frame   0x00000700       0x6c ./Generated_Code/PE_LDD.o
 .debug_frame   0x0000076c       0x80 ./Generated_Code/Cpu.o
 .debug_frame   0x000007ec       0xf0 ./Generated_Code/Bit3.o
 .debug_frame   0x000008dc       0xf0 ./Generated_Code/Bit2.o
 .debug_frame   0x000009cc       0xf0 ./Generated_Code/Bit1.o
 .debug_frame   0x00000abc      0x150 ./Generated_Code/AS1.o
 .debug_frame   0x00000c0c       0x4c ./Project_Settings/Startup_Code/__arm_start.o
 .debug_frame   0x00000c58       0x30 ./Project_Settings/Startup_Code/__arm_end.o
 .debug_frame   0x00000c88       0x88 ./Sources/Tasks/TaskRedLed.o
 .debug_frame   0x00000d10       0x88 ./Sources/Tasks/TaskGreenLed.o
 .debug_frame   0x00000d98       0x4c ./Sources/ProcessorExpert.o
 .debug_frame   0x00000de4      0x100 ./Sources/Events.o
 .debug_frame   0x00000ee4       0x2c C:/Freescale/CW MCU v10.5/MCU/ARM_GCC_Support/ewl/lib/armv6-m\libc.a(exit.o)
 .debug_frame   0x00000f10       0x28 C:/Freescale/CW MCU v10.5/MCU/ARM_GCC_Support/ewl/lib/armv6-m\libc.a(memcpy.o)
 .debug_frame   0x00000f38       0x28 C:/Freescale/CW MCU v10.5/MCU/ARM_GCC_Support/ewl/lib/armv6-m\libc.a(memset.o)
 .debug_frame   0x00000f60       0x28 C:/Freescale/CW MCU v10.5/MCU/ARM_GCC_Support/ewl/lib/armv6-m\libc.a(strchr.o)
 .debug_frame   0x00000f88       0x28 C:/Freescale/CW MCU v10.5/MCU/ARM_GCC_Support/ewl/lib/armv6-m\libc.a(strlen.o)
 .debug_frame   0x00000fb0       0x54 C:/Freescale/CW MCU v10.5/MCU/ARM_GCC_Support/ewl/lib/armv6-m\libc.a(printformat_.o)
 .debug_frame   0x00001004       0x34 C:/Freescale/CW MCU v10.5/MCU/ARM_GCC_Support/ewl/lib/armv6-m\libc.a(scanformat_.o)
 .debug_frame   0x00001038      0x158 C:/Freescale/CW MCU v10.5/MCU/ARM_GCC_Support/ewl/lib/armv6-m\libc.a(ctype_aeabi.o)
 .debug_frame   0x00001190       0x30 C:/Freescale/CW MCU v10.5/MCU/ARM_GCC_Support/ewl/lib/armv6-m\libc.a(__strtoul.o)
 .debug_frame   0x000011c0       0x2c C:/Freescale/CW MCU v10.5/MCU/ARM_GCC_Support/ewl/lib/armv6-m\libc.a(__filll_mem.o)
 .debug_frame   0x000011ec       0x28 C:/Freescale/CW MCU v10.5/MCU/ARM_GCC_Support/ewl/lib/armv6-m\libc.a(memchr.o)
 .debug_frame   0x00001214       0x20 c:/freescale/cw mcu v10.5/cross_tools/arm-none-eabi-gcc-4_7_3/bin/../lib/gcc/arm-none-eabi/4.7.3/armv6-m\libgcc.a(_udivsi3.o)
 .debug_frame   0x00001234       0x40 C:/Freescale/CW MCU v10.5/MCU/ARM_GCC_Support/ewl/lib/armv6-m\librt.a(gcc_ctor_dtor.o)
 .debug_frame   0x00001274       0x54 C:/Freescale/CW MCU v10.5/MCU/ARM_GCC_Support/ewl/lib/armv6-m\librt.a(ROMCopy.o)
 .debug_frame   0x000012c8       0xbc C:/Freescale/CW MCU v10.5/MCU/ARM_GCC_Support/ewl/lib/armv6-m\librt.a(__arm_eabi_init.o)
